Microsoft Windows [Version 10.0.19045.5247]
(c) 2019 Microsoft Corporation. All rights reserved.

D:\project\open_gui>