02-09 10:13:43.362 E/libc    ( 9359): Access denied finding property "net.dns2"
02-09 10:13:43.364 I/PreDnsController(  595): canPreDnsQuery,persist.sys.predns is false!
02-09 10:13:43.365 D/libc    (  595): GetAddrInfoHandler addr: 6.6.6
02-09 10:13:43.412 I/NetworkStatsManager( 9119): querySummary callingPid = 9119
02-09 10:13:43.413 I/NetworkStats( 1575): openSessionForUsageStats, pid = 9119, pkg = com.tencent.mm
02-09 10:13:43.413 I/NetworkStats( 1575): openSessionInternal,pid = 9119
02-09 10:13:43.415 I/NetworkStats( 1575): performPollLocked, pid = 1575
02-09 10:13:43.447 W/NetworkStatsFactory( 1575): mStatsXtProcUid: /proc/net/comm/stats does not exist!
02-09 10:13:43.447 D/HwNetworkStatsService( 1575): hwRecordUidAndProcSnapshotLocked currentTime = 1770603220794
02-09 10:13:43.464 I/NetworkStatsFactory( 1575): javaReadNetworkStatsUidAndProcDetail. cost time = 15
02-09 10:13:43.471 D/HwNetworkStatsService( 1575): hwMaybeUidAndProcPersistLocked currentTime = 1770603220794
02-09 10:13:43.486 I/NetworkStatsManager( 9119): querySummary callingPid = 9119
02-09 10:13:43.486 I/NetworkStats( 1575): openSessionForUsageStats, pid = 9119, pkg = com.tencent.mm
02-09 10:13:43.527 E/HSM_BG  ( 4721): NormalTrafficAnalysis:alert byte = 0, so return
02-09 10:13:43.587 W/WindowManager( 1575): Unable to start animation, surface is null or no children.
02-09 10:13:43.593 I/StatusBarDisable( 1575): setFlags what=0 which=1 pkg=Window{36070df u0 com.opencode.voiceassist/com.opencode.voiceassist.MainActivity}
02-09 10:13:43.923 E/LOGSERVER_UTILS(  907): [Erecovery]readEvent: eRecEventManager readEvent 0
02-09 10:13:44.091 D/WhisperManager(11892): Starting transcription for file: /data/user/0/com.opencode.voiceassist/cache/test_jfk.wav
02-09 10:13:44.091 D/WhisperManager(11892): WAV file exists, size: 352078 bytes
02-09 10:13:44.091 D/WhisperManager(11892): Calling whisper.transcribe()...
02-09 10:13:44.168 W/System  (11892): A resource failed to call release. 
02-09 10:13:44.183 D/WhisperCpuConfig(11892): Binned cpu frequencies (frequency, count): {2362000=4, 1844000=4}
02-09 10:13:44.184 D/LibWhisper(11892): Selecting 4 threads
02-09 10:13:44.185 I/JNI     (11892): About to run whisper_full
02-09 10:13:44.352 W/ProcBatteryStats( 1575): timer is not running , not stop, name: com.tencent.mm, uid: 10162, tag: MicroMsg.PlatformCommC2JavaCallBack
02-09 10:13:44.387 I/TrafficMonitor( 1575): update:rxPkts:14,txPkts:13,rxBytes:2303,txBytes:2290
02-09 10:13:44.387 I/TrafficMonitor( 1575): start expired. level:-1
02-09 10:13:44.387 I/TrafficMonitor( 1575): gettimer:interval=2000
02-09 10:13:44.795 E/Thermal-daemon(  891): [ap] temp_new :31  temp_old :34
02-09 10:13:44.797 E/Thermal-daemon(  891): Report temperature: [ap] temp :31  report_threshold:1
02-09 10:13:44.933 E/LOGSERVER_UTILS(  907): [Erecovery]readEvent: eRecEventManager readEvent 0
02-09 10:13:45.015 E/WifiHAL (  652): enter wifi_get_link_stats
02-09 10:13:45.028 E/WificondControl( 1575): Noise: -93, Snr: 0, Chload: -1
02-09 10:13:45.032 D/WifiScoreReport( 1575): Score = 60, wifiConnectivityManagerEnabled = false, lowScoreCount = 0
02-09 10:13:45.384 I/TrafficMonitor( 1575): expired arrive. level:-1
02-09 10:13:45.384 I/TrafficMonitor( 1575): during_ms:2002,period_ms:2000
02-09 10:13:45.384 I/TrafficMonitor( 1575): count:121,rx_sum:14,tx_sum:13,rxBytes:2303,during_ms:2002,rx_speed:1150.3496503496506,tx_speed:1143.856143856144,rto:1.0769230769230769
02-09 10:13:45.483 D/hw_netstat( 1575): total/9207/3587,android.uid.system:1000/5480/1363,com.tencent.mm/1744/2153,unknown:0/1621/0,unknown:1051/362/0,com.huawei.appmarket/0/71
02-09 10:13:45.973 E/LOGSERVER_UTILS(  907): [Erecovery]readEvent: eRecEventManager readEvent 0
02-09 10:13:46.391 I/TrafficMonitor( 1575): update:rxPkts:2,txPkts:1,rxBytes:212,txBytes:52
02-09 10:13:46.391 I/TrafficMonitor( 1575): start expired. level:-1
02-09 10:13:46.391 I/TrafficMonitor( 1575): gettimer:interval=2000
02-09 10:13:47.010 E/LOGSERVER_UTILS(  907): [Erecovery]readEvent: eRecEventManager readEvent 0
02-09 10:13:47.452 W/Watchdog( 1575): hungtask: writing kick
02-09 10:13:47.454 I/EventHub( 1575): EventHub monitor: no key events in the past 259s, no motion events in the past 243s
02-09 10:13:47.690 I/NetworkStatsManager( 9119): querySummary callingPid = 9119
02-09 10:13:47.690 I/NetworkStats( 1575): openSessionForUsageStats, pid = 9119, pkg = com.tencent.mm
02-09 10:13:47.695 I/NetworkStatsManager( 9119): querySummary callingPid = 9119
02-09 10:13:47.695 I/NetworkStats( 1575): openSessionForUsageStats, pid = 9119, pkg = com.tencent.mm
02-09 10:13:48.036 E/WifiHAL (  652): enter wifi_get_link_stats
02-09 10:13:48.050 E/LOGSERVER_UTILS(  907): [Erecovery]readEvent: eRecEventManager readEvent 0
02-09 10:13:48.050 E/WificondControl( 1575): Noise: -93, Snr: 0, Chload: -1
02-09 10:13:48.054 D/WifiScoreReport( 1575): Score = 60, wifiConnectivityManagerEnabled = false, lowScoreCount = 0
02-09 10:13:48.392 I/TrafficMonitor( 1575): update:rxPkts:3,txPkts:0,rxBytes:281,txBytes:0
02-09 10:13:48.392 I/TrafficMonitor( 1575): start expired. level:-1
02-09 10:13:48.392 I/TrafficMonitor( 1575): gettimer:interval=2000
02-09 10:13:48.399 I/HwDeviceAuth(11621): isDebugOn:false, isInfoOn:false
02-09 10:13:48.412 I/HwAssetManager(10291): ###gsy enter parseBundle
02-09 10:13:48.412 W/HwAssetManager(10291): parseBundle: bundle tag not exists, tag: -1878958146
02-09 10:13:48.413 I/HwAssetManager(10291): ###gsy parseBundle enter.
02-09 10:13:48.414 D/KeystoreService( 2059): IHwKeystoreService onTransact ASSETHANDLE_REQ was called
02-09 10:13:48.414 I/KEYSTORE_SERVICE_IMPL( 2059): AssetHandleReq: assetType is: 6
02-09 10:13:48.414 I/KEYSTORE_SERVICE_IMPL( 2059): AssetHandleReq: new type call hmosService.
02-09 10:13:48.414 I/HMOS_ASSET_SERVICE( 2059): AssetHandleReq: assetType is :6
02-09 10:13:48.414 I/ASSET_PUBLICKEY_SERVICE( 2059): AssetHandleReq: opCode:2
02-09 10:13:48.415 I/ASSET_BASE_SERVICE( 2059): CheckIdentity: The package name of caller is com.huawei.deviceauth
02-09 10:13:48.415 I/ASSET_BASE_SERVICE( 2059): PreHandleGroup: no group
02-09 10:13:48.415 I/ASSET_BASE_SERVICE( 2059): CheckCreator: No data creator is inputted.
02-09 10:13:48.415 I/ASSET_BASE_SERVICE( 2059): CheckOwner: No data owner is inputted.
02-09 10:13:48.415 I/ASSET_BASE_SERVICE( 2059): GetDataOwner: No need to fill data owner.
02-09 10:13:48.416 E/ASSET_DBBASE_SERVICE( 2059): GetItemSet: queryResults size is 0!
02-09 10:13:48.416 E/ASSET_DBBASE_SERVICE( 2059): GetOwnerSet: GetItemSet failed
02-09 10:13:48.416 E/ASSET_DBBASE_SERVICE( 2059): OwnerLock: GetOwnerSet fail!
02-09 10:13:48.416 E/ASSET_DBBASE_SERVICE( 2059): GetItemSet: queryResults size is 0!
02-09 10:13:48.416 E/ASSET_DBBASE_SERVICE( 2059): GetOwnerSet: GetItemSet failed
02-09 10:13:48.416 E/ASSET_DBBASE_SERVICE( 2059): OwnerUnLock: GetOwnerSet fail!
02-09 10:13:48.416 E/ASSET_PUBLICKEY_SERVICE( 2059): AssetHandleReq: end unlock fail!
02-09 10:13:48.416 E/HwAssetManager(10291): assetHandleOutInfo opCode: 2, assetHandleReq failed!
02-09 10:13:49.078 E/LOGSERVER_UTILS(  907): [Erecovery]readEvent: eRecEventManager readEvent 0
02-09 10:13:49.800 E/Thermal-daemon(  891): [Thermal_Hw] temperature_filter: temperature debounce
02-09 10:13:49.800 E/Thermal-daemon(  891): [ap] temp_new :36  temp_old :31
02-09 10:13:49.801 E/Thermal-daemon(  891): Report temperature: [ap] temp :36  report_threshold:1
02-09 10:13:49.866 E/JankService(11982): child Thread receive to stop
02-09 10:13:49.908 E/WificondControl( 1575): Noise: -93, Snr: 0, Chload: -1
02-09 10:13:49.913 D/WiFi_PRO( 1575): MSG_RETURN_AP_CURRY_RSSI rssi = -36
02-09 10:13:49.913 I/QosMonitor( 1575): queryRtt: rtt_type = 3
02-09 10:13:49.913 D/HuaweiWifiWatchdogStateMachine( 1575): high data flow: protection_counter = 0,  not_detect_counter = 36
02-09 10:13:49.913 D/HuaweiWifiWatchdogStateMachine( 1575): high data flow scenario: 0 --> 0 rx bytes =40KB
02-09 10:13:49.914 I/HuaweiWifiWatchdogStateMachine( 1575): POta txb txg rxg:0, 19, 0. Lr =0% Totpkt=19
02-09 10:13:49.914 I/QosMonitor( 1575): postEventFromNative: msg=100,arg1=4,arg2=10
02-09 10:13:49.914 I/QosMonitor( 1575): postEventFromNative: msg=100,arg1=0,arg2=10
02-09 10:13:49.914 I/HwUidTcpMonitor( 1575): TcpStatisticsRun run
02-09 10:13:49.914 I/MQoS    ( 1575): rtt=260,tcp_tx_pkts=3855097,tcp_rx_pkts=7263509
02-09 10:13:49.914 I/QosMonitor( 1575): resetRtt: rtt_type = 3
02-09 10:13:49.914 D/HwUidTcpMonitor( 1575): parseWlanUidTcpStatistics lastUidTcpStatInfo = [ mUid = 10162 mPacketName = com.opencode.voiceassist mSendSegs = 7762 mResendSegs = 64 mRcvSegs = 13430 ]
02-09 10:13:49.914 D/HwUidTcpMonitor( 1575): parseWlanUidTcpStatistics lastUidTcpStatInfo = [ mUid = 1051 mPacketName = com.opencode.voiceassist mSendSegs = 234 mResendSegs = 0 mRcvSegs = 0 ]
02-09 10:13:49.916 I/MQoS    ( 1575): QOS_level:0(0),wifi-link;SIM error;use level-0
02-09 10:13:49.916 I/MQoS    ( 1575): skip-low-Level:0(0),wifi-link;SIM error;use level-0
02-09 10:13:49.916 I/HuaweiWifiWatchdogStateMachine( 1575): PTcp RTT:260, rtt pkt=9, tcp_rx=10, tcp_tx=14, tcp_reTran=0, rtRate=0
02-09 10:13:49.916 I/HuaweiWifiWatchdogStateMachine( 1575): judge good link######, goodLinkLevel=3
02-09 10:13:49.916 I/HuaweiWifiWatchdogStateMachine( 1575): sendResultMsgToQM bssid:9c:2b:**:**:86:5f, qoslevel=3
02-09 10:13:49.916 I/HuaweiWifiWatchdogStateMachine( 1575): link good reported, good base rssi:-40
02-09 10:13:49.916 D/WiFi_PRO_WifiProStateMachine( 1575): onNetworkQosChange, currentWifiLevel == 3, wifiNoInternet = false, updateUiOnly = true
02-09 10:13:49.998 E/JankService(  907): all data read ok
02-09 10:13:50.118 E/LOGSERVER_UTILS(  907): [Erecovery]readEvent: eRecEventManager readEvent 0
02-09 10:13:50.395 I/TrafficMonitor( 1575): update:rxPkts:2,txPkts:0,rxBytes:242,txBytes:0
02-09 10:13:50.395 I/TrafficMonitor( 1575): start expired. level:-1
02-09 10:13:50.395 I/TrafficMonitor( 1575): gettimer:interval=2000
02-09 10:13:50.981 D/GpsFreezeProc( 1575): refreshPackageWhitelist pkgs-count:0 , type = 1
02-09 10:13:50.982 I/GpsFreezeProc( 1575): updateBackgroundThrottleToPackageWhiteList:com.huawei.hwid
02-09 10:13:50.982 D/LocationManagerService( 1575): Provider name = local_database shouldbeEnabled = true
02-09 10:13:50.982 D/LocationManagerService( 1575): Provider name = fused shouldbeEnabled = true
02-09 10:13:50.983 D/GpsFreezeProc( 1575): refreshPackageWhitelist pkgs-count:0 , type = 4
02-09 10:13:50.983 D/LocationManagerService( 1575): Provider name = network shouldbeEnabled = true
02-09 10:13:50.983 D/LocationManagerService( 1575): Provider name = gps shouldbeEnabled = true
02-09 10:13:50.983 I/APwSendOutList( 2186): no wifi sleep list
02-09 10:13:50.983 D/LocationManagerService( 1575): Provider name = passive shouldbeEnabled = true
02-09 10:13:50.983 I/PGConfigUpdateManager( 2186): clear wifi_apps_whitelist
02-09 10:13:50.983 D/HwQuickTTFFMonitor-V2018.8.27( 1575): DisableList 0
02-09 10:13:50.983 I/PGConfigUpdateManager( 2186): clear wifi_sleep_list
02-09 10:13:50.984 D/HwQuickTTFFMonitor-V2018.8.27( 1575):  QuickttffDisableList []
02-09 10:13:51.056 E/WifiHAL (  652): enter wifi_get_link_stats
02-09 10:13:51.069 E/WificondControl( 1575): Noise: -93, Snr: 0, Chload: -1
02-09 10:13:51.072 D/WifiScoreReport( 1575): Score = 60, wifiConnectivityManagerEnabled = false, lowScoreCount = 0
02-09 10:13:51.141 E/LOGSERVER_UTILS(  907): [Erecovery]readEvent: eRecEventManager readEvent 0
02-09 10:13:51.392 I/TrafficMonitor( 1575): expired arrive. level:-1
02-09 10:13:51.392 I/TrafficMonitor( 1575): during_ms:2003,period_ms:2000
02-09 10:13:51.392 I/TrafficMonitor( 1575): count:124,rx_sum:2,tx_sum:0,rxBytes:242,during_ms:2003,rx_speed:120.81877184223664,tx_speed:0.0,rto:0.0
02-09 10:13:52.182 E/LOGSERVER_UTILS(  907): [Erecovery]readEvent: eRecEventManager readEvent 0
02-09 10:13:52.399 I/TrafficMonitor( 1575): update:rxPkts:2,txPkts:1,rxBytes:192,txBytes:40
02-09 10:13:52.399 I/TrafficMonitor( 1575): start expired. level:-1
02-09 10:13:52.399 I/TrafficMonitor( 1575): gettimer:interval=2000
02-09 10:13:53.093 W/WindowManager( 1575): removeWindowToken: Attempted to remove non-existing token: android.os.Binder@423c360
02-09 10:13:53.198 E/LOGSERVER_UTILS(  907): [Erecovery]readEvent: eRecEventManager readEvent 0
02-09 10:13:54.077 E/WifiHAL (  652): enter wifi_get_link_stats
02-09 10:13:54.092 E/WificondControl( 1575): Noise: -93, Snr: 0, Chload: -1
02-09 10:13:54.096 D/WifiScoreReport( 1575): Score = 60, wifiConnectivityManagerEnabled = false, lowScoreCount = 0
02-09 10:13:54.214 E/LOGSERVER_UTILS(  907): [Erecovery]readEvent: eRecEventManager readEvent 0
02-09 10:13:54.403 I/TrafficMonitor( 1575): update:rxPkts:2,txPkts:0,rxBytes:198,txBytes:0
02-09 10:13:54.403 I/TrafficMonitor( 1575): start expired. level:-1
02-09 10:13:54.403 I/TrafficMonitor( 1575): gettimer:interval=2000
02-09 10:13:54.802 E/Thermal-daemon(  891): [charger_ic] temp_new :26  temp_old :25
02-09 10:13:54.803 E/Thermal-daemon(  891): Report temperature: [charger_ic] temp :26  report_threshold:1
02-09 10:13:54.805 E/Thermal-daemon(  891): [Thermal_Hw] temperature_filter: temperature debounce
02-09 10:13:54.805 E/Thermal-daemon(  891): [ap] temp_new :41  temp_old :36
02-09 10:13:54.806 D/HwThermalStateManager( 2186): Thermal type: 0 cur_temperature:41
02-09 10:13:54.806 E/Thermal-daemon(  891): Report temperature: [ap] temp :41  report_threshold:1
02-09 10:13:55.094 I/NetworkStatsManager( 9359): querySummary callingPid = 9359
02-09 10:13:55.094 I/NetworkStats( 1575): openSessionForUsageStats, pid = 9359, pkg = com.tencent.mm
