--------- beginning of main
02-09 10:13:26.207 D/AwareBitmapCacher(11747): handleInit disable com.huawei.gameassistant:brd
02-09 10:13:26.366 I/TrafficMonitor( 1575): update:rxPkts:4,txPkts:5,rxBytes:1150,txBytes:1580
02-09 10:13:26.367 I/TrafficMonitor( 1575): start expired. level:-1
02-09 10:13:26.367 I/TrafficMonitor( 1575): gettimer:interval=2000
02-09 10:13:26.418 E/LOGSERVER_UTILS(  907): [Erecovery]readEvent: eRecEventManager readEvent 0
02-09 10:13:26.638 I/Icing   (19078): Indexing com.google.android.gms-apps from com.google.android.gms
02-09 10:13:26.649 I/PackageManager( 1575): getInstalledPackages cost 5 ms, flags: 786432, userId: 0, callingUid: 10126, callingPid: 19078
02-09 10:13:26.715 I/Icing   (19078): Indexing done com.google.android.gms-apps
02-09 10:13:26.905 E/WifiHAL (  652): enter wifi_get_link_stats
02-09 10:13:26.916 E/WificondControl( 1575): Noise: -94, Snr: 0, Chload: -1
02-09 10:13:26.921 D/WifiScoreReport( 1575): Score = 60, wifiConnectivityManagerEnabled = false, lowScoreCount = 0
02-09 10:13:27.362 I/TrafficMonitor( 1575): expired arrive. level:-1
02-09 10:13:27.363 I/TrafficMonitor( 1575): during_ms:2003,period_ms:2000
02-09 10:13:27.363 I/TrafficMonitor( 1575): count:112,rx_sum:4,tx_sum:5,rxBytes:1150,during_ms:2003,rx_speed:574.1387918122815,tx_speed:788.8167748377433,rto:0.8
02-09 10:13:27.457 E/LOGSERVER_UTILS(  907): [Erecovery]readEvent: eRecEventManager readEvent 0
02-09 10:13:27.950 I/HicomNfTimerManager( 2059): exit process thread
02-09 10:13:27.987 W/AlarmManager( 1575): mIsScreenOn is: true, WAKEUP alarm talarm.operation == null,package name is: android listenerTag is: WriteBufferAlarm creator uid is: 1000
02-09 10:13:27.991 W/AlarmManager( 1575): Unrecognized alarm listener com.android.server.wifi.WifiConfigStore$1@eedc03b
02-09 10:13:28.001 D/WifiConfigStore( 1575): Writing to stores completed in 9 ms.
02-09 10:13:28.370 I/TrafficMonitor( 1575): update:rxPkts:3,txPkts:1,rxBytes:282,txBytes:71
02-09 10:13:28.370 I/TrafficMonitor( 1575): start expired. level:-1
02-09 10:13:28.370 I/TrafficMonitor( 1575): gettimer:interval=2000
02-09 10:13:28.498 E/LOGSERVER_UTILS(  907): [Erecovery]readEvent: eRecEventManager readEvent 0
02-09 10:13:28.601 E/HiApp.AGCoreService(19128): main{1} two mins gone,unapply resource,pkg:com.huawei.systemmanager
02-09 10:13:29.460 I/FileUtil(10944): date: 1547436690 l: 1547436690
02-09 10:13:29.461 I/FileUtil(10944): date: 1768659212 l: 1768659212
02-09 10:13:29.464 I/FileUtil(10944): date: 1768659212 l: 1768659212
02-09 10:13:29.483 I/NetQuery(10944): Cancel handle: 510956740096
02-09 10:13:29.483 I/CloudHttpClient-pool-1-thread-2(10944): Cancel called. id:179047371
02-09 10:13:29.483 I/NetQuery(10944): Destroy handle: 510956740096
02-09 10:13:29.484 I/CacheQuery(10944): Destroy handle: 511505392320
02-09 10:13:29.538 E/LOGSERVER_UTILS(  907): [Erecovery]readEvent: eRecEventManager readEvent 0
02-09 10:13:29.781 E/Thermal-daemon(  891): [ap] temp_new :29  temp_old :31
02-09 10:13:29.783 E/Thermal-daemon(  891): Report temperature: [ap] temp :29  report_threshold:1
02-09 10:13:29.791 E/ChromeSync(19078): [Sync,SyncIntentOperation] Error handling the intent: Intent { act=android.intent.action.PACKAGE_ADDED dat=package:com.opencode.voiceassist flg=0x4000010 cmp=com.google.android.gms/.chimera.GmsIntentOperationService (has extras) }.
02-09 10:13:29.922 E/WifiHAL (  652): enter wifi_get_link_stats
02-09 10:13:29.936 E/WificondControl( 1575): Noise: -94, Snr: 0, Chload: -1
02-09 10:13:29.940 D/WifiScoreReport( 1575): Score = 60, wifiConnectivityManagerEnabled = false, lowScoreCount = 0
02-09 10:13:30.373 I/TrafficMonitor( 1575): update:rxPkts:2,txPkts:1,rxBytes:192,txBytes:40
02-09 10:13:30.373 I/TrafficMonitor( 1575): start expired. level:-1
02-09 10:13:30.373 I/TrafficMonitor( 1575): gettimer:interval=2000
02-09 10:13:30.562 E/LOGSERVER_UTILS(  907): [Erecovery]readEvent: eRecEventManager readEvent 0
02-09 10:13:30.983 I/PackageManager( 1575): getInstalledPackages cost 4 ms, flags: 794624, userId: 0, callingUid: 1000, callingPid: 2186
02-09 10:13:31.031 I/PGConfigUpdateManager( 2186): getAllInstalledAppsLocked, size: 239
02-09 10:13:31.031 I/ApplistMgr( 2186): Scene strict ctrl apps: []
02-09 10:13:31.105 E/HSM_SEC_SCAN(10944): AntiVirusTools:this hash value is less than 64:
02-09 10:13:31.125 I/FormalHASDK(19128): HAImpl==> onEvent. tag:_default_config_tag, type:1, eventId:2010800204
02-09 10:13:31.135 I/FormalHASDK(19128): HAImpl==> onEvent. tag:_default_config_tag, type:1, eventId:2030100102
02-09 10:13:31.160 W/BundleMgrProxy(19128): isHarmonyApp false, errCode = 8519794
02-09 10:13:31.183 I/FormalHASDK(19128): HAImpl==> onEvent. tag:_default_config_tag, type:1, eventId:2030100101
02-09 10:13:31.188 I/FormalHASDK(19128): HAImpl==> onEvent. tag:_default_config_tag, type:0, eventId:1200300101
02-09 10:13:31.189 I/HslPackageManager(19128): Get Hsl Package Manager.
02-09 10:13:31.189 I/HslPackageManager(19128): is Support Hsl false
02-09 10:13:31.205 I/NK_RealHttpClient(19128): CORE_THREAD_POOL-1|embedded.a1|23|request: ConnectTimeout:, ConcurrentConnectDelay:，request firstIpv6ClientConcurrentConnectDelay：httpclient: ConnectTimeout:6000, ConcurrentConnectDelay:500，httpclient firstIpv6ClientConcurrentConnectDelay：250
02-09 10:13:31.215 I/NK_CountryCodeBean(19128): CORE_THREAD_POOL-1|network.grs.local.model.CountryCodeBean|15|get issue_country code from VENDOR_COUNTRY
02-09 10:13:31.219 I/NK_OkReqTsk(19128): CORE_THREAD_POOL-1|embedded.j3|285|the request has used the okhttp! 
02-09 10:13:31.228 I/HwNaturalBase( 2140): [CommonHandler]: 20983Kb ram is used.
02-09 10:13:31.312 I/NK_Netdiag(19128): CORE_THREAD_POOL-1 ->NK_netdiag_23|netdiag.tools.NetDetectAndPolicy|1|the time count will reset!
02-09 10:13:31.317 I/NK_RouteInterceptor(19128): CORE_THREAD_POOL-1|embedded.t3|178|has alt-svc, try to use quic
02-09 10:13:31.320 I/NK_InterceptorExecutor(19128): CORE_THREAD_POOL-1|embedded.p2|409|response code:200
02-09 10:13:31.342 E/WifiService( 1575): enforceCanAccessScanResults: hiding ssid and bssidUID 10033 has no location permission
02-09 10:13:31.346 I/FormalHASDK(19128): HAImpl==> onEvent. tag:_default_config_tag, type:1, eventId:907112013
02-09 10:13:31.360 I/HslPackageManager(19128): Get Hsl Package Manager.
02-09 10:13:31.361 I/HslPackageManager(19128): is Support Hsl false
02-09 10:13:31.363 E/HiApp.AgGuard/SecurityControlManagerUtils(19128): CORE_THREAD_POOL-1{5479} isUnderSecurityControl packageName is empty!
02-09 10:13:31.364 I/FormalHASDK(19128): HAImpl==> onEvent. tag:_default_config_tag, type:0, eventId:1200300104
02-09 10:13:31.406 I/HslPackageManager(19128): Get Hsl Package Manager.
02-09 10:13:31.407 I/HslPackageManager(19128): is Support Hsl false
02-09 10:13:31.436 I/FormalHASDK(19128): HAImpl==> onEvent. tag:_default_config_tag, type:0, eventId:1200300102
02-09 10:13:31.436 I/HslPackageManager(19128): Get Hsl Package Manager.
02-09 10:13:31.436 I/HslPackageManager(19128): is Support Hsl false
02-09 10:13:31.439 I/HslPackageManager(19128): Get Hsl Package Manager.
02-09 10:13:31.439 I/HslPackageManager(19128): is Support Hsl false
02-09 10:13:31.477 I/HslPackageManager(19128): Get Hsl Package Manager.
02-09 10:13:31.478 I/HslPackageManager(19128): is Support Hsl false
02-09 10:13:31.480 I/HslPackageManager(19128): Get Hsl Package Manager.
02-09 10:13:31.480 I/HslPackageManager(19128): is Support Hsl false
--------- beginning of system
02-09 10:13:31.496 V/ActivityManager( 1575): Successfully start provider ContentProviderRecord{16bb24a u0 com.huawei.systemmanager/com.huawei.library.push.PushFileProvider} launchingApp=null caller pid= 10944
02-09 10:13:31.499 W/HSM_BG  ( 4721): PushFileProvider:file does not exist which uri is content://com.huawei.systemmanager.push.provider/HwSystemManager/hsm_virus_pkgs.xml
02-09 10:13:31.499 E/HSM_SEC_SCAN(10944): VirusPkgParser:parse InputStream is null
02-09 10:13:31.514 V/ActivityManager( 1575): Successfully start provider ContentProviderRecord{48df9cf u0 com.huawei.systemmanager/.optimize.smcs.SMCSProvider} launchingApp=null caller pid= 10944
02-09 10:13:31.579 I/HslPackageManager(19128): Get Hsl Package Manager.
02-09 10:13:31.579 I/HslPackageManager(19128): is Support Hsl false
02-09 10:13:31.579 I/HslPackageManager(19128): Get Hsl Package Manager.
02-09 10:13:31.579 I/HslPackageManager(19128): is Support Hsl false
02-09 10:13:31.579 I/HslPackageManager(19128): Get Hsl Package Manager.
02-09 10:13:31.579 I/HslPackageManager(19128): is Support Hsl false
02-09 10:13:31.579 I/HslPackageManager(19128): Get Hsl Package Manager.
02-09 10:13:31.579 I/HslPackageManager(19128): is Support Hsl false
02-09 10:13:31.579 I/HslPackageManager(19128): Get Hsl Package Manager.
02-09 10:13:31.579 I/HslPackageManager(19128): is Support Hsl false
02-09 10:13:31.602 E/LOGSERVER_UTILS(  907): [Erecovery]readEvent: eRecEventManager readEvent 0
02-09 10:13:31.656 W/HiApp.PackageKit(19128): FACardServiceUtil-0{5488} not found: com.huawei.harmonyupdater
02-09 10:13:31.658 E/HiApp.AgGuard/AgGuardPackageUtil(19128): FACardServiceUtil-0{5488} not found package info
02-09 10:13:31.695 W/HiApp.PackageKit(19128): FACardServiceUtil-0{5488} not found: com.huawei.harmonyupdater
02-09 10:13:31.696 W/HiApp.AgGuard/FACardServiceUtil(19128): FACardServiceUtil-0{5488} calling packageName sign not match
02-09 10:13:31.698 W/HiApp.AgGuard/FACardServiceUtil(19128): FACardServiceUtil-0{5488} it's not HW Brand or Harmony system or sign not match
02-09 10:13:31.959 E/OEMINFO_NVM_SERVER(  473):  OeminfoGetInfo:index(155), oeminfo data not find !!!!
02-09 10:13:31.960 E/OEMINFO_NVM_SERVER(  473):  OeminfoReturnInfo: oeminfo return info fail.
02-09 10:13:31.960 E/OEMINFO_NVM_SERVER(  473):  OinvCmdHandler: pid 513, operation oeminfo_getinfo and ret -1 fail.
02-09 10:13:31.960 E/OEMINFO_NVM_CLIENT(  513): OinvRecvReturn: RET_FAIL return.
02-09 10:13:31.961 E/OEMINFO_NVM_CLIENT(  513): rmt_oeminfo_get_info: index(155) get data from server fail.
02-09 10:13:31.961 E/        (  513): read_oeminfo_signed_data: failed to get info oeminfo_idx:155 and total_byte:0
02-09 10:13:31.961 E/        (  513): init_oeminfo_signed_data_all:fail to read oeminfo oeminfo_idx:155 and oeminfo_sub_idx:-1
02-09 10:13:31.961 E/        (  513): get_original_data_by_fun_tag_and_sign_type: fail to init signed oeminfo signed all params
02-09 10:13:31.961 E/        (  513): read_udid_number: failed to get udid
02-09 10:13:31.961 E/factory_operator(  513): hw_get_device_info: read udid from oeminfo fail
02-09 10:13:31.961 E/DeviceIdentifiers( 1575): GetUDIDNative getUDID return null, generated it
02-09 10:13:31.962 W/DeviceIdentifiers( 1575): the phone is in udid_model_whitelist, return null!
02-09 10:13:31.973 I/PreDnsController(  595): canPreDnsQuery,persist.sys.predns is false!
02-09 10:13:32.064 I/ActivityManager( 1575): START u0 {flg=0x10000000 hwFlg=0x10 cmp=com.opencode.voiceassist/.MainActivity} from uid 2000
02-09 10:13:32.065 D/AwareLog(  895): iawared: rcc pause compress
02-09 10:13:32.065 D/hwPS_HwPermAccessControlManager( 1575): checkHwPermissionForFwk uid: 2000, pkg: com.android.shell
02-09 10:13:32.065 D/hwPS_PopupBackgroundWindowPermission( 1575): package: com.android.shell is always allow, allow this time
02-09 10:13:32.065 D/hwPS_PopupBackgroundWindowHelper( 1575): PKG_NAME: com.android.shell, INTERCEPTION_STATE: BACKGROUND, INTERCEPTION_TYPE: INTENT, CHECK_RESULT:ALLOW
02-09 10:13:32.065 D/ActivityManager( 1575): real mask = 6160 real binary mask = 1100000010000 isNeedIntercept = false callingUid = 2000 callingPid = 11888 realCallingUid = 2000 realCallingPid = 11888 callingPackage = com.android.shell
02-09 10:13:32.066 I/ActivityManager( 1575): ActivityRecord info: ActivityInfo{44676a0 com.opencode.voiceassist.MainActivity}
02-09 10:13:32.066 I/ActivityManager( 1575): isNeedToStartExSplash requestCode: 0
02-09 10:13:32.066 I/ActivityManager( 1575): isNeedToStartExSplash  callingPackage: null packageName: com.opencode.voiceassist
02-09 10:13:32.066 I/HwActivityManagerServiceEx( 1575): packageName:com.opencode.voiceassist,requestCode:0,isIntercepted:false,userId:0
02-09 10:13:32.069 I/PG_ash  ( 2186): front pkg : com.opencode.voiceassist launcher: false
02-09 10:13:32.069 I/PG_ash  ( 2186): above launcher front pkgs: [com.opencode.voiceassist]
02-09 10:13:32.069 D/AwareLog(  895): iawared: WorkingsetProcessCommand subCmd = 354, userId=10167, pid=0, com.opencode.voiceassist
02-09 10:13:32.070 D/AwareLog(  895): iawared: WorkingsetSendPrereadMsg com.opencode.voiceassist
02-09 10:13:32.070 D/AwareLog(  895): iawared: WorkingsetStart com.opencode.voiceassist in monitor0
02-09 10:13:32.080 V/ActivityManager( 1575): addChild: attaching stackId=51 to displayId=0 position=2
02-09 10:13:32.080 V/ActivityManager( 1575): positionChild stackId=51 to top.
02-09 10:13:32.083 V/ActivityManager( 1575): positionChild stackId=51 to top.
02-09 10:13:32.085 V/WindowManager( 1575): addAppToken: AppWindowToken{e71db15 token=Token{bac5ccc ActivityRecord{81386ff u0 com.opencode.voiceassist/.MainActivity t169}}} controller={TaskWindowContainerController taskId=169} at 2147483647
02-09 10:13:32.087 D/        (  656): doWinFrameOptStatusRecog begin to recog Layer result=2
02-09 10:13:32.088 W/HwActivityManagerServiceEx( 1575): HwActivityNotifier end call for activityLifeState under user 0 cost 1
02-09 10:13:32.088 I/HiSearch( 4982): [GlobalSearchOverlayServiceStub]:LAUNCHER_INTERACTION from launcher, invoke invokeId = -222
02-09 10:13:32.088 I/HiSearch( 4982): [LOS]:isOverlayClosed = true
02-09 10:13:32.088 I/HiSearch( 4982): [GlobalSearchOverlayServiceStub]:LAUNCHER_INTERACTION from launcher, overlay closed, return.
02-09 10:13:32.088 D/ZrHung.AppEyeUiProbe( 2230): stop checker.
02-09 10:13:32.088 E/DollieActivityManagerAdapter( 2059): HwActivityNotifierEx null uid
02-09 10:13:32.089 W/ContentSensor_FrameworkRegistry( 3822): Unknown state is : showStartingWindow
02-09 10:13:32.090 I/StatusBarDisable( 1575): setFlags what=0 which=1 pkg=Window{ed36238 u0 com.huawei.android.launcher/com.huawei.android.launcher.unihome.UniHomeLauncher}
02-09 10:13:32.092 I/PGServer( 2186): android calls fast HApps
02-09 10:13:32.092 I/AppFastHibernation( 2186): fast H duration: 1500 reason: start activity
02-09 10:13:32.093 V/ActivityManager( 1575): startProcess: name=com.opencode.voiceassist app=null knownToBeDead=true thread=null pid=-1 preloadStatus=-1
02-09 10:13:32.093 I/Pged-IPgedBinderService(  895): ****action is 1, pid num is 5***
02-09 10:13:32.093 I/Pged-Freezer(  895): freezePids
02-09 10:13:32.093 I/Pged-Freezer(  895): freezePids pid 19128 binder called 982 ms ago by 10944, ignor it:0
02-09 10:13:32.093 W/PgedBinderAdapter( 2186): F_Z failed pid: [11048, 19128, 11747, 10637]
02-09 10:13:32.094 V/ActivityManager( 1575): startProcess: name=com.opencode.voiceassist app=ProcessRecord{221391 0:com.opencode.voiceassist/u0a167} knownToBeDead=true thread=null pid=0 preloadStatus=0
02-09 10:13:32.095 D/AwareLog(  895): iawared: WorkingsetProcessCommand subCmd = 354, userId=10167, pid=0, com.opencode.voiceassist
02-09 10:13:32.095 D/AwareLog(  895): iawared: WorkingsetStart com.opencode.voiceassist in monitor0
02-09 10:13:32.095 I/StatusBarDisable( 1575): setFlags what=0 which=1 pkg=Window{ed36238 u0 com.huawei.android.launcher/com.huawei.android.launcher.unihome.UniHomeLauncher}
02-09 10:13:32.098 W/HwActivityManagerServiceEx( 1575): HwActivityNotifier end call for activityLifeState under user 0 cost 1
02-09 10:13:32.098 D/DollieActivityManagerAdapter( 2059): [Paused] pid:2230 uid:10084 ComponentInfo{com.huawei.android.launcher/com.huawei.android.launcher.unihome.UniHomeLauncher}
02-09 10:13:32.099 I/HwNavigationBarView( 1924): updateAssistantButtonInGuestureMode(), vis=true,isGestureNavEnable=true
02-09 10:13:32.100 V/WindowManager( 1575): addWindow: Window{3baa3c9 u0 Splash Screen com.opencode.voiceassist}
02-09 10:13:32.104 D/PackageManager( 1575): resolve intent for uid:1000, matchs:3, res:ResolveInfo{ad52ace com.huawei.android.launcher/.unihome.UniHomeLauncher m=0x108000}
02-09 10:13:32.104 I/StatusBarDisable( 1575): setFlags what=0 which=1 pkg=Window{ed36238 u0 com.huawei.android.launcher/com.huawei.android.launcher.unihome.UniHomeLauncher}
02-09 10:13:32.105 I/HiTouch_HiTouchSensor( 1575): enabledInPad = false,isPcCastMode = false
02-09 10:13:32.105 D/HiTouch_PressGestureDetector( 1575): onAttached, package=com.opencode.voiceassist, windowType=3, mHiTouchRestricted=false
02-09 10:13:32.111 I/StatusBarDisable( 1575): setFlags what=0 which=1 pkg=Window{ed36238 u0 com.huawei.android.launcher/com.huawei.android.launcher.unihome.UniHomeLauncher}
02-09 10:13:32.111 D/ZrHung.AppEyeFocusWindow( 1575): FocusWindowErrorScene CheckFreezeScreen
02-09 10:13:32.118 I/Zygote  (  598): say something before unblock SIGCHLD, uid: 10167 pid: 11892, do not delete this log!
02-09 10:13:32.120 I/ActivityManager( 1575): Start proc 11892:com.opencode.voiceassist/u0a167 for activity com.opencode.voiceassist/.MainActivity
02-09 10:13:32.120 E/ProcessInfoCollector( 1575): getProcessInfo: failed to find this proc 
02-09 10:13:32.121 D/AwareLog(  895): iawared: WorkingsetProcessCommand subCmd = 350, userId=10167, pid=11892, com.opencode.voiceassist
02-09 10:13:32.122 D/AwareLog(  895): iawared: WorkingsetStart com.opencode.voiceassist in monitor0
02-09 10:13:32.122 I/GRALLOC (  617): getCallingPid=656, shrFd=32,fmt=0x1,intFmt=0x1,btStrd=4352,size=8355840,pid=617 
02-09 10:13:32.122 I/GRALLOC (  617): 	 yuv=2,w=1080,h=1920,Stride u=0 v=0,offset u=0 v=0 
02-09 10:13:32.122 I/GRALLOC (  617): 	 iova_size=8355840,conUsg=0x906,proUsg=0x966,	 strd=1088,[afbc]HdrStrd=0 PyldStrd=0 Scrmbl=0,ionhnd = 1 
02-09 10:13:32.123 I/ode.voiceassis(11892): Late-enabling -Xcheck:jni
02-09 10:13:32.130 I/StatusBarDisable( 1575): setFlags what=0 which=1 pkg=Window{ed36238 u0 com.huawei.android.launcher/com.huawei.android.launcher.unihome.UniHomeLauncher}
02-09 10:13:32.132 E/HwPhoneWindowManager( 1575): isTopIsFullscreen mFocusedWindow or attrs is null
02-09 10:13:32.152 I/ode.voiceassis(11892): Reinit property: dalvik.vm.checkjni= false
02-09 10:13:32.163 D/ZrHung.AppEyeUiProbe(11892): AppEyeUIP created.
02-09 10:13:32.165 D/ActivityThread(11892): Attach thread to application
02-09 10:13:32.168 D/HwPhoneWindowManager( 1575): sensorRotation = -1 lastRotation:0
02-09 10:13:32.169 I/StatusBarDisable( 1575): setFlags what=0 which=1 pkg=Window{ed36238 u0 com.huawei.android.launcher/com.huawei.android.launcher.unihome.UniHomeLauncher}
02-09 10:13:32.171 E/HwPhoneWindowManager( 1575): isTopIsFullscreen mFocusedWindow or attrs is null
02-09 10:13:32.173 I/PGServer( 2186): checkPkgType. calling pkg: com.huawei.iaware
02-09 10:13:32.173 W/HwActivityManagerServiceEx( 1575): appSwitch from: com.huawei.android.launcher to: com.opencode.voiceassist
02-09 10:13:32.174 D/AssistantService-1000102( 2059): registerHwActivityNotifier call fromPackage:com.huawei.android.launcher, toPackage:com.opencode.voiceassist
02-09 10:13:32.174 W/HwActivityManagerServiceEx( 1575): HwActivityNotifier end call for appSwitch under user 0 cost 1
02-09 10:13:32.174 D/HwGameAssistantController( 1575): UPDATE: mCurFgPkg=com.opencode.voiceassist, mCurFgPid=11892, mCurIsGame=false
02-09 10:13:32.175 D/AssistantService-1000102( 2059): handleMessage app switch fromPackage:com.huawei.android.launcher, toPackage:com.opencode.voiceassist
02-09 10:13:32.175 D/HwGameAssistantController( 1575): getGameList: [com.netease.dhxy.huawei]
02-09 10:13:32.175 D/AssistantService-1000102( 2059): package:com.huawei.android.launcher inAppAssistant:false
02-09 10:13:32.175 D/ScenarioService( 2186): front pkg : com.opencode.voiceassist launcher: false
02-09 10:13:32.175 D/HwGameAssistantController( 1575): getGameList: [com.netease.dhxy.huawei]
02-09 10:13:32.175 D/ScenarioService( 2186): new above launcher front pkgs: [com.opencode.voiceassist]
02-09 10:13:32.175 D/AssistantService-1000102( 2059): package:com.opencode.voiceassist inAppAssistant:false
02-09 10:13:32.175 I/AppManager( 2186): handleAppFrontEvent: com.opencode.voiceassist
02-09 10:13:32.175 I/AppsUsage( 2186): scnOff:false FgAPP:com.opencode.voiceassist BgAPP:com.huawei.android.launcher
02-09 10:13:32.176 W/Parcel  ( 2085): **** enforceInterface() expected 'com.huawei.android.pgmng.plug.IHAwareActionCallback' but read 'com.huawei.pgmng.plug.IZActionBinder'
02-09 10:13:32.176 I/HiAdKit.DC.PersistentMessageCenter(28861):  notifyMessage com.huawei.hwid_app_switch_from_to_intent
02-09 10:13:32.177 V/AudioManager( 2186): setParameters  keyValuePairs: updateAppLowPowerParams=3:10167:100
02-09 10:13:32.177 I/HwNetworkPolicy( 1575): onTransact, code = 203
02-09 10:13:32.177 I/HwNetworkPolicyManager(14266): getHwUidPolicy uid = 10167 policy = 0
02-09 10:13:32.177 I/audio_hw_primary(  631): update stream types 0
02-09 10:13:32.179 I/HiAdKit.DC.ThirPromotionReceiver(28861):  com.huawei.android.launcher in black list
02-09 10:13:32.180 I/HwAudioService( 1575): now type = 255,reportForegroundAppType = 255,pkg = null,mVoipOptimizeInGameModefalse
02-09 10:13:32.181 W/AwareLog( 1575): SchedLevelBoost: onFgActivitiesChanged config not set!
02-09 10:13:32.181 V/WindowManager( 1575): Checking 1 opening apps (frozen=false timeout=false), Track: updateconfig performsurface
02-09 10:13:32.181 V/WindowManager( 1575): Check opening app=AppWindowToken{e71db15 token=Token{bac5ccc ActivityRecord{81386ff u0 com.opencode.voiceassist/.MainActivity t169}}}: allDrawn=false startingDisplayed=true startingMoved=false isRelaunching()=false startingWindow=Window{3baa3c9 u0 Splash Screen com.opencode.voiceassist}
02-09 10:13:32.181 I/WindowManager( 1575): closing apps count = 1
02-09 10:13:32.181 I/BoosterSwitchP( 2059): notifyUidState do nothing
02-09 10:13:32.181 D/HicomMonitor( 2059): notifyAppStarted: begin
02-09 10:13:32.181 I/DeepNoDisturbP( 2059): notifyUidState
02-09 10:13:32.181 D/Hicom_SysEnvMonitor( 2059): onAppStarted, uid: 10167
02-09 10:13:32.181 I/BrowserChrP( 2059): notifyUidState
02-09 10:13:32.181 E/AwareLog( 2186): GameSdkConfigReader: GameSdkLog: idNameMap: null
02-09 10:13:32.181 D/HiDATA_ContentAware( 1575): mForegroundAppPackageName: com.opencode.voiceassist ,score: 0
02-09 10:13:32.181 I/AppStatisticProc( 2059): handleAppStarted: pkgName = com.opencode.voiceassist is not apk supported in Smartcare
02-09 10:13:32.181 D/HicomMonitor( 2059): onAppStarted: uid = 10167
02-09 10:13:32.181 D/HiDATA  ( 1575): APP type: -1 appName= com.opencode.voiceassist
02-09 10:13:32.182 D/HiDATA  ( 1575): no game, APP_TYPE_GAME, appName =com.opencode.voiceassist
02-09 10:13:32.182 E/OEMINFO_NVM_SERVER(  473):  OeminfoGetInfo:index(155), oeminfo data not find !!!!
02-09 10:13:32.182 E/OEMINFO_NVM_SERVER(  473):  OeminfoReturnInfo: oeminfo return info fail.
02-09 10:13:32.182 E/OEMINFO_NVM_SERVER(  473):  OinvCmdHandler: pid 513, operation oeminfo_getinfo and ret -1 fail.
02-09 10:13:32.183 I/StatusBarDisable( 1575): setFlags what=0 which=1 pkg=Window{ed36238 u0 com.huawei.android.launcher/com.huawei.android.launcher.unihome.UniHomeLauncher}
02-09 10:13:32.183 E/OEMINFO_NVM_CLIENT(  513): OinvRecvReturn: RET_FAIL return.
02-09 10:13:32.183 E/OEMINFO_NVM_CLIENT(  513): rmt_oeminfo_get_info: index(155) get data from server fail.
02-09 10:13:32.183 E/        (  513): read_oeminfo_signed_data: failed to get info oeminfo_idx:155 and total_byte:0
02-09 10:13:32.183 E/        (  513): init_oeminfo_signed_data_all:fail to read oeminfo oeminfo_idx:155 and oeminfo_sub_idx:-1
02-09 10:13:32.183 E/        (  513): get_original_data_by_fun_tag_and_sign_type: fail to init signed oeminfo signed all params
02-09 10:13:32.183 E/        (  513): read_udid_number: failed to get udid
02-09 10:13:32.183 E/factory_operator(  513): hw_get_device_info: read udid from oeminfo fail
02-09 10:13:32.183 E/DeviceIdentifiers( 1575): GetUDIDNative getUDID return null, generated it
02-09 10:13:32.184 W/DeviceIdentifiers( 1575): the phone is in udid_model_whitelist, return null!
02-09 10:13:32.184 D/iTouchService(  874): itouch currentPackageName=com.opencode.voiceassist
02-09 10:13:32.184 D/iTouchService(  874): itouch appType=-1 appState=1 gameMode=1
02-09 10:13:32.184 D/iTouchService(  874): g_itouch_reader_monitor empty
02-09 10:13:32.184 D/iTouchService(  874): g_itouch_reader_monitor Monitor::isReaderMonitorEnable()=0
02-09 10:13:32.184 D/iTouchService(  874): itouch getCurrentParmID tempPkg=com.opencode.xxx
02-09 10:13:32.184 D/iTouchService(  874): itouch:app com.opencode.voiceassist is  not game app
02-09 10:13:32.184 D/iTouchService(  874): itouch:game_switch is disable
02-09 10:13:32.184 D/iTouchService(  874): itouch:styluspen_switch is disable
02-09 10:13:32.184 D/iTouchService(  874): itouch:currentAppTypeName =|UNKNOWN|
02-09 10:13:32.184 I/HwNetworkPolicy( 1575): onTransact, code = 203
02-09 10:13:32.185 I/HwNetworkPolicyManager( 4721): getHwUidPolicy uid = 10167 policy = 0
02-09 10:13:32.185 D/Hicom_UXDecisionSystem( 2059): isAppCanUseMobileNetwork current forground app is com.huawei.android.launcher
02-09 10:13:32.185 E/Hicom_PolicyCenterService( 2059): enableAppLevelMP. null == mMultipathAppsMap
02-09 10:13:32.185 D/Hicom_EmcomManagerService( 2059): forePackage name is com.opencode.voiceassist
02-09 10:13:32.185 D/HicomMonitor( 2059): notifyForegroundAppChanged: begin
02-09 10:13:32.185 D/XEngineProcessor( 2059): onForegroundAppChanged, pkgName:com.opencode.voiceassist
02-09 10:13:32.185 D/XEngineProcessor( 2059): handlerAppForeground pkgName = com.opencode.voiceassistmDaemonVersion = 2
02-09 10:13:32.186 D/HicomdMessageAdapter( 2059): getHicomAppInfoByName. current mHicomAppInfos : [packageName=com.ss.android.article.video, grade=1, isForeground=true, mainCardPsStatus=-1, viewInfos=[], hicomFeaturesInfos={multiPath=0, multiPathType=0, wifiMode=0, speedCtrl=1, maxGrade=5, minGrade=1, proxy=null, smartmpConfig=null, multipathPolicy=null}, timeInfos=[], packageName=com.sina.weibo, grade=1, isForeground=true, mainCardPsStatus=-1, viewInfos=[], hicomFeaturesInfos={multiPath=0, multiPathType=0, wifiMode=0, speedCtrl=1, maxGrade=5, minGrade=1, proxy=null, smartmpConfig=null, multipathPolicy=null}, timeInfos=[], packageName=com.tencent.mm, grade=1, isForeground=true, mainCardPsStatus=-1, viewInfos=[], hicomFeaturesInfos={multiPath=0, multiPathType=0, wifiMode=0, speedCtrl=1, maxGrade=5, minGrade=1, proxy=null, smartmpConfig=null, multipathPolicy=null}, timeInfos=[], packageName=com.sdu.didi.gui, grade=1, isForeground=true, mainCardPsStatus=-1, viewInfos=[], hicomFeaturesInfos={multiPath=0, multiPathType=0, wifiMode=0, speedCtrl=1, maxGrade=5, minGrade=1, proxy=null, smartmpConfig=null, multipathPolicy=null}, timeInfos=[], packageName=com.sdu.didi.gsui, grade=1, isForeground=true, mainCardPsStatus=-1, viewInfos=[], hicomFeaturesInfos={multiPath=0, multiPathType=0, wifiMode=0, speedCtrl=1, maxGrade=5, minGrade=1, proxy=null, smartmpConfig=null, multipathPolicy=null}, timeInfos=[], packageName=com.tencent.tmgp.sgame, grade=1, isForeground=true, mainCardPsStatus=1, viewInfos=[], hicomFeaturesInfos={multiPath=0, multiPathType=0, wifiMode=0, speedCtrl=1, maxGrade=5, minGrade=1, proxy=null, smartmpConfig=null, multipathPolicy=null}, timeInfos=[]]
02-09 10:13:32.186 D/XEngineProcessor( 2059): configInfo = null
02-09 10:13:32.186 D/XEngineProcessor( 2059): gameInfo = {multiPath=0, multiPathType=0, wifiMode=0, speedCtrl=1, maxGrade=5, minGrade=1, proxy=null, smartmpConfig=null, multipathPolicy=null} inGameSpace false
02-09 10:13:32.186 D/Hicom_SysEnvMonitor( 2059): onForegroundAppChanged, pkgName: com.opencode.voiceassist
02-09 10:13:32.186 D/XEngineMpipControl( 2059): onForegroundAppChanged, pkgName:com.opencode.voiceassist
02-09 10:13:32.186 D/XEngineMpipControl( 2059): Invalid subId
02-09 10:13:32.186 E/XEngineMpipControl( 2059): Invalid SubId
02-09 10:13:32.186 D/SmartcareProc( 2059): onForegroundAppChanged, pkgName:com.opencode.voiceassist
02-09 10:13:32.186 W/FIControl( 2059): Failed to find configuration for com.opencode.voiceassist
02-09 10:13:32.186 D/HicomMonitor( 2059): onForegroundAppChanged is called
02-09 10:13:32.187 D/Hicom_PolicyCenterService( 2059): handleForegroundAppChanged new forground app 10167
02-09 10:13:32.187 D/Hicom_AppLifeCycleManager( 2059): sAppAllSocketClosed NOT contain: 10084
02-09 10:13:32.187 D/Hicom_PolicyCenterService( 2059): mCurrentForgroundUid is not policy exist
02-09 10:13:32.187 D/SensorHub(  900): huawei Hal get step event
02-09 10:13:32.188 I/PGServer( 2186): report state:10010 event type:2 pid:0 uid:0 pkg:com.huawei.android.launcher to pid: 1575
02-09 10:13:32.188 I/PGServer( 2186): report state:10010 event type:2 pid:0 uid:0 pkg:com.huawei.android.launcher to pid: 2186
02-09 10:13:32.188 D/WMapping.19020212.HwWMStateMachine$DefaultState.processMessage(L:513)( 1575): into MSG_AR_STATION
02-09 10:13:32.188 D/        (  656): doWinFrameOptStatusRecog begin to recog Layer result=2
02-09 10:13:32.191 I/StatusBarDisable( 1575): setFlags what=0 which=1 pkg=Window{3baa3c9 u0 Splash Screen com.opencode.voiceassist}
02-09 10:13:32.191 I/SceneReceiver( 2186): state type: 10010 eventType:2 pid:0 uid:0 pkg:com.huawei.android.launcher
02-09 10:13:32.192 I/PGServer( 2186): report state:10000 event type:1 pid:0 uid:0 pkg:com.opencode.voiceassist to pid: 1575
02-09 10:13:32.192 I/PGServer( 2186): report state:10000 event type:1 pid:0 uid:0 pkg:com.opencode.voiceassist to pid: 2186
02-09 10:13:32.192 I/PGServer( 2186): checkPkgType. calling pkg: android
02-09 10:13:32.193 E/HwPhoneWindowManager( 1575): isTopIsFullscreen mFocusedWindow or attrs is null
02-09 10:13:32.195 I/HwApiCacheMangerEx(11892): apicache path=/storage/emulated/0 state=mounted key=com.opencode.voiceassist#10167#256
02-09 10:13:32.195 I/chatty  ( 1575): uid=1000(system) android.ui identical 1 line
02-09 10:13:32.195 I/SceneReceiver( 2186): state type: 10000 eventType:1 pid:0 uid:0 pkg:com.opencode.voiceassist
02-09 10:13:32.195 D/HwThermalStateManager( 2186): current foreapp pkg : com.opencode.voiceassist
02-09 10:13:32.195 I/HwApiCacheMangerEx(11892): apicache path=/storage/emulated/0 state=mounted key=com.opencode.voiceassist#10167#0
02-09 10:13:32.197 D/ThermalTrace_ThermalRaise( 2186): current pkg:com.huawei.android.launcher
02-09 10:13:32.198 I/StatusBarDisable( 1575): setFlags what=0 which=1 pkg=Window{3baa3c9 u0 Splash Screen com.opencode.voiceassist}
02-09 10:13:32.199 E/HwPhoneWindowManager( 1575): isTopIsFullscreen mFocusedWindow or attrs is null
02-09 10:13:32.200 D/HwRecentsTaskUtils( 2230): refreshToCache
02-09 10:13:32.200 D/HwRecentsTaskUtils( 2230): searchFromDate
02-09 10:13:32.201 W/ThermalTraceTool( 2186): IOException:java.io.IOException: read failed: EIO (I/O error)
02-09 10:13:32.201 V/ActivityManager( 1575): Successfully start provider ContentProviderRecord{a76eea3 u0 com.android.systemui/.recents.HwRecentsLockProdiver} launchingApp=null caller pid= 2230
02-09 10:13:32.203 E/HsmCoreServiceImpl( 2059): onTransact in code is: 103
02-09 10:13:32.203 I/MediaProcessHandler( 2059): playingUids: 10141|
02-09 10:13:32.204 I/RecentsTaskLoadPlan( 2230): to show tasks size is 3
02-09 10:13:32.274 I/HwGameAssistant-11.4.2.302-ReceiverController(11747): excute System.exit
02-09 10:13:32.277 I/meassistant:br(11747): System.exit called, status: 0
02-09 10:13:32.277 I/AndroidRuntime(11747): VM exiting with result code 0, cleanup skipped.
02-09 10:13:32.334 I/ActivityManager( 1575): Process com.huawei.gameassistant:brd (pid 11747) has died: cch+2CEM 
02-09 10:13:32.335 D/ActivityManager( 1575): cleanUpApplicationRecord app: ProcessRecord{f60f9dd 11747:com.huawei.gameassistant:brd/u0a136}, app.bad: false, restarting: false, allowRestart: true
02-09 10:13:32.335 W/libprocessgroup( 1575): kill(-11747, 9) failed: No such process
02-09 10:13:32.335 I/Zygote  (  598): Process 11747 exited cleanly (0)
02-09 10:13:32.335 I/libprocessgroup( 1575): Successfully killed process cgroup uid 10136 pid 11747 in 0ms
02-09 10:13:32.338 I/AppFastHibernation( 2186): wakeup 11747 for process died
02-09 10:13:32.339 I/BoosterSwitchP( 2059): notifyUidState do nothing
02-09 10:13:32.339 I/DeepNoDisturbP( 2059): notifyUidState
02-09 10:13:32.339 I/BrowserChrP( 2059): notifyUidState
02-09 10:13:32.339 W/AwareLog( 1575): SchedLevelBoost: onProcessDied config not set!
02-09 10:13:32.339 I/AppManager( 2186): removeProcessDependency pid:11747
02-09 10:13:32.339 E/HsmCoreServiceImpl( 2059): onTransact in code is: 102
02-09 10:13:32.339 I/MediaProcessHandler( 2059): processOp opType: 1, uid: 10136, pid: 11747
02-09 10:13:32.339 W/MediaProcessHandler( 2059): remove target not exist, maybe the UI process: uid: 10136, pid: 11747
02-09 10:13:32.339 I/MediaProcessHandler( 2059): executedCallBack opType: 1 mMediaStatusObservers.size=1
02-09 10:13:32.339 I/Pged-IPgedBinderService(  895): ****action is 2, pid num is 2***
02-09 10:13:32.339 I/Pged-Freezer(  895): thawPids
02-09 10:13:32.339 I/Pged-Freezer(  895): Pid 11747 is not exist in vector
02-09 10:13:32.339 D/PgedBinderAdapter( 2186): unF_Z ok, pid: [11747]
02-09 10:13:32.374 I/TrafficMonitor( 1575): update:rxPkts:22,txPkts:24,rxBytes:4415,txBytes:7017
02-09 10:13:32.374 I/TrafficMonitor( 1575): start expired. level:-1
02-09 10:13:32.374 I/TrafficMonitor( 1575): gettimer:interval=2000
02-09 10:13:32.468 I/WindowManager( 1575):  setWallpaperTarget topWallpaper : Window{f8024e8 u0 com.android.systemui.HwImageWallpaper}
02-09 10:13:32.468 I/WindowManager( 1575): New wallpaper target: Window{f8024e8 u0 com.android.systemui.HwImageWallpaper} prevTarget: Window{ed36238 u0 com.huawei.android.launcher/com.huawei.android.launcher.unihome.UniHomeLauncher}
02-09 10:13:32.469 I/WindowManager( 1575): test-wallpaper Updating vis of wallpaper Window{f8024e8 u0 com.android.systemui.HwImageWallpaper}: false from:
02-09 10:13:32.469 I/WindowManager( 1575): com.android.server.wm.WallpaperWindowToken.updateWallpaperVisibility:102 com.android.server.wm.WallpaperController.updateWallpaperVisibility:261 com.android.server.wm.DisplayContent.lambda$new$8:825 com.android.server.wm.-$$Lambda$DisplayContent$qxt4izS31fb0LF2uo_OF9DMa7gc.accept:4 
02-09 10:13:32.470 I/StatusBarDisable( 1575): setFlags what=0 which=1 pkg=Window{3baa3c9 u0 Splash Screen com.opencode.voiceassist}
02-09 10:13:32.471 I/WindowManager( 1575):  setWallpaperTarget topWallpaper : Window{f8024e8 u0 com.android.systemui.HwImageWallpaper}
02-09 10:13:32.471 I/StatusBarDisable( 1575): setFlags what=0 which=1 pkg=Window{3baa3c9 u0 Splash Screen com.opencode.voiceassist}
02-09 10:13:32.472 E/HwPhoneWindowManager( 1575): isTopIsFullscreen mFocusedWindow or attrs is null
02-09 10:13:32.483 W/libEGL  ( 4982): EGLNativeWindowType 0x7703ef5010 disconnect failed
02-09 10:13:32.483 W/libEGL  ( 2230): EGLNativeWindowType 0x77181c8010 disconnect failed
02-09 10:13:32.485 I/StatusBarDisable( 1575): setFlags what=0 which=1 pkg=Window{3baa3c9 u0 Splash Screen com.opencode.voiceassist}
02-09 10:13:32.485 I/WindowManager( 1575): New wallpaper target: null prevTarget: Window{f8024e8 u0 com.android.systemui.HwImageWallpaper}
02-09 10:13:32.486 I/StatusBarDisable( 1575): setFlags what=0 which=1 pkg=Window{3baa3c9 u0 Splash Screen com.opencode.voiceassist}
02-09 10:13:32.487 E/HwPhoneWindowManager( 1575): isTopIsFullscreen mFocusedWindow or attrs is null
02-09 10:13:32.489 I/chatty  ( 1575): uid=1000(system) android.ui identical 1 line
02-09 10:13:32.491 E/HwPhoneWindowManager( 1575): isTopIsFullscreen mFocusedWindow or attrs is null
02-09 10:13:32.493 I/StatusBarDisable( 1575): setFlags what=0 which=1 pkg=Window{3baa3c9 u0 Splash Screen com.opencode.voiceassist}
02-09 10:13:32.495 E/HwPhoneWindowManager( 1575): isTopIsFullscreen mFocusedWindow or attrs is null
02-09 10:13:32.498 D/ZrHung.AppEyeUiProbe( 2230): Current Activity:false
02-09 10:13:32.498 D/ZrHung.AppEyeUiProbe( 2230): not watching, wait.
02-09 10:13:32.591 V/ActivityManager( 1575): Successfully start provider ContentProviderRecord{9bbbb99 u0 com.android.providers.settings/.SettingsProvider} launchingApp=null caller pid= 11892
02-09 10:13:32.593 I/ode.voiceassis(11892): QarthPatchMonintor::Init
02-09 10:13:32.593 I/ode.voiceassis(11892): 
02-09 10:13:32.593 I/ode.voiceassis(11892): QarthPatchMonintor::StartWatch
02-09 10:13:32.593 I/ode.voiceassis(11892): 
02-09 10:13:32.593 I/ode.voiceassis(11892): QarthPatchMonintor::WatchPackage: /data/hotpatch/fwkhotpatch/
02-09 10:13:32.593 I/ode.voiceassis(11892): 
02-09 10:13:32.593 I/ode.voiceassis(11892): QarthPatchMonintor::CheckAndWatchPatch: /data/hotpatch/fwkhotpatch/com.opencode.voiceassist
02-09 10:13:32.593 I/ode.voiceassis(11892): 
02-09 10:13:32.593 I/ode.voiceassis(11892): QarthPatchMonintor::CheckAndWatchPatch: /data/hotpatch/fwkhotpatch/all
02-09 10:13:32.593 I/ode.voiceassis(11892): 
02-09 10:13:32.593 I/ode.voiceassis(11892): QarthPatchMonintor::Run
02-09 10:13:32.593 I/ode.voiceassis(11892): 
02-09 10:13:32.594 I/ode.voiceassis(11892): QarthPatchMonintor::Reading
02-09 10:13:32.594 I/ode.voiceassis(11892): 
02-09 10:13:32.594 I/ode.voiceassis(11892): QarthPatchMonintor::CheckNotifyEvent
02-09 10:13:32.594 I/ode.voiceassis(11892): 
02-09 10:13:32.594 I/ode.voiceassis(11892): QarthPatchMonintor::CheckNotifyEvent before read
02-09 10:13:32.594 I/ode.voiceassis(11892): 
02-09 10:13:32.597 I/AwareBitmapCacher(11892): init processName:com.opencode.voiceassist pid=11892 uid=10167
02-09 10:13:32.601 W/ode.voiceassis(11892): Accessing hidden field Landroid/os/Trace;->TRACE_TAG_APP:J (light greylist, reflection)
02-09 10:13:32.602 W/ode.voiceassis(11892): Accessing hidden method Landroid/os/Trace;->isTagEnabled(J)Z (light greylist, reflection)
02-09 10:13:32.602 E/AwareLog(11892): AtomicFileUtils: readFileLines file not exist: android.util.AtomicFile@716b782
02-09 10:13:32.603 E/AwareLog(11892): AtomicFileUtils: readFileLines file not exist: android.util.AtomicFile@121ee93
02-09 10:13:32.611 E/MemoryLeakMonitorManager(11892): MemoryLeakMonitor.jar is not exist!
02-09 10:13:32.611 I/HwTypeface(11892): updateFont: scale=1.0
02-09 10:13:32.612 D/Typeface(11892): areFontsVariable: script=Hans
02-09 10:13:32.614 D/ZrHung.AppEyeUiProbe(11892): notify runnable to start.
02-09 10:13:32.614 D/ZrHung.AppEyeUiProbe(11892): Runnable thread started.
02-09 10:13:32.614 D/IMonitor(11892): Load library imonitor_jni
02-09 10:13:32.625 E/LOGSERVER_UTILS(  907): [Erecovery]readEvent: eRecEventManager readEvent 0
02-09 10:13:32.673 D/AppCompatDelegate(11892): Checking for metadata for AppLocalesMetadataHolderService : Service not found
02-09 10:13:32.680 V/ActivityThread(11892): callActivityOnCreate
02-09 10:13:32.691 W/ode.voiceassis(11892): Accessing hidden field Landroid/graphics/Insets;->left:I (light greylist, linking)
02-09 10:13:32.691 W/ode.voiceassis(11892): Accessing hidden field Landroid/graphics/Insets;->top:I (light greylist, linking)
02-09 10:13:32.691 W/ode.voiceassis(11892): Accessing hidden field Landroid/graphics/Insets;->right:I (light greylist, linking)
02-09 10:13:32.691 W/ode.voiceassis(11892): Accessing hidden field Landroid/graphics/Insets;->bottom:I (light greylist, linking)
02-09 10:13:32.698 I/HwApsImpl(11892): APS: new HwApsImpl created
02-09 10:13:32.704 V/HwWidgetFactory(11892): : successes to get AllImpl object and return....
02-09 10:13:32.723 W/ode.voiceassis(11892): Accessing hidden field Landroid/view/WindowInsets;->CONSUMED:Landroid/view/WindowInsets; (light greylist, reflection)
02-09 10:13:32.724 I/OverScrollerOptimization(11892): start init SmartSlideOverScroller and get the overscroller config
02-09 10:13:32.724 I/OverScrollerOptimization(11892): get the overscroller config
02-09 10:13:32.726 I/FLTAG_FM(11892): loadFeature class:com.huawei.featurelayer.systemfeature.HwWidget.IHwSplineOverScrollerEx
02-09 10:13:32.726 I/FLTAG_SFM(11892): getRequireClassLoader() succ ! className: com.huawei.featurelayer.systemfeature.HwWidget.IHwSplineOverScrollerEx
02-09 10:13:32.726 D/FeatureFactory(11892): loadFeature() : com.huawei.featurelayer.systemfeature.HwWidget.IHwSplineOverScrollerEx
02-09 10:13:32.726 D/FeatureFactory(11892): loadFeature() new IHwSplineOverScrollerEx()
02-09 10:13:32.727 D/HwSplineOverScrollerExImpl(11892): initSplineOverScrollerImpl paras: android.widget.OverScroller$SplineOverScroller@d6d50c4,androidx.appcompat.view.ContextThemeWrapper@1bf4bad
02-09 10:13:32.727 D/HwSplineOverScrollerExImpl(11892): initSplineOverScrollerImpl: mScrollerVelocity is 0, value is 0
02-09 10:13:32.728 I/FLTAG_FM(11892): loadFeature class:com.huawei.featurelayer.systemfeature.HwWidget.IHwSplineOverScrollerEx
02-09 10:13:32.728 I/FLTAG_SFM(11892): getRequireClassLoader() succ ! className: com.huawei.featurelayer.systemfeature.HwWidget.IHwSplineOverScrollerEx
02-09 10:13:32.728 D/FeatureFactory(11892): loadFeature() : com.huawei.featurelayer.systemfeature.HwWidget.IHwSplineOverScrollerEx
02-09 10:13:32.728 D/FeatureFactory(11892): loadFeature() new IHwSplineOverScrollerEx()
02-09 10:13:32.728 D/HwSplineOverScrollerExImpl(11892): initSplineOverScrollerImpl paras: android.widget.OverScroller$SplineOverScroller@6b1f5a9,androidx.appcompat.view.ContextThemeWrapper@1bf4bad
02-09 10:13:32.728 D/HwSplineOverScrollerExImpl(11892): initSplineOverScrollerImpl: mScrollerVelocity is 0, value is 0
02-09 10:13:32.764 W/ode.voiceassis(11892): Accessing hidden method Landroid/view/View;->computeFitSystemWindows(Landroid/graphics/Rect;Landroid/graphics/Rect;)Z (light greylist, reflection)
02-09 10:13:32.765 W/ode.voiceassis(11892): Accessing hidden method Landroid/view/ViewGroup;->makeOptionalFitsSystemWindows()V (light greylist, reflection)
02-09 10:13:32.773 I/HW_DISPLAY_EFFECT(  639): hw_get_display_panel_type: panel info is blmax:7992,blmin:55,blmax_nit_actual:660,blmax_nit_standard:550,lcdtype:LCD,
02-09 10:13:32.773 I/HW_DISPLAY_EFFECT(  639): 
02-09 10:13:32.773 I/HW_DISPLAY_EFFECT(  639): hw_get_display_panel_type: lcd type is LCD
02-09 10:13:32.819 W/ode.voiceassis(11892): Accessing hidden method Landroid/graphics/FontFamily;-><init>()V (light greylist, reflection)
02-09 10:13:32.819 W/ode.voiceassis(11892): Accessing hidden method Landroid/graphics/FontFamily;->addFontFromAssetManager(Landroid/content/res/AssetManager;Ljava/lang/String;IZIII[Landroid/graphics/fonts/FontVariationAxis;)Z (light greylist, reflection)
02-09 10:13:32.819 W/ode.voiceassis(11892): Accessing hidden method Landroid/graphics/FontFamily;->addFontFromBuffer(Ljava/nio/ByteBuffer;I[Landroid/graphics/fonts/FontVariationAxis;II)Z (light greylist, reflection)
02-09 10:13:32.819 W/ode.voiceassis(11892): Accessing hidden method Landroid/graphics/FontFamily;->freeze()Z (light greylist, reflection)
02-09 10:13:32.819 W/ode.voiceassis(11892): Accessing hidden method Landroid/graphics/FontFamily;->abortCreation()V (light greylist, reflection)
02-09 10:13:32.820 W/ode.voiceassis(11892): Accessing hidden method Landroid/graphics/Typeface;->createFromFamiliesWithDefault([Landroid/graphics/FontFamily;Ljava/lang/String;II)Landroid/graphics/Typeface; (light greylist, reflection)
02-09 10:13:32.836 I/audio_hw_primary(  631): usb_ext_get_parameters: check show hires (false)
02-09 10:13:32.837 I/HwAudioServiceEx( 1575): check HiRes Icon false
02-09 10:13:32.838 W/ActivityManager( 1575): Sending non-protected broadcast huawei.intent.action.hideHiResIcon from system 1575:system/1000 pkg android
02-09 10:13:32.838 W/ActivityManager( 1575): Sending non-protected broadcast huawei.intent.action.hideHiResIcon from system 1575:system/1000 pkg android
02-09 10:13:32.839 I/FLTAG_FM(11892): loadFeature class:com.huawei.featurelayer.systemfeature.HwWidget.IHwSplineOverScrollerEx
02-09 10:13:32.839 I/FLTAG_SFM(11892): getRequireClassLoader() succ ! className: com.huawei.featurelayer.systemfeature.HwWidget.IHwSplineOverScrollerEx
02-09 10:13:32.839 D/FeatureFactory(11892): loadFeature() : com.huawei.featurelayer.systemfeature.HwWidget.IHwSplineOverScrollerEx
02-09 10:13:32.839 D/FeatureFactory(11892): loadFeature() new IHwSplineOverScrollerEx()
02-09 10:13:32.839 D/HwSplineOverScrollerExImpl(11892): initSplineOverScrollerImpl paras: android.widget.OverScroller$SplineOverScroller@e969b19,com.opencode.voiceassist.MainActivity@173a283
02-09 10:13:32.839 D/HwSplineOverScrollerExImpl(11892): initSplineOverScrollerImpl: mScrollerVelocity is 0, value is 0
02-09 10:13:32.840 I/FLTAG_FM(11892): loadFeature class:com.huawei.featurelayer.systemfeature.HwWidget.IHwSplineOverScrollerEx
02-09 10:13:32.840 I/FLTAG_SFM(11892): getRequireClassLoader() succ ! className: com.huawei.featurelayer.systemfeature.HwWidget.IHwSplineOverScrollerEx
02-09 10:13:32.840 D/FeatureFactory(11892): loadFeature() : com.huawei.featurelayer.systemfeature.HwWidget.IHwSplineOverScrollerEx
02-09 10:13:32.840 D/FeatureFactory(11892): loadFeature() new IHwSplineOverScrollerEx()
02-09 10:13:32.840 D/HwSplineOverScrollerExImpl(11892): initSplineOverScrollerImpl paras: android.widget.OverScroller$SplineOverScroller@5eccfd5,com.opencode.voiceassist.MainActivity@173a283
02-09 10:13:32.840 D/HwSplineOverScrollerExImpl(11892): initSplineOverScrollerImpl: mScrollerVelocity is 0, value is 0
02-09 10:13:32.872 D/WhisperManager(11892): Native library dir: /data/app/com.opencode.voiceassist-08bciMp8fJvqd4iRaadGYQ==/lib/arm64
02-09 10:13:32.872 D/WhisperManager(11892): Native lib files: [libwhisper.so, libwhisper_v8fp16_va.so]
02-09 10:13:32.874 D/WhisperManager(11892): Loading model from: /data/user/0/com.opencode.voiceassist/files/whisper/ggml-tiny.en.bin
02-09 10:13:32.874 D/WhisperManager(11892): Model file exists: true, size: 77704715
02-09 10:13:32.874 D/LibWhisper(11892): Primary ABI: arm64-v8a
02-09 10:13:32.874 D/LibWhisper(11892): Supported ABIs: [arm64-v8a, armeabi-v7a, armeabi]
02-09 10:13:32.876 D/LibWhisper(11892): CPU info: Processor	: AArch64 Processor rev 1 (aarch64)
02-09 10:13:32.876 D/LibWhisper(11892): processor	: 0
02-09 10:13:32.876 D/LibWhisper(11892): BogoMIPS	: 3.84
02-09 10:13:32.876 D/LibWhisper(11892): Features	: fp asimd evtstrm aes pmull crc32
02-09 10:13:32.876 D/LibWhisper(11892): CPU implementer	: 0x41
02-09 10:13:32.876 D/LibWhisper(11892): CPU architecture: 8
02-09 10:13:32.876 D/LibWhisper(11892): CPU variant	: 0x0
02-09 10:13:32.876 D/LibWhisper(11892): CPU part	: 0xd03
02-09 10:13:32.876 D/LibWhisper(11892): CPU revision	: 4
02-09 10:13:32.876 D/LibWhisper(11892): 
02-09 10:13:32.876 D/LibWhisper(11892): processor	: 1
02-09 10:13:32.876 D/LibWhisper(11892): BogoMIPS	: 3.84
02-09 10:13:32.876 D/LibWhisper(11892): Features	: fp asimd evtstrm aes pmull crc32
02-09 10:13:32.876 D/LibWhisper(11892): CPU implementer	: 0x41
02-09 10:13:32.876 D/LibWhisper(11892): CPU architecture: 8
02-09 10:13:32.876 D/LibWhisper(11892): CPU variant	: 0x0
02-09 10:13:32.876 D/LibWhisper(11892): CPU part	: 0xd03
02-09 10:13:32.876 D/LibWhisper(11892): CPU revision	: 4
02-09 10:13:32.876 D/LibWhisper(11892): 
02-09 10:13:32.876 D/LibWhisper(11892): processor	: 2
02-09 10:13:32.876 D/LibWhisper(11892): BogoMIPS	: 3.84
02-09 10:13:32.876 D/LibWhisper(11892): Features	: fp asimd evtstrm aes pmull crc32
02-09 10:13:32.876 D/LibWhisper(11892): CPU implementer	: 0x41
02-09 10:13:32.876 D/LibWhisper(11892): CPU architecture: 8
02-09 10:13:32.876 D/LibWhisper(11892): CPU variant	: 0x0
02-09 10:13:32.876 D/LibWhisper(11892): CPU part	: 0xd03
02-09 10:13:32.876 D/LibWhisper(11892): CPU revision	: 4
02-09 10:13:32.876 D/LibWhisper(11892): 
02-09 10:13:32.876 D/LibWhisper(11892): processor	: 3
02-09 10:13:32.876 D/LibWhisper(11892): BogoMIPS	: 3.84
02-09 10:13:32.876 D/LibWhisper(11892): Features	: fp asimd evtstrm aes pmull crc32
02-09 10:13:32.876 D/LibWhisper(11892): CPU implementer	: 0x41
02-09 10:13:32.876 D/LibWhisper(11892): CPU architecture: 8
02-09 10:13:32.876 D/LibWhisper(11892): CPU variant	: 0x0
02-09 10:13:32.876 D/LibWhisper(11892): CPU part	: 0xd03
02-09 10:13:32.876 D/LibWhisper(11892): CPU revision	: 4
02-09 10:13:32.876 D/LibWhisper(11892): 
02-09 10:13:32.876 D/LibWhisper(11892): processor	: 4
02-09 10:13:32.876 D/LibWhisper(11892): BogoMIPS	: 3.84
02-09 10:13:32.876 D/LibWhisper(11892): Features	: fp asimd evtstrm aes pmull crc32
02-09 10:13:32.876 D/LibWhisper(11892): CPU implementer	: 0x41
02-09 10:13:32.876 D/LibWhisper(11892): CPU architecture: 8
02-09 10:13:32.876 D/LibWhisper(11892): CPU variant	: 0x0
02-09 10:13:32.876 D/LibWhisper(11892): CPU part	: 0xd09
02-09 10:13:32.876 D/LibWhisper(11892): CPU revision	: 1
02-09 10:13:32.876 D/LibWhisper(11892): 
02-09 10:13:32.876 D/LibWhisper(11892): processor	: 5
02-09 10:13:32.876 D/LibWhisper(11892): BogoMIPS	: 3.84
02-09 10:13:32.876 D/LibWhisper(11892): Features	: fp asimd evtstrm aes pmull crc32
02-09 10:13:32.876 D/LibWhisper(11892): CPU implementer	: 0x41
02-09 10:13:32.876 D/LibWhisper(11892): CPU architecture: 8
02-09 10:13:32.876 D/LibWhisper(11892): CPU variant	: 0x0
02-09 10:13:32.876 D/LibWhisper(11892): CPU part	: 0xd09
02-09 10:13:32.876 D/LibWhisper(11892): CPU revision	: 1
02-09 10:13:32.876 D/LibWhisper(11892): 
02-09 10:13:32.876 D/LibWhisper(11892): processor	: 6
02-09 10:13:32.876 D/LibWhisper(11892): BogoMIPS	: 3.84
02-09 10:13:32.876 D/LibWhisper(11892): Features	: fp asimd evtstrm aes pmull crc32
02-09 10:13:32.876 D/LibWhisper(11892): CPU implementer	: 0x41
02-09 10:13:32.876 D/LibWhisper(11892): CPU architecture: 8
02-09 10:13:32.876 D/LibWhisper(11892): CPU variant	: 0x0
02-09 10:13:32.876 D/LibWhisper(11892): CPU part	: 0xd09
02-09 10:13:32.876 D/LibWhisper(11892): CPU revision	: 1
02-09 10:13:32.876 D/LibWhisper(11892): 
02-09 10:13:32.876 D/LibWhisper(11892): processor	: 7
02-09 10:13:32.876 D/LibWhisper(11892): BogoMIPS	: 3.84
02-09 10:13:32.876 D/LibWhisper(11892): Features	: fp asimd evtstrm aes pmull crc32
02-09 10:13:32.876 D/LibWhisper(11892): CPU implementer	: 0x41
02-09 10:13:32.876 D/LibWhisper(11892): CPU architecture: 8
02-09 10:13:32.876 D/LibWhisper(11892): CPU variant	: 0x0
