02-09 10:13:32.876 D/LibWhisper(11892): CPU part	: 0xd09
02-09 10:13:32.876 D/LibWhisper(11892): CPU revision	: 1
02-09 10:13:32.876 D/LibWhisper(11892): 
02-09 10:13:32.876 D/LibWhisper(11892): Attempting to load library: whisper
02-09 10:13:32.884 D/LibWhisper(11892): Successfully loaded library: whisper
02-09 10:13:32.884 D/LibWhisper(11892): Library loading completed. libraryLoaded=true
02-09 10:13:32.884 D/WhisperManager(11892): Creating Whisper instance, GPU: true
02-09 10:13:32.885 D/LibWhisper(11892): Creating Whisper context with GPU: true
02-09 10:13:32.903 D/ActivityThread(11892): add activity client record, r= ActivityRecord{9b3a6a1 token=android.os.BinderProxy@72e0ef {com.opencode.voiceassist/com.opencode.voiceassist.MainActivity}} token= android.os.BinderProxy@72e0ef
02-09 10:13:32.909 D/ZrHung.AppEyeUiProbe(11892): notify runnable to start.
02-09 10:13:32.917 D/OpenGLRenderer(11892): Skia GL Pipeline
02-09 10:13:32.924 D/OpenGLRenderer(11892):   HWUI Binary is  enabled
02-09 10:13:32.924 D/OpenGLRenderer(11892): disableOutlineDraw is true
02-09 10:13:32.928 E/WindowManager( 1575): App trying to use insecure INPUT_FEATURE_NO_INPUT_CHANNEL flag. Ignoring
02-09 10:13:32.931 V/WindowManager( 1575): addWindow: Window{36070df u0 com.opencode.voiceassist/com.opencode.voiceassist.MainActivity}
02-09 10:13:32.931 D/        (  656): doWinFrameOptStatusRecog begin to recog Layer result=2
02-09 10:13:32.933 I/HwNavigationBarView( 1924): updateAssistantButtonInGuestureMode(), vis=true,isGestureNavEnable=true
02-09 10:13:32.933 W/HwActivityManagerServiceEx( 1575): HwActivityNotifier end call for activityLifeState under user 0 cost 0
02-09 10:13:32.933 D/DollieActivityManagerAdapter( 2059): [Resumed] pid:11892 uid:10167 ComponentInfo{com.opencode.voiceassist/com.opencode.voiceassist.MainActivity}
02-09 10:13:32.933 D/HwHiCureActivityObserver( 1575): handleMessage: msg[0]
02-09 10:13:32.933 D/HiData_HwAPPQoEResourceMangerImpl( 1575): checkIsMonitorHiCureAppScence input :com.opencode.voiceassist
02-09 10:13:32.934 I/CAWARENESS_AppUsageManager( 4038): onEvent, packageName=com.opencode.voiceassist, activityName=com.opencode.voiceassist.MainActivity
02-09 10:13:32.934 I/HidataAppQoeP( 2059): foregroundUidAdd uid: 10167 name: com.opencode.voiceassist activity state: true
02-09 10:13:32.934 D/HiDATA_HiStream( 1575): activityResumed:pid=11892, uid=10167, component=ComponentInfo{com.opencode.voiceassist/com.opencode.voiceassist.MainActivity}
02-09 10:13:32.934 D/HiData_HwAPPQoEResourceMangerImpl( 1575): checkIsMonitorVideoScence input :com.opencode.voiceassist,com.opencode.voiceassist.MainActivity
02-09 10:13:32.934 D/HiDATA_HiStream( 1575): mHwAPPQoEAPKConfig is null
02-09 10:13:32.934 E/HiDATA_HiNetwork( 1575): monitor handleActivityChange curPkgName is com.opencode.voiceassist curUid is 10167 lastPkgName is :com.huawei.android.launcher
02-09 10:13:32.934 D/HiData_HwAPPQoEActivityMonitor( 1575): handleActivityChange,  curPackage:com.opencode.voiceassist, curClass:com.opencode.voiceassist.MainActivity
02-09 10:13:32.935 D/HiData_HwAPPQoEResourceMangerImpl( 1575): checkIsMonitorAPKScence input :com.opencode.voiceassist,com.opencode.voiceassist.MainActivity
02-09 10:13:32.935 D/HiData_HwAPPQoEResourceMangerImpl( 1575): checkIsMonitorAPKScence input :com.opencode.voiceassist,null
02-09 10:13:32.935 D/HiData_HwAPPQoEResourceMangerImpl( 1575): checkIsMonitorGameScence input :com.opencode.voiceassist
02-09 10:13:32.935 D/HiData_HwAPPQoEResourceMangerImpl( 1575): checkIsMonitorGameScence input :com.opencode.voiceassist
02-09 10:13:32.935 D/HiData_HwAPPQoEActivityMonitor( 1575): handleActivityChange, it is not a care app or scence
02-09 10:13:32.935 D/HiData_HwAPPQoEActivityMonitor( 1575): handleActivityChange,  curr mAppType:-1, lastType:-1
02-09 10:13:32.935 I/CAWARENESS_AbilityContext( 4038): [1770603213212] publishing {dataId=100000006, mode=0}
02-09 10:13:32.935 I/CAWARENESS_AbilityContext( 4038): [1770603213212] deliver {dataId=100000006, mode=0} to 8 receivers
02-09 10:13:32.936 I/PackageManager( 1575): getInstalledPackages cost 1 ms, flags: 786432, userId: 0, callingUid: 1000, callingPid: 1575
02-09 10:13:32.936 E/HiDATA_HiNetwork( 1575): onAppStart packageName is com.opencode.voiceassist
02-09 10:13:32.937 E/HiDATA_HiNetwork( 1575): contain db file packageName: com.opencode.voiceassist iscanacce:-1
02-09 10:13:32.937 E/HiDATA_HiNetwork( 1575): onAppStart stop timer.
02-09 10:13:32.937 E/HiDATA_HiNetwork( 1575): key is :1770603212937
02-09 10:13:32.938 E/HiDATA_HiNetwork( 1575): bindAidl Thread run 
02-09 10:13:32.938 W/ContextImpl( 1575): Calling a method in the system process without a qualified user: android.app.ContextImpl.bindService:1850 com.android.server.hidata.hinetwork.HwHiNetworkManager.bindAidl:538 com.android.server.hidata.hinetwork.HwHiNetworkManager.access$2100:78 com.android.server.hidata.hinetwork.HwHiNetworkManager$BindAidlThread.run:1284 <bottom of call stack> 
02-09 10:13:32.938 W/ActivityManager( 1575): Unable to start service Intent { act=com.huawei.gameassistant.netservice pkg=com.huawei.gameassistant } U=0: not found
02-09 10:13:32.938 E/HiDATA_HiNetwork( 1575): bindAidl false
02-09 10:13:32.939 E/DollieAdapterService( 2059): notifyActivityState pkg:com.opencode.voiceassist/com.opencode.voiceassist.MainActivity state:2 fg:true mUid:10167
02-09 10:13:32.939 D/SmartDualCardConfig( 2059): getAppType,pkgName=com.opencode.voiceassist,appType=-1
02-09 10:13:32.940 D/SmartDualCardSM( 2059): onUidStateUpdate,uid=10167,appName=com.opencode.voiceassist,state=FOREGROUND
02-09 10:13:32.940 D/SmartDualCardConfig( 2059): getAppType,pkgName=com.opencode.voiceassist,appType=-1
02-09 10:13:32.940 D/SmartDualCardSM( 2059): updateAppState mAppState=2
02-09 10:13:32.940 D/SmartDualCardConfig( 2059): addForegroundAppToList,size()=1,uid=10167
02-09 10:13:32.941 I/CAWARENESS_AbilityContext( 4038): [1770603213218] publishing {dataId=100000007, mode=0}
02-09 10:13:32.941 I/CAWARENESS_AbilityContext( 4038): [1770603213218] deliver {dataId=100000007, mode=0} to 1 receivers
02-09 10:13:32.941 I/CAWARENESS_RecentAppChangeFence( 4038): lastReportPackage is com.opencode.voiceassist, packageName is com.opencode.voiceassist
02-09 10:13:32.943 E/SmartDualCardTraffic( 2059): getMealTrafficImpl fail,invalid imsi
02-09 10:13:32.944 E/WifiHAL (  652): enter wifi_get_link_stats
02-09 10:13:32.949 D/PackageManager( 1575): resolve intent for uid:10167, matchs:3, res:ResolveInfo{dee312c com.huawei.android.launcher/.unihome.UniHomeLauncher m=0x108000}
02-09 10:13:32.950 I/HiTouch_HiTouchSensor(11892): enabledInPad = false,isPcCastMode = false
02-09 10:13:32.951 E/SmartDualCardTraffic( 2059): getMealTrafficImpl fail,invalid imsi
02-09 10:13:32.951 D/SmartDualCardSM( 2059): boosterDump:prop=true SdcSwitchOn=false DataSwitchOn=true WifiConnect=true AirplaneOn=true ScreenOn=true VSimEnabled=false CallOn=false AppState=GENERAL_FOREGROUND HidataAppState=GENERAL_BACKGROUND defaultDataSub=0 default4GSlot=0 DataOn=false M_MmsUtPdp=false userType=2
02-09 10:13:32.951 D/HiTouch_PressGestureDetector(11892): onAttached, package=com.opencode.voiceassist, windowType=1, mHiTouchRestricted=false
02-09 10:13:32.955 E/WificondControl( 1575): Noise: -94, Snr: 0, Chload: -1
02-09 10:13:32.957 D/WifiScoreReport( 1575): Score = 60, wifiConnectivityManagerEnabled = false, lowScoreCount = 0
02-09 10:13:32.962 E/SmartDualCardTraffic( 2059): getMealTrafficImpl fail,invalid imsi
02-09 10:13:32.962 D/SmartDualCardSM( 2059): boosterDump:SlaveActive=false SameOperator=false M_NetworkBad=false S_NetworkBad=false M_DLSpeedLimit=1048576 S_DLSpeedLimit=1048576 M_DataRoam=false S_DataRoam=false VPNMode=false TetherOn=false AppQoeSlow=false HidataAppQoeSlow=false GameExpBad=false DsdsState=1 S_TrafficEnough=true
02-09 10:13:32.962 D/SmartDualCardSM( 2059): isNeedMonitorAppQoe return false
02-09 10:13:32.963 D/SmartDualCardSM( 2059): resetAppQoeState
02-09 10:13:32.963 D/SmartDualCardSM( 2059): IdleState:got msg.what=EVENT_APP_MOVE_FOREGROUND
02-09 10:13:32.963 I/DollieChr( 2059): handleForegroundAppUpdateMsg,mAppState=1,scenes=2,mForegroundAppName=
02-09 10:13:32.967 I/StatusBarDisable( 1575): setFlags what=0 which=1 pkg=Window{3baa3c9 u0 Splash Screen com.opencode.voiceassist}
02-09 10:13:32.968 E/HwPhoneWindowManager( 1575): isTopIsFullscreen mFocusedWindow or attrs is null
02-09 10:13:32.972 V/HwPhoneWindowManager( 1575): updateSystemUiColorLw window=Window{36070df u0 com.opencode.voiceassist/com.opencode.voiceassist.MainActivity},EmuiStyle=0,StatusBarColor=0xff1976d2,NavigationBarColor=0xff000000, mForceNotchStatusBar=false
02-09 10:13:32.972 D/HwPhoneWindowManager( 1575): Transact:setSystemUIColor to status bar service
02-09 10:13:32.972 D/ZrHung.AppEyeFocusWindow( 1575): FocusWindowErrorScene cancelCheckFreezeScreen
02-09 10:13:32.972 D/ZrHung.AppEyeTransparentWindow( 1575): TransparentWindow mHungConfigStatus = 0,mHungConfigEnable = 1
02-09 10:13:32.972 I/CommandQueue( 1924): updateBarBgColor
02-09 10:13:32.972 D/CommandQueue( 1924): CommandQueue, setBarBackgroundColor
02-09 10:13:32.973 I/StatusBarDisable( 1575): setFlags what=0 which=1 pkg=Window{36070df u0 com.opencode.voiceassist/com.opencode.voiceassist.MainActivity}
02-09 10:13:32.973 D/TintManager( 1924): navigationBarIconTint=99ffffff
02-09 10:13:32.973 I/GestureNavView#1( 1575): exclude region not enabled
02-09 10:13:32.973 I/GestureNavView#2( 1575): exclude region not enabled
02-09 10:13:32.975 E/BufferQueueProducer(  656): [] mConsumerName == NULL!!!!!!
02-09 10:13:32.977 I/GRALLOC (  617): getCallingPid=656, shrFd=32,fmt=0x1,intFmt=0x200000001,btStrd=4352,size=8486912,pid=617 
02-09 10:13:32.977 I/GRALLOC (  617): 	 yuv=2,w=1080,h=1920,Stride u=0 v=0,offset u=0 v=0 
02-09 10:13:32.977 I/GRALLOC (  617): 	 iova_size=8486912,conUsg=0x900,proUsg=0x900,	 strd=1088,[afbc]HdrStrd=1088 PyldStrd=69632 Scrmbl=2,ionhnd = 1 
02-09 10:13:32.979 E/BufferQueueProducer(  656): [] mConsumerName == NULL!!!!!!
02-09 10:13:32.980 I/ConfigStore(11892): android::hardware::configstore::V1_0::ISurfaceFlingerConfigs::hasWideColorDisplay retrieved: 0
02-09 10:13:32.980 I/ConfigStore(11892): android::hardware::configstore::V1_0::ISurfaceFlingerConfigs::hasHDRDisplay retrieved: 0
02-09 10:13:32.981 I/iGraphics(11892): [0020080c] pn: com.opencode.voiceassist, p: 11892
02-09 10:13:32.981 I/iGraphics(11892): [0030080c] no spt app: com.opencode.voiceassist
02-09 10:13:32.981 I/OpenGLRenderer(11892): Initialized EGL, version 1.4, mEglDisplay 0x1
02-09 10:13:32.981 D/OpenGLRenderer(11892): Swap behavior 2
02-09 10:13:32.983 I/GRALLOC (  617): getCallingPid=656, shrFd=32,fmt=0x1,intFmt=0x200000001,btStrd=4352,size=8486912,pid=617 
02-09 10:13:32.983 I/GRALLOC (  617): 	 yuv=2,w=1080,h=1920,Stride u=0 v=0,offset u=0 v=0 
02-09 10:13:32.983 I/GRALLOC (  617): 	 iova_size=8486912,conUsg=0x900,proUsg=0x900,	 strd=1088,[afbc]HdrStrd=1088 PyldStrd=69632 Scrmbl=2,ionhnd = 2 
02-09 10:13:32.983 W/ode.voiceassis(11892): Accessing hidden method Landroid/os/Trace;->asyncTraceBegin(JLjava/lang/String;I)V (light greylist, reflection)
02-09 10:13:32.983 W/ode.voiceassis(11892): Accessing hidden method Landroid/os/Trace;->asyncTraceEnd(JLjava/lang/String;I)V (light greylist, reflection)
02-09 10:13:32.983 W/ode.voiceassis(11892): Accessing hidden method Landroid/os/Trace;->traceCounter(JLjava/lang/String;I)V (light greylist, reflection)
02-09 10:13:32.984 E/BufferQueueProducer(  656): [] mConsumerName == NULL!!!!!!
02-09 10:13:32.992 D/mali_winsys( 1575): EGLint new_window_surface(egl_winsys_display *, void *, EGLSurface, EGLConfig, egl_winsys_surface **, EGLBoolean) returns 0x3000
02-09 10:13:32.993 I/GRALLOC (  617): getCallingPid=656, shrFd=32,fmt=0x1,intFmt=0x200000001,btStrd=4352,size=8486912,pid=617 
02-09 10:13:32.993 I/GRALLOC (  617): 	 yuv=2,w=1080,h=1920,Stride u=0 v=0,offset u=0 v=0 
02-09 10:13:32.993 I/GRALLOC (  617): 	 iova_size=8486912,conUsg=0x900,proUsg=0x900,	 strd=1088,[afbc]HdrStrd=1088 PyldStrd=69632 Scrmbl=2,ionhnd = 1 
02-09 10:13:32.994 D/mali_winsys(11892): EGLint new_window_surface(egl_winsys_display *, void *, EGLSurface, EGLConfig, egl_winsys_surface **, EGLBoolean) returns 0x3000
02-09 10:13:33.001 I/chatty  ( 1575): uid=1000(system) android.ui identical 3 lines
02-09 10:13:33.006 D/mali_winsys( 1575): EGLint new_window_surface(egl_winsys_display *, void *, EGLSurface, EGLConfig, egl_winsys_surface **, EGLBoolean) returns 0x3000
02-09 10:13:33.010 I/StatusBarDisable( 1575): setFlags what=0 which=1 pkg=Window{36070df u0 com.opencode.voiceassist/com.opencode.voiceassist.MainActivity}
02-09 10:13:33.013 I/GRALLOC (  617): getCallingPid=656, shrFd=32,fmt=0x1,intFmt=0x1,btStrd=256,size=368640,pid=617 
02-09 10:13:33.013 I/GRALLOC (  617): 	 yuv=2,w=48,h=1440,Stride u=0 v=0,offset u=0 v=0 
02-09 10:13:33.013 I/GRALLOC (  617): 	 iova_size=368640,conUsg=0xb00,proUsg=0xb00,	 strd=64,[afbc]HdrStrd=0 PyldStrd=0 Scrmbl=0,ionhnd = 1 
02-09 10:13:33.017 I/GRALLOC (  617): getCallingPid=656, shrFd=32,fmt=0x1,intFmt=0x1,btStrd=256,size=368640,pid=617 
02-09 10:13:33.017 I/GRALLOC (  617): 	 yuv=2,w=48,h=1440,Stride u=0 v=0,offset u=0 v=0 
02-09 10:13:33.017 I/GRALLOC (  617): 	 iova_size=368640,conUsg=0xb00,proUsg=0xb00,	 strd=64,[afbc]HdrStrd=0 PyldStrd=0 Scrmbl=0,ionhnd = 1 
02-09 10:13:33.024 I/GRALLOC (  617): getCallingPid=656, shrFd=32,fmt=0x1,intFmt=0x200000001,btStrd=4352,size=8486912,pid=617 
02-09 10:13:33.024 I/GRALLOC (  617): 	 yuv=2,w=1080,h=1920,Stride u=0 v=0,offset u=0 v=0 
02-09 10:13:33.024 I/GRALLOC (  617): 	 iova_size=8486912,conUsg=0xb00,proUsg=0xb00,	 strd=1088,[afbc]HdrStrd=1088 PyldStrd=69632 Scrmbl=2,ionhnd = 1 
02-09 10:13:33.086 W/InputMethodManager(11892): startInputReason = 1
02-09 10:13:33.086 V/WindowManager_visibility( 1575): updateAllDrawn Add AppWindowToken{e71db15 token=Token{bac5ccc ActivityRecord{81386ff u0 com.opencode.voiceassist/.MainActivity t169}}}
02-09 10:13:33.087 I/StatusBarDisable( 1575): setFlags what=0 which=1 pkg=Window{36070df u0 com.opencode.voiceassist/com.opencode.voiceassist.MainActivity}
02-09 10:13:33.087 V/WindowManager_visibility( 1575): updateAllDrawn allDrawn=false interesting=1 drawn=1 relaunchCount=0 for AppWindowToken{e71db15 token=Token{bac5ccc ActivityRecord{81386ff u0 com.opencode.voiceassist/.MainActivity t169}}}
02-09 10:13:33.089 I/StatusBarDisable( 1575): setFlags what=0 which=1 pkg=Window{36070df u0 com.opencode.voiceassist/com.opencode.voiceassist.MainActivity}
02-09 10:13:33.091 V/WindowManager( 1575): removeIfPossible: Window{3baa3c9 u0 Splash Screen com.opencode.voiceassist}
02-09 10:13:33.092 V/WindowManager( 1575): Not removing Window{3baa3c9 u0 Splash Screen com.opencode.voiceassist EXITING} due to exit animation 
02-09 10:13:33.092 D/        (  656): doWinFrameOptStatusRecog begin to recog Layer result=2
02-09 10:13:33.093 I/StatusBarDisable( 1575): setFlags what=0 which=1 pkg=Window{36070df u0 com.opencode.voiceassist/com.opencode.voiceassist.MainActivity}
02-09 10:13:33.098 W/InputMethodManager(11892): startInputReason = 5
02-09 10:13:33.098 I/ActivityManager( 1575): Displayed com.opencode.voiceassist/.MainActivity: +996ms
02-09 10:13:33.098 I/GRALLOC (  617): getCallingPid=656, shrFd=32,fmt=0x1,intFmt=0x200000001,btStrd=4352,size=8486912,pid=617 
02-09 10:13:33.098 I/GRALLOC (  617): 	 yuv=2,w=1080,h=1920,Stride u=0 v=0,offset u=0 v=0 
02-09 10:13:33.098 I/GRALLOC (  617): 	 iova_size=8486912,conUsg=0xb00,proUsg=0xb00,	 strd=1088,[afbc]HdrStrd=1088 PyldStrd=69632 Scrmbl=2,ionhnd = 1 
02-09 10:13:33.098 D/ActivityManager( 1575): EVENT_APP_ACTIVITY_DISPLAYED_FINISH reportData: com.opencode.voiceassist/.MainActivity 11892 996
02-09 10:13:33.099 I/StatusBarDisable( 1575): setFlags what=0 which=1 pkg=Window{36070df u0 com.opencode.voiceassist/com.opencode.voiceassist.MainActivity}
02-09 10:13:33.100 D/AwareLog(  895): iawared: WorkingsetProcessCommand subCmd = 351, userId=10167, pid=11892, com.opencode.voiceassist
02-09 10:13:33.100 D/AwareLog(  895): iawared: WorkingsetPause com.opencode.voiceassist
02-09 10:13:33.100 I/ContentSensor_PackageUtil( 3822): pkgName : com.huawei.android.launcher
02-09 10:13:33.103 I/IME-account(17450): AccountImpl#isBduAccount:false, isThirdLogin:false, isLogin:false
02-09 10:13:33.105 W/System.err(17450): java.lang.NoSuchMethodError: No static method getHwMultiWindowState()Landroid/os/Bundle; in class Lcom/huawei/android/app/ActivityManagerEx; or its super classes (declaration of 'com.huawei.android.app.ActivityManagerEx' appears in /system/framework/hwframework.jar)
02-09 10:13:33.105 W/System.err(17450): 	at com.baidu.cj.m.z(Proguard:1)
02-09 10:13:33.106 W/System.err(17450): 	at com.baidu.cb0.o1.a(Proguard:51)
02-09 10:13:33.106 W/System.err(17450): 	at com.baidu.input_huawei.ImeService.a(Proguard:119)
02-09 10:13:33.106 W/System.err(17450): 	at com.baidu.nl0.i0.run(Proguard:1)
02-09 10:13:33.106 W/System.err(17450): 	at com.baidu.qb1.c.b(Proguard:3)
02-09 10:13:33.106 W/System.err(17450): 	at com.baidu.c60.a.a(Proguard:2)
02-09 10:13:33.106 W/System.err(17450): 	at com.baidu.c60.d.b(Proguard:1)
02-09 10:13:33.106 W/System.err(17450): 	at com.baidu.c60.d.c(Proguard:1)
02-09 10:13:33.106 W/System.err(17450): 	at com.baidu.input_huawei.ImeService.a(Proguard:94)
02-09 10:13:33.106 W/System.err(17450): 	at com.baidu.nl0.k0.run(Proguard:1)
02-09 10:13:33.106 W/System.err(17450): 	at com.baidu.qb1.c.b(Proguard:3)
02-09 10:13:33.106 W/System.err(17450): 	at com.baidu.lj.c.a(Proguard:2)
02-09 10:13:33.106 W/System.err(17450): 	at com.baidu.u71.a.b(Proguard:2)
02-09 10:13:33.106 W/System.err(17450): 	at com.baidu.input_huawei.ImeService.a(Proguard:85)
02-09 10:13:33.106 W/System.err(17450): 	at com.baidu.input_huawei.ImeService.c(Proguard:61)
02-09 10:13:33.106 W/System.err(17450): 	at com.baidu.nl0.x.run(Proguard:1)
02-09 10:13:33.106 W/System.err(17450): 	at com.baidu.qb1.c.b(Proguard:3)
02-09 10:13:33.106 W/System.err(17450): 	at com.baidu.lj.c.a(Proguard:2)
02-09 10:13:33.106 W/System.err(17450): 	at com.baidu.u71.a.b(Proguard:2)
02-09 10:13:33.106 W/System.err(17450): 	at com.baidu.input_huawei.ImeService.d(Proguard:13)
02-09 10:13:33.106 W/System.err(17450): 	at com.baidu.nl0.y.run(Proguard:1)
02-09 10:13:33.106 W/System.err(17450): 	at com.baidu.qb1.c.b(Proguard:3)
02-09 10:13:33.106 W/System.err(17450): 	at com.baidu.c60.a.a(Proguard:2)
02-09 10:13:33.106 W/System.err(17450): 	at com.baidu.c60.d.b(Proguard:1)
02-09 10:13:33.106 W/System.err(17450): 	at com.baidu.c60.d.e(Proguard:1)
02-09 10:13:33.106 W/System.err(17450): 	at com.baidu.input_huawei.ImeService.onStartInput(Proguard:1)
02-09 10:13:33.106 W/System.err(17450): 	at android.inputmethodservice.InputMethodService.doStartInput(InputMethodService.java:2155)
02-09 10:13:33.106 W/System.err(17450): 	at android.inputmethodservice.InputMethodService$InputMethodImpl.startInput(InputMethodService.java:541)
02-09 10:13:33.106 W/System.err(17450): 	at android.view.inputmethod.InputMethod.dispatchStartInputWithToken(InputMethod.java:193)
02-09 10:13:33.106 W/System.err(17450): 	at android.inputmethodservice.InputMethodService$InputMethodImpl.dispatchStartInputWithToken(InputMethodService.java:568)
02-09 10:13:33.106 W/System.err(17450): 	at android.inputmethodservice.IInputMethodWrapper.executeMessage(IInputMethodWrapper.java:187)
02-09 10:13:33.106 W/System.err(17450): 	at com.android.internal.os.HandlerCaller$MyHandler.handleMessage(HandlerCaller.java:37)
02-09 10:13:33.106 W/System.err(17450): 	at android.os.Handler.dispatchMessage(Handler.java:112)
02-09 10:13:33.106 W/System.err(17450): 	at android.os.Looper.loop(Looper.java:216)
02-09 10:13:33.106 W/System.err(17450): 	at android.app.ActivityThread.main(ActivityThread.java:7779)
02-09 10:13:33.106 W/System.err(17450): 	at java.lang.reflect.Method.invoke(Native Method)
02-09 10:13:33.106 W/System.err(17450): 	at com.android.internal.os.RuntimeInit$MethodAndArgsCaller.run(RuntimeInit.java:524)
02-09 10:13:33.106 W/System.err(17450): 	at com.android.internal.os.ZygoteInit.main(ZygoteInit.java:990)
02-09 10:13:33.106 I/ring_expand(17450): final Global.screenW = 1080
02-09 10:13:33.106 I/HuaweiIME(17450): SysInfo.getSysParam: orientation=1||config d=3.0,w=1080,h=1920||metrics d=3.0,w=1080,h=1920||sdk=28,bar_h=72||appScale=3.3,sysScale=3.0||isMultiWin=false,isPadMode=false, boardw=1080, boardH=705, candH=130, boardL=0, boardR=1080, ver=8.2.403.272, realW=1080, realH=1920, miniMapMode=0, boardPer100, isInLargeWinMode=false, displayId=0, cuid=81CDE0-1077GE-7C0441-C54036-026932-FG, inputWay0, keyboard=1, hardKeyboardHidden=2
02-09 10:13:33.108 I/HuaweiIME(17450): isPortrait-adjustOffset-r: 5
02-09 10:13:33.109 I/HuaweiIME(17450):  isNight : false
02-09 10:13:33.110 E/sug_info(17450): checkMatch:com.opencode.voiceassist_0_0_null
02-09 10:13:33.110 E/sug_info(17450): true_true_false_true_false_true_true
02-09 10:13:33.114 I/GRALLOC (  617): getCallingPid=656, shrFd=32,fmt=0x1,intFmt=0x200000001,btStrd=4352,size=8486912,pid=617 
02-09 10:13:33.114 I/GRALLOC (  617): 	 yuv=2,w=1080,h=1920,Stride u=0 v=0,offset u=0 v=0 
02-09 10:13:33.114 I/GRALLOC (  617): 	 iova_size=8486912,conUsg=0xb00,proUsg=0xb00,	 strd=1088,[afbc]HdrStrd=1088 PyldStrd=69632 Scrmbl=2,ionhnd = 1 
02-09 10:13:33.122 D/DollieActivityManagerAdapter( 2059): [UidStateChanged]  uid:10084 uidState:5
02-09 10:13:33.122 E/DollieAdapterService( 2059): notifyActivityState pkg:com.huawei.android.launcher/com.huawei.android.launcher.unihome.UniHomeLauncher state:5 fg:false mUid:10084
02-09 10:13:33.123 D/NetdConnector( 1575): SND -> {9646 firewall set_uid_rule standby 10041 deny}
02-09 10:13:33.123 D/SmartDualCardConfig( 2059): getAppType,pkgName=com.huawei.android.launcher,appType=255
02-09 10:13:33.123 D/SmartDualCardSM( 2059): onUidStateUpdate isSkip,uid=10084,name=com.huawei.android.launcher
02-09 10:13:33.123 D/ViewRootImpl[UniHomeLauncher]( 2230): surface should not be released
02-09 10:13:33.124 I/AbilityFormProxy-0731( 2230): disableFormUpdate come from aar
02-09 10:13:33.125 D/NetdConnector( 1575): RCV <- {200 9646 Firewall command succeeded}
02-09 10:13:33.125 D/NetdConnector( 1575): RCV <- {200 9646 Firewall command succeeded}
02-09 10:13:33.126 I/NetworkPolicy( 1575): updateRulesForPowerRestrictionsUL(10041), isIdle: true, mRestrictPower: false, mDeviceIdleMode: false, isForeground=false, isWhitelisted=false, oldRule=32 (ALLOW_ALL), newRule=64 (REJECT_ALL), newUidRules=64 (REJECT_ALL), oldUidRules=32 (ALLOW_ALL), mRestrictBackground=false
02-09 10:13:33.127 E/AbilityFormViewRefreshUtils( 2230): stopListening [2ms]
02-09 10:13:33.129 D/NetdConnector( 1575): SND -> {9647 firewall set_uid_rule standby 10026 deny}
02-09 10:13:33.133 D/NetdConnector( 1575): RCV <- {200 9647 Firewall command succeeded}
02-09 10:13:33.133 D/NetdConnector( 1575): RCV <- {200 9647 Firewall command succeeded}
02-09 10:13:33.134 I/NetworkPolicy( 1575): updateRulesForPowerRestrictionsUL(10026), isIdle: true, mRestrictPower: false, mDeviceIdleMode: false, isForeground=false, isWhitelisted=false, oldRule=32 (ALLOW_ALL), newRule=64 (REJECT_ALL), newUidRules=64 (REJECT_ALL), oldUidRules=32 (ALLOW_ALL), mRestrictBackground=false
02-09 10:13:33.141 V/WindowManager( 1575): notifyAppStopped: AppWindowToken{cb3f06d token=Token{1ee9084 ActivityRecord{5a3d697 u0 com.huawei.android.launcher/.unihome.UniHomeLauncher t1}}}
02-09 10:13:33.141 E/WindowManager( 1575): win=Window{15abc4a u0 com.huawei.search.Workspace} destroySurfaces: appStopped=true win.mWindowRemovalAllowed=false win.mRemoveOnExit=false
02-09 10:13:33.142 E/WindowManager( 1575): win=Window{ed36238 u0 com.huawei.android.launcher/com.huawei.android.launcher.unihome.UniHomeLauncher} destroySurfaces: appStopped=true win.mWindowRemovalAllowed=false win.mRemoveOnExit=false
02-09 10:13:33.143 I/HwAudioService( 1575): now type = 255,reportForegroundAppType = -1,pkg = null,mVoipOptimizeInGameModefalse
02-09 10:13:33.144 I/BoosterSwitchP( 2059): notifyUidState do nothing
02-09 10:13:33.144 I/DeepNoDisturbP( 2059): notifyUidState
02-09 10:13:33.144 I/BrowserChrP( 2059): notifyUidState
02-09 10:13:33.144 E/AwareLog( 2186): GameSdkConfigReader: GameSdkLog: idNameMap: null
02-09 10:13:33.144 W/AwareLog( 1575): SchedLevelBoost: onFgActivitiesChanged config not set!
02-09 10:13:33.193 V/WindowManager( 1575): Exit animation finished in Window{3baa3c9 u0 Splash Screen com.opencode.voiceassist EXITING}: remove=true
02-09 10:13:33.193 E/WindowManager( 1575): win=Window{3baa3c9 u0 Splash Screen com.opencode.voiceassist EXITING} destroySurfaces: appStopped=false win.mWindowRemovalAllowed=true win.mRemoveOnExit=true
02-09 10:13:33.193 V/WindowManager( 1575): postWindowRemoveCleanupLocked: Window{3baa3c9 u0 Splash Screen com.opencode.voiceassist}
02-09 10:13:33.193 V/WindowManager( 1575): Removing Window{3baa3c9 u0 Splash Screen com.opencode.voiceassist} from AppWindowToken{e71db15 token=Token{bac5ccc ActivityRecord{81386ff u0 com.opencode.voiceassist/.MainActivity t169}}}
02-09 10:13:33.194 I/StatusBarDisable( 1575): setFlags what=0 which=1 pkg=Window{36070df u0 com.opencode.voiceassist/com.opencode.voiceassist.MainActivity}
02-09 10:13:33.212 I/StatusBarDisable( 1575): setFlags what=0 which=1 pkg=Window{36070df u0 com.opencode.voiceassist/com.opencode.voiceassist.MainActivity}
02-09 10:13:33.370 I/TrafficMonitor( 1575): expired arrive. level:-1
02-09 10:13:33.370 I/TrafficMonitor( 1575): during_ms:2001,period_ms:2000
02-09 10:13:33.370 I/TrafficMonitor( 1575): count:115,rx_sum:22,tx_sum:24,rxBytes:4415,during_ms:2001,rx_speed:2206.3968015992004,tx_speed:3506.746626686657,rto:0.9166666666666666
02-09 10:13:33.595 I/Pged-IPgedBinderService(  895): ****action is 2, pid num is 4***
02-09 10:13:33.596 I/Pged-Freezer(  895): thawPids
02-09 10:13:33.596 I/Pged-Freezer(  895): Pid 11048 is not exist in vector
02-09 10:13:33.596 I/Pged-Freezer(  895): Pid 19128 is not exist in vector
02-09 10:13:33.596 I/Pged-Freezer(  895): Pid 10637 is not exist in vector
02-09 10:13:33.596 D/PgedBinderAdapter( 2186): unF_Z ok, pid: [11048, 19128, 10637]
02-09 10:13:33.661 E/LOGSERVER_UTILS(  907): [Erecovery]readEvent: eRecEventManager readEvent 0
02-09 10:13:33.907 E/WificondControl( 1575): Noise: -94, Snr: 0, Chload: -1
02-09 10:13:33.913 D/WiFi_PRO( 1575): MSG_RETURN_AP_CURRY_RSSI rssi = -36
02-09 10:13:33.913 I/HuaweiWifiWatchdogStateMachine( 1575): POta txb txg rxg:0, 39, 0. Lr =0% Totpkt=39
02-09 10:13:33.914 I/QosMonitor( 1575): queryRtt: rtt_type = 3
02-09 10:13:33.915 I/QosMonitor( 1575): postEventFromNative: msg=100,arg1=4,arg2=10
02-09 10:13:33.915 I/QosMonitor( 1575): postEventFromNative: msg=100,arg1=0,arg2=10
02-09 10:13:33.915 I/MQoS    ( 1575): rtt=328,tcp_tx_pkts=3855070,tcp_rx_pkts=7263491
02-09 10:13:33.915 I/QosMonitor( 1575): resetRtt: rtt_type = 3
02-09 10:13:33.916 I/HwUidTcpMonitor( 1575): TcpStatisticsRun run
02-09 10:13:33.918 I/HuaweiWifiWatchdogStateMachine( 1575): PTcp RTT:328, rtt pkt=9, tcp_rx=18, tcp_tx=29, tcp_reTran=0, rtRate=0
02-09 10:13:33.918 I/HuaweiWifiWatchdogStateMachine( 1575): judge good link######, goodLinkLevel=3
02-09 10:13:33.918 D/HwUidTcpMonitor( 1575): parseWlanUidTcpStatistics lastUidTcpStatInfo = [ mUid = 10033 mPacketName = com.opencode.voiceassist mSendSegs = 365 mResendSegs = 12 mRcvSegs = 301 ]
02-09 10:13:33.918 D/HwUidTcpMonitor( 1575): parseWlanUidTcpStatistics lastUidTcpStatInfo = [ mUid = 1051 mPacketName = com.opencode.voiceassist mSendSegs = 232 mResendSegs = 0 mRcvSegs = 0 ]
02-09 10:13:33.918 I/HuaweiWifiWatchdogStateMachine( 1575): sendResultMsgToQM bssid:9c:2b:**:**:86:5f, qoslevel=3
02-09 10:13:33.919 D/WiFi_PRO_WifiProStateMachine( 1575): onNetworkQosChange, currentWifiLevel == 3, wifiNoInternet = false, updateUiOnly = true
02-09 10:13:33.919 I/HuaweiWifiWatchdogStateMachine( 1575): link good reported, good base rssi:-40
02-09 10:13:33.919 I/MQoS    ( 1575): QOS_level:0(0),wifi-link;SIM error;use level-0
02-09 10:13:33.919 I/MQoS    ( 1575): skip-low-Level:0(0),wifi-link;SIM error;use level-0
02-09 10:13:33.937 W/ContentSensor_AppUsageStatusHandler( 3822): appInfo or appInfo.metaData is null
02-09 10:13:33.938 I/ContentSensor_PackageUtil( 3822): pkgName : com.opencode.voiceassist
02-09 10:13:33.938 E/HiDATA_HiNetwork( 1575): bindAidl Thread run 
02-09 10:13:33.939 W/ContextImpl( 1575): Calling a method in the system process without a qualified user: android.app.ContextImpl.bindService:1850 com.android.server.hidata.hinetwork.HwHiNetworkManager.bindAidl:538 com.android.server.hidata.hinetwork.HwHiNetworkManager.access$2100:78 com.android.server.hidata.hinetwork.HwHiNetworkManager$BindAidlThread.run:1284 <bottom of call stack> 
02-09 10:13:33.939 W/ActivityManager( 1575): Unable to start service Intent { act=com.huawei.gameassistant.netservice pkg=com.huawei.gameassistant } U=0: not found
02-09 10:13:33.940 E/HiDATA_HiNetwork( 1575): bindAidl false
02-09 10:13:34.184 D/HiDATA  ( 1575): onForegroundAppWifiSleepChange: config:false, sleeptime:-1,type: -1, appname:com.opencode.voiceassist
02-09 10:13:34.186 D/MSSArbitrager( 1575): setGameForeground:false
02-09 10:13:34.186 D/HiDATA  ( 1575): APP type: -1 appName= com.opencode.voiceassist
02-09 10:13:34.187 D/HiDATA  ( 1575): no game, APP_TYPE_GAME, appName =com.opencode.voiceassist
02-09 10:13:34.377 I/TrafficMonitor( 1575): update:rxPkts:6,txPkts:3,rxBytes:643,txBytes:182
02-09 10:13:34.377 I/TrafficMonitor( 1575): start expired. level:-1
02-09 10:13:34.377 I/TrafficMonitor( 1575): gettimer:interval=2000
02-09 10:13:34.603 W/WindowManager( 1575): removeWindowToken: Attempted to remove non-existing token: android.os.Binder@4c0094
02-09 10:13:34.676 E/LOGSERVER_UTILS(  907): [Erecovery]readEvent: eRecEventManager readEvent 0
02-09 10:13:34.787 E/Thermal-daemon(  891): [ap] temp_new :32  temp_old :29
02-09 10:13:34.788 E/Thermal-daemon(  891): Report temperature: [ap] temp :32  report_threshold:1
02-09 10:13:34.940 E/HiDATA_HiNetwork( 1575): bindAidl Thread run 
02-09 10:13:34.940 W/ContextImpl( 1575): Calling a method in the system process without a qualified user: android.app.ContextImpl.bindService:1850 com.android.server.hidata.hinetwork.HwHiNetworkManager.bindAidl:538 com.android.server.hidata.hinetwork.HwHiNetworkManager.access$2100:78 com.android.server.hidata.hinetwork.HwHiNetworkManager$BindAidlThread.run:1284 <bottom of call stack> 
02-09 10:13:34.941 W/ActivityManager( 1575): Unable to start service Intent { act=com.huawei.gameassistant.netservice pkg=com.huawei.gameassistant } U=0: not found
02-09 10:13:34.941 E/HiDATA_HiNetwork( 1575): bindAidl false
02-09 10:13:35.103 D/AwareLog(  895): iawared: WorkingsetProcessCommand subCmd = 357, userId=10167, pid=11892, com.opencode.voiceassist
02-09 10:13:35.104 D/AwareLog(  895): iawared: WorkingsetPauseCollect com.opencode.voiceassist
02-09 10:13:35.469 D/hw_netstat( 1575): total/5845/7239,android.uid.system:1000/1416/5749,com.huawei.appmarket/2400/1490,unknown:0/1729/0,unknown:1051/300/0
02-09 10:13:35.717 E/LOGSERVER_UTILS(  907): [Erecovery]readEvent: eRecEventManager readEvent 0
02-09 10:13:35.941 E/HiDATA_HiNetwork( 1575): mIAppNetService is null, can not connect gameassistant 
02-09 10:13:35.941 E/HiDATA_HiNetwork( 1575): getEstablishedInfo error, result is null
02-09 10:13:35.941 E/HiDATA_HiNetwork( 1575): startTimer, messageType is :9
02-09 10:13:35.942 E/HiDATA_HiNetwork( 1575): bindAidl Thread run 
02-09 10:13:35.942 W/ContextImpl( 1575): Calling a method in the system process without a qualified user: android.app.ContextImpl.bindService:1850 com.android.server.hidata.hinetwork.HwHiNetworkManager.bindAidl:538 com.android.server.hidata.hinetwork.HwHiNetworkManager.access$2100:78 com.android.server.hidata.hinetwork.HwHiNetworkManager$BindAidlThread.run:1284 <bottom of call stack> 
02-09 10:13:35.943 W/ActivityManager( 1575): Unable to start service Intent { act=com.huawei.gameassistant.netservice pkg=com.huawei.gameassistant } U=0: not found
02-09 10:13:35.943 E/HiDATA_HiNetwork( 1575): bindAidl false
02-09 10:13:35.959 E/WifiHAL (  652): enter wifi_get_link_stats
02-09 10:13:35.974 E/WificondControl( 1575): Noise: -93, Snr: 0, Chload: -1
02-09 10:13:35.978 D/WifiScoreReport( 1575): Score = 60, wifiConnectivityManagerEnabled = false, lowScoreCount = 0
02-09 10:13:36.087 W/AlarmManager( 1575): mIsScreenOn is: true, WAKEUP alarm talarm.operation == null,package name is: android listenerTag is: *job.delay* creator uid is: 1000
02-09 10:13:36.088 D/JobScheduler.Time( 1575): Delay-expired alarm fired
02-09 10:13:36.088 I/JobScheduler.Time( 1575): onControllerStateChanged
02-09 10:13:36.089 W/HwAlarmManagerService( 1575): isContainsAppUidInWorksource-->happend NameNotFoundException
02-09 10:13:36.089 I/chatty  ( 1575): uid=1000 system_server identical 1 line
02-09 10:13:36.089 W/HwAlarmManagerService( 1575): isContainsAppUidInWorksource-->happend NameNotFoundException
02-09 10:13:36.090 I/HwAlarmManagerService( 1575): hwSetAlarm listenerTag: *job.delay*
02-09 10:13:36.091 I/JobScheduler.Time( 1575): mNextDelayExpiredElapsedMillis: 432012872
02-09 10:13:36.093 D/JobScheduler( 1575): Maybe queuing ready jobs...
02-09 10:13:36.121 I/Finsky  ( 5988): [1] com.google.android.finsky.scheduler.JobSchedulerEngine$PhoneskyJobSchedulerJobService.onStartJob(7): onJobSchedulerWakeup with jobId 9001
02-09 10:13:36.122 I/JobScheduler.Time( 1575): onControllerStateChanged
02-09 10:13:36.123 D/JobScheduler( 1575): Maybe queuing ready jobs...
02-09 10:13:36.123 I/Finsky  ( 5988): [1] com.google.android.finsky.scheduler.w.a(29): Scheduling fallback job with id: 9034, and delay: 43200000 ms
02-09 10:13:36.127 I/AlarmManager( 1575): remove alarm:Alarm{87c993a type 2 when 496500214 PendingIntent{454ca4a: PendingIntentRecord{df9c920 com.android.vending broadcastIntent}}com.android.vending procName com.android.vending} according to operation:d325865
02-09 10:13:36.133 I/Finsky  ( 5988): [1] com.google.android.finsky.scheduler.w.a(39): Scheduling fallback in 64799993 (absolute: 496724944)
02-09 10:13:36.133 D/AdBlock_AbsAdRequest( 6320): doRequest
02-09 10:13:36.136 V/ActivityManager( 1575): Successfully start provider ContentProviderRecord{48df9cf u0 com.huawei.systemmanager/.optimize.smcs.SMCSProvider} launchingApp=null caller pid= 6320
02-09 10:13:36.143 D/AdBlock_AbsAdRequest( 6320): getPostRequestParam param: apps=%5B%7B%22pkgName%22%3A%22com.opencode.voiceassist%22%2C%22versionCode%22%3A1%2C%22version%22%3A%221.0%22%7D%5D&buildNumber=MHA-AL00+2.0.0.262%28C00E260R1P3%29&clientPackage=com.huawei.systemmanager&emuiVer=EmotionUI_9.1.0&firmwareVersion=9&locale=zh_CN&method=store.getControlStrategy&phoneType=MHA-AL00&resolution=1080x1920&sysBits=2&ts=1770603216134&version=9.1.1.700
02-09 10:13:36.144 D/HsmJoinRequest( 6320): http request.
02-09 10:13:36.144 D/HsmJoinRequest( 6320): https request.
02-09 10:13:36.157 D/HsmGzipRequest( 6320): setRequestProperty jsonObject already!
02-09 10:13:36.158 D/HsmGzipRequest( 6320): Get wakeLock now
02-09 10:13:36.160 I/PreDnsController(  595): canPreDnsQuery,persist.sys.predns is false!
02-09 10:13:36.164 I/Finsky  ( 5988): [1] com.google.android.finsky.scheduler.ad.handleMessage(16): DeviceState: DeviceState{currentTime=1770603216154, isCharging=true, isIdle=false, netAny=true, netNotRoaming=true, netUnmetered=true}
02-09 10:13:36.171 I/Finsky  ( 5988): [1] com.google.android.finsky.scheduler.bb.a(64): Jobs in database: 1-1337 12-1 
02-09 10:13:36.176 I/Finsky  ( 5988): [1] com.google.android.finsky.scheduler.y.a(58): Running job: 12-1
02-09 10:13:36.179 I/Finsky  ( 5988): [1] com.google.android.finsky.contentsync.ContentSyncJob.a(28): ContentSyncJob started
02-09 10:13:36.181 I/Finsky  ( 5988): [1] com.google.android.finsky.scheduler.y.a(99): RunningQueue size: 1, PendingQueue size: 0
02-09 10:13:36.182 I/Finsky  ( 5988): [1] com.google.android.finsky.scheduler.y.a(108): Running queue: 12-1 
02-09 10:13:36.192 I/PackageManager( 1575): getInstalledPackages cost 6 ms, flags: 786624, userId: 0, callingUid: 10124, callingPid: 5988
02-09 10:13:36.287 D/HsmGzipRequest( 6320): doPostRequest finally closeOutputStream!
02-09 10:13:36.363 D/HsmGzipRequest( 6320): Release wakeLock now
02-09 10:13:36.378 I/TrafficMonitor( 1575): update:rxPkts:12,txPkts:12,rxBytes:5880,txBytes:1387
02-09 10:13:36.378 I/TrafficMonitor( 1575): start expired. level:-1
02-09 10:13:36.378 I/TrafficMonitor( 1575): gettimer:interval=2000
02-09 10:13:36.399 I/AlarmManager( 1575): remove alarm:Alarm{9ed69c7 type 1 when 1770637071298 PendingIntent{c6cff8e: PendingIntentRecord{73adbf4 com.huawei.systemmanager broadcastIntent}}com.huawei.systemmanager procName com.huawei.systemmanager:service} according to operation:5cc2f1d
02-09 10:13:36.502 D/DeviceMonitorPowerKit( 2117): run, sCountNum is 1
02-09 10:13:36.502 D/DeviceMonitorPowerKit( 2117): interval is 359969, ElapsedRealtime is 431565351, isNeedRepeat: false
02-09 10:13:36.502 E/DeviceMonitorPowerKit( 2117): not Satify ApplyResource
02-09 10:13:36.757 E/LOGSERVER_UTILS(  907): [Erecovery]readEvent: eRecEventManager readEvent 0
02-09 10:13:37.602 D/AwareBitmapCacher(11892): handleInit switch not opened pid=11892
02-09 10:13:37.794 E/LOGSERVER_UTILS(  907): [Erecovery]readEvent: eRecEventManager readEvent 0
02-09 10:13:37.826 I/Finsky  ( 5988): [203] com.google.android.finsky.m.c.a(20): Completed 0 account content syncs with 0 successful.
02-09 10:13:37.827 I/Finsky  ( 5988): [1] com.google.android.finsky.contentsync.ContentSyncJob.a(26): Installation state replication succeeded.
02-09 10:13:37.827 I/Finsky  ( 5988): [1] com.google.android.finsky.scheduler.ay.b(8): jobFinished: 12-1. TimeElapsed: 1651ms
02-09 10:13:37.830 I/Finsky  ( 5988): [1] com.google.android.finsky.scheduler.y.a(132): Job 12-1 finished
02-09 10:13:37.831 I/Finsky  ( 5988): [1] com.google.android.finsky.scheduler.y.a(99): RunningQueue size: 0, PendingQueue size: 0
02-09 10:13:37.831 I/Finsky  ( 5988): [1] com.google.android.finsky.scheduler.ad.handleMessage(41): Executor finished
02-09 10:13:37.853 D/JobScheduler( 1575): queuing all ready jobs for execution:
02-09 10:13:37.854 I/Finsky  ( 5988): [1] com.google.android.finsky.scheduler.bb.a(64): Jobs in database: 1-1337 
02-09 10:13:37.858 I/Finsky  ( 5988): [1] com.google.android.finsky.scheduler.g.a(68): ConstraintMapping: 1-1337,  -> L: 25353857ms, D: 111753857ms, C: false, I: false, N: 1
02-09 10:13:37.860 I/Finsky  ( 5988): [1] com.google.android.finsky.scheduler.JobSchedulerEngine.a(93): Scheduling job Id: 9000, L: 25353857, D: 111753857, C: false, I: false, N: 1
02-09 10:13:38.011 D/ZrHung.AppEyeTransparentWindow( 1575): handleMessage CHECK_TRANS_WINDOW_ERROR_MSG
02-09 10:13:38.187 D/SensorHub(  900): huawei Hal get step event
02-09 10:13:38.189 D/WMapping.19020212.HwWMStateMachine$DefaultState.processMessage(L:513)( 1575): into MSG_AR_STATION
02-09 10:13:38.310 D/HwSelfCureEngine( 1575): periodicArpDetection signalLevel = 4, isScreenOn = true , mArpDetectionFailedCnt = 0
02-09 10:13:38.311 D/wifiserviceimpl( 1575): netmask =16711679
02-09 10:13:38.342 D/HwArpUtils( 1575): getGateWayArpResult:Pair{true 3}
02-09 10:13:38.343 D/HwWifiCHRStateManager( 2101): handleMessage : 1121
02-09 10:13:38.343 E/HwCHRWifiRSSIGroupSummery( 2101): updatArpSummery mRSSI:-1  HwCHRWifiRSSIGroup [rssi_index=4, rtt_tcp_packets=0, rtt_tcp_duration=0, rtt_lan_duration=5855, rtt_lan_failures=0, rtt_lan_succ=391, rtt_lan_max=443, rtt_lan_min=2,same_area_frequency=0,adjacent_area_frequency=2]
02-09 10:13:38.379 I/TrafficMonitor( 1575): update:rxPkts:3,txPkts:1,rxBytes:312,txBytes:40
02-09 10:13:38.380 I/TrafficMonitor( 1575): start expired. level:-1
02-09 10:13:38.380 I/TrafficMonitor( 1575): gettimer:interval=2000
02-09 10:13:38.795 E/LOGSERVER_UTILS(  907): [Erecovery]readEvent: eRecEventManager readEvent 0
02-09 10:13:38.981 E/WifiHAL (  652): enter wifi_get_link_stats
02-09 10:13:38.991 E/WificondControl( 1575): Noise: -93, Snr: 0, Chload: -1
02-09 10:13:38.994 D/WifiScoreReport( 1575): Score = 60, wifiConnectivityManagerEnabled = false, lowScoreCount = 0
02-09 10:13:39.245 I/Finsky  ( 5988): [187] com.google.android.finsky.bp.ab.run(5): Stats for Executor: BlockingExecutor com.google.android.finsky.bp.ac@2c72fd[Running, pool size = 0, active threads = 0, queued tasks = 0, completed tasks = 0]
02-09 10:13:39.245 I/Finsky  ( 5988): [187] com.google.android.finsky.bp.ab.run(5): Stats for Executor: LightweightExecutor com.google.android.finsky.bp.ac@aa43bf2[Running, pool size = 1, active threads = 0, queued tasks = 0, completed tasks = 1]
02-09 10:13:39.378 I/TrafficMonitor( 1575): expired arrive. level:-1
02-09 10:13:39.378 I/TrafficMonitor( 1575): during_ms:2002,period_ms:2000
02-09 10:13:39.378 I/TrafficMonitor( 1575): count:118,rx_sum:3,tx_sum:1,rxBytes:312,during_ms:2002,rx_speed:155.84415584415586,tx_speed:19.980019980019982,rto:3.0
02-09 10:13:39.789 E/Thermal-daemon(  891): [charger_ic] temp_new :25  temp_old :24
02-09 10:13:39.790 E/Thermal-daemon(  891): Report temperature: [charger_ic] temp :25  report_threshold:1
02-09 10:13:39.791 E/Thermal-daemon(  891): [ap] temp_new :34  temp_old :32
02-09 10:13:39.791 E/Thermal-daemon(  891): Report temperature: [ap] temp :34  report_threshold:1
02-09 10:13:39.825 E/LOGSERVER_UTILS(  907): [Erecovery]readEvent: eRecEventManager readEvent 0
02-09 10:13:40.029 I/Whisper (11892): Whisper model loaded: /data/user/0/com.opencode.voiceassist/files/whisper/ggml-tiny.en.bin, GPU: true
02-09 10:13:40.029 D/WhisperManager(11892): Model loaded successfully
02-09 10:13:40.074 I/PG_ash  ( 2186): view add pid:11892 uid:10167
02-09 10:13:40.078 D/OpenGLRenderer(11892):   HWUI Binary is  enabled
02-09 10:13:40.078 D/OpenGLRenderer(11892): disableOutlineDraw is true
02-09 10:13:40.081 E/WindowManager( 1575): App trying to use insecure INPUT_FEATURE_NO_INPUT_CHANNEL flag. Ignoring
02-09 10:13:40.086 V/WindowManager( 1575): addWindow: Window{da7cabf u0 Toast}
02-09 10:13:40.110 I/StatusBarDisable( 1575): setFlags what=0 which=1 pkg=Window{36070df u0 com.opencode.voiceassist/com.opencode.voiceassist.MainActivity}
02-09 10:13:40.124 D/mali_winsys(11892): EGLint new_window_surface(egl_winsys_display *, void *, EGLSurface, EGLConfig, egl_winsys_surface **, EGLBoolean) returns 0x3000
02-09 10:13:40.126 I/GRALLOC (  617): getCallingPid=656, shrFd=32,fmt=0x1,intFmt=0x1,btStrd=2816,size=294912,pid=617 
02-09 10:13:40.126 I/GRALLOC (  617): 	 yuv=2,w=642,h=101,Stride u=0 v=0,offset u=0 v=0 
02-09 10:13:40.126 I/GRALLOC (  617): 	 iova_size=294912,conUsg=0x900,proUsg=0x900,	 strd=704,[afbc]HdrStrd=0 PyldStrd=0 Scrmbl=0,ionhnd = 1 
02-09 10:13:40.127 I/GRALLOC (  617): getCallingPid=656, shrFd=34,fmt=0x1,intFmt=0x1,btStrd=2816,size=294912,pid=617 
02-09 10:13:40.127 I/GRALLOC (  617): 	 yuv=2,w=642,h=101,Stride u=0 v=0,offset u=0 v=0 
02-09 10:13:40.127 I/GRALLOC (  617): 	 iova_size=294912,conUsg=0x900,proUsg=0x900,	 strd=704,[afbc]HdrStrd=0 PyldStrd=0 Scrmbl=0,ionhnd = 2 
02-09 10:13:40.128 D/OpenGLRenderer(11892):   HWUI Binary is  enabled
02-09 10:13:40.128 D/OpenGLRenderer(11892): disableOutlineDraw is true
02-09 10:13:40.128 I/GRALLOC (  617): getCallingPid=656, shrFd=32,fmt=0x1,intFmt=0x1,btStrd=2816,size=294912,pid=617 
02-09 10:13:40.128 I/GRALLOC (  617): 	 yuv=2,w=642,h=101,Stride u=0 v=0,offset u=0 v=0 
02-09 10:13:40.128 I/GRALLOC (  617): 	 iova_size=294912,conUsg=0x900,proUsg=0x900,	 strd=704,[afbc]HdrStrd=0 PyldStrd=0 Scrmbl=0,ionhnd = 2 
02-09 10:13:40.149 I/GRALLOC (  617): getCallingPid=656, shrFd=32,fmt=0x1,intFmt=0x1,btStrd=2816,size=294912,pid=617 
02-09 10:13:40.149 I/GRALLOC (  617): 	 yuv=2,w=642,h=101,Stride u=0 v=0,offset u=0 v=0 
02-09 10:13:40.149 I/GRALLOC (  617): 	 iova_size=294912,conUsg=0xb00,proUsg=0xb00,	 strd=704,[afbc]HdrStrd=0 PyldStrd=0 Scrmbl=0,ionhnd = 1 
02-09 10:13:40.188 I/chatty  ( 1575): uid=1000(system) android.ui identical 1 line
02-09 10:13:40.194 D/        (  656): doWinFrameOptStatusRecog begin to recog Layer result=2
02-09 10:13:40.335 I/StatusBarDisable( 1575): setFlags what=0 which=1 pkg=Window{36070df u0 com.opencode.voiceassist/com.opencode.voiceassist.MainActivity}
02-09 10:13:40.341 I/DebugKeepScreenOn( 1575): setHoldScreenLocked newHoldScreen:Session{db1c500 11892:u0a10167} currentHoldScreen:null wakeLockState:false
02-09 10:13:40.341 I/DebugKeepScreenOn( 1575): Acquiring screen wakelock due to Window{da7cabf u0 Toast}
02-09 10:13:40.342 D/PowerMS ( 1575): acquire:L=223195808,F=0x2000000a,T="WindowManager",N=android,WS=WorkSource{10167},U=1000,P=1575
02-09 10:13:40.352 I/StatusBarDisable( 1575): setFlags what=0 which=1 pkg=Window{36070df u0 com.opencode.voiceassist/com.opencode.voiceassist.MainActivity}
02-09 10:13:40.382 I/TrafficMonitor( 1575): update:rxPkts:3,txPkts:0,rxBytes:692,txBytes:0
02-09 10:13:40.382 I/TrafficMonitor( 1575): start expired. level:-1
02-09 10:13:40.382 I/TrafficMonitor( 1575): gettimer:interval=2000
02-09 10:13:40.858 E/LOGSERVER_UTILS(  907): [Erecovery]readEvent: eRecEventManager readEvent 0
02-09 10:13:41.106 D/AwareLog(  895): iawared: WorkingsetProcessCommand subCmd = 352, userId=10167, pid=11892, com.opencode.voiceassist
02-09 10:13:41.106 D/AwareLog(  895): iawared: WorkingsetStop com.opencode.voiceassist
02-09 10:13:41.503 I/storaged(  890): storaged_t::event: storage_info refreshed.
02-09 10:13:41.868 I/HwBatteryService( 1575): quick charge status : 0
02-09 10:13:41.868 D/HwBatteryService( 1575): onUEvent fcpStatus = 0
02-09 10:13:41.869 D/HwBatteryService( 1575): onUEvent scpStatus = 0 ,ovpStatus = 0
02-09 10:13:41.869 I/HwBatteryService( 1575): handleWirelessTxStatus
02-09 10:13:41.869 I/HwBatteryService( 1575): switch not open, return, mWirelessTxFlag : 0
02-09 10:13:41.870 I/UsbDeviceManager( 1575): water_intrused state= 0
02-09 10:13:41.882 E/LOGSERVER_UTILS(  907): [Erecovery]readEvent: eRecEventManager readEvent 0
02-09 10:13:41.908 E/WificondControl( 1575): Noise: -93, Snr: 0, Chload: -1
02-09 10:13:41.917 D/WiFi_PRO( 1575): MSG_RETURN_AP_CURRY_RSSI rssi = -36
02-09 10:13:41.917 I/HuaweiWifiWatchdogStateMachine( 1575): POta txb txg rxg:0, 19, 0. Lr =0% Totpkt=19
02-09 10:13:41.917 I/QosMonitor( 1575): queryRtt: rtt_type = 3
02-09 10:13:41.917 I/HwUidTcpMonitor( 1575): TcpStatisticsRun run
02-09 10:13:41.919 I/QosMonitor( 1575): postEventFromNative: msg=100,arg1=4,arg2=10
02-09 10:13:41.920 I/QosMonitor( 1575): postEventFromNative: msg=100,arg1=0,arg2=10
02-09 10:13:41.920 I/MQoS    ( 1575): rtt=324,tcp_tx_pkts=3855083,tcp_rx_pkts=7263499
02-09 10:13:41.920 I/QosMonitor( 1575): resetRtt: rtt_type = 3
02-09 10:13:41.920 D/HwUidTcpMonitor( 1575): parseWlanUidTcpStatistics lastUidTcpStatInfo = [ mUid = 1051 mPacketName = com.opencode.voiceassist mSendSegs = 233 mResendSegs = 0 mRcvSegs = 0 ]
02-09 10:13:41.921 I/HuaweiWifiWatchdogStateMachine( 1575): PTcp RTT:324, rtt pkt=13, tcp_rx=8, tcp_tx=13, tcp_reTran=0, rtRate=0
02-09 10:13:41.926 I/MQoS    ( 1575): QOS_level:0(0),wifi-link;SIM error;use level-0
02-09 10:13:41.996 E/WifiHAL (  652): enter wifi_get_link_stats
02-09 10:13:42.009 E/WificondControl( 1575): Noise: -93, Snr: 0, Chload: -1
02-09 10:13:42.013 D/WifiScoreReport( 1575): Score = 60, wifiConnectivityManagerEnabled = false, lowScoreCount = 0
02-09 10:13:42.075 W/libEGL  (11892): EGLNativeWindowType 0x7703ef6010 disconnect failed
02-09 10:13:42.078 I/PG_ash  ( 2186): view remove pid:11892 uid:10167
02-09 10:13:42.084 I/StatusBarDisable( 1575): setFlags what=0 which=1 pkg=Window{36070df u0 com.opencode.voiceassist/com.opencode.voiceassist.MainActivity}
02-09 10:13:42.092 V/WindowManager( 1575): removeIfPossible: Window{da7cabf u0 Toast}
02-09 10:13:42.092 V/WindowManager( 1575): Not removing Window{da7cabf u0 Toast EXITING} due to exit animation 
02-09 10:13:42.098 I/StatusBarDisable( 1575): setFlags what=0 which=1 pkg=Window{36070df u0 com.opencode.voiceassist/com.opencode.voiceassist.MainActivity}
02-09 10:13:42.106 W/NotificationService( 1575): Toast already killed. pkg=com.opencode.voiceassist callback=android.app.ITransientNotification$Stub$Proxy@5472a24
02-09 10:13:42.208 V/WindowManager( 1575): Exit animation finished in Window{da7cabf u0 Toast EXITING}: remove=true
02-09 10:13:42.234 I/StatusBarDisable( 1575): setFlags what=0 which=1 pkg=Window{36070df u0 com.opencode.voiceassist/com.opencode.voiceassist.MainActivity}
02-09 10:13:42.243 I/DebugKeepScreenOn( 1575): setHoldScreenLocked newHoldScreen:null currentHoldScreen:Session{db1c500 11892:u0a10167} wakeLockState:true
02-09 10:13:42.243 I/DebugKeepScreenOn( 1575): Releasing screen wakelock, obscured by Window{36070df u0 com.opencode.voiceassist/com.opencode.voiceassist.MainActivity}
02-09 10:13:42.243 D/PowerMS ( 1575): release:L=223195808,F=0x0,T="WindowManager",N=android",WS=WorkSource{10167},U=1000,P=1575
02-09 10:13:42.247 V/WindowManager( 1575): postWindowRemoveCleanupLocked: Window{da7cabf u0 Toast}
02-09 10:13:42.248 V/WindowManager( 1575): Removing Window{da7cabf u0 Toast} from WindowToken{501a019 android.os.Binder@423c360}
02-09 10:13:42.259 I/StatusBarDisable( 1575): setFlags what=0 which=1 pkg=Window{36070df u0 com.opencode.voiceassist/com.opencode.voiceassist.MainActivity}
02-09 10:13:42.385 I/TrafficMonitor( 1575): update:rxPkts:1,txPkts:0,rxBytes:121,txBytes:0
02-09 10:13:42.385 I/TrafficMonitor( 1575): start expired. level:-1
02-09 10:13:42.385 I/TrafficMonitor( 1575): gettimer:interval=2000
02-09 10:13:42.922 E/LOGSERVER_UTILS(  907): [Erecovery]readEvent: eRecEventManager readEvent 0
02-09 10:13:43.072 D/MainActivity(11892): Starting automatic transcription test...
02-09 10:13:43.088 D/MainActivity(11892): Test WAV file copied, size: 352078 bytes
02-09 10:13:43.088 D/MainActivity(11892): Test file path: /data/user/0/com.opencode.voiceassist/cache/test_jfk.wav
02-09 10:13:43.354 W/ProcBatteryStats( 1575): timer is running , not start, name: com.tencent.mm, uid: 10162, tag: MicroMsg.PlatformCommC2JavaCallBack
02-09 10:13:43.362 E/libc    ( 9359): Access denied finding property "net.dns1"
