--------- beginning of main
02-09 16:02:01.150 E/WifiHAL (  652): enter wifi_get_link_stats
02-09 16:02:01.162 E/WificondControl( 1575): Noise: -94, Snr: 0, Chload: -1
02-09 16:02:01.165 D/WifiScoreReport( 1575): Score = 60, wifiConnectivityManagerEnabled = false, lowScoreCount = 0
02-09 16:02:01.400 E/LOGSERVER_UTILS(  907): [Erecovery]readEvent: eRecEventManager readEvent 0
02-09 16:02:01.501 I/Net.6782NetworkSpeedMan( 1924): mIsStop = false
02-09 16:02:01.502 I/Net.6783NetworkSpeedMan( 1924):  runInThread getTetherStats
02-09 16:02:01.505 I/Net.6783NetworkSpeedMan( 1924):  runInUI refreshSpeed
02-09 16:02:01.505 I/Net.6783NetworkSpeedMan( 1924): value=395.33334speed = 395B/smIsShowLastSpeedValuefalse
02-09 16:02:01.505 I/NetworkSpeedView( 1924): /update(), speed=395B/s
02-09 16:02:01.506 I/chatty  ( 1924): uid=10037(com.huawei.HwMultiScreenShot) com.android.systemui identical 2 lines
02-09 16:02:01.506 I/NetworkSpeedView( 1924): /update(), speed=395B/s
02-09 16:02:01.586 I/TrafficMonitor( 1575): expired arrive. level:-1
02-09 16:02:01.586 I/TrafficMonitor( 1575): during_ms:2002,period_ms:2000
02-09 16:02:01.586 I/TrafficMonitor( 1575): count:614,rx_sum:7,tx_sum:1,rxBytes:1075,during_ms:2002,rx_speed:536.963036963037,tx_speed:19.980019980019982,rto:7.0
02-09 16:02:01.952 I/Whisper (27167): Whisper model loaded: /data/user/0/com.opencode.voiceassist/files/whisper/ggml-tiny.en.bin, GPU: true
02-09 16:02:01.952 D/WhisperManager(27167): Model loaded successfully with GPU=true
02-09 16:02:01.996 I/PG_ash  ( 2186): view add pid:27167 uid:10167
02-09 16:02:02.002 D/OpenGLRenderer(27167):   HWUI Binary is  enabled
02-09 16:02:02.002 D/OpenGLRenderer(27167): disableOutlineDraw is true
--------- beginning of system
02-09 16:02:02.006 E/WindowManager( 1575): App trying to use insecure INPUT_FEATURE_NO_INPUT_CHANNEL flag. Ignoring
02-09 16:02:02.011 V/WindowManager( 1575): addWindow: Window{8d9fcea u0 Toast}
02-09 16:02:02.032 I/StatusBarDisable( 1575): setFlags what=0 which=1 pkg=Window{8d3a939 u0 com.opencode.voiceassist/com.opencode.voiceassist.MainActivity}
02-09 16:02:02.057 E/BufferQueueProducer(  656): [] mConsumerName == NULL!!!!!!
02-09 16:02:02.058 I/GRALLOC (  617): getCallingPid=656, shrFd=32,fmt=0x1,intFmt=0x1,btStrd=2816,size=294912,pid=617 
02-09 16:02:02.058 I/GRALLOC (  617): 	 yuv=2,w=642,h=101,Stride u=0 v=0,offset u=0 v=0 
02-09 16:02:02.058 I/GRALLOC (  617): 	 iova_size=294912,conUsg=0x900,proUsg=0x900,	 strd=704,[afbc]HdrStrd=0 PyldStrd=0 Scrmbl=0,ionhnd = 1 
02-09 16:02:02.060 I/GRALLOC (  617): getCallingPid=656, shrFd=34,fmt=0x1,intFmt=0x1,btStrd=2816,size=294912,pid=617 
02-09 16:02:02.060 I/GRALLOC (  617): 	 yuv=2,w=642,h=101,Stride u=0 v=0,offset u=0 v=0 
02-09 16:02:02.060 I/GRALLOC (  617): 	 iova_size=294912,conUsg=0x900,proUsg=0x900,	 strd=704,[afbc]HdrStrd=0 PyldStrd=0 Scrmbl=0,ionhnd = 2 
02-09 16:02:02.061 I/GRALLOC (  617): getCallingPid=656, shrFd=34,fmt=0x1,intFmt=0x1,btStrd=2816,size=294912,pid=617 
02-09 16:02:02.061 I/GRALLOC (  617): 	 yuv=2,w=642,h=101,Stride u=0 v=0,offset u=0 v=0 
02-09 16:02:02.061 I/GRALLOC (  617): 	 iova_size=294912,conUsg=0x900,proUsg=0x900,	 strd=704,[afbc]HdrStrd=0 PyldStrd=0 Scrmbl=0,ionhnd = 2 
02-09 16:02:02.063 D/mali_winsys(27167): EGLint new_window_surface(egl_winsys_display *, void *, EGLSurface, EGLConfig, egl_winsys_surface **, EGLBoolean) returns 0x3000
02-09 16:02:02.063 D/OpenGLRenderer(27167):   HWUI Binary is  enabled
02-09 16:02:02.063 D/OpenGLRenderer(27167): disableOutlineDraw is true
02-09 16:02:02.085 I/GRALLOC (  617): getCallingPid=656, shrFd=32,fmt=0x1,intFmt=0x1,btStrd=2816,size=294912,pid=617 
02-09 16:02:02.085 I/GRALLOC (  617): 	 yuv=2,w=642,h=101,Stride u=0 v=0,offset u=0 v=0 
02-09 16:02:02.085 I/GRALLOC (  617): 	 iova_size=294912,conUsg=0xb00,proUsg=0xb00,	 strd=704,[afbc]HdrStrd=0 PyldStrd=0 Scrmbl=0,ionhnd = 1 
02-09 16:02:02.139 D/        (  656): doWinFrameOptStatusRecog begin to recog Layer result=2
02-09 16:02:02.269 I/StatusBarDisable( 1575): setFlags what=0 which=1 pkg=Window{8d3a939 u0 com.opencode.voiceassist/com.opencode.voiceassist.MainActivity}
02-09 16:02:02.274 I/DebugKeepScreenOn( 1575): setHoldScreenLocked newHoldScreen:Session{52bce32 27167:u0a10167} currentHoldScreen:null wakeLockState:false
02-09 16:02:02.275 I/DebugKeepScreenOn( 1575): Acquiring screen wakelock due to Window{8d9fcea u0 Toast}
02-09 16:02:02.275 D/PowerMS ( 1575): acquire:L=223195808,F=0x2000000a,T="WindowManager",N=android,WS=WorkSource{10167},U=1000,P=1575
02-09 16:02:02.287 I/StatusBarDisable( 1575): setFlags what=0 which=1 pkg=Window{8d3a939 u0 com.opencode.voiceassist/com.opencode.voiceassist.MainActivity}
02-09 16:02:02.439 E/LOGSERVER_UTILS(  907): [Erecovery]readEvent: eRecEventManager readEvent 0
02-09 16:02:02.530 E/Thermal-daemon(  891): [pa_0] temp_new :29  temp_old :28
02-09 16:02:02.533 E/Thermal-daemon(  891): Report temperature: [pa_0] temp :29  report_threshold:1
02-09 16:02:02.533 E/Thermal-daemon(  891): [ap] temp_new :38  temp_old :37
02-09 16:02:02.534 E/Thermal-daemon(  891): Report temperature: [ap] temp :38  report_threshold:1
02-09 16:02:02.534 D/HwThermalStateManager( 2186): Thermal type: 0 cur_temperature:38
02-09 16:02:02.592 I/TrafficMonitor( 1575): update:rxPkts:5,txPkts:0,rxBytes:495,txBytes:0
02-09 16:02:02.592 I/TrafficMonitor( 1575): start expired. level:-1
02-09 16:02:02.592 I/TrafficMonitor( 1575): gettimer:interval=2000
02-09 16:02:02.648 E/WificondControl( 1575): Noise: -94, Snr: 0, Chload: -1
02-09 16:02:02.654 D/WiFi_PRO( 1575): MSG_RETURN_AP_CURRY_RSSI rssi = -40
02-09 16:02:02.654 I/HwUidTcpMonitor( 1575): TcpStatisticsRun run
02-09 16:02:02.654 I/QosMonitor( 1575): queryRtt: rtt_type = 3
02-09 16:02:02.655 D/HwUidTcpMonitor( 1575): parseWlanUidTcpStatistics lastUidTcpStatInfo = [ mUid = 1051 mPacketName = com.opencode.voiceassist mSendSegs = 650 mResendSegs = 0 mRcvSegs = 0 ]
02-09 16:02:02.655 D/HwUidTcpMonitor( 1575): parseWlanUidTcpStatistics lastUidTcpStatInfo = [ mUid = 10068 mPacketName = com.opencode.voiceassist mSendSegs = 215 mResendSegs = 0 mRcvSegs = 243 ]
02-09 16:02:02.655 I/QosMonitor( 1575): postEventFromNative: msg=100,arg1=4,arg2=10
02-09 16:02:02.656 I/QosMonitor( 1575): resetRtt: rtt_type = 3
02-09 16:02:02.656 I/HuaweiWifiWatchdogStateMachine( 1575): POta txb txg rxg:0, 15, 0. Lr =0% Totpkt=15
02-09 16:02:02.656 I/QosMonitor( 1575): postEventFromNative: msg=100,arg1=0,arg2=10
02-09 16:02:02.656 I/MQoS    ( 1575): rtt=356,tcp_tx_pkts=3861464,tcp_rx_pkts=7268721
02-09 16:02:02.661 I/MQoS    ( 1575): QOS_level:0(0),wifi-link;SIM error;use level-0
02-09 16:02:02.661 I/HuaweiWifiWatchdogStateMachine( 1575): PTcp RTT:356, rtt pkt=13, tcp_rx=9, tcp_tx=12, tcp_reTran=0, rtRate=0
02-09 16:02:03.027 D/AwareLog(  895): iawared: WorkingsetProcessCommand subCmd = 352, userId=10167, pid=27167, com.opencode.voiceassist
02-09 16:02:03.027 D/AwareLog(  895): iawared: WorkingsetStop com.opencode.voiceassist
02-09 16:02:03.463 E/LOGSERVER_UTILS(  907): [Erecovery]readEvent: eRecEventManager readEvent 0
02-09 16:02:03.727 D/hw_netstat( 1575): total/9019/1311,android.uid.system:1000/5480/1271,unknown:0/3363/0,unknown:1051/136/0,com.baidu.input_huawei/40/40
02-09 16:02:03.998 I/PG_ash  ( 2186): view remove pid:27167 uid:10167
02-09 16:02:04.003 W/libEGL  (27167): EGLNativeWindowType 0x7703eab010 disconnect failed
02-09 16:02:04.009 I/StatusBarDisable( 1575): setFlags what=0 which=1 pkg=Window{8d3a939 u0 com.opencode.voiceassist/com.opencode.voiceassist.MainActivity}
02-09 16:02:04.019 V/WindowManager( 1575): removeIfPossible: Window{8d9fcea u0 Toast}
02-09 16:02:04.019 V/WindowManager( 1575): Not removing Window{8d9fcea u0 Toast EXITING} due to exit animation 
02-09 16:02:04.025 I/StatusBarDisable( 1575): setFlags what=0 which=1 pkg=Window{8d3a939 u0 com.opencode.voiceassist/com.opencode.voiceassist.MainActivity}
02-09 16:02:04.035 W/NotificationService( 1575): Toast already killed. pkg=com.opencode.voiceassist callback=android.app.ITransientNotification$Stub$Proxy@7f8bc90
02-09 16:02:04.112 V/WindowManager( 1575): Exit animation finished in Window{8d9fcea u0 Toast EXITING}: remove=true
02-09 16:02:04.138 I/StatusBarDisable( 1575): setFlags what=0 which=1 pkg=Window{8d3a939 u0 com.opencode.voiceassist/com.opencode.voiceassist.MainActivity}
02-09 16:02:04.145 I/DebugKeepScreenOn( 1575): setHoldScreenLocked newHoldScreen:null currentHoldScreen:Session{52bce32 27167:u0a10167} wakeLockState:true
02-09 16:02:04.145 I/DebugKeepScreenOn( 1575): Releasing screen wakelock, obscured by Window{8d3a939 u0 com.opencode.voiceassist/com.opencode.voiceassist.MainActivity}
02-09 16:02:04.146 D/PowerMS ( 1575): release:L=223195808,F=0x0,T="WindowManager",N=android",WS=WorkSource{10167},U=1000,P=1575
02-09 16:02:04.150 V/WindowManager( 1575): postWindowRemoveCleanupLocked: Window{8d9fcea u0 Toast}
02-09 16:02:04.151 V/WindowManager( 1575): Removing Window{8d9fcea u0 Toast} from WindowToken{7e52d8c android.os.Binder@cde22bf}
02-09 16:02:04.159 I/StatusBarDisable( 1575): setFlags what=0 which=1 pkg=Window{8d3a939 u0 com.opencode.voiceassist/com.opencode.voiceassist.MainActivity}
02-09 16:02:04.168 E/WifiHAL (  652): enter wifi_get_link_stats
02-09 16:02:04.184 E/WificondControl( 1575): Noise: -94, Snr: 0, Chload: -1
02-09 16:02:04.189 D/WifiScoreReport( 1575): Score = 60, wifiConnectivityManagerEnabled = false, lowScoreCount = 0
02-09 16:02:04.502 I/Net.6783NetworkSpeedMan( 1924): mIsStop = false
02-09 16:02:04.502 E/LOGSERVER_UTILS(  907): [Erecovery]readEvent: eRecEventManager readEvent 0
02-09 16:02:04.502 I/Net.6784NetworkSpeedMan( 1924):  runInThread getTetherStats
02-09 16:02:04.506 I/Net.6784NetworkSpeedMan( 1924):  runInUI refreshSpeed
02-09 16:02:04.507 I/Net.6784NetworkSpeedMan( 1924): value=222.0speed = 222B/smIsShowLastSpeedValuefalse
02-09 16:02:04.507 I/NetworkSpeedView( 1924): /update(), speed=222B/s
02-09 16:02:04.508 I/chatty  ( 1924): uid=10037(com.huawei.HwMultiScreenShot) com.android.systemui identical 2 lines
02-09 16:02:04.508 I/NetworkSpeedView( 1924): /update(), speed=222B/s
02-09 16:02:04.596 I/TrafficMonitor( 1575): update:rxPkts:4,txPkts:0,rxBytes:435,txBytes:0
02-09 16:02:04.596 I/TrafficMonitor( 1575): start expired. level:-1
02-09 16:02:04.596 I/TrafficMonitor( 1575): gettimer:interval=2000
02-09 16:02:05.516 W/WindowManager( 1575): Unable to start animation, surface is null or no children.
02-09 16:02:05.524 I/StatusBarDisable( 1575): setFlags what=0 which=1 pkg=Window{8d3a939 u0 com.opencode.voiceassist/com.opencode.voiceassist.MainActivity}
02-09 16:02:05.542 E/LOGSERVER_UTILS(  907): [Erecovery]readEvent: eRecEventManager readEvent 0
02-09 16:02:06.119 I/ImsResolver( 2213): getMmTelFeatureAndListen - slot: 2 callback: com.android.ims.MmTelFeatureConnection$1@d3c687a
02-09 16:02:06.571 E/LOGSERVER_UTILS(  907): [Erecovery]readEvent: eRecEventManager readEvent 0
02-09 16:02:06.600 I/TrafficMonitor( 1575): update:rxPkts:4,txPkts:0,rxBytes:435,txBytes:0
02-09 16:02:06.600 I/TrafficMonitor( 1575): start expired. level:-1
02-09 16:02:06.600 I/TrafficMonitor( 1575): gettimer:interval=2000
02-09 16:02:07.194 E/WifiHAL (  652): enter wifi_get_link_stats
02-09 16:02:07.211 E/WificondControl( 1575): Noise: -94, Snr: 0, Chload: -1
02-09 16:02:07.217 D/WifiScoreReport( 1575): Score = 60, wifiConnectivityManagerEnabled = false, lowScoreCount = 0
02-09 16:02:07.504 I/Net.6784NetworkSpeedMan( 1924): mIsStop = false
02-09 16:02:07.505 I/Net.6785NetworkSpeedMan( 1924):  runInThread getTetherStats
02-09 16:02:07.510 I/Net.6785NetworkSpeedMan( 1924):  runInUI refreshSpeed
02-09 16:02:07.512 I/Net.6785NetworkSpeedMan( 1924): value=209.33333speed = 209B/smIsShowLastSpeedValuefalse
02-09 16:02:07.512 I/NetworkSpeedView( 1924): /update(), speed=209B/s
02-09 16:02:07.513 I/chatty  ( 1924): uid=10037(com.huawei.HwMultiScreenShot) com.android.systemui identical 2 lines
02-09 16:02:07.514 I/NetworkSpeedView( 1924): /update(), speed=209B/s
02-09 16:02:07.538 E/Thermal-daemon(  891): [ap] temp_new :34  temp_old :38
02-09 16:02:07.540 E/Thermal-daemon(  891): Report temperature: [ap] temp :34  report_threshold:1
02-09 16:02:07.594 I/TrafficMonitor( 1575): expired arrive. level:-1
02-09 16:02:07.595 I/TrafficMonitor( 1575): during_ms:2004,period_ms:2000
02-09 16:02:07.595 I/TrafficMonitor( 1575): count:617,rx_sum:4,tx_sum:0,rxBytes:435,during_ms:2004,rx_speed:217.06586826347305,tx_speed:0.0,rto:0.0
02-09 16:02:07.612 E/LOGSERVER_UTILS(  907): [Erecovery]readEvent: eRecEventManager readEvent 0
02-09 16:02:08.607 I/TrafficMonitor( 1575): update:rxPkts:3,txPkts:0,rxBytes:314,txBytes:0
02-09 16:02:08.607 I/TrafficMonitor( 1575): start expired. level:-1
02-09 16:02:08.607 I/TrafficMonitor( 1575): gettimer:interval=2000
02-09 16:02:08.630 E/LOGSERVER_UTILS(  907): [Erecovery]readEvent: eRecEventManager readEvent 0
02-09 16:02:09.118 I/HiAdKit.ExSplashManager.main(14266):  do not request exsplash config
02-09 16:02:09.670 E/LOGSERVER_UTILS(  907): [Erecovery]readEvent: eRecEventManager readEvent 0
02-09 16:02:10.222 E/WifiHAL (  652): enter wifi_get_link_stats
02-09 16:02:10.237 E/WificondControl( 1575): Noise: -94, Snr: 0, Chload: -1
02-09 16:02:10.243 D/WifiScoreReport( 1575): Score = 60, wifiConnectivityManagerEnabled = false, lowScoreCount = 0
02-09 16:02:10.391 I/CAWARENESS_ServiceMonitor( 4038): memory(kB) static totalPss=12851, dalvikPss=1160, nativePss=2261
02-09 16:02:10.506 I/Net.6785NetworkSpeedMan( 1924): mIsStop = false
02-09 16:02:10.507 I/Net.6786NetworkSpeedMan( 1924):  runInThread getTetherStats
02-09 16:02:10.513 I/Net.6786NetworkSpeedMan( 1924):  runInUI refreshSpeed
02-09 16:02:10.515 I/Net.6786NetworkSpeedMan( 1924): value=270.0speed = 270B/smIsShowLastSpeedValuefalse
02-09 16:02:10.515 I/NetworkSpeedView( 1924): /update(), speed=270B/s
02-09 16:02:10.516 I/chatty  ( 1924): uid=10037(com.huawei.HwMultiScreenShot) com.android.systemui identical 2 lines
02-09 16:02:10.516 I/NetworkSpeedView( 1924): /update(), speed=270B/s
02-09 16:02:10.611 I/TrafficMonitor( 1575): update:rxPkts:5,txPkts:0,rxBytes:496,txBytes:0
02-09 16:02:10.612 I/TrafficMonitor( 1575): start expired. level:-1
02-09 16:02:10.612 I/TrafficMonitor( 1575): gettimer:interval=2000
02-09 16:02:10.648 E/WificondControl( 1575): Noise: -94, Snr: 0, Chload: -1
02-09 16:02:10.659 I/HuaweiWifiWatchdogStateMachine( 1575): POta txb txg rxg:0, 1, 0. Lr =0% Totpkt=1
02-09 16:02:10.659 I/HwUidTcpMonitor( 1575): TcpStatisticsRun run
02-09 16:02:10.660 D/WiFi_PRO( 1575): MSG_RETURN_AP_CURRY_RSSI rssi = -40
02-09 16:02:10.660 I/QosMonitor( 1575): queryRtt: rtt_type = 3
02-09 16:02:10.663 I/QosMonitor( 1575): postEventFromNative: msg=100,arg1=4,arg2=10
02-09 16:02:10.664 I/QosMonitor( 1575): postEventFromNative: msg=100,arg1=0,arg2=10
02-09 16:02:10.665 I/MQoS    ( 1575): rtt=356,tcp_tx_pkts=3861464,tcp_rx_pkts=7268721
02-09 16:02:10.667 I/HuaweiWifiWatchdogStateMachine( 1575): PTcp RTT:0, rtt pkt=0, tcp_rx=0, tcp_tx=0, tcp_reTran=0, rtRate=0
02-09 16:02:10.675 I/MQoS    ( 1575): QOS_level:0(0),wifi-link;SIM error;use level-0
02-09 16:02:10.711 E/LOGSERVER_UTILS(  907): [Erecovery]readEvent: eRecEventManager readEvent 0
02-09 16:02:11.521 D/GpsFreezeProc( 1575): refreshPackageWhitelist pkgs-count:0 , type = 1
02-09 16:02:11.523 I/GpsFreezeProc( 1575): updateBackgroundThrottleToPackageWhiteList:com.huawei.hwid
02-09 16:02:11.523 D/LocationManagerService( 1575): Provider name = local_database shouldbeEnabled = true
02-09 16:02:11.523 D/LocationManagerService( 1575): Provider name = fused shouldbeEnabled = true
02-09 16:02:11.523 D/GpsFreezeProc( 1575): refreshPackageWhitelist pkgs-count:0 , type = 4
02-09 16:02:11.523 D/LocationManagerService( 1575): Provider name = network shouldbeEnabled = true
02-09 16:02:11.524 D/LocationManagerService( 1575): Provider name = gps shouldbeEnabled = true
02-09 16:02:11.524 D/LocationManagerService( 1575): Provider name = passive shouldbeEnabled = true
02-09 16:02:11.524 D/HwQuickTTFFMonitor-V2018.8.27( 1575): DisableList 0
02-09 16:02:11.524 I/APwSendOutList( 2186): no wifi sleep list
02-09 16:02:11.524 I/PGConfigUpdateManager( 2186): clear wifi_apps_whitelist
02-09 16:02:11.524 I/PGConfigUpdateManager( 2186): clear wifi_sleep_list
02-09 16:02:11.524 D/HwQuickTTFFMonitor-V2018.8.27( 1575):  QuickttffDisableList []
02-09 16:02:11.744 E/LOGSERVER_UTILS(  907): [Erecovery]readEvent: eRecEventManager readEvent 0
02-09 16:02:12.544 E/Thermal-daemon(  891): [ap] temp_new :32  temp_old :34
02-09 16:02:12.545 E/Thermal-daemon(  891): Report temperature: [ap] temp :32  report_threshold:1
02-09 16:02:12.616 I/TrafficMonitor( 1575): update:rxPkts:6,txPkts:0,rxBytes:626,txBytes:0
02-09 16:02:12.616 I/TrafficMonitor( 1575): start expired. level:-1
02-09 16:02:12.616 I/TrafficMonitor( 1575): gettimer:interval=2000
02-09 16:02:12.781 E/LOGSERVER_UTILS(  907): [Erecovery]readEvent: eRecEventManager readEvent 0
02-09 16:02:13.246 E/WifiHAL (  652): enter wifi_get_link_stats
02-09 16:02:13.261 E/WificondControl( 1575): Noise: -94, Snr: 0, Chload: -1
02-09 16:02:13.266 D/WifiScoreReport( 1575): Score = 60, wifiConnectivityManagerEnabled = false, lowScoreCount = 0
02-09 16:02:13.510 I/Net.6786NetworkSpeedMan( 1924): mIsStop = false
02-09 16:02:13.511 I/Net.6787NetworkSpeedMan( 1924):  runInThread getTetherStats
02-09 16:02:13.517 I/Net.6787NetworkSpeedMan( 1924):  runInUI refreshSpeed
02-09 16:02:13.518 I/Net.6787NetworkSpeedMan( 1924): value=208.66667speed = 209B/smIsShowLastSpeedValuefalse
02-09 16:02:13.519 I/NetworkSpeedView( 1924): /update(), speed=209B/s
02-09 16:02:13.520 I/chatty  ( 1924): uid=10037(com.huawei.HwMultiScreenShot) com.android.systemui identical 2 lines
02-09 16:02:13.520 I/NetworkSpeedView( 1924): /update(), speed=209B/s
02-09 16:02:13.609 I/TrafficMonitor( 1575): expired arrive. level:-1
02-09 16:02:13.609 I/TrafficMonitor( 1575): during_ms:2004,period_ms:2000
02-09 16:02:13.609 I/TrafficMonitor( 1575): count:620,rx_sum:6,tx_sum:0,rxBytes:626,during_ms:2004,rx_speed:312.375249500998,tx_speed:0.0,rto:0.0
02-09 16:02:13.742 D/hw_netstat( 1575): total/2377/0,unknown:0/2377/0
02-09 16:02:13.789 E/LOGSERVER_UTILS(  907): [Erecovery]readEvent: eRecEventManager readEvent 0
02-09 16:02:14.619 I/TrafficMonitor( 1575): update:rxPkts:4,txPkts:0,rxBytes:404,txBytes:0
02-09 16:02:14.619 I/TrafficMonitor( 1575): start expired. level:-1
02-09 16:02:14.619 I/TrafficMonitor( 1575): gettimer:interval=2000
02-09 16:02:14.824 E/LOGSERVER_UTILS(  907): [Erecovery]readEvent: eRecEventManager readEvent 0
02-09 16:02:15.021 W/WindowManager( 1575): removeWindowToken: Attempted to remove non-existing token: android.os.Binder@cde22bf
02-09 16:02:15.340 I/HwNaturalBase( 2140): [CommonHandler]: 21130Kb ram is used.
02-09 16:02:15.865 E/LOGSERVER_UTILS(  907): [Erecovery]readEvent: eRecEventManager readEvent 0
02-09 16:02:16.135 D/HwSelfCureEngine( 1575): periodicArpDetection signalLevel = 4, isScreenOn = true , mArpDetectionFailedCnt = 0
02-09 16:02:16.136 D/wifiserviceimpl( 1575): netmask =16711679
02-09 16:02:16.151 E/JankService(27246): child Thread receive to stop
02-09 16:02:16.178 D/HwArpUtils( 1575): getGateWayArpResult:Pair{true 11}
02-09 16:02:16.181 D/HwWifiCHRStateManager( 2101): handleMessage : 1121
02-09 16:02:16.181 E/HwCHRWifiRSSIGroupSummery( 2101): updatArpSummery mRSSI:-1  HwCHRWifiRSSIGroup [rssi_index=4, rtt_tcp_packets=0, rtt_tcp_duration=0, rtt_lan_duration=8924, rtt_lan_failures=0, rtt_lan_succ=739, rtt_lan_max=443, rtt_lan_min=2,same_area_frequency=0,adjacent_area_frequency=2]
02-09 16:02:16.254 E/JankService(  907): all data read ok
02-09 16:02:16.271 E/WifiHAL (  652): enter wifi_get_link_stats
02-09 16:02:16.284 E/WificondControl( 1575): Noise: -95, Snr: 0, Chload: -1
02-09 16:02:16.289 D/WifiScoreReport( 1575): Score = 60, wifiConnectivityManagerEnabled = false, lowScoreCount = 0
02-09 16:02:16.502 D/DeviceMonitorPowerKit( 2117): run, sCountNum is 1
02-09 16:02:16.503 D/DeviceMonitorPowerKit( 2117): interval is 139971, ElapsedRealtime is 452705350, isNeedRepeat: false
02-09 16:02:16.503 E/DeviceMonitorPowerKit( 2117): not Satify ApplyResource
02-09 16:02:16.512 I/Net.6787NetworkSpeedMan( 1924): mIsStop = false
02-09 16:02:16.512 I/Net.6788NetworkSpeedMan( 1924):  runInThread getTetherStats
02-09 16:02:16.520 I/Net.6788NetworkSpeedMan( 1924):  runInUI refreshSpeed
02-09 16:02:16.522 I/Net.6788NetworkSpeedMan( 1924): value=302.66666speed = 303B/smIsShowLastSpeedValuefalse
02-09 16:02:16.522 I/NetworkSpeedView( 1924): /update(), speed=303B/s
02-09 16:02:16.524 I/chatty  ( 1924): uid=10037(com.huawei.HwMultiScreenShot) com.android.systemui identical 2 lines
02-09 16:02:16.524 I/NetworkSpeedView( 1924): /update(), speed=303B/s
02-09 16:02:16.624 I/TrafficMonitor( 1575): update:rxPkts:5,txPkts:1,rxBytes:464,txBytes:40
02-09 16:02:16.624 I/TrafficMonitor( 1575): start expired. level:-1
02-09 16:02:16.624 I/TrafficMonitor( 1575): gettimer:interval=2000
02-09 16:02:16.902 E/LOGSERVER_UTILS(  907): [Erecovery]readEvent: eRecEventManager readEvent 0
02-09 16:02:17.910 E/LOGSERVER_UTILS(  907): [Erecovery]readEvent: eRecEventManager readEvent 0
02-09 16:02:18.631 I/TrafficMonitor( 1575): update:rxPkts:4,txPkts:0,rxBytes:484,txBytes:0
02-09 16:02:18.631 I/TrafficMonitor( 1575): start expired. level:-1
02-09 16:02:18.631 I/TrafficMonitor( 1575): gettimer:interval=2000
02-09 16:02:18.660 E/WificondControl( 1575): Noise: -95, Snr: 0, Chload: -1
02-09 16:02:18.670 D/WiFi_PRO( 1575): MSG_RETURN_AP_CURRY_RSSI rssi = -41
02-09 16:02:18.671 I/HuaweiWifiWatchdogStateMachine( 1575): POta txb txg rxg:0, 7, 0. Lr =0% Totpkt=7
02-09 16:02:18.671 I/QosMonitor( 1575): queryRtt: rtt_type = 3
02-09 16:02:18.671 I/HwUidTcpMonitor( 1575): TcpStatisticsRun run
02-09 16:02:18.672 I/QosMonitor( 1575): postEventFromNative: msg=100,arg1=4,arg2=10
02-09 16:02:18.672 I/QosMonitor( 1575): postEventFromNative: msg=100,arg1=0,arg2=10
02-09 16:02:18.674 I/HuaweiWifiWatchdogStateMachine( 1575): PTcp RTT:0, rtt pkt=0, tcp_rx=1, tcp_tx=1, tcp_reTran=0, rtRate=0
02-09 16:02:18.674 I/MQoS    ( 1575): rtt=356,tcp_tx_pkts=3861465,tcp_rx_pkts=7268722
02-09 16:02:18.675 D/HwUidTcpMonitor( 1575): parseWlanUidTcpStatistics lastUidTcpStatInfo = [ mUid = 10068 mPacketName = com.opencode.voiceassist mSendSegs = 216 mResendSegs = 0 mRcvSegs = 244 ]
02-09 16:02:18.678 D/HuaweiWifiWatchdogStateMachine( 1575): EVENT_STORE_HISTORY_QUALITY triggered!
02-09 16:02:18.678 D/HuaweiWifiWatchdogStateMachine( 1575): save bssid:9c:2b:**:**:86:5f history record, mEntriesSize = 46
02-09 16:02:18.679 D/WifiProHistoryDBManager( 1575): addOrUpdateApQualityRcd enter.
02-09 16:02:18.683 I/MQoS    ( 1575): QOS_level:0(0),wifi-link;SIM error;use level-0
02-09 16:02:18.684 D/WifiProHistoryDBManager( 1575): checkHistoryRecordExist read from:WifiProApQualityTable, get record: 1
02-09 16:02:18.691 D/WifiProHistoryDBManager( 1575): updateApQualityRcd update succ, rowChg=1
02-09 16:02:18.691 I/WifiProHistoryRecordManager( 1575): saveApQualityRecord succ.
02-09 16:02:18.918 E/LOGSERVER_UTILS(  907): [Erecovery]readEvent: eRecEventManager readEvent 0
02-09 16:02:19.051 I/HwNaturalBase( 2140): [Timer-0]: MultiUserManagerService:  getNotActiveUser start
02-09 16:02:19.290 E/WifiHAL (  652): enter wifi_get_link_stats
02-09 16:02:19.308 E/WificondControl( 1575): Noise: -95, Snr: 0, Chload: -1
02-09 16:02:19.314 D/WifiScoreReport( 1575): Score = 60, wifiConnectivityManagerEnabled = false, lowScoreCount = 0
02-09 16:02:19.514 I/Net.6788NetworkSpeedMan( 1924): mIsStop = false
02-09 16:02:19.514 I/Net.6789NetworkSpeedMan( 1924):  runInThread getTetherStats
02-09 16:02:19.521 I/Net.6789NetworkSpeedMan( 1924):  runInUI refreshSpeed
02-09 16:02:19.522 I/Net.6789NetworkSpeedMan( 1924): value=185.0speed = 185B/smIsShowLastSpeedValuefalse
02-09 16:02:19.522 I/NetworkSpeedView( 1924): /update(), speed=185B/s
02-09 16:02:19.614 W/Watchdog( 1575): hungtask: writing kick
02-09 16:02:19.524 I/chatty  ( 1924): uid=10037(com.huawei.HwMultiScreenShot) com.android.systemui identical 2 lines
02-09 16:02:19.524 I/NetworkSpeedView( 1924): /update(), speed=185B/s
02-09 16:02:19.616 I/EventHub( 1575): EventHub monitor: no key events in the past 20508s, no motion events in the past 536s
02-09 16:02:19.621 I/TrafficMonitor( 1575): expired arrive. level:-1
02-09 16:02:19.621 I/TrafficMonitor( 1575): during_ms:2007,period_ms:2000
02-09 16:02:19.621 I/TrafficMonitor( 1575): count:623,rx_sum:4,tx_sum:0,rxBytes:484,during_ms:2007,rx_speed:241.15595416043845,tx_speed:0.0,rto:0.0
02-09 16:02:19.958 E/LOGSERVER_UTILS(  907): [Erecovery]readEvent: eRecEventManager readEvent 0
02-09 16:02:20.085 E/HwWifiStatStore( 2101): getTemperatureCtrlParam Enter
02-09 16:02:20.088 E/HwWifiStatStore( 2101): temStatLines size 6
02-09 16:02:20.089 D/HwWifiStatStore( 2101): writeWifiStatToDataBase
02-09 16:02:20.091 D/HwWifiStatStore( 2101): updateDFT2StabilityParam mSSIDStatList size is .1
02-09 16:02:20.093 D/NcWifiDFTManager( 2101): handled event 1000
02-09 16:02:20.093 D/NcWifiDFTManager( 2101): HwWifiDFTEventConst.EID_STABILITYSTAT2
02-09 16:02:20.094 D/WifiDftDataBaseManager( 2101): addOrUpdateStatisticsRecord enter
02-09 16:02:20.094 D/WifiDftDataBaseManager( 2101): checkIfStatisticsRecordExist enter
02-09 16:02:20.100 D/WifiDftDataBaseManager( 2101): checkIfStatisticsRecordExist read from:WifiStatistics, get record: 1
02-09 16:02:20.100 D/WifiDftDataBaseManager( 2101): updateStatisticsRecord enter
02-09 16:02:20.108 D/WifiDftDataBaseManager( 2101): updateStatisticsRecord update succ, rowChg=1
02-09 16:02:20.108 D/HwWifiStatStore( 2101): clearStatInfo enter
02-09 16:02:20.108 D/NcWifiDFTManager( 2101): handled event 1000
02-09 16:02:20.108 D/HwWifiStatStore( 2101): setAPSSID: "ETSME-RD"
02-09 16:02:20.108 D/HwWifiStatStore( 2101): setAPKActionName mCurAPKAction is null: com.huawei.lbs
02-09 16:02:20.108 D/WifiDftDataBaseManager( 2101): addOrUpdateSSIDStatisticsRecord enter
02-09 16:02:20.108 D/WifiDftDataBaseManager( 2101): checkIfSSIDStatisticsRcdExist enter
02-09 16:02:20.109 I/NetworkStats( 1575): openSessionForUsageStats, pid = 2101, pkg = com.huawei.hiview
02-09 16:02:20.110 I/NetworkStats( 1575): openSessionInternal,pid = 2101
02-09 16:02:20.112 I/NetworkStats( 1575): performPollLocked, pid = 1575
02-09 16:02:20.112 D/WifiDftDataBaseManager( 2101): checkIfSSIDStatisticsRcdExist read from:WifiSSIDStatistics, get record: 1
02-09 16:02:20.112 D/WifiDftDataBaseManager( 2101): updateSSIDStatisticsRecord enter
02-09 16:02:20.119 D/WifiDftDataBaseManager( 2101): updateSSIDStatisticsRecord update succ, rowChg=1
02-09 16:02:20.119 D/NcWifiDFTManager( 2101):  HwWifiDFTEventConst.EID_STABILITYSSIDSTAT2
02-09 16:02:20.119 D/NcWifiDFTManager( 2101): handled event 1000
02-09 16:02:20.119 D/NcWifiDFTManager( 2101):  HwWifiDFTEventConst.EID_WIFIAPK_ACION
02-09 16:02:20.119 E/NcWifiDFTManager( 2101): WifiDftAPKActionRcd's , mApkName :com.huawei.lbs mDSCPCnt[i] = 0
02-09 16:02:20.119 I/chatty  ( 2101): uid=1000(system) NcWifiDFTManage identical 2 lines
02-09 16:02:20.119 E/NcWifiDFTManager( 2101): WifiDftAPKActionRcd's , mApkName :com.huawei.lbs mDSCPCnt[i] = 0
02-09 16:02:20.119 D/WifiDftDataBaseManager( 2101): addOrUpdateAPKActionRecord enter
02-09 16:02:20.119 D/WifiDftDataBaseManager( 2101): checkIfAPKActionRcdExist enter
02-09 16:02:20.121 D/WifiDftDataBaseManager( 2101): checkIfSSIDStatisticsRcdExist read from:StatusChangedByAPK, get record: 1
02-09 16:02:20.121 D/WifiDftDataBaseManager( 2101): updateAPKActionRecord enter
02-09 16:02:20.125 D/WifiDftDataBaseManager( 2101): updateAPKActionRecord update succ, rowChg=1
02-09 16:02:20.125 D/NcWifiDFTManager( 2101): handled event 1000
02-09 16:02:20.125 D/WifiDftDataBaseManager( 2101): addOrUpdateSunsetRecord enter
02-09 16:02:20.125 D/WifiDftDataBaseManager( 2101): checkIfSunsetRecordExist enter
02-09 16:02:20.127 D/WifiDftDataBaseManager( 2101): checkIfSunsetRecordExist read from:WifiSunset, get record: 1
02-09 16:02:20.129 D/WifiDftDataBaseManager( 2101): updateSunsetRecord update succ, rowChg=1
02-09 16:02:20.144 W/NetworkStatsFactory( 1575): mStatsXtProcUid: /proc/net/comm/stats does not exist!
02-09 16:02:20.145 D/HwNetworkStatsService( 1575): hwRecordUidAndProcSnapshotLocked currentTime = 1770624137492
02-09 16:02:20.161 I/NetworkStatsFactory( 1575): javaReadNetworkStatsUidAndProcDetail. cost time = 15
02-09 16:02:20.168 D/HwNetworkStatsService( 1575): hwMaybeUidAndProcPersistLocked currentTime = 1770624137492
02-09 16:02:20.188 I/NetworkStats( 1575): openSessionForUsageStats, pid = 2101, pkg = com.huawei.hiview
02-09 16:02:20.189 I/NetworkStats( 1575): openSessionInternal,pid = 2101
02-09 16:02:20.190 I/NetworkStats( 1575): performPollLocked, pid = 1575
02-09 16:02:20.217 W/NetworkStatsFactory( 1575): mStatsXtProcUid: /proc/net/comm/stats does not exist!
02-09 16:02:20.217 D/HwNetworkStatsService( 1575): hwRecordUidAndProcSnapshotLocked currentTime = 1770624137571
02-09 16:02:20.228 E/HSM_BG  ( 4721): NormalTrafficAnalysis:alert byte = 0, so return
02-09 16:02:20.234 I/NetworkStatsFactory( 1575): javaReadNetworkStatsUidAndProcDetail. cost time = 17
02-09 16:02:20.239 D/HwNetworkStatsService( 1575): hwMaybeUidAndProcPersistLocked currentTime = 1770624137571
02-09 16:02:20.255 D/UsbSettingsService(26152): handleMessage, msg.what = 4
02-09 16:02:20.255 D/UsbSettingsService(26152): receive message to check monkey running.
02-09 16:02:20.286 E/HSM_BG  ( 4721): NormalTrafficAnalysis:alert byte = 0, so return
02-09 16:02:20.634 I/TrafficMonitor( 1575): update:rxPkts:5,txPkts:0,rxBytes:883,txBytes:0
02-09 16:02:20.634 I/TrafficMonitor( 1575): start expired. level:-1
02-09 16:02:20.634 I/TrafficMonitor( 1575): gettimer:interval=2000
02-09 16:02:20.999 E/LOGSERVER_UTILS(  907): [Erecovery]readEvent: eRecEventManager readEvent 0
02-09 16:02:22.185 I/HwBatteryService( 1575): quick charge status : 0
02-09 16:02:22.185 D/HwBatteryService( 1575): onUEvent fcpStatus = 0
02-09 16:02:22.186 D/HwBatteryService( 1575): onUEvent scpStatus = 0 ,ovpStatus = 0
02-09 16:02:22.186 I/HwBatteryService( 1575): handleWirelessTxStatus
02-09 16:02:22.186 I/HwBatteryService( 1575): switch not open, return, mWirelessTxFlag : 0
02-09 16:02:22.187 I/UsbDeviceManager( 1575): water_intrused state= 0
02-09 16:02:22.317 E/WifiHAL (  652): enter wifi_get_link_stats
02-09 16:02:22.333 E/WificondControl( 1575): Noise: -95, Snr: 0, Chload: -1
02-09 16:02:22.339 D/WifiScoreReport( 1575): Score = 60, wifiConnectivityManagerEnabled = false, lowScoreCount = 0
02-09 16:02:22.517 I/Net.6789NetworkSpeedMan( 1924): mIsStop = false
02-09 16:02:22.518 I/Net.6790NetworkSpeedMan( 1924):  runInThread getTetherStats
02-09 16:02:22.526 I/Net.6790NetworkSpeedMan( 1924):  runInUI refreshSpeed
02-09 16:02:22.527 I/Net.6790NetworkSpeedMan( 1924): value=351.33334speed = 351B/smIsShowLastSpeedValuefalse
02-09 16:02:22.528 I/NetworkSpeedView( 1924): /update(), speed=351B/s
02-09 16:02:22.529 I/chatty  ( 1924): uid=10037(com.huawei.HwMultiScreenShot) com.android.systemui identical 2 lines
02-09 16:02:22.529 I/NetworkSpeedView( 1924): /update(), speed=351B/s
02-09 16:02:22.552 E/Thermal-daemon(  891): [ap] temp_new :31  temp_old :32
02-09 16:02:22.558 E/Thermal-daemon(  891): Report temperature: [ap] temp :31  report_threshold:1
02-09 16:02:22.638 I/TrafficMonitor( 1575): update:rxPkts:3,txPkts:0,rxBytes:363,txBytes:0
02-09 16:02:22.638 I/TrafficMonitor( 1575): start expired. level:-1
02-09 16:02:22.638 I/TrafficMonitor( 1575): gettimer:interval=2000
02-09 16:02:23.079 E/LOGSERVER_UTILS(  907): [Erecovery]readEvent: eRecEventManager readEvent 0
02-09 16:02:23.757 D/hw_netstat( 1575): total/2406/40,unknown:0/2366/0,com.baidu.input_huawei/40/40
02-09 16:02:24.096 E/LOGSERVER_UTILS(  907): [Erecovery]readEvent: eRecEventManager readEvent 0
02-09 16:02:24.642 I/TrafficMonitor( 1575): update:rxPkts:3,txPkts:0,rxBytes:363,txBytes:0
02-09 16:02:24.642 I/TrafficMonitor( 1575): start expired. level:-1
02-09 16:02:24.642 I/TrafficMonitor( 1575): gettimer:interval=2000
02-09 16:02:25.110 E/LOGSERVER_UTILS(  907): [Erecovery]readEvent: eRecEventManager readEvent 0
02-09 16:02:25.343 E/WifiHAL (  652): enter wifi_get_link_stats
02-09 16:02:25.357 E/WificondControl( 1575): Noise: -95, Snr: 0, Chload: -1
02-09 16:02:25.363 D/WifiScoreReport( 1575): Score = 60, wifiConnectivityManagerEnabled = false, lowScoreCount = 0
02-09 16:02:25.518 I/Net.6790NetworkSpeedMan( 1924): mIsStop = false
02-09 16:02:25.519 I/Net.6791NetworkSpeedMan( 1924):  runInThread getTetherStats
02-09 16:02:25.525 I/Net.6791NetworkSpeedMan( 1924):  runInUI refreshSpeed
02-09 16:02:25.526 I/Net.6791NetworkSpeedMan( 1924): value=161.33333speed = 161B/smIsShowLastSpeedValuefalse
02-09 16:02:25.527 I/NetworkSpeedView( 1924): /update(), speed=161B/s
02-09 16:02:25.528 I/chatty  ( 1924): uid=10037(com.huawei.HwMultiScreenShot) com.android.systemui identical 2 lines
02-09 16:02:25.528 I/NetworkSpeedView( 1924): /update(), speed=161B/s
02-09 16:02:25.636 I/TrafficMonitor( 1575): expired arrive. level:-1
02-09 16:02:25.637 I/TrafficMonitor( 1575): during_ms:2004,period_ms:2000
02-09 16:02:25.637 I/TrafficMonitor( 1575): count:626,rx_sum:3,tx_sum:0,rxBytes:363,during_ms:2004,rx_speed:181.1377245508982,tx_speed:0.0,rto:0.0
02-09 16:02:26.147 E/LOGSERVER_UTILS(  907): [Erecovery]readEvent: eRecEventManager readEvent 0
02-09 16:02:26.645 I/TrafficMonitor( 1575): update:rxPkts:2,txPkts:0,rxBytes:242,txBytes:0
02-09 16:02:26.645 I/TrafficMonitor( 1575): start expired. level:-1
02-09 16:02:26.645 I/TrafficMonitor( 1575): gettimer:interval=2000
02-09 16:02:26.668 E/WificondControl( 1575): Noise: -95, Snr: 0, Chload: -1
02-09 16:02:26.679 D/WiFi_PRO( 1575): MSG_RETURN_AP_CURRY_RSSI rssi = -40
02-09 16:02:26.679 I/QosMonitor( 1575): queryRtt: rtt_type = 3
02-09 16:02:26.680 D/HuaweiWifiWatchdogStateMachine( 1575): high data flow: protection_counter = 0,  not_detect_counter = 689
02-09 16:02:26.680 D/HuaweiWifiWatchdogStateMachine( 1575): high data flow scenario: 0 --> 0 rx bytes =13KB
02-09 16:02:26.680 I/HuaweiWifiWatchdogStateMachine( 1575): POta txb txg rxg:0, 7, 0. Lr =0% Totpkt=7
02-09 16:02:26.680 I/HwUidTcpMonitor( 1575): TcpStatisticsRun run
02-09 16:02:26.681 I/QosMonitor( 1575): postEventFromNative: msg=100,arg1=4,arg2=10
02-09 16:02:26.681 I/QosMonitor( 1575): postEventFromNative: msg=100,arg1=0,arg2=10
02-09 16:02:26.681 I/MQoS    ( 1575): rtt=356,tcp_tx_pkts=3861465,tcp_rx_pkts=7268722
02-09 16:02:26.683 I/HuaweiWifiWatchdogStateMachine( 1575): PTcp RTT:0, rtt pkt=0, tcp_rx=0, tcp_tx=0, tcp_reTran=0, rtRate=0
02-09 16:02:26.687 I/MQoS    ( 1575): QOS_level:0(0),wifi-link;SIM error;use level-0
02-09 16:02:27.169 E/LOGSERVER_UTILS(  907): [Erecovery]readEvent: eRecEventManager readEvent 0
02-09 16:02:27.560 E/Thermal-daemon(  891): [charger_ic] temp_new :29  temp_old :30
02-09 16:02:27.563 E/Thermal-daemon(  891): Report temperature: [charger_ic] temp :29  report_threshold:1
02-09 16:02:27.877 E/HiDATA_HiNetwork( 1575): send message, messageType is :9
02-09 16:02:28.181 E/LOGSERVER_UTILS(  907): [Erecovery]readEvent: eRecEventManager readEvent 0
02-09 16:02:28.367 E/WifiHAL (  652): enter wifi_get_link_stats
02-09 16:02:28.383 E/WificondControl( 1575): Noise: -95, Snr: 0, Chload: -1
02-09 16:02:28.388 D/WifiScoreReport( 1575): Score = 60, wifiConnectivityManagerEnabled = false, lowScoreCount = 0
02-09 16:02:28.520 I/Net.6791NetworkSpeedMan( 1924): mIsStop = false
02-09 16:02:28.520 I/Net.6792NetworkSpeedMan( 1924):  runInThread getTetherStats
02-09 16:02:28.526 I/Net.6792NetworkSpeedMan( 1924):  runInUI refreshSpeed
02-09 16:02:28.528 I/Net.6792NetworkSpeedMan( 1924): value=215.66667speed = 216B/smIsShowLastSpeedValuefalse
02-09 16:02:28.528 I/NetworkSpeedView( 1924): /update(), speed=216B/s
02-09 16:02:28.529 I/chatty  ( 1924): uid=10037(com.huawei.HwMultiScreenShot) com.android.systemui identical 2 lines
02-09 16:02:28.529 I/NetworkSpeedView( 1924): /update(), speed=216B/s
02-09 16:02:28.649 I/TrafficMonitor( 1575): update:rxPkts:5,txPkts:0,rxBytes:647,txBytes:0
02-09 16:02:28.649 I/TrafficMonitor( 1575): start expired. level:-1
02-09 16:02:28.649 I/TrafficMonitor( 1575): gettimer:interval=2000
02-09 16:02:28.925 I/SmartChgBase/Arb_HidlParam( 4721): Apply Skipped: IsApplyExcept return true. [moduleName:ASW, param:dc_vterm_dec, detailsWithValue:source=trigger;event=heartbeat;chargestatus=start;value=0;]
02-09 16:02:28.926 I/SmartChgBase/Arb_HidlParam( 4721): Apply Skipped: IsApplyExcept return true. [moduleName:ASW, param:nondc_vterm_dec, detailsWithValue:source=trigger;event=heartbeat;chargestatus=start;value=0;]
02-09 16:02:28.926 I/SmartChgBase/Arb_HidlParam( 4721): Apply Skipped: IsApplyExcept return true. [moduleName:ASW, param:soc_control, detailsWithValue:source=trigger;event=heartbeat;chargestatus=start;value=1 95 100 1 1;]
02-09 16:02:29.206 E/LOGSERVER_UTILS(  907): [Erecovery]readEvent: eRecEventManager readEvent 0
02-09 16:02:30.218 E/LOGSERVER_UTILS(  907): [Erecovery]readEvent: eRecEventManager readEvent 0
02-09 16:02:30.653 I/TrafficMonitor( 1575): update:rxPkts:4,txPkts:1,rxBytes:282,txBytes:40
02-09 16:02:30.653 I/TrafficMonitor( 1575): start expired. level:-1
02-09 16:02:30.653 I/TrafficMonitor( 1575): gettimer:interval=2000
02-09 16:02:31.254 E/LOGSERVER_UTILS(  907): [Erecovery]readEvent: eRecEventManager readEvent 0
02-09 16:02:31.393 E/WifiHAL (  652): enter wifi_get_link_stats
02-09 16:02:31.412 E/WificondControl( 1575): Noise: -95, Snr: 0, Chload: -1
02-09 16:02:31.418 D/WifiScoreReport( 1575): Score = 60, wifiConnectivityManagerEnabled = false, lowScoreCount = 0
02-09 16:02:31.521 I/Net.6792NetworkSpeedMan( 1924): mIsStop = false
02-09 16:02:31.522 I/Net.6793NetworkSpeedMan( 1924):  runInThread getTetherStats
02-09 16:02:31.527 I/Net.6793NetworkSpeedMan( 1924):  runInUI refreshSpeed
02-09 16:02:31.529 I/Net.6793NetworkSpeedMan( 1924): value=258.66666speed = 259B/smIsShowLastSpeedValuefalse
02-09 16:02:31.529 I/NetworkSpeedView( 1924): /update(), speed=259B/s
02-09 16:02:31.530 I/chatty  ( 1924): uid=10037(com.huawei.HwMultiScreenShot) com.android.systemui identical 2 lines
02-09 16:02:31.531 I/NetworkSpeedView( 1924): /update(), speed=259B/s
02-09 16:02:31.646 I/TrafficMonitor( 1575): expired arrive. level:-1
02-09 16:02:31.647 I/TrafficMonitor( 1575): during_ms:2004,period_ms:2000
02-09 16:02:31.647 I/TrafficMonitor( 1575): count:629,rx_sum:4,tx_sum:1,rxBytes:282,during_ms:2004,rx_speed:140.7185628742515,tx_speed:19.960079840319363,rto:4.0
02-09 16:02:32.295 E/LOGSERVER_UTILS(  907): [Erecovery]readEvent: eRecEventManager readEvent 0
02-09 16:02:32.657 I/TrafficMonitor( 1575): update:rxPkts:5,txPkts:0,rxBytes:636,txBytes:0
02-09 16:02:32.657 I/TrafficMonitor( 1575): start expired. level:-1
02-09 16:02:32.657 I/TrafficMonitor( 1575): gettimer:interval=2000
02-09 16:02:32.915 W/AlarmManager( 1575): mIsScreenOn is: true, WAKEUP alarm trigger action = com.huawei.push.alarm.HEARTBEAT package name is: android tag: *walarm*:com.huawei.push.alarm.HEARTBEAT window:0 originWhen:452861733 when:452861733 maxWhen:452861733
02-09 16:02:32.926 I/PushLog110000403( 6437): [main-1]action is com.huawei.push.alarm.HEARTBEAT
02-09 16:02:32.933 I/PushLog110000403( 6437): [main-1]dispatchIntent over
02-09 16:02:32.935 V/BroadcastQueue( 1575): Finished with ordered broadcast BroadcastRecord{ed511bc u0 com.huawei.push.alarm.HEARTBEAT}
02-09 16:02:32.936 I/PushLog110000403( 6437): [ReceiverDispatcher-297]com.huawei.push.alarm.HEARTBEAT alarm trigger, expectTriggerTime:1770624152914, current trigger time:1770624152936
02-09 16:02:32.936 I/PushLog110000403( 6437): [ReceiverDispatcher-297]heartbeatArrive
02-09 16:02:32.937 I/PushLog110000403( 6437): [ReceiverDispatcher-297]heartbeatArrive, send heart beat
02-09 16:02:32.937 I/PushLog110000403( 6437): [ReceiverDispatcher-297]enter AlarmTools:setExactAlarm(intent:Intent { act=com.huawei.android.push.intent.HEARTBEAT_RSP_TIMEOUT pkg=android } interval:10000ms
02-09 16:02:32.942 I/PushLog110000403( 6437): [ReceiverDispatcher-297]setExactAlarm expectTriggerTime:1770624162942
02-09 16:02:32.953 I/PushLog110000403( 6437): [ReceiverDispatcher-297] get charging true
02-09 16:02:32.953 I/PushLog110000403( 6437): [ReceiverDispatcher-297]next Heartbeat timeout for push server is: 5 min , curHeartBeatInterval: 300000
02-09 16:02:32.953 I/PushLog110000403( 6437): [ReceiverDispatcher-297]process cmdid to send to pushSrv:46, subCmdId:FF
02-09 16:02:32.958 I/PushLog110000403( 6437): [ReceiverDispatcher-297]send msg to remote srv success
02-09 16:02:33.005 I/PushLog110000403( 6437): [SocketRead_09:32:19-313]enter cancelAlarm(Action=com.huawei.android.push.intent.RESPONSE_FAIL
02-09 16:02:33.008 I/PushLog110000403( 6437): [SocketRead_09:32:19-313]process cmdid to receive from pushSrv:47, subCmdId:FF
02-09 16:02:33.009 I/PushLog110000403( 6437): [SocketRead_09:32:19-313]enter cancelAlarm(Action=com.huawei.android.push.intent.HEARTBEAT_RSP_TIMEOUT
02-09 16:02:33.011 I/AlarmManager( 1575): remove alarm:Alarm{57bc1cb type 0 when 1770624162942 PendingIntent{f880545: PendingIntentRecord{4be095d android broadcastIntent}}android procName null} according to operation:8bf8da8
02-09 16:02:33.019 I/PushLog110000403( 6437): [SocketRead_09:32:19-313]enter adjustHeartBeat:(findHeartBeat:true,RspTimeOut:false,beatInterval:300000,bestHBSuccessCount:0,range:[180000,300000])
02-09 16:02:33.019 I/PushLog110000403( 6437): [SocketRead_09:32:19-313]judgeFindBestHB and isBestHBTimeOut: false, isOffset: false
02-09 16:02:33.020 I/PushLog110000403( 6437): [SocketRead_09:32:19-313] get charging true
02-09 16:02:33.020 I/PushLog110000403( 6437): [SocketRead_09:32:19-313]after delayHeartBeatReq, is charging, nextHeartBeatTime will be 180000ms later
02-09 16:02:33.020 I/PushLog110000403( 6437): [SocketRead_09:32:19-313]enter AlarmTools:setExactAlarm(intent:Intent { act=com.huawei.push.alarm.HEARTBEAT pkg=android } interval:180000ms
02-09 16:02:33.021 I/PushLog110000403( 6437): [SocketRead_09:32:19-313]setExactAlarm expectTriggerTime:1770624333021
02-09 16:02:33.031 I/PushLog110000403( 6437): [SocketRead_09:32:19-313]dispatchIntent over
02-09 16:02:33.032 I/PushLog110000403( 6437): [ReceiverDispatcher-297]process push message cmdid from pushSrv:47, subCmdId:FF
02-09 16:02:33.033 I/PushLog110000403( 6437): [ReceiverDispatcher-297]enter AlarmTools:setInexactAlarm(intent:Intent { act=com.huawei.action.push.intent.CHECK_CHANNEL_CYCLE pkg=android } interval:1200000ms
02-09 16:02:33.037 I/AlarmManager( 1575): remove alarm:Alarm{9f44066 type 1 when 1770625172926 PendingIntent{c6e1010: PendingIntentRecord{cfc4753 android broadcastIntent}}android procName null} according to operation:d82afa7
02-09 16:02:33.325 E/LOGSERVER_UTILS(  907): [Erecovery]readEvent: eRecEventManager readEvent 0
02-09 16:02:33.776 D/hw_netstat( 1575): total/2505/153,unknown:0/2393/0,android.uid.system:1000/72/113,com.baidu.input_huawei/40/40
02-09 16:02:34.366 E/LOGSERVER_UTILS(  907): [Erecovery]readEvent: eRecEventManager readEvent 0
02-09 16:02:34.423 E/WifiHAL (  652): enter wifi_get_link_stats
02-09 16:02:34.438 E/WificondControl( 1575): Noise: -95, Snr: 0, Chload: -1
02-09 16:02:34.444 D/WifiScoreReport( 1575): Score = 60, wifiConnectivityManagerEnabled = false, lowScoreCount = 0
02-09 16:02:34.523 I/Net.6793NetworkSpeedMan( 1924): mIsStop = false
02-09 16:02:34.523 I/Net.6794NetworkSpeedMan( 1924):  runInThread getTetherStats
02-09 16:02:34.530 I/Net.6794NetworkSpeedMan( 1924):  runInUI refreshSpeed
02-09 16:02:34.532 I/Net.6794NetworkSpeedMan( 1924): value=354.66666speed = 355B/smIsShowLastSpeedValuefalse
02-09 16:02:34.532 I/NetworkSpeedView( 1924): /update(), speed=355B/s
02-09 16:02:34.533 I/chatty  ( 1924): uid=10037(com.huawei.HwMultiScreenShot) com.android.systemui identical 2 lines
02-09 16:02:34.533 I/NetworkSpeedView( 1924): /update(), speed=355B/s
02-09 16:02:34.659 I/TrafficMonitor( 1575): update:rxPkts:6,txPkts:2,rxBytes:527,txBytes:113
02-09 16:02:34.659 I/TrafficMonitor( 1575): start expired. level:-1
02-09 16:02:34.659 I/TrafficMonitor( 1575): gettimer:interval=2000
02-09 16:02:34.674 E/WificondControl( 1575): Noise: -95, Snr: 0, Chload: -1
02-09 16:02:34.683 I/HuaweiWifiWatchdogStateMachine( 1575): POta txb txg rxg:0, 15, 0. Lr =0% Totpkt=15
02-09 16:02:34.683 D/WiFi_PRO( 1575): MSG_RETURN_AP_CURRY_RSSI rssi = -40
02-09 16:02:34.684 I/QosMonitor( 1575): queryRtt: rtt_type = 3
02-09 16:02:34.684 I/HwUidTcpMonitor( 1575): TcpStatisticsRun run
02-09 16:02:34.685 I/QosMonitor( 1575): postEventFromNative: msg=100,arg1=4,arg2=10
02-09 16:02:34.686 I/QosMonitor( 1575): postEventFromNative: msg=100,arg1=0,arg2=10
02-09 16:02:34.688 D/HwUidTcpMonitor( 1575): parseWlanUidTcpStatistics lastUidTcpStatInfo = [ mUid = 10068 mPacketName = com.opencode.voiceassist mSendSegs = 217 mResendSegs = 0 mRcvSegs = 245 ]
02-09 16:02:34.688 I/HuaweiWifiWatchdogStateMachine( 1575): PTcp RTT:0, rtt pkt=0, tcp_rx=2, tcp_tx=3, tcp_reTran=0, rtRate=0
02-09 16:02:34.688 I/MQoS    ( 1575): rtt=352,tcp_tx_pkts=3861468,tcp_rx_pkts=7268724
02-09 16:02:34.688 I/QosMonitor( 1575): resetRtt: rtt_type = 3
02-09 16:02:34.692 I/MQoS    ( 1575): QOS_level:0(0),wifi-link;SIM error;use level-0
02-09 16:02:35.400 E/LOGSERVER_UTILS(  907): [Erecovery]readEvent: eRecEventManager readEvent 0
02-09 16:02:36.409 E/LOGSERVER_UTILS(  907): [Erecovery]readEvent: eRecEventManager readEvent 0
02-09 16:02:36.502 D/DeviceMonitorPowerKit( 2117): run, sCountNum is 1
02-09 16:02:36.502 D/DeviceMonitorPowerKit( 2117): interval is 159971, ElapsedRealtime is 452705350, isNeedRepeat: false
02-09 16:02:36.502 E/DeviceMonitorPowerKit( 2117): not Satify ApplyResource
02-09 16:02:36.663 I/TrafficMonitor( 1575): update:rxPkts:5,txPkts:0,rxBytes:555,txBytes:0
02-09 16:02:36.663 I/TrafficMonitor( 1575): start expired. level:-1
02-09 16:02:36.663 I/TrafficMonitor( 1575): gettimer:interval=2000
02-09 16:02:36.735 I/Finsky  (25188): [195] com.google.android.finsky.bp.ab.run(5): Stats for Executor: BlockingExecutor com.google.android.finsky.bp.ac@14edbc1[Running, pool size = 0, active threads = 0, queued tasks = 0, completed tasks = 0]
02-09 16:02:36.736 I/Finsky  (25188): [195] com.google.android.finsky.bp.ab.run(5): Stats for Executor: LightweightExecutor com.google.android.finsky.bp.ac@dce8f66[Running, pool size = 1, active threads = 0, queued tasks = 0, completed tasks = 1]
02-09 16:02:37.410 E/LOGSERVER_UTILS(  907): [Erecovery]readEvent: eRecEventManager readEvent 0
02-09 16:02:37.449 E/WifiHAL (  652): enter wifi_get_link_stats
02-09 16:02:37.468 E/WificondControl( 1575): Noise: -95, Snr: 0, Chload: -1
02-09 16:02:37.474 D/WifiScoreReport( 1575): Score = 60, wifiConnectivityManagerEnabled = false, lowScoreCount = 0
02-09 16:02:37.524 I/Net.6794NetworkSpeedMan( 1924): mIsStop = false
02-09 16:02:37.525 I/Net.6795NetworkSpeedMan( 1924):  runInThread getTetherStats
02-09 16:02:37.531 I/Net.6795NetworkSpeedMan( 1924):  runInUI refreshSpeed
02-09 16:02:37.533 I/Net.6795NetworkSpeedMan( 1924): value=185.0speed = 185B/smIsShowLastSpeedValuefalse
02-09 16:02:37.533 I/NetworkSpeedView( 1924): /update(), speed=185B/s
02-09 16:02:37.534 I/chatty  ( 1924): uid=10037(com.huawei.HwMultiScreenShot) com.android.systemui identical 2 lines
02-09 16:02:37.534 I/NetworkSpeedView( 1924): /update(), speed=185B/s
02-09 16:02:37.559 D/ThermalTrace( 2186): saveRepeatData, app:com.opencode.voiceassist, shell:0,abient:-100
02-09 16:02:37.658 I/TrafficMonitor( 1575): expired arrive. level:-1
02-09 16:02:37.658 I/TrafficMonitor( 1575): during_ms:2004,period_ms:2000
02-09 16:02:37.658 I/TrafficMonitor( 1575): count:632,rx_sum:5,tx_sum:0,rxBytes:555,during_ms:2004,rx_speed:276.94610778443115,tx_speed:0.0,rto:0.0
02-09 16:02:38.451 E/LOGSERVER_UTILS(  907): [Erecovery]readEvent: eRecEventManager readEvent 0
02-09 16:02:38.667 I/TrafficMonitor( 1575): update:rxPkts:3,txPkts:0,rxBytes:313,txBytes:0
02-09 16:02:38.668 I/TrafficMonitor( 1575): start expired. level:-1
02-09 16:02:38.668 I/TrafficMonitor( 1575): gettimer:interval=2000
02-09 16:02:39.482 E/LOGSERVER_UTILS(  907): [Erecovery]readEvent: eRecEventManager readEvent 0
02-09 16:02:40.479 E/WifiHAL (  652): enter wifi_get_link_stats
02-09 16:02:40.498 E/WificondControl( 1575): Noise: -95, Snr: 0, Chload: -1
02-09 16:02:40.504 D/WifiScoreReport( 1575): Score = 60, wifiConnectivityManagerEnabled = false, lowScoreCount = 0
02-09 16:02:40.522 E/LOGSERVER_UTILS(  907): [Erecovery]readEvent: eRecEventManager readEvent 0
02-09 16:02:40.528 I/Net.6795NetworkSpeedMan( 1924): mIsStop = false
02-09 16:02:40.529 I/Net.6796NetworkSpeedMan( 1924):  runInThread getTetherStats
02-09 16:02:40.535 I/Net.6796NetworkSpeedMan( 1924):  runInUI refreshSpeed
02-09 16:02:40.537 I/Net.6796NetworkSpeedMan( 1924): value=405.66666speed = 406B/smIsShowLastSpeedValuefalse
02-09 16:02:40.537 I/NetworkSpeedView( 1924): /update(), speed=406B/s
02-09 16:02:40.538 I/chatty  ( 1924): uid=10037(com.huawei.HwMultiScreenShot) com.android.systemui identical 2 lines
02-09 16:02:40.538 I/NetworkSpeedView( 1924): /update(), speed=406B/s
02-09 16:02:40.671 I/TrafficMonitor( 1575): update:rxPkts:6,txPkts:0,rxBytes:1025,txBytes:0
02-09 16:02:40.672 I/TrafficMonitor( 1575): start expired. level:-1
02-09 16:02:40.672 I/TrafficMonitor( 1575): gettimer:interval=2000
02-09 16:02:40.865 I/PreDnsController(  595): canPreDnsQuery,persist.sys.predns is false!
02-09 16:02:41.373 E/JankService(27253): child Thread receive to stop
02-09 16:02:41.503 E/JankService(  907): all data read ok
02-09 16:02:41.547 E/LOGSERVER_UTILS(  907): [Erecovery]readEvent: eRecEventManager readEvent 0
02-09 16:02:41.756 I/BinderAdapter(28861): [baseinner ActivityThread.java:7779] The serviceConnection has been bind for 60s, need to unbind.
02-09 16:02:41.758 I/BinderAdapter(28861): [baseinner Looper.java:216] Trying to unbind service from com.huawei.hms.common.internal.BinderAdapter@901d66b
02-09 16:02:42.091 I/FwKamsCompat(28861): wait for ams time out for 60000 ms
