02-09 16:03:29.001 I/SmartChgBase/Arb_HidlParam( 4721): Apply Skipped: IsApplyExcept return true. [moduleName:ASW, param:nondc_vterm_dec, detailsWithValue:source=trigger;event=heartbeat;chargestatus=start;value=0;]
02-09 16:03:29.001 I/SmartChgBase/Arb_HidlParam( 4721): Apply Skipped: IsApplyExcept return true. [moduleName:ASW, param:soc_control, detailsWithValue:source=trigger;event=heartbeat;chargestatus=start;value=1 95 100 1 1;]
02-09 16:03:29.661 W/AwareLog( 1575): AwareMem_Reclaim: generateCompressList procsGroups error!
02-09 16:03:29.907 E/LOGSERVER_UTILS(  907): [Erecovery]readEvent: eRecEventManager readEvent 0
02-09 16:03:30.736 E/WificondControl( 1575): Noise: -95, Snr: 0, Chload: -1
02-09 16:03:30.747 D/WiFi_PRO( 1575): MSG_RETURN_AP_CURRY_RSSI rssi = -39
02-09 16:03:30.748 I/QosMonitor( 1575): queryRtt: rtt_type = 3
02-09 16:03:30.748 D/HuaweiWifiWatchdogStateMachine( 1575): high data flow: protection_counter = 0,  not_detect_counter = 691
02-09 16:03:30.748 D/HuaweiWifiWatchdogStateMachine( 1575): high data flow scenario: 0 --> 0 rx bytes =7KB
02-09 16:03:30.748 I/HuaweiWifiWatchdogStateMachine( 1575): POta txb txg rxg:0, 5, 0. Lr =0% Totpkt=5
02-09 16:03:30.749 I/HwUidTcpMonitor( 1575): TcpStatisticsRun run
02-09 16:03:30.749 I/QosMonitor( 1575): postEventFromNative: msg=100,arg1=4,arg2=10
02-09 16:03:30.750 I/QosMonitor( 1575): postEventFromNative: msg=100,arg1=0,arg2=10
02-09 16:03:30.750 I/MQoS    ( 1575): rtt=200,tcp_tx_pkts=3861487,tcp_rx_pkts=7268740
02-09 16:03:30.751 I/HuaweiWifiWatchdogStateMachine( 1575): PTcp RTT:0, rtt pkt=0, tcp_rx=0, tcp_tx=0, tcp_reTran=0, rtRate=0
02-09 16:03:30.756 I/MQoS    ( 1575): QOS_level:0(0),wifi-link;SIM error;use level-0
02-09 16:03:30.916 E/LOGSERVER_UTILS(  907): [Erecovery]readEvent: eRecEventManager readEvent 0
02-09 16:03:31.578 I/Net.6812NetworkSpeedMan( 1924): mIsStop = false
02-09 16:03:31.579 I/Net.6813NetworkSpeedMan( 1924):  runInThread getTetherStats
02-09 16:03:31.584 I/Net.6813NetworkSpeedMan( 1924):  runInUI refreshSpeed
02-09 16:03:31.586 I/Net.6813NetworkSpeedMan( 1924): value=255.66667speed = 256B/smIsShowLastSpeedValuefalse
02-09 16:03:31.586 I/NetworkSpeedView( 1924): /update(), speed=256B/s
02-09 16:03:31.588 I/chatty  ( 1924): uid=10037(com.huawei.HwMultiScreenShot) com.android.systemui identical 2 lines
02-09 16:03:31.588 I/NetworkSpeedView( 1924): /update(), speed=256B/s
02-09 16:03:31.887 E/JankService(27271): child Thread receive to stop
02-09 16:03:31.926 E/WifiHAL (  652): enter wifi_get_link_stats
02-09 16:03:31.941 E/WificondControl( 1575): Noise: -95, Snr: 0, Chload: -1
02-09 16:03:31.946 D/WifiScoreReport( 1575): Score = 60, wifiConnectivityManagerEnabled = false, lowScoreCount = 0
02-09 16:03:31.956 E/LOGSERVER_UTILS(  907): [Erecovery]readEvent: eRecEventManager readEvent 0
02-09 16:03:32.016 E/JankService(  907): all data read ok
02-09 16:03:32.997 E/LOGSERVER_UTILS(  907): [Erecovery]readEvent: eRecEventManager readEvent 0
02-09 16:03:33.763 I/TrafficMonitor( 1575): expired arrive. level:-1
02-09 16:03:33.765 I/TrafficMonitor( 1575): update:rxPkts:10,txPkts:0,rxBytes:1191,txBytes:0
02-09 16:03:33.766 I/TrafficMonitor( 1575): start expired. level:-1
02-09 16:03:33.766 I/TrafficMonitor( 1575): gettimer:interval=5000
02-09 16:03:33.766 I/TrafficMonitor( 1575): during_ms:5005,period_ms:2000
02-09 16:03:33.766 I/TrafficMonitor( 1575): count:656,rx_sum:10,tx_sum:0,rxBytes:1191,during_ms:5005,rx_speed:237.96203796203795,tx_speed:0.0,rto:0.0
02-09 16:03:33.892 D/hw_netstat( 1575): total/2151/0,unknown:0/2151/0
02-09 16:03:34.023 E/LOGSERVER_UTILS(  907): [Erecovery]readEvent: eRecEventManager readEvent 0
02-09 16:03:34.579 I/Net.6813NetworkSpeedMan( 1924): mIsStop = false
02-09 16:03:34.580 I/Net.6814NetworkSpeedMan( 1924):  runInThread getTetherStats
02-09 16:03:34.587 I/Net.6814NetworkSpeedMan( 1924):  runInUI refreshSpeed
02-09 16:03:34.588 I/Net.6814NetworkSpeedMan( 1924): value=246.0speed = 246B/smIsShowLastSpeedValuefalse
02-09 16:03:34.588 I/NetworkSpeedView( 1924): /update(), speed=246B/s
02-09 16:03:34.590 I/chatty  ( 1924): uid=10037(com.huawei.HwMultiScreenShot) com.android.systemui identical 2 lines
02-09 16:03:34.590 I/NetworkSpeedView( 1924): /update(), speed=246B/s
02-09 16:03:34.950 E/WifiHAL (  652): enter wifi_get_link_stats
02-09 16:03:34.966 E/WificondControl( 1575): Noise: -95, Snr: 0, Chload: -1
02-09 16:03:34.972 D/WifiScoreReport( 1575): Score = 60, wifiConnectivityManagerEnabled = false, lowScoreCount = 0
02-09 16:03:35.027 E/LOGSERVER_UTILS(  907): [Erecovery]readEvent: eRecEventManager readEvent 0
02-09 16:03:36.033 E/LOGSERVER_UTILS(  907): [Erecovery]readEvent: eRecEventManager readEvent 0
02-09 16:03:36.502 D/DeviceMonitorPowerKit( 2117): run, sCountNum is 1
02-09 16:03:36.502 D/DeviceMonitorPowerKit( 2117): interval is 219971, ElapsedRealtime is 452705350, isNeedRepeat: false
02-09 16:03:36.502 E/DeviceMonitorPowerKit( 2117): not Satify ApplyResource
02-09 16:03:36.738 I/Finsky  (25188): [195] com.google.android.finsky.bp.ab.run(5): Stats for Executor: BlockingExecutor com.google.android.finsky.bp.ac@14edbc1[Running, pool size = 0, active threads = 0, queued tasks = 0, completed tasks = 0]
02-09 16:03:36.739 I/Finsky  (25188): [195] com.google.android.finsky.bp.ab.run(5): Stats for Executor: LightweightExecutor com.google.android.finsky.bp.ac@dce8f66[Running, pool size = 1, active threads = 0, queued tasks = 0, completed tasks = 1]
02-09 16:03:37.062 E/LOGSERVER_UTILS(  907): [Erecovery]readEvent: eRecEventManager readEvent 0
02-09 16:03:37.583 I/Net.6814NetworkSpeedMan( 1924): mIsStop = false
02-09 16:03:37.584 I/Net.6815NetworkSpeedMan( 1924):  runInThread getTetherStats
02-09 16:03:37.589 I/Net.6815NetworkSpeedMan( 1924):  runInUI refreshSpeed
02-09 16:03:37.591 I/Net.6815NetworkSpeedMan( 1924): value=185.33333speed = 185B/smIsShowLastSpeedValuefalse
02-09 16:03:37.591 I/NetworkSpeedView( 1924): /update(), speed=185B/s
02-09 16:03:37.592 I/chatty  ( 1924): uid=10037(com.huawei.HwMultiScreenShot) com.android.systemui identical 2 lines
02-09 16:03:37.592 I/NetworkSpeedView( 1924): /update(), speed=185B/s
02-09 16:03:37.619 D/ThermalTrace( 2186): saveRepeatData, app:com.opencode.voiceassist, shell:0,abient:-100
02-09 16:03:37.976 E/WifiHAL (  652): enter wifi_get_link_stats
02-09 16:03:37.994 E/WificondControl( 1575): Noise: -95, Snr: 0, Chload: -1
02-09 16:03:37.999 D/WifiScoreReport( 1575): Score = 60, wifiConnectivityManagerEnabled = false, lowScoreCount = 0
02-09 16:03:38.086 E/LOGSERVER_UTILS(  907): [Erecovery]readEvent: eRecEventManager readEvent 0
02-09 16:03:38.740 E/WificondControl( 1575): Noise: -95, Snr: 0, Chload: -1
02-09 16:03:38.748 D/WiFi_PRO( 1575): MSG_RETURN_AP_CURRY_RSSI rssi = -40
02-09 16:03:38.749 I/HuaweiWifiWatchdogStateMachine( 1575): POta txb txg rxg:0, 5, 0. Lr =0% Totpkt=5
02-09 16:03:38.749 I/QosMonitor( 1575): queryRtt: rtt_type = 3
02-09 16:03:38.749 I/QosMonitor( 1575): postEventFromNative: msg=100,arg1=4,arg2=10
02-09 16:03:38.750 I/QosMonitor( 1575): postEventFromNative: msg=100,arg1=0,arg2=10
02-09 16:03:38.751 I/HuaweiWifiWatchdogStateMachine( 1575): PTcp RTT:0, rtt pkt=0, tcp_rx=0, tcp_tx=0, tcp_reTran=0, rtRate=0
02-09 16:03:38.751 I/MQoS    ( 1575): rtt=200,tcp_tx_pkts=3861487,tcp_rx_pkts=7268740
02-09 16:03:38.749 I/HwUidTcpMonitor( 1575): TcpStatisticsRun run
02-09 16:03:38.750 I/QosMonitor( 1575): postEventFromNative: msg=100,arg1=0,arg2=10
02-09 16:03:38.751 I/HuaweiWifiWatchdogStateMachine( 1575): PTcp RTT:0, rtt pkt=0, tcp_rx=0, tcp_tx=0, tcp_reTran=0, rtRate=0
02-09 16:03:38.751 I/MQoS    ( 1575): rtt=200,tcp_tx_pkts=3861487,tcp_rx_pkts=7268740
02-09 16:03:38.760 I/MQoS    ( 1575): QOS_level:0(0),wifi-link;SIM error;use level-0
02-09 16:03:38.766 I/TrafficMonitor( 1575): expired arrive. level:-1
02-09 16:03:38.768 I/TrafficMonitor( 1575): update:rxPkts:10,txPkts:0,rxBytes:1112,txBytes:0
02-09 16:03:38.768 I/TrafficMonitor( 1575): start expired. level:-1
02-09 16:03:38.768 I/TrafficMonitor( 1575): gettimer:interval=5000
02-09 16:03:38.768 I/TrafficMonitor( 1575): during_ms:5003,period_ms:2000
02-09 16:03:38.768 I/TrafficMonitor( 1575): count:657,rx_sum:10,tx_sum:0,rxBytes:1112,during_ms:5003,rx_speed:222.2666400159904,tx_speed:0.0,rto:0.0
02-09 16:03:39.129 E/LOGSERVER_UTILS(  907): [Erecovery]readEvent: eRecEventManager readEvent 0
02-09 16:03:40.156 E/LOGSERVER_UTILS(  907): [Erecovery]readEvent: eRecEventManager readEvent 0
02-09 16:03:40.586 I/Net.6815NetworkSpeedMan( 1924): mIsStop = false
02-09 16:03:40.587 I/Net.6816NetworkSpeedMan( 1924):  runInThread getTetherStats
02-09 16:03:40.595 I/Net.6816NetworkSpeedMan( 1924):  runInUI refreshSpeed
02-09 16:03:40.596 I/Net.6816NetworkSpeedMan( 1924): value=429.33334speed = 429B/smIsShowLastSpeedValuefalse
02-09 16:03:40.596 I/NetworkSpeedView( 1924): /update(), speed=429B/s
02-09 16:03:40.598 I/chatty  ( 1924): uid=10037(com.huawei.HwMultiScreenShot) com.android.systemui identical 2 lines
02-09 16:03:40.598 I/NetworkSpeedView( 1924): /update(), speed=429B/s
02-09 16:03:41.003 E/WifiHAL (  652): enter wifi_get_link_stats
02-09 16:03:41.019 E/WificondControl( 1575): Noise: -95, Snr: 0, Chload: -1
02-09 16:03:41.025 D/WifiScoreReport( 1575): Score = 60, wifiConnectivityManagerEnabled = false, lowScoreCount = 0
02-09 16:03:41.196 E/LOGSERVER_UTILS(  907): [Erecovery]readEvent: eRecEventManager readEvent 0
02-09 16:03:42.514 I/storaged(  890): storaged_t::event: storage_info refreshed.
02-09 16:03:43.234 E/LOGSERVER_UTILS(  907): [Erecovery]readEvent: eRecEventManager readEvent 0
02-09 16:03:43.588 I/Net.6816NetworkSpeedMan( 1924): mIsStop = false
02-09 16:03:43.589 I/Net.6817NetworkSpeedMan( 1924):  runInThread getTetherStats
02-09 16:03:43.598 I/Net.6817NetworkSpeedMan( 1924):  runInUI refreshSpeed
02-09 16:03:43.600 I/Net.6817NetworkSpeedMan( 1924): value=185.0speed = 185B/smIsShowLastSpeedValuefalse
02-09 16:03:43.600 I/NetworkSpeedView( 1924): /update(), speed=185B/s
02-09 16:03:43.601 I/chatty  ( 1924): uid=10037(com.huawei.HwMultiScreenShot) com.android.systemui identical 2 lines
02-09 16:03:43.602 I/NetworkSpeedView( 1924): /update(), speed=185B/s
02-09 16:03:43.770 I/TrafficMonitor( 1575): expired arrive. level:-1
02-09 16:03:43.771 I/TrafficMonitor( 1575): update:rxPkts:12,txPkts:0,rxBytes:1601,txBytes:0
02-09 16:03:43.771 I/TrafficMonitor( 1575): start expired. level:-1
02-09 16:03:43.771 I/TrafficMonitor( 1575): gettimer:interval=5000
02-09 16:03:43.772 I/TrafficMonitor( 1575): during_ms:5003,period_ms:2000
02-09 16:03:43.772 I/TrafficMonitor( 1575): count:658,rx_sum:12,tx_sum:0,rxBytes:1601,during_ms:5003,rx_speed:320.00799520287825,tx_speed:0.0,rto:0.0
02-09 16:03:43.908 D/hw_netstat( 1575): total/2804/0,unknown:0/2804/0
02-09 16:03:44.030 E/WifiHAL (  652): enter wifi_get_link_stats
02-09 16:03:44.051 E/WificondControl( 1575): Noise: -95, Snr: 0, Chload: -1
02-09 16:03:44.056 D/WifiScoreReport( 1575): Score = 60, wifiConnectivityManagerEnabled = false, lowScoreCount = 0
02-09 16:03:44.242 E/LOGSERVER_UTILS(  907): [Erecovery]readEvent: eRecEventManager readEvent 0
02-09 16:03:45.283 I/chatty  (  907): uid=0(root) erecovery-event identical 1 line
02-09 16:03:46.290 E/LOGSERVER_UTILS(  907): [Erecovery]readEvent: eRecEventManager readEvent 0
02-09 16:03:46.591 I/Net.6817NetworkSpeedMan( 1924): mIsStop = false
02-09 16:03:46.592 I/Net.6818NetworkSpeedMan( 1924):  runInThread getTetherStats
02-09 16:03:46.598 I/Net.6818NetworkSpeedMan( 1924):  runInUI refreshSpeed
02-09 16:03:46.599 I/Net.6818NetworkSpeedMan( 1924): value=235.66667speed = 236B/smIsShowLastSpeedValuefalse
02-09 16:03:46.599 I/NetworkSpeedView( 1924): /update(), speed=236B/s
02-09 16:03:46.601 I/chatty  ( 1924): uid=10037(com.huawei.HwMultiScreenShot) com.android.systemui identical 2 lines
02-09 16:03:46.601 I/NetworkSpeedView( 1924): /update(), speed=236B/s
02-09 16:03:46.756 E/WificondControl( 1575): Noise: -95, Snr: 0, Chload: -1
02-09 16:03:46.764 I/HuaweiWifiWatchdogStateMachine( 1575): POta txb txg rxg:0, 5, 0. Lr =0% Totpkt=5
02-09 16:03:46.764 D/WiFi_PRO( 1575): MSG_RETURN_AP_CURRY_RSSI rssi = -41
02-09 16:03:46.765 I/QosMonitor( 1575): queryRtt: rtt_type = 3
02-09 16:03:46.765 I/HwUidTcpMonitor( 1575): TcpStatisticsRun run
02-09 16:03:46.765 I/QosMonitor( 1575): postEventFromNative: msg=100,arg1=4,arg2=10
02-09 16:03:46.766 I/QosMonitor( 1575): postEventFromNative: msg=100,arg1=0,arg2=10
02-09 16:03:46.771 I/MQoS    ( 1575): QOS_level:0(0),wifi-link;SIM error;use level-0
02-09 16:03:46.772 I/MQoS    ( 1575): rtt=200,tcp_tx_pkts=3861487,tcp_rx_pkts=7268740
02-09 16:03:46.772 I/HuaweiWifiWatchdogStateMachine( 1575): PTcp RTT:0, rtt pkt=0, tcp_rx=0, tcp_tx=0, tcp_reTran=0, rtRate=0
02-09 16:03:47.058 E/WifiHAL (  652): enter wifi_get_link_stats
02-09 16:03:47.078 E/WificondControl( 1575): Noise: -95, Snr: 0, Chload: -1
02-09 16:03:47.084 D/WifiScoreReport( 1575): Score = 60, wifiConnectivityManagerEnabled = false, lowScoreCount = 0
02-09 16:03:47.298 E/LOGSERVER_UTILS(  907): [Erecovery]readEvent: eRecEventManager readEvent 0
02-09 16:03:47.689 I/NetworkStatsManager( 9119): querySummary callingPid = 9119
02-09 16:03:47.690 I/NetworkStats( 1575): openSessionForUsageStats, pid = 9119, pkg = com.tencent.mm
02-09 16:03:47.690 I/NetworkStats( 1575): openSessionInternal,pid = 9119
02-09 16:03:47.692 I/NetworkStats( 1575): performPollLocked, pid = 1575
02-09 16:03:47.724 W/NetworkStatsFactory( 1575): mStatsXtProcUid: /proc/net/comm/stats does not exist!
02-09 16:03:47.725 D/HwNetworkStatsService( 1575): hwRecordUidAndProcSnapshotLocked currentTime = 1770624225072
02-09 16:03:47.742 I/NetworkStatsFactory( 1575): javaReadNetworkStatsUidAndProcDetail. cost time = 17
02-09 16:03:47.748 D/HwNetworkStatsService( 1575): hwMaybeUidAndProcPersistLocked currentTime = 1770624225072
02-09 16:03:47.762 I/NetworkStats( 1575): openSessionForUsageStats, pid = 9119, pkg = com.tencent.mm
02-09 16:03:47.793 E/HSM_BG  ( 4721): NormalTrafficAnalysis:alert byte = 0, so return
02-09 16:03:48.340 E/LOGSERVER_UTILS(  907): [Erecovery]readEvent: eRecEventManager readEvent 0
02-09 16:03:48.774 I/TrafficMonitor( 1575): expired arrive. level:-1
02-09 16:03:48.776 I/TrafficMonitor( 1575): update:rxPkts:10,txPkts:2,rxBytes:1070,txBytes:111
02-09 16:03:48.776 I/TrafficMonitor( 1575): start expired. level:-1
02-09 16:03:48.776 I/TrafficMonitor( 1575): gettimer:interval=2000
02-09 16:03:48.776 I/TrafficMonitor( 1575): during_ms:5005,period_ms:2000
02-09 16:03:48.776 I/TrafficMonitor( 1575): count:659,rx_sum:10,tx_sum:2,rxBytes:1070,during_ms:5005,rx_speed:213.78621378621378,tx_speed:22.17782217782218,rto:5.0
02-09 16:03:49.377 E/LOGSERVER_UTILS(  907): [Erecovery]readEvent: eRecEventManager readEvent 0
02-09 16:03:49.593 I/Net.6818NetworkSpeedMan( 1924): mIsStop = false
02-09 16:03:49.593 I/Net.6819NetworkSpeedMan( 1924):  runInThread getTetherStats
02-09 16:03:49.599 I/Net.6819NetworkSpeedMan( 1924):  runInUI refreshSpeed
02-09 16:03:49.601 I/Net.6819NetworkSpeedMan( 1924): value=158.0speed = 158B/smIsShowLastSpeedValuefalse
02-09 16:03:49.601 I/NetworkSpeedView( 1924): /update(), speed=158B/s
02-09 16:03:49.624 W/Watchdog( 1575): hungtask: writing kick
02-09 16:03:49.628 I/EventHub( 1575): EventHub monitor: no key events in the past 20598s, no motion events in the past 626s
02-09 16:03:50.089 E/WifiHAL (  652): enter wifi_get_link_stats
02-09 16:03:50.106 E/WificondControl( 1575): Noise: -95, Snr: 0, Chload: -1
02-09 16:03:50.111 D/WifiScoreReport( 1575): Score = 60, wifiConnectivityManagerEnabled = false, lowScoreCount = 0
02-09 16:03:50.377 E/LOGSERVER_UTILS(  907): [Erecovery]readEvent: eRecEventManager readEvent 0
02-09 16:03:50.779 I/TrafficMonitor( 1575): update:rxPkts:3,txPkts:0,rxBytes:332,txBytes:0
02-09 16:03:50.780 I/TrafficMonitor( 1575): start expired. level:-1
02-09 16:03:50.780 I/TrafficMonitor( 1575): gettimer:interval=2000
02-09 16:03:51.394 E/LOGSERVER_UTILS(  907): [Erecovery]readEvent: eRecEventManager readEvent 0
02-09 16:03:52.404 E/LOGSERVER_UTILS(  907): [Erecovery]readEvent: eRecEventManager readEvent 0
02-09 16:03:52.596 I/Net.6819NetworkSpeedMan( 1924): mIsStop = false
02-09 16:03:52.597 I/Net.6820NetworkSpeedMan( 1924):  runInThread getTetherStats
02-09 16:03:52.604 I/Net.6820NetworkSpeedMan( 1924):  runInUI refreshSpeed
02-09 16:03:52.606 I/Net.6820NetworkSpeedMan( 1924): value=215.0speed = 215B/smIsShowLastSpeedValuefalse
02-09 16:03:52.606 I/NetworkSpeedView( 1924): /update(), speed=215B/s
02-09 16:03:52.608 I/chatty  ( 1924): uid=10037(com.huawei.HwMultiScreenShot) com.android.systemui identical 2 lines
02-09 16:03:52.608 I/NetworkSpeedView( 1924): /update(), speed=215B/s
02-09 16:03:52.784 I/TrafficMonitor( 1575): update:rxPkts:3,txPkts:0,rxBytes:313,txBytes:0
02-09 16:03:52.784 I/TrafficMonitor( 1575): start expired. level:-1
02-09 16:03:52.784 I/TrafficMonitor( 1575): gettimer:interval=2000
02-09 16:03:53.117 E/WifiHAL (  652): enter wifi_get_link_stats
02-09 16:03:53.136 E/WificondControl( 1575): Noise: -95, Snr: 0, Chload: -1
02-09 16:03:53.142 D/WifiScoreReport( 1575): Score = 60, wifiConnectivityManagerEnabled = false, lowScoreCount = 0
02-09 16:03:53.441 E/LOGSERVER_UTILS(  907): [Erecovery]readEvent: eRecEventManager readEvent 0
02-09 16:03:53.777 I/TrafficMonitor( 1575): expired arrive. level:-1
02-09 16:03:53.777 I/TrafficMonitor( 1575): during_ms:2005,period_ms:2000
02-09 16:03:53.778 I/TrafficMonitor( 1575): count:661,rx_sum:3,tx_sum:0,rxBytes:313,during_ms:2005,rx_speed:156.10972568578555,tx_speed:0.0,rto:0.0
02-09 16:03:53.930 D/hw_netstat( 1575): total/1866/111,unknown:0/1866/0,com.huawei.hwid/0/111
02-09 16:03:54.346 I/HwBatteryService( 1575): quick charge status : 0
02-09 16:03:54.346 D/HwBatteryService( 1575): onUEvent fcpStatus = 0
02-09 16:03:54.346 D/HwBatteryService( 1575): onUEvent scpStatus = 0 ,ovpStatus = 0
02-09 16:03:54.347 I/HwBatteryService( 1575): handleWirelessTxStatus
02-09 16:03:54.347 I/HwBatteryService( 1575): switch not open, return, mWirelessTxFlag : 0
02-09 16:03:54.348 I/UsbDeviceManager( 1575): water_intrused state= 0
02-09 16:03:54.481 E/LOGSERVER_UTILS(  907): [Erecovery]readEvent: eRecEventManager readEvent 0
02-09 16:03:54.766 E/WificondControl( 1575): Noise: -95, Snr: 0, Chload: -1
02-09 16:03:54.777 D/WiFi_PRO( 1575): MSG_RETURN_AP_CURRY_RSSI rssi = -39
02-09 16:03:54.777 I/HuaweiWifiWatchdogStateMachine( 1575): POta txb txg rxg:0, 12, 0. Lr =0% Totpkt=12
02-09 16:03:54.777 I/QosMonitor( 1575): queryRtt: rtt_type = 3
02-09 16:03:54.779 I/QosMonitor( 1575): postEventFromNative: msg=100,arg1=4,arg2=10
02-09 16:03:54.780 I/QosMonitor( 1575): postEventFromNative: msg=100,arg1=0,arg2=10
02-09 16:03:54.780 I/HwUidTcpMonitor( 1575): TcpStatisticsRun run
02-09 16:03:54.780 I/MQoS    ( 1575): rtt=200,tcp_tx_pkts=3861489,tcp_rx_pkts=7268740
02-09 16:03:54.782 I/HuaweiWifiWatchdogStateMachine( 1575): PTcp RTT:0, rtt pkt=0, tcp_rx=0, tcp_tx=2, tcp_reTran=0, rtRate=0
02-09 16:03:54.786 I/TrafficMonitor( 1575): update:rxPkts:4,txPkts:0,rxBytes:484,txBytes:0
02-09 16:03:54.786 I/TrafficMonitor( 1575): start expired. level:-1
02-09 16:03:54.786 I/TrafficMonitor( 1575): gettimer:interval=2000
02-09 16:03:54.788 I/MQoS    ( 1575): QOS_level:0(0),wifi-link;SIM error;use level-0
02-09 16:03:55.006 D/SmartDualCardSM( 2059): IdleState:got msg.what=EVENT_HARD_SWITCH_CONDITION_CHECK
02-09 16:03:55.028 E/SmartDualCardTraffic( 2059): getMealTrafficImpl fail,invalid imsi
02-09 16:03:55.028 D/SmartDualCardSM( 2059): boosterDump:prop=true SdcSwitchOn=false DataSwitchOn=true WifiConnect=true AirplaneOn=true ScreenOn=true VSimEnabled=false CallOn=false AppState=GENERAL_FOREGROUND HidataAppState=GENERAL_BACKGROUND defaultDataSub=0 default4GSlot=0 DataOn=false M_MmsUtPdp=false userType=2
02-09 16:03:55.044 E/SmartDualCardTraffic( 2059): getMealTrafficImpl fail,invalid imsi
02-09 16:03:55.045 D/SmartDualCardSM( 2059): boosterDump:SlaveActive=false SameOperator=false M_NetworkBad=false S_NetworkBad=false M_DLSpeedLimit=1048576 S_DLSpeedLimit=1048576 M_DataRoam=false S_DataRoam=false VPNMode=false TetherOn=false AppQoeSlow=false HidataAppQoeSlow=false GameExpBad=false DsdsState=1 S_TrafficEnough=true
02-09 16:03:55.092 I/NetworkStatsManager( 9359): querySummary callingPid = 9359
02-09 16:03:55.093 I/NetworkStats( 1575): openSessionForUsageStats, pid = 9359, pkg = com.tencent.mm
02-09 16:03:55.100 I/NetworkStats( 1575): openSessionForUsageStats, pid = 9359, pkg = com.tencent.mm
02-09 16:03:55.522 E/LOGSERVER_UTILS(  907): [Erecovery]readEvent: eRecEventManager readEvent 0
02-09 16:03:55.601 I/Net.6820NetworkSpeedMan( 1924): mIsStop = false
02-09 16:03:55.601 I/Net.6821NetworkSpeedMan( 1924):  runInThread getTetherStats
02-09 16:03:55.608 I/Net.6821NetworkSpeedMan( 1924):  runInUI refreshSpeed
02-09 16:03:55.609 I/Net.6821NetworkSpeedMan( 1924): value=161.33333speed = 161B/smIsShowLastSpeedValuefalse
02-09 16:03:55.610 I/NetworkSpeedView( 1924): /update(), speed=161B/s
02-09 16:03:55.611 I/chatty  ( 1924): uid=10037(com.huawei.HwMultiScreenShot) com.android.systemui identical 2 lines
02-09 16:03:55.611 I/NetworkSpeedView( 1924): /update(), speed=161B/s
02-09 16:03:56.145 E/WifiHAL (  652): enter wifi_get_link_stats
02-09 16:03:56.157 E/WificondControl( 1575): Noise: -95, Snr: 0, Chload: -1
02-09 16:03:56.163 D/WifiScoreReport( 1575): Score = 60, wifiConnectivityManagerEnabled = false, lowScoreCount = 0
02-09 16:03:56.502 D/DeviceMonitorPowerKit( 2117): run, sCountNum is 1
02-09 16:03:56.502 D/DeviceMonitorPowerKit( 2117): interval is 239971, ElapsedRealtime is 452705350, isNeedRepeat: false
02-09 16:03:56.502 E/DeviceMonitorPowerKit( 2117): not Satify ApplyResource
02-09 16:03:56.534 E/LOGSERVER_UTILS(  907): [Erecovery]readEvent: eRecEventManager readEvent 0
02-09 16:03:56.791 I/TrafficMonitor( 1575): update:rxPkts:3,txPkts:1,rxBytes:282,txBytes:40
02-09 16:03:56.791 I/TrafficMonitor( 1575): start expired. level:-1
02-09 16:03:56.791 I/TrafficMonitor( 1575): gettimer:interval=2000
02-09 16:03:57.144 E/JankService(27275): child Thread receive to stop
02-09 16:03:57.254 E/JankService(  907): all data read ok
02-09 16:03:57.562 E/LOGSERVER_UTILS(  907): [Erecovery]readEvent: eRecEventManager readEvent 0
02-09 16:03:58.585 E/LOGSERVER_UTILS(  907): [Erecovery]readEvent: eRecEventManager readEvent 0
02-09 16:03:58.602 I/Net.6821NetworkSpeedMan( 1924): mIsStop = false
02-09 16:03:58.603 I/Net.6822NetworkSpeedMan( 1924):  runInThread getTetherStats
02-09 16:03:58.608 I/Net.6822NetworkSpeedMan( 1924):  runInUI refreshSpeed
02-09 16:03:58.610 I/Net.6822NetworkSpeedMan( 1924): value=242.33333speed = 242B/smIsShowLastSpeedValuefalse
02-09 16:03:58.610 I/NetworkSpeedView( 1924): /update(), speed=242B/s
02-09 16:03:58.612 I/chatty  ( 1924): uid=10037(com.huawei.HwMultiScreenShot) com.android.systemui identical 2 lines
02-09 16:03:58.612 I/NetworkSpeedView( 1924): /update(), speed=242B/s
02-09 16:03:58.794 I/TrafficMonitor( 1575): update:rxPkts:4,txPkts:0,rxBytes:405,txBytes:0
02-09 16:03:58.795 I/TrafficMonitor( 1575): start expired. level:-1
02-09 16:03:58.795 I/TrafficMonitor( 1575): gettimer:interval=2000
02-09 16:03:59.165 E/WifiHAL (  652): enter wifi_get_link_stats
02-09 16:03:59.180 E/WificondControl( 1575): Noise: -95, Snr: 0, Chload: -1
02-09 16:03:59.186 D/WifiScoreReport( 1575): Score = 60, wifiConnectivityManagerEnabled = false, lowScoreCount = 0
02-09 16:03:59.626 E/LOGSERVER_UTILS(  907): [Erecovery]readEvent: eRecEventManager readEvent 0
02-09 16:03:59.789 I/TrafficMonitor( 1575): expired arrive. level:-1
02-09 16:03:59.789 I/TrafficMonitor( 1575): during_ms:2003,period_ms:2000
02-09 16:03:59.789 I/TrafficMonitor( 1575): count:664,rx_sum:4,tx_sum:0,rxBytes:405,during_ms:2003,rx_speed:202.1967049425861,tx_speed:0.0,rto:0.0
02-09 16:04:00.005 V/AlarmManager( 1575): Received TIME_TICK alarm; rescheduling
02-09 16:04:00.007 I/HwAlarmManagerService( 1575): hwSetAlarm listenerTag: time_tick
02-09 16:04:00.036 E/DateView( 1924): DateView,mCurrentTime: 1770624240036
02-09 16:04:00.036 I/EventCenter( 1924): EventCenter Get :android.intent.action.TIME_TICK
02-09 16:04:00.037 W/ClockView1( 1924):  action android.intent.action.TIME_TICK
02-09 16:04:00.037 I/chatty  ( 1924): uid=10037(com.huawei.HwMultiScreenShot) com.android.systemui identical 1 line
02-09 16:04:00.037 W/ClockView1( 1924):  action android.intent.action.TIME_TICK
02-09 16:04:00.042 E/ndroid.systemu( 1924): No package ID ff found for ID 0xffffffff.
02-09 16:04:00.043 I/LocalCalendar( 1924): CalendarId: 0001LocalCalender On
02-09 16:04:00.046 E/ndroid.systemu( 1924): No package ID ff found for ID 0xffffffff.
02-09 16:04:00.046 I/LocalCalendar( 1924): CalendarId: 0001LocalCalender On
02-09 16:04:00.050 E/ndroid.systemu( 1924): No package ID ff found for ID 0xffffffff.
02-09 16:04:00.051 I/LocalCalendar( 1924): CalendarId: 0001LocalCalender On
02-09 16:04:00.056 I/KeyguardStatusView( 1924): Runnable for refresh
02-09 16:04:00.059 I/HwLauncher( 2230): Model  onReceive intent=Intent { act=android.intent.action.TIME_TICK flg=0x50200014 hwFlg=0x900 (has extras) }
02-09 16:04:00.059 I/HwLauncher( 2230): Model  onReceive user=UserHandle{0}
02-09 16:04:00.083 V/BroadcastQueue( 1575): Finished with ordered broadcast BroadcastRecord{871b6f9 u-1 android.intent.action.TIME_TICK}
02-09 16:04:00.131 E/ndroid.launche( 2230): No package ID ff found for ID 0xffffffff.
02-09 16:04:00.148 D/DateTimeView( 1924): Change to single clock mode!
02-09 16:04:00.150 I/ColorPickUitls( 1924): type = 2
02-09 16:04:00.150 D/HwKeyguardBottomArea( 1924): RemoveDateTimeTopArea type:2
02-09 16:04:00.150 D/HwKeyguardBottomArea( 1924): loadDateTimeArea type
02-09 16:04:00.151 D/HwKeyguardBottomArea( 1924): removeLiftSensorView, threadname = main
02-09 16:04:00.151 D/DateTimeView( 1924): Change to single clock mode!
02-09 16:04:00.152 I/ColorPickUitls( 1924): type = 2
02-09 16:04:00.152 D/HwKeyguardBottomArea( 1924): RemoveDateTimeTopArea type:2
02-09 16:04:00.152 D/HwKeyguardBottomArea( 1924): loadDateTimeArea type
02-09 16:04:00.152 D/HwKeyguardBottomArea( 1924): removeLiftSensorView, threadname = main
02-09 16:04:00.152 D/DateTimeView( 1924): Change to single clock mode!
02-09 16:04:00.154 I/ColorPickUitls( 1924): type = 2
02-09 16:04:00.154 D/HwKeyguardBottomArea( 1924): RemoveDateTimeTopArea type:2
02-09 16:04:00.154 D/HwKeyguardBottomArea( 1924): loadDateTimeArea type
02-09 16:04:00.154 D/HwKeyguardBottomArea( 1924): removeLiftSensorView, threadname = main
02-09 16:04:00.667 E/LOGSERVER_UTILS(  907): [Erecovery]readEvent: eRecEventManager readEvent 0
02-09 16:04:00.799 I/TrafficMonitor( 1575): update:rxPkts:3,txPkts:0,rxBytes:722,txBytes:0
02-09 16:04:00.799 I/TrafficMonitor( 1575): start expired. level:-1
02-09 16:04:00.799 I/TrafficMonitor( 1575): gettimer:interval=2000
