02-09 16:02:42.512 I/storaged(  890): storaged_t::event: storage_info refreshed.
02-09 16:02:42.588 E/LOGSERVER_UTILS(  907): [Erecovery]readEvent: eRecEventManager readEvent 0
02-09 16:02:42.675 I/TrafficMonitor( 1575): update:rxPkts:11,txPkts:9,rxBytes:1435,txBytes:934
02-09 16:02:42.676 I/TrafficMonitor( 1575): start expired. level:-1
02-09 16:02:42.676 I/TrafficMonitor( 1575): gettimer:interval=2000
02-09 16:02:42.680 E/WificondControl( 1575): Noise: -95, Snr: 0, Chload: -1
02-09 16:02:42.691 D/WiFi_PRO( 1575): MSG_RETURN_AP_CURRY_RSSI rssi = -40
02-09 16:02:42.691 I/HuaweiWifiWatchdogStateMachine( 1575): POta txb txg rxg:0, 14, 0. Lr =0% Totpkt=14
02-09 16:02:42.691 I/QosMonitor( 1575): queryRtt: rtt_type = 3
02-09 16:02:42.692 I/HwUidTcpMonitor( 1575): TcpStatisticsRun run
02-09 16:02:42.693 I/QosMonitor( 1575): postEventFromNative: msg=100,arg1=4,arg2=10
02-09 16:02:42.694 I/QosMonitor( 1575): postEventFromNative: msg=100,arg1=0,arg2=10
02-09 16:02:42.694 I/MQoS    ( 1575): rtt=200,tcp_tx_pkts=3861477,tcp_rx_pkts=7268731
02-09 16:02:42.695 I/QosMonitor( 1575): resetRtt: rtt_type = 3
02-09 16:02:42.696 D/HwUidTcpMonitor( 1575): parseWlanUidTcpStatistics lastUidTcpStatInfo = [ mUid = 1051 mPacketName = com.opencode.voiceassist mSendSegs = 651 mResendSegs = 0 mRcvSegs = 0 ]
02-09 16:02:42.697 I/HuaweiWifiWatchdogStateMachine( 1575): PTcp RTT:200, rtt pkt=3, tcp_rx=7, tcp_tx=9, tcp_reTran=0, rtRate=0
02-09 16:02:42.697 I/HuaweiWifiWatchdogStateMachine( 1575): judge good link######, goodLinkLevel=3
02-09 16:02:42.697 I/HuaweiWifiWatchdogStateMachine( 1575): sendResultMsgToQM bssid:9c:2b:**:**:86:5f, qoslevel=3
02-09 16:02:42.697 I/HuaweiWifiWatchdogStateMachine( 1575): link good reported, good base rssi:-39
02-09 16:02:42.698 D/WiFi_PRO_WifiProStateMachine( 1575): onNetworkQosChange, currentWifiLevel == 3, wifiNoInternet = false, updateUiOnly = true
02-09 16:02:42.701 I/MQoS    ( 1575): QOS_level:0(0),wifi-link;SIM error;use level-0
02-09 16:02:42.806 I/FwKamsCompat(28861): wait for ams time out for 60000 ms
02-09 16:02:43.507 E/WifiHAL (  652): enter wifi_get_link_stats
02-09 16:02:43.522 E/WificondControl( 1575): Noise: -95, Snr: 0, Chload: -1
02-09 16:02:43.528 D/WifiScoreReport( 1575): Score = 60, wifiConnectivityManagerEnabled = false, lowScoreCount = 0
02-09 16:02:43.531 I/Net.6796NetworkSpeedMan( 1924): mIsStop = false
02-09 16:02:43.532 I/Net.6797NetworkSpeedMan( 1924):  runInThread getTetherStats
02-09 16:02:43.540 I/Net.6797NetworkSpeedMan( 1924):  runInUI refreshSpeed
02-09 16:02:43.542 I/Net.6797NetworkSpeedMan( 1924): value=830.0speed = 830B/smIsShowLastSpeedValuefalse
02-09 16:02:43.542 I/NetworkSpeedView( 1924): /update(), speed=830B/s
02-09 16:02:43.543 I/chatty  ( 1924): uid=10037(com.huawei.HwMultiScreenShot) com.android.systemui identical 2 lines
02-09 16:02:43.543 I/NetworkSpeedView( 1924): /update(), speed=830B/s
02-09 16:02:43.617 E/LOGSERVER_UTILS(  907): [Erecovery]readEvent: eRecEventManager readEvent 0
02-09 16:02:43.670 I/TrafficMonitor( 1575): expired arrive. level:-1
02-09 16:02:43.670 I/TrafficMonitor( 1575): during_ms:2004,period_ms:2000
02-09 16:02:43.670 I/TrafficMonitor( 1575): count:635,rx_sum:11,tx_sum:9,rxBytes:1435,during_ms:2004,rx_speed:716.0678642714571,tx_speed:466.0678642714571,rto:1.2222222222222223
02-09 16:02:43.792 D/hw_netstat( 1575): total/3641/873,unknown:0/2569/0,android.uid.system:1000/711/873,unknown:1051/361/0
02-09 16:02:44.653 E/LOGSERVER_UTILS(  907): [Erecovery]readEvent: eRecEventManager readEvent 0
02-09 16:02:44.679 I/TrafficMonitor( 1575): update:rxPkts:3,txPkts:0,rxBytes:333,txBytes:0
02-09 16:02:44.680 I/TrafficMonitor( 1575): start expired. level:-1
02-09 16:02:44.680 I/TrafficMonitor( 1575): gettimer:interval=2000
02-09 16:02:45.682 E/LOGSERVER_UTILS(  907): [Erecovery]readEvent: eRecEventManager readEvent 0
02-09 16:02:46.045 D/PGGoogleServicePolicy( 1575): check isGoogleConnect start
02-09 16:02:46.048 D/PGGoogleServicePolicy( 1575): gmsUid = 10126
02-09 16:02:46.054 I/PreDnsController(  595): canPreDnsQuery,persist.sys.predns is false!
02-09 16:02:46.533 E/WifiHAL (  652): enter wifi_get_link_stats
02-09 16:02:46.534 I/Net.6797NetworkSpeedMan( 1924): mIsStop = false
02-09 16:02:46.534 I/Net.6798NetworkSpeedMan( 1924):  runInThread getTetherStats
02-09 16:02:46.536 D/bastetd (  897): [BastetDevice   ] CheckBufferLen# not check msg msg:7
02-09 16:02:46.543 I/Net.6798NetworkSpeedMan( 1924):  runInUI refreshSpeed
02-09 16:02:46.545 I/Net.6798NetworkSpeedMan( 1924): value=464.33334speed = 464B/smIsShowLastSpeedValuefalse
02-09 16:02:46.546 I/NetworkSpeedView( 1924): /update(), speed=464B/s
02-09 16:02:46.548 I/chatty  ( 1924): uid=10037(com.huawei.HwMultiScreenShot) com.android.systemui identical 2 lines
02-09 16:02:46.548 I/NetworkSpeedView( 1924): /update(), speed=464B/s
02-09 16:02:46.551 E/WificondControl( 1575): Noise: -95, Snr: 0, Chload: -1
02-09 16:02:46.557 D/WifiScoreReport( 1575): Score = 60, wifiConnectivityManagerEnabled = false, lowScoreCount = 0
02-09 16:02:46.684 I/TrafficMonitor( 1575): update:rxPkts:10,txPkts:5,rxBytes:731,txBytes:329
02-09 16:02:46.684 I/TrafficMonitor( 1575): start expired. level:-1
02-09 16:02:46.684 I/TrafficMonitor( 1575): gettimer:interval=2000
02-09 16:02:46.712 E/LOGSERVER_UTILS(  907): [Erecovery]readEvent: eRecEventManager readEvent 0
02-09 16:02:47.689 I/NetworkStatsManager( 9119): querySummary callingPid = 9119
02-09 16:02:47.690 I/NetworkStats( 1575): openSessionForUsageStats, pid = 9119, pkg = com.tencent.mm
02-09 16:02:47.690 I/NetworkStats( 1575): openSessionInternal,pid = 9119
02-09 16:02:47.691 I/NetworkStats( 1575): performPollLocked, pid = 1575
02-09 16:02:47.736 W/NetworkStatsFactory( 1575): mStatsXtProcUid: /proc/net/comm/stats does not exist!
02-09 16:02:47.737 D/HwNetworkStatsService( 1575): hwRecordUidAndProcSnapshotLocked currentTime = 1770624165071
02-09 16:02:47.750 E/LOGSERVER_UTILS(  907): [Erecovery]readEvent: eRecEventManager readEvent 0
02-09 16:02:47.755 I/NetworkStatsFactory( 1575): javaReadNetworkStatsUidAndProcDetail. cost time = 17
02-09 16:02:47.763 D/HwNetworkStatsService( 1575): hwMaybeUidAndProcPersistLocked currentTime = 1770624165071
02-09 16:02:47.783 I/NetworkStatsManager( 9119): querySummary callingPid = 9119
02-09 16:02:47.784 I/NetworkStats( 1575): openSessionForUsageStats, pid = 9119, pkg = com.tencent.mm
02-09 16:02:47.800 V/AudioManager( 9119): isMusicActive...
02-09 16:02:47.834 E/HSM_BG  ( 4721): NormalTrafficAnalysis:alert byte = 0, so return
02-09 16:02:48.076 D/PGGoogleServicePolicy( 1575): failed to connect google.
02-09 16:02:48.077 D/PGGoogleServicePolicy( 1575): connect google failed, PreventWake change to valid
02-09 16:02:48.079 I/GoogleAppCtrlManager( 2186): Google server connect isConnectOK:false
02-09 16:02:48.080 W/AppInfoMgr( 2186): not found owner uid for pkg:com.google.android.apps.maps
02-09 16:02:48.081 I/GoogleAppCtrlManager( 2186): the same state restrict net: true
02-09 16:02:48.081 I/GoogleAppCtrlManager( 2186): the same state : true
02-09 16:02:48.113 I/system_server( 1575): Background concurrent copying GC freed 518891(21MB) AllocSpace objects, 50(1512KB) LOS objects, 35% free, 43MB/67MB, paused 1.304ms total 400.615ms
02-09 16:02:48.126 W/System  ( 1575): A resource failed to call release. 
02-09 16:02:48.140 W/System  ( 1575): A resource failed to call release. 
02-09 16:02:48.141 D/SurfaceComposerClient( 1575): destroySurface mStatus != NO_ERROR
02-09 16:02:48.690 I/TrafficMonitor( 1575): update:rxPkts:5,txPkts:3,rxBytes:681,txBytes:164
02-09 16:02:48.690 I/TrafficMonitor( 1575): start expired. level:-1
02-09 16:02:48.690 I/TrafficMonitor( 1575): gettimer:interval=2000
02-09 16:02:48.789 E/LOGSERVER_UTILS(  907): [Erecovery]readEvent: eRecEventManager readEvent 0
02-09 16:02:49.535 I/Net.6798NetworkSpeedMan( 1924): mIsStop = false
02-09 16:02:49.536 I/Net.6799NetworkSpeedMan( 1924):  runInThread getTetherStats
02-09 16:02:49.543 I/Net.6799NetworkSpeedMan( 1924):  runInUI refreshSpeed
02-09 16:02:49.545 I/Net.6799NetworkSpeedMan( 1924): value=362.33334speed = 362B/smIsShowLastSpeedValuefalse
02-09 16:02:49.545 I/NetworkSpeedView( 1924): /update(), speed=362B/s
02-09 16:02:49.546 I/chatty  ( 1924): uid=10037(com.huawei.HwMultiScreenShot) com.android.systemui identical 2 lines
02-09 16:02:49.546 I/NetworkSpeedView( 1924): /update(), speed=362B/s
02-09 16:02:49.559 E/WifiHAL (  652): enter wifi_get_link_stats
02-09 16:02:49.577 E/WificondControl( 1575): Noise: -95, Snr: 0, Chload: -1
02-09 16:02:49.583 D/WifiScoreReport( 1575): Score = 60, wifiConnectivityManagerEnabled = false, lowScoreCount = 0
02-09 16:02:49.617 W/Watchdog( 1575): hungtask: writing kick
02-09 16:02:49.619 I/EventHub( 1575): EventHub monitor: no key events in the past 20538s, no motion events in the past 566s
02-09 16:02:49.681 I/TrafficMonitor( 1575): expired arrive. level:-1
02-09 16:02:49.681 I/TrafficMonitor( 1575): during_ms:2006,period_ms:2000
02-09 16:02:49.681 I/TrafficMonitor( 1575): count:638,rx_sum:5,tx_sum:3,rxBytes:681,during_ms:2006,rx_speed:339.481555333998,tx_speed:81.75473579262214,rto:1.6666666666666667
02-09 16:02:49.809 E/LOGSERVER_UTILS(  907): [Erecovery]readEvent: eRecEventManager readEvent 0
02-09 16:02:50.686 E/WificondControl( 1575): Noise: -95, Snr: 0, Chload: -1
02-09 16:02:50.694 I/HuaweiWifiWatchdogStateMachine( 1575): POta txb txg rxg:0, 18, 0. Lr =0% Totpkt=18
02-09 16:02:50.694 I/TrafficMonitor( 1575): update:rxPkts:5,txPkts:0,rxBytes:574,txBytes:0
02-09 16:02:50.694 I/TrafficMonitor( 1575): start expired. level:-1
02-09 16:02:50.694 I/TrafficMonitor( 1575): gettimer:interval=2000
02-09 16:02:50.694 D/WiFi_PRO( 1575): MSG_RETURN_AP_CURRY_RSSI rssi = -40
02-09 16:02:50.695 I/QosMonitor( 1575): queryRtt: rtt_type = 3
02-09 16:02:50.695 I/HwUidTcpMonitor( 1575): TcpStatisticsRun run
02-09 16:02:50.696 I/QosMonitor( 1575): postEventFromNative: msg=100,arg1=4,arg2=10
02-09 16:02:50.697 D/HwUidTcpMonitor( 1575): parseWlanUidTcpStatistics lastUidTcpStatInfo = [ mUid = 10068 mPacketName = com.opencode.voiceassist mSendSegs = 217 mResendSegs = 0 mRcvSegs = 247 ]
02-09 16:02:50.697 I/QosMonitor( 1575): postEventFromNative: msg=100,arg1=0,arg2=10
02-09 16:02:50.697 D/HwUidTcpMonitor( 1575): parseWlanUidTcpStatistics lastUidTcpStatInfo = [ mUid = 1051 mPacketName = com.opencode.voiceassist mSendSegs = 652 mResendSegs = 0 mRcvSegs = 0 ]
02-09 16:02:50.697 D/HwUidTcpMonitor( 1575): parseWlanUidTcpStatistics lastUidTcpStatInfo = [ mUid = 10076 mPacketName = com.opencode.voiceassist mSendSegs = 1168 mResendSegs = 12 mRcvSegs = 999 ]
02-09 16:02:50.697 I/MQoS    ( 1575): rtt=200,tcp_tx_pkts=3861485,tcp_rx_pkts=7268737
02-09 16:02:50.697 I/QosMonitor( 1575): resetRtt: rtt_type = 3
02-09 16:02:50.699 I/HuaweiWifiWatchdogStateMachine( 1575): PTcp RTT:0, rtt pkt=0, tcp_rx=6, tcp_tx=8, tcp_reTran=0, rtRate=0
02-09 16:02:50.703 I/MQoS    ( 1575): QOS_level:0(0),wifi-link;SIM error;use level-0
02-09 16:02:50.814 E/LOGSERVER_UTILS(  907): [Erecovery]readEvent: eRecEventManager readEvent 0
02-09 16:02:51.854 E/LOGSERVER_UTILS(  907): [Erecovery]readEvent: eRecEventManager readEvent 0
02-09 16:02:52.537 I/Net.6799NetworkSpeedMan( 1924): mIsStop = false
02-09 16:02:52.538 I/Net.6800NetworkSpeedMan( 1924):  runInThread getTetherStats
02-09 16:02:52.544 I/Net.6800NetworkSpeedMan( 1924):  runInUI refreshSpeed
02-09 16:02:52.546 I/Net.6800NetworkSpeedMan( 1924): value=191.33333speed = 191B/smIsShowLastSpeedValuefalse
02-09 16:02:52.546 I/NetworkSpeedView( 1924): /update(), speed=191B/s
02-09 16:02:52.547 I/chatty  ( 1924): uid=10037(com.huawei.HwMultiScreenShot) com.android.systemui identical 2 lines
02-09 16:02:52.547 I/NetworkSpeedView( 1924): /update(), speed=191B/s
02-09 16:02:52.586 E/WifiHAL (  652): enter wifi_get_link_stats
02-09 16:02:52.601 E/WificondControl( 1575): Noise: -95, Snr: 0, Chload: -1
02-09 16:02:52.608 D/WifiScoreReport( 1575): Score = 60, wifiConnectivityManagerEnabled = false, lowScoreCount = 0
02-09 16:02:52.697 I/TrafficMonitor( 1575): update:rxPkts:2,txPkts:0,rxBytes:242,txBytes:0
02-09 16:02:52.698 I/TrafficMonitor( 1575): start expired. level:-1
02-09 16:02:52.698 I/TrafficMonitor( 1575): gettimer:interval=2000
02-09 16:02:52.894 E/LOGSERVER_UTILS(  907): [Erecovery]readEvent: eRecEventManager readEvent 0
02-09 16:02:52.905 I/HwBatteryService( 1575): quick charge status : 0
02-09 16:02:52.905 D/HwBatteryService( 1575): onUEvent fcpStatus = 0
02-09 16:02:52.905 D/HwBatteryService( 1575): onUEvent scpStatus = 0 ,ovpStatus = 0
02-09 16:02:52.905 I/HwBatteryService( 1575): handleWirelessTxStatus
02-09 16:02:52.906 I/HwBatteryService( 1575): switch not open, return, mWirelessTxFlag : 0
02-09 16:02:52.906 I/UsbDeviceManager( 1575): water_intrused state= 0
02-09 16:02:53.813 D/hw_netstat( 1575): total/2561/433,unknown:0/2183/0,com.baidu.input_huawei/191/209,com.huawei.hwid/111/104,android.uid.system:1000/0/120,unknown:1051/76/0
02-09 16:02:53.934 E/LOGSERVER_UTILS(  907): [Erecovery]readEvent: eRecEventManager readEvent 0
02-09 16:02:54.702 I/TrafficMonitor( 1575): update:rxPkts:3,txPkts:0,rxBytes:313,txBytes:0
02-09 16:02:54.702 I/TrafficMonitor( 1575): start expired. level:-1
02-09 16:02:54.702 I/TrafficMonitor( 1575): gettimer:interval=2000
02-09 16:02:54.943 D/SmartDualCardSM( 2059): IdleState:got msg.what=EVENT_HARD_SWITCH_CONDITION_CHECK
02-09 16:02:54.970 E/SmartDualCardTraffic( 2059): getMealTrafficImpl fail,invalid imsi
02-09 16:02:54.970 D/SmartDualCardSM( 2059): boosterDump:prop=true SdcSwitchOn=false DataSwitchOn=true WifiConnect=true AirplaneOn=true ScreenOn=true VSimEnabled=false CallOn=false AppState=GENERAL_FOREGROUND HidataAppState=GENERAL_BACKGROUND defaultDataSub=0 default4GSlot=0 DataOn=false M_MmsUtPdp=false userType=2
02-09 16:02:54.975 E/LOGSERVER_UTILS(  907): [Erecovery]readEvent: eRecEventManager readEvent 0
02-09 16:02:54.990 E/SmartDualCardTraffic( 2059): getMealTrafficImpl fail,invalid imsi
02-09 16:02:54.990 D/SmartDualCardSM( 2059): boosterDump:SlaveActive=false SameOperator=false M_NetworkBad=false S_NetworkBad=false M_DLSpeedLimit=1048576 S_DLSpeedLimit=1048576 M_DataRoam=false S_DataRoam=false VPNMode=false TetherOn=false AppQoeSlow=false HidataAppQoeSlow=false GameExpBad=false DsdsState=1 S_TrafficEnough=true
02-09 16:02:55.094 I/NetworkStatsManager( 9359): querySummary callingPid = 9359
02-09 16:02:55.095 I/NetworkStats( 1575): openSessionForUsageStats, pid = 9359, pkg = com.tencent.mm
02-09 16:02:55.101 I/NetworkStatsManager( 9359): querySummary callingPid = 9359
02-09 16:02:55.541 I/Net.6800NetworkSpeedMan( 1924): mIsStop = false
02-09 16:02:55.542 I/Net.6801NetworkSpeedMan( 1924):  runInThread getTetherStats
02-09 16:02:55.553 I/Net.6801NetworkSpeedMan( 1924):  runInUI refreshSpeed
02-09 16:02:55.554 I/Net.6801NetworkSpeedMan( 1924): value=208.66667speed = 209B/smIsShowLastSpeedValuefalse
02-09 16:02:55.554 I/NetworkSpeedView( 1924): /update(), speed=209B/s
02-09 16:02:55.556 I/chatty  ( 1924): uid=10037(com.huawei.HwMultiScreenShot) com.android.systemui identical 2 lines
02-09 16:02:55.556 I/NetworkSpeedView( 1924): /update(), speed=209B/s
02-09 16:02:55.611 E/WifiHAL (  652): enter wifi_get_link_stats
02-09 16:02:55.622 E/WificondControl( 1575): Noise: -95, Snr: 0, Chload: -1
02-09 16:02:55.627 D/WifiScoreReport( 1575): Score = 60, wifiConnectivityManagerEnabled = false, lowScoreCount = 0
02-09 16:02:55.696 I/TrafficMonitor( 1575): expired arrive. level:-1
02-09 16:02:55.696 I/TrafficMonitor( 1575): during_ms:2005,period_ms:2000
02-09 16:02:55.696 I/TrafficMonitor( 1575): count:641,rx_sum:3,tx_sum:0,rxBytes:313,during_ms:2005,rx_speed:156.10972568578555,tx_speed:0.0,rto:0.0
02-09 16:02:56.014 E/LOGSERVER_UTILS(  907): [Erecovery]readEvent: eRecEventManager readEvent 0
02-09 16:02:56.502 D/DeviceMonitorPowerKit( 2117): run, sCountNum is 1
02-09 16:02:56.502 D/DeviceMonitorPowerKit( 2117): interval is 179971, ElapsedRealtime is 452705350, isNeedRepeat: false
02-09 16:02:56.502 E/DeviceMonitorPowerKit( 2117): not Satify ApplyResource
02-09 16:02:56.706 I/TrafficMonitor( 1575): update:rxPkts:6,txPkts:0,rxBytes:626,txBytes:0
02-09 16:02:56.706 I/TrafficMonitor( 1575): start expired. level:-1
02-09 16:02:56.706 I/TrafficMonitor( 1575): gettimer:interval=2000
02-09 16:02:57.051 E/LOGSERVER_UTILS(  907): [Erecovery]readEvent: eRecEventManager readEvent 0
02-09 16:02:57.586 E/Thermal-daemon(  891): [pa_0] temp_new :28  temp_old :29
02-09 16:02:57.587 E/Thermal-daemon(  891): Report temperature: [pa_0] temp :28  report_threshold:1
02-09 16:02:57.588 E/Thermal-daemon(  891): [ap] temp_new :30  temp_old :31
02-09 16:02:57.590 E/Thermal-daemon(  891): Report temperature: [ap] temp :30  report_threshold:1
02-09 16:02:58.067 E/LOGSERVER_UTILS(  907): [Erecovery]readEvent: eRecEventManager readEvent 0
02-09 16:02:58.545 I/Net.6801NetworkSpeedMan( 1924): mIsStop = false
02-09 16:02:58.545 I/Net.6802NetworkSpeedMan( 1924):  runInThread getTetherStats
02-09 16:02:58.552 I/Net.6802NetworkSpeedMan( 1924):  runInUI refreshSpeed
02-09 16:02:58.553 I/Net.6802NetworkSpeedMan( 1924): value=344.0speed = 344B/smIsShowLastSpeedValuefalse
02-09 16:02:58.554 I/NetworkSpeedView( 1924): /update(), speed=344B/s
02-09 16:02:58.555 I/chatty  ( 1924): uid=10037(com.huawei.HwMultiScreenShot) com.android.systemui identical 2 lines
02-09 16:02:58.555 I/NetworkSpeedView( 1924): /update(), speed=344B/s
02-09 16:02:58.632 E/WifiHAL (  652): enter wifi_get_link_stats
02-09 16:02:58.647 E/WificondControl( 1575): Noise: -95, Snr: 0, Chload: -1
02-09 16:02:58.653 D/WifiScoreReport( 1575): Score = 60, wifiConnectivityManagerEnabled = false, lowScoreCount = 0
02-09 16:02:58.695 E/WificondControl( 1575): Noise: -95, Snr: 0, Chload: -1
02-09 16:02:58.708 I/HwUidTcpMonitor( 1575): TcpStatisticsRun run
02-09 16:02:58.708 D/HuaweiWifiWatchdogStateMachine( 1575): high data flow: protection_counter = 0,  not_detect_counter = 690
02-09 16:02:58.708 D/HuaweiWifiWatchdogStateMachine( 1575): high data flow scenario: 0 --> 0 rx bytes =9KB
02-09 16:02:58.708 I/HuaweiWifiWatchdogStateMachine( 1575): POta txb txg rxg:0, 3, 0. Lr =0% Totpkt=3
02-09 16:02:58.711 I/TrafficMonitor( 1575): update:rxPkts:8,txPkts:2,rxBytes:627,txBytes:92
02-09 16:02:58.711 I/TrafficMonitor( 1575): start expired. level:-1
02-09 16:02:58.712 I/TrafficMonitor( 1575): gettimer:interval=2000
02-09 16:02:58.712 D/WiFi_PRO( 1575): MSG_RETURN_AP_CURRY_RSSI rssi = -42
02-09 16:02:58.713 I/QosMonitor( 1575): queryRtt: rtt_type = 3
02-09 16:02:58.716 I/QosMonitor( 1575): postEventFromNative: msg=100,arg1=4,arg2=10
02-09 16:02:58.717 I/QosMonitor( 1575): postEventFromNative: msg=100,arg1=0,arg2=10
02-09 16:02:58.718 I/MQoS    ( 1575): rtt=200,tcp_tx_pkts=3861487,tcp_rx_pkts=7268740
02-09 16:02:58.718 I/HuaweiWifiWatchdogStateMachine( 1575): PTcp RTT:0, rtt pkt=0, tcp_rx=3, tcp_tx=2, tcp_reTran=0, rtRate=0
02-09 16:02:58.725 I/MQoS    ( 1575): QOS_level:0(0),wifi-link;SIM error;use level-0
02-09 16:02:59.108 E/LOGSERVER_UTILS(  907): [Erecovery]readEvent: eRecEventManager readEvent 0
02-09 16:03:00.007 V/AlarmManager( 1575): Received TIME_TICK alarm; rescheduling
02-09 16:03:00.008 I/HwAlarmManagerService( 1575): hwSetAlarm listenerTag: time_tick
02-09 16:03:00.030 E/DateView( 1924): DateView,mCurrentTime: 1770624180030
02-09 16:03:00.034 I/EventCenter( 1924): EventCenter Get :android.intent.action.TIME_TICK
02-09 16:03:00.035 W/ClockView1( 1924):  action android.intent.action.TIME_TICK
02-09 16:03:00.035 I/chatty  ( 1924): uid=10037(com.huawei.HwMultiScreenShot) com.android.systemui identical 1 line
02-09 16:03:00.035 W/ClockView1( 1924):  action android.intent.action.TIME_TICK
02-09 16:03:00.058 E/ndroid.systemu( 1924): No package ID ff found for ID 0xffffffff.
02-09 16:03:00.059 I/LocalCalendar( 1924): CalendarId: 0001LocalCalender On
02-09 16:03:00.060 E/ndroid.systemu( 1924): No package ID ff found for ID 0xffffffff.
02-09 16:03:00.061 I/LocalCalendar( 1924): CalendarId: 0001LocalCalender On
02-09 16:03:00.065 E/ndroid.systemu( 1924): No package ID ff found for ID 0xffffffff.
02-09 16:03:00.066 I/LocalCalendar( 1924): CalendarId: 0001LocalCalender On
02-09 16:03:00.071 I/KeyguardStatusView( 1924): Runnable for refresh
02-09 16:03:00.077 I/HwLauncher( 2230): Model  onReceive intent=Intent { act=android.intent.action.TIME_TICK flg=0x50200014 hwFlg=0x900 (has extras) }
02-09 16:03:00.077 I/HwLauncher( 2230): Model  onReceive user=UserHandle{0}
02-09 16:03:00.107 V/BroadcastQueue( 1575): Finished with ordered broadcast BroadcastRecord{1f3fcf2 u-1 android.intent.action.TIME_TICK}
02-09 16:03:00.145 E/LOGSERVER_UTILS(  907): [Erecovery]readEvent: eRecEventManager readEvent 0
02-09 16:03:00.147 D/DateTimeView( 1924): Change to single clock mode!
02-09 16:03:00.148 I/ColorPickUitls( 1924): type = 2
02-09 16:03:00.149 D/HwKeyguardBottomArea( 1924): RemoveDateTimeTopArea type:2
02-09 16:03:00.149 D/HwKeyguardBottomArea( 1924): loadDateTimeArea type
02-09 16:03:00.149 D/HwKeyguardBottomArea( 1924): removeLiftSensorView, threadname = main
02-09 16:03:00.149 D/DateTimeView( 1924): Change to single clock mode!
02-09 16:03:00.150 I/ColorPickUitls( 1924): type = 2
02-09 16:03:00.150 D/HwKeyguardBottomArea( 1924): RemoveDateTimeTopArea type:2
02-09 16:03:00.150 D/HwKeyguardBottomArea( 1924): loadDateTimeArea type
02-09 16:03:00.150 D/HwKeyguardBottomArea( 1924): removeLiftSensorView, threadname = main
02-09 16:03:00.151 D/DateTimeView( 1924): Change to single clock mode!
02-09 16:03:00.152 I/ColorPickUitls( 1924): type = 2
02-09 16:03:00.152 D/HwKeyguardBottomArea( 1924): RemoveDateTimeTopArea type:2
02-09 16:03:00.152 D/HwKeyguardBottomArea( 1924): loadDateTimeArea type
02-09 16:03:00.152 D/HwKeyguardBottomArea( 1924): removeLiftSensorView, threadname = main
02-09 16:03:00.156 E/ndroid.launche( 2230): No package ID ff found for ID 0xffffffff.
02-09 16:03:00.716 I/TrafficMonitor( 1575): update:rxPkts:3,txPkts:0,rxBytes:722,txBytes:0
02-09 16:03:00.716 I/TrafficMonitor( 1575): start expired. level:-1
02-09 16:03:00.716 I/TrafficMonitor( 1575): gettimer:interval=2000
02-09 16:03:01.154 E/LOGSERVER_UTILS(  907): [Erecovery]readEvent: eRecEventManager readEvent 0
02-09 16:03:01.547 I/Net.6802NetworkSpeedMan( 1924): mIsStop = false
02-09 16:03:01.547 I/Net.6803NetworkSpeedMan( 1924):  runInThread getTetherStats
02-09 16:03:01.553 I/Net.6803NetworkSpeedMan( 1924):  runInUI refreshSpeed
02-09 16:03:01.554 I/Net.6803NetworkSpeedMan( 1924): value=321.33334speed = 321B/smIsShowLastSpeedValuefalse
02-09 16:03:01.555 I/NetworkSpeedView( 1924): /update(), speed=321B/s
02-09 16:03:01.556 I/chatty  ( 1924): uid=10037(com.huawei.HwMultiScreenShot) com.android.systemui identical 2 lines
02-09 16:03:01.556 I/NetworkSpeedView( 1924): /update(), speed=321B/s
02-09 16:03:01.657 E/WifiHAL (  652): enter wifi_get_link_stats
02-09 16:03:01.677 E/WificondControl( 1575): Noise: -95, Snr: 0, Chload: -1
02-09 16:03:01.682 D/WifiScoreReport( 1575): Score = 60, wifiConnectivityManagerEnabled = false, lowScoreCount = 0
02-09 16:03:01.708 I/TrafficMonitor( 1575): expired arrive. level:-1
02-09 16:03:01.709 I/TrafficMonitor( 1575): during_ms:2005,period_ms:2000
02-09 16:03:01.709 I/TrafficMonitor( 1575): count:644,rx_sum:3,tx_sum:0,rxBytes:722,during_ms:2005,rx_speed:360.0997506234414,tx_speed:0.0,rto:0.0
02-09 16:03:02.174 E/LOGSERVER_UTILS(  907): [Erecovery]readEvent: eRecEventManager readEvent 0
02-09 16:03:02.593 E/Thermal-daemon(  891): [pa_0] temp_new :29  temp_old :28
02-09 16:03:02.595 E/Thermal-daemon(  891): Report temperature: [pa_0] temp :29  report_threshold:1
02-09 16:03:02.719 I/TrafficMonitor( 1575): update:rxPkts:6,txPkts:0,rxBytes:666,txBytes:0
02-09 16:03:02.720 I/TrafficMonitor( 1575): start expired. level:-1
02-09 16:03:02.720 I/TrafficMonitor( 1575): gettimer:interval=2000
02-09 16:03:03.207 E/LOGSERVER_UTILS(  907): [Erecovery]readEvent: eRecEventManager readEvent 0
02-09 16:03:03.834 D/hw_netstat( 1575): total/2783/92,unknown:0/2632/0,android.uid.system:1000/151/92
02-09 16:03:04.226 E/LOGSERVER_UTILS(  907): [Erecovery]readEvent: eRecEventManager readEvent 0
02-09 16:03:04.550 I/Net.6803NetworkSpeedMan( 1924): mIsStop = false
02-09 16:03:04.551 I/Net.6804NetworkSpeedMan( 1924):  runInThread getTetherStats
02-09 16:03:04.557 I/Net.6804NetworkSpeedMan( 1924):  runInUI refreshSpeed
02-09 16:03:04.559 I/Net.6804NetworkSpeedMan( 1924): value=245.66667speed = 246B/smIsShowLastSpeedValuefalse
02-09 16:03:04.559 I/NetworkSpeedView( 1924): /update(), speed=246B/s
02-09 16:03:04.560 I/chatty  ( 1924): uid=10037(com.huawei.HwMultiScreenShot) com.android.systemui identical 2 lines
02-09 16:03:04.560 I/NetworkSpeedView( 1924): /update(), speed=246B/s
02-09 16:03:04.687 E/WifiHAL (  652): enter wifi_get_link_stats
02-09 16:03:04.704 E/WificondControl( 1575): Noise: -95, Snr: 0, Chload: -1
02-09 16:03:04.710 D/WifiScoreReport( 1575): Score = 60, wifiConnectivityManagerEnabled = false, lowScoreCount = 0
02-09 16:03:04.724 I/TrafficMonitor( 1575): update:rxPkts:3,txPkts:0,rxBytes:313,txBytes:0
02-09 16:03:04.724 I/TrafficMonitor( 1575): start expired. level:-1
02-09 16:03:04.725 I/TrafficMonitor( 1575): gettimer:interval=2000
02-09 16:03:05.228 E/LOGSERVER_UTILS(  907): [Erecovery]readEvent: eRecEventManager readEvent 0
02-09 16:03:06.240 E/LOGSERVER_UTILS(  907): [Erecovery]readEvent: eRecEventManager readEvent 0
02-09 16:03:06.610 E/JankService(27262): child Thread receive to stop
02-09 16:03:06.710 E/WificondControl( 1575): Noise: -95, Snr: 0, Chload: -1
02-09 16:03:06.722 D/WiFi_PRO( 1575): MSG_RETURN_AP_CURRY_RSSI rssi = -42
02-09 16:03:06.722 I/HuaweiWifiWatchdogStateMachine( 1575): POta txb txg rxg:0, 1, 0. Lr =0% Totpkt=1
02-09 16:03:06.722 I/QosMonitor( 1575): queryRtt: rtt_type = 3
02-09 16:03:06.722 I/HwUidTcpMonitor( 1575): TcpStatisticsRun run
02-09 16:03:06.724 I/QosMonitor( 1575): postEventFromNative: msg=100,arg1=4,arg2=10
02-09 16:03:06.724 I/QosMonitor( 1575): postEventFromNative: msg=100,arg1=0,arg2=10
02-09 16:03:06.725 I/MQoS    ( 1575): rtt=200,tcp_tx_pkts=3861487,tcp_rx_pkts=7268740
02-09 16:03:06.728 I/TrafficMonitor( 1575): update:rxPkts:2,txPkts:0,rxBytes:242,txBytes:0
02-09 16:03:06.728 I/TrafficMonitor( 1575): start expired. level:-1
02-09 16:03:06.728 I/TrafficMonitor( 1575): gettimer:interval=2000
02-09 16:03:06.730 I/HuaweiWifiWatchdogStateMachine( 1575): PTcp RTT:0, rtt pkt=0, tcp_rx=0, tcp_tx=0, tcp_reTran=0, rtRate=0
02-09 16:03:06.734 I/MQoS    ( 1575): QOS_level:0(0),wifi-link;SIM error;use level-0
02-09 16:03:06.750 E/JankService(  907): all data read ok
02-09 16:03:07.262 E/LOGSERVER_UTILS(  907): [Erecovery]readEvent: eRecEventManager readEvent 0
02-09 16:03:07.552 I/Net.6804NetworkSpeedMan( 1924): mIsStop = false
02-09 16:03:07.553 I/Net.6805NetworkSpeedMan( 1924):  runInThread getTetherStats
02-09 16:03:07.559 I/Net.6805NetworkSpeedMan( 1924):  runInUI refreshSpeed
02-09 16:03:07.560 I/Net.6805NetworkSpeedMan( 1924): value=161.33333speed = 161B/smIsShowLastSpeedValuefalse
02-09 16:03:07.560 I/NetworkSpeedView( 1924): /update(), speed=161B/s
02-09 16:03:07.562 I/chatty  ( 1924): uid=10037(com.huawei.HwMultiScreenShot) com.android.systemui identical 2 lines
02-09 16:03:07.562 I/NetworkSpeedView( 1924): /update(), speed=161B/s
02-09 16:03:07.713 E/WifiHAL (  652): enter wifi_get_link_stats
02-09 16:03:07.721 I/TrafficMonitor( 1575): expired arrive. level:-1
02-09 16:03:07.721 I/TrafficMonitor( 1575): during_ms:2004,period_ms:2000
02-09 16:03:07.722 I/TrafficMonitor( 1575): count:647,rx_sum:2,tx_sum:0,rxBytes:242,during_ms:2004,rx_speed:120.75848303393214,tx_speed:0.0,rto:0.0
02-09 16:03:07.733 E/WificondControl( 1575): Noise: -95, Snr: 0, Chload: -1
02-09 16:03:07.738 D/WifiScoreReport( 1575): Score = 60, wifiConnectivityManagerEnabled = false, lowScoreCount = 0
02-09 16:03:08.282 E/LOGSERVER_UTILS(  907): [Erecovery]readEvent: eRecEventManager readEvent 0
02-09 16:03:08.732 I/TrafficMonitor( 1575): update:rxPkts:4,txPkts:0,rxBytes:484,txBytes:0
02-09 16:03:08.732 I/TrafficMonitor( 1575): start expired. level:-1
02-09 16:03:08.733 I/TrafficMonitor( 1575): gettimer:interval=2000
02-09 16:03:09.290 E/LOGSERVER_UTILS(  907): [Erecovery]readEvent: eRecEventManager readEvent 0
02-09 16:03:10.147 I/ImsResolver( 2213): getMmTelFeatureAndListen - slot: 2 callback: com.android.ims.MmTelFeatureConnection$1@2e9d82b
02-09 16:03:10.318 E/LOGSERVER_UTILS(  907): [Erecovery]readEvent: eRecEventManager readEvent 0
02-09 16:03:10.422 I/CAWARENESS_ServiceMonitor( 4038): memory(kB) static totalPss=12855, dalvikPss=1172, nativePss=2277
02-09 16:03:10.556 I/Net.6805NetworkSpeedMan( 1924): mIsStop = false
02-09 16:03:10.557 I/Net.6806NetworkSpeedMan( 1924):  runInThread getTetherStats
02-09 16:03:10.562 I/Net.6806NetworkSpeedMan( 1924):  runInUI refreshSpeed
02-09 16:03:10.563 I/Net.6806NetworkSpeedMan( 1924): value=222.0speed = 222B/smIsShowLastSpeedValuefalse
02-09 16:03:10.563 I/NetworkSpeedView( 1924): /update(), speed=222B/s
02-09 16:03:10.564 I/chatty  ( 1924): uid=10037(com.huawei.HwMultiScreenShot) com.android.systemui identical 2 lines
02-09 16:03:10.564 I/NetworkSpeedView( 1924): /update(), speed=222B/s
02-09 16:03:10.737 I/TrafficMonitor( 1575): update:rxPkts:4,txPkts:0,rxBytes:424,txBytes:0
02-09 16:03:10.737 I/TrafficMonitor( 1575): start expired. level:-1
02-09 16:03:10.737 I/TrafficMonitor( 1575): gettimer:interval=2000
02-09 16:03:10.743 E/WifiHAL (  652): enter wifi_get_link_stats
02-09 16:03:10.760 E/WificondControl( 1575): Noise: -95, Snr: 0, Chload: -1
02-09 16:03:10.765 D/WifiScoreReport( 1575): Score = 60, wifiConnectivityManagerEnabled = false, lowScoreCount = 0
02-09 16:03:11.343 E/LOGSERVER_UTILS(  907): [Erecovery]readEvent: eRecEventManager readEvent 0
02-09 16:03:12.384 E/LOGSERVER_UTILS(  907): [Erecovery]readEvent: eRecEventManager readEvent 0
02-09 16:03:12.602 E/Thermal-daemon(  891): [pa_0] temp_new :28  temp_old :29
02-09 16:03:12.603 E/Thermal-daemon(  891): Report temperature: [pa_0] temp :28  report_threshold:1
02-09 16:03:12.740 I/TrafficMonitor( 1575): update:rxPkts:3,txPkts:0,rxBytes:313,txBytes:0
02-09 16:03:12.741 I/TrafficMonitor( 1575): start expired. level:-1
02-09 16:03:12.741 I/TrafficMonitor( 1575): gettimer:interval=2000
02-09 16:03:13.413 E/LOGSERVER_UTILS(  907): [Erecovery]readEvent: eRecEventManager readEvent 0
02-09 16:03:13.558 I/Net.6806NetworkSpeedMan( 1924): mIsStop = false
02-09 16:03:13.559 I/Net.6807NetworkSpeedMan( 1924):  runInThread getTetherStats
02-09 16:03:13.563 I/Net.6807NetworkSpeedMan( 1924):  runInUI refreshSpeed
02-09 16:03:13.565 I/Net.6807NetworkSpeedMan( 1924): value=261.33334speed = 261B/smIsShowLastSpeedValuefalse
02-09 16:03:13.565 I/NetworkSpeedView( 1924): /update(), speed=261B/s
02-09 16:03:13.566 I/chatty  ( 1924): uid=10037(com.huawei.HwMultiScreenShot) com.android.systemui identical 2 lines
02-09 16:03:13.566 I/NetworkSpeedView( 1924): /update(), speed=261B/s
02-09 16:03:13.734 I/TrafficMonitor( 1575): expired arrive. level:-1
02-09 16:03:13.734 I/TrafficMonitor( 1575): during_ms:2003,period_ms:2000
02-09 16:03:13.734 I/TrafficMonitor( 1575): count:650,rx_sum:3,tx_sum:0,rxBytes:313,during_ms:2003,rx_speed:156.2656015976036,tx_speed:0.0,rto:0.0
02-09 16:03:13.770 E/WifiHAL (  652): enter wifi_get_link_stats
02-09 16:03:13.787 E/WificondControl( 1575): Noise: -95, Snr: 0, Chload: -1
02-09 16:03:13.792 D/WifiScoreReport( 1575): Score = 60, wifiConnectivityManagerEnabled = false, lowScoreCount = 0
02-09 16:03:13.856 D/hw_netstat( 1575): total/2176/0,unknown:0/2176/0
02-09 16:03:14.439 E/LOGSERVER_UTILS(  907): [Erecovery]readEvent: eRecEventManager readEvent 0
02-09 16:03:14.718 E/WificondControl( 1575): Noise: -95, Snr: 0, Chload: -1
02-09 16:03:14.731 I/HuaweiWifiWatchdogStateMachine( 1575): POta txb txg rxg:0, 1, 0. Lr =0% Totpkt=1
02-09 16:03:14.731 D/WiFi_PRO( 1575): MSG_RETURN_AP_CURRY_RSSI rssi = -39
02-09 16:03:14.732 I/QosMonitor( 1575): queryRtt: rtt_type = 3
02-09 16:03:14.732 I/HwUidTcpMonitor( 1575): TcpStatisticsRun run
02-09 16:03:14.733 I/QosMonitor( 1575): postEventFromNative: msg=100,arg1=4,arg2=10
02-09 16:03:14.734 I/QosMonitor( 1575): postEventFromNative: msg=100,arg1=0,arg2=10
02-09 16:03:14.735 I/MQoS    ( 1575): rtt=200,tcp_tx_pkts=3861487,tcp_rx_pkts=7268740
02-09 16:03:14.737 I/HuaweiWifiWatchdogStateMachine( 1575): PTcp RTT:0, rtt pkt=0, tcp_rx=0, tcp_tx=0, tcp_reTran=0, rtRate=0
02-09 16:03:14.742 I/MQoS    ( 1575): QOS_level:0(0),wifi-link;SIM error;use level-0
02-09 16:03:14.744 I/TrafficMonitor( 1575): update:rxPkts:6,txPkts:0,rxBytes:804,txBytes:0
02-09 16:03:14.744 I/TrafficMonitor( 1575): start expired. level:-1
02-09 16:03:14.744 I/TrafficMonitor( 1575): gettimer:interval=2000
02-09 16:03:15.478 E/LOGSERVER_UTILS(  907): [Erecovery]readEvent: eRecEventManager readEvent 0
02-09 16:03:15.490 I/HwNaturalBase( 2140): [CommonHandler]: 21118Kb ram is used.
02-09 16:03:16.183 D/HwSelfCureEngine( 1575): periodicArpDetection signalLevel = 4, isScreenOn = true , mArpDetectionFailedCnt = 0
02-09 16:03:16.184 D/wifiserviceimpl( 1575): netmask =16711679
02-09 16:03:16.242 D/HwArpUtils( 1575): getGateWayArpResult:Pair{true 5}
02-09 16:03:16.244 D/HwWifiCHRStateManager( 2101): handleMessage : 1121
02-09 16:03:16.245 E/HwCHRWifiRSSIGroupSummery( 2101): updatArpSummery mRSSI:-1  HwCHRWifiRSSIGroup [rssi_index=4, rtt_tcp_packets=0, rtt_tcp_duration=0, rtt_lan_duration=8929, rtt_lan_failures=0, rtt_lan_succ=740, rtt_lan_max=443, rtt_lan_min=2,same_area_frequency=0,adjacent_area_frequency=2]
02-09 16:03:16.502 D/DeviceMonitorPowerKit( 2117): run, sCountNum is 1
02-09 16:03:16.502 D/DeviceMonitorPowerKit( 2117): interval is 199971, ElapsedRealtime is 452705350, isNeedRepeat: false
02-09 16:03:16.502 E/DeviceMonitorPowerKit( 2117): not Satify ApplyResource
02-09 16:03:16.518 E/LOGSERVER_UTILS(  907): [Erecovery]readEvent: eRecEventManager readEvent 0
02-09 16:03:16.562 I/Net.6807NetworkSpeedMan( 1924): mIsStop = false
02-09 16:03:16.563 I/Net.6808NetworkSpeedMan( 1924):  runInThread getTetherStats
02-09 16:03:16.573 I/Net.6808NetworkSpeedMan( 1924):  runInUI refreshSpeed
02-09 16:03:16.575 I/Net.6808NetworkSpeedMan( 1924): value=252.33333speed = 252B/smIsShowLastSpeedValuefalse
02-09 16:03:16.575 I/NetworkSpeedView( 1924): /update(), speed=252B/s
02-09 16:03:16.576 I/chatty  ( 1924): uid=10037(com.huawei.HwMultiScreenShot) com.android.systemui identical 2 lines
02-09 16:03:16.576 I/NetworkSpeedView( 1924): /update(), speed=252B/s
02-09 16:03:16.749 I/TrafficMonitor( 1575): update:rxPkts:4,txPkts:0,rxBytes:424,txBytes:0
02-09 16:03:16.749 I/TrafficMonitor( 1575): start expired. level:-1
02-09 16:03:16.749 I/TrafficMonitor( 1575): gettimer:interval=2000
02-09 16:03:16.797 E/WifiHAL (  652): enter wifi_get_link_stats
02-09 16:03:16.817 E/WificondControl( 1575): Noise: -95, Snr: 0, Chload: -1
02-09 16:03:16.823 D/WifiScoreReport( 1575): Score = 60, wifiConnectivityManagerEnabled = false, lowScoreCount = 0
02-09 16:03:17.559 E/LOGSERVER_UTILS(  907): [Erecovery]readEvent: eRecEventManager readEvent 0
02-09 16:03:17.712 W/IptablesRestoreController(  595): iptables-restore process 26869 terminated status=15
02-09 16:03:17.714 W/IptablesRestoreController(  595): iptables-restore process 26870 terminated status=15
02-09 16:03:18.572 E/LOGSERVER_UTILS(  907): [Erecovery]readEvent: eRecEventManager readEvent 0
02-09 16:03:18.753 I/TrafficMonitor( 1575): update:rxPkts:4,txPkts:0,rxBytes:384,txBytes:0
02-09 16:03:18.753 I/TrafficMonitor( 1575): start expired. level:-1
02-09 16:03:18.753 I/TrafficMonitor( 1575): gettimer:interval=5000
02-09 16:03:19.051 I/HwNaturalBase( 2140): [Timer-0]: MultiUserManagerService:  getNotActiveUser start
02-09 16:03:19.565 I/Net.6808NetworkSpeedMan( 1924): mIsStop = false
02-09 16:03:19.566 I/Net.6809NetworkSpeedMan( 1924):  runInThread getTetherStats
02-09 16:03:19.571 I/Net.6809NetworkSpeedMan( 1924):  runInUI refreshSpeed
02-09 16:03:19.572 I/Net.6809NetworkSpeedMan( 1924): value=232.33333speed = 232B/smIsShowLastSpeedValuefalse
02-09 16:03:19.572 I/NetworkSpeedView( 1924): /update(), speed=232B/s
02-09 16:03:19.574 I/chatty  ( 1924): uid=10037(com.huawei.HwMultiScreenShot) com.android.systemui identical 2 lines
02-09 16:03:19.574 I/NetworkSpeedView( 1924): /update(), speed=232B/s
02-09 16:03:19.590 E/LOGSERVER_UTILS(  907): [Erecovery]readEvent: eRecEventManager readEvent 0
02-09 16:03:19.620 W/Watchdog( 1575): hungtask: writing kick
02-09 16:03:19.623 I/EventHub( 1575): EventHub monitor: no key events in the past 20568s, no motion events in the past 596s
02-09 16:03:19.746 I/TrafficMonitor( 1575): expired arrive. level:-1
02-09 16:03:19.747 I/TrafficMonitor( 1575): during_ms:2004,period_ms:2000
02-09 16:03:19.747 I/TrafficMonitor( 1575): count:653,rx_sum:4,tx_sum:0,rxBytes:384,during_ms:2004,rx_speed:191.61676646706587,tx_speed:0.0,rto:0.0
02-09 16:03:19.827 E/WifiHAL (  652): enter wifi_get_link_stats
02-09 16:03:19.845 E/WificondControl( 1575): Noise: -95, Snr: 0, Chload: -1
02-09 16:03:19.851 D/WifiScoreReport( 1575): Score = 60, wifiConnectivityManagerEnabled = false, lowScoreCount = 0
02-09 16:03:20.624 E/LOGSERVER_UTILS(  907): [Erecovery]readEvent: eRecEventManager readEvent 0
02-09 16:03:20.842 D/NetdConnector( 1575): SND -> {9753 firewall set_uid_rule standby 10070 deny}
02-09 16:03:20.871 E/        (27266): iptables cmd:iptables-restore
02-09 16:03:20.893 E/        (27267): iptables cmd:ip6tables-restore
02-09 16:03:20.897 D/NetdConnector( 1575): RCV <- {200 9753 Firewall command succeeded}
02-09 16:03:20.899 I/NetworkPolicy( 1575): updateRulesForPowerRestrictionsUL(10070), isIdle: true, mRestrictPower: false, mDeviceIdleMode: false, isForeground=false, isWhitelisted=false, oldRule=0 (NONE), newRule=64 (REJECT_ALL), newUidRules=64 (REJECT_ALL), oldUidRules=0 (NONE), mRestrictBackground=false
02-09 16:03:20.903 D/JobScheduler( 1575): Maybe queuing ready jobs...
02-09 16:03:21.658 E/LOGSERVER_UTILS(  907): [Erecovery]readEvent: eRecEventManager readEvent 0
02-09 16:03:22.567 I/Net.6809NetworkSpeedMan( 1924): mIsStop = false
02-09 16:03:22.568 I/Net.6810NetworkSpeedMan( 1924):  runInThread getTetherStats
02-09 16:03:22.575 I/Net.6810NetworkSpeedMan( 1924):  runInUI refreshSpeed
02-09 16:03:22.577 I/Net.6810NetworkSpeedMan( 1924): value=351.33334speed = 351B/smIsShowLastSpeedValuefalse
02-09 16:03:22.577 I/NetworkSpeedView( 1924): /update(), speed=351B/s
02-09 16:03:22.578 I/chatty  ( 1924): uid=10037(com.huawei.HwMultiScreenShot) com.android.systemui identical 2 lines
02-09 16:03:22.578 I/NetworkSpeedView( 1924): /update(), speed=351B/s
02-09 16:03:22.695 E/LOGSERVER_UTILS(  907): [Erecovery]readEvent: eRecEventManager readEvent 0
02-09 16:03:22.727 E/WificondControl( 1575): Noise: -95, Snr: 0, Chload: -1
02-09 16:03:22.742 D/WiFi_PRO( 1575): MSG_RETURN_AP_CURRY_RSSI rssi = -41
02-09 16:03:22.742 I/HuaweiWifiWatchdogStateMachine( 1575): POta txb txg rxg:0, 4, 0. Lr =0% Totpkt=4
02-09 16:03:22.742 I/QosMonitor( 1575): queryRtt: rtt_type = 3
02-09 16:03:22.743 I/HwUidTcpMonitor( 1575): TcpStatisticsRun run
02-09 16:03:22.744 I/QosMonitor( 1575): postEventFromNative: msg=100,arg1=4,arg2=10
02-09 16:03:22.745 I/QosMonitor( 1575): postEventFromNative: msg=100,arg1=0,arg2=10
02-09 16:03:22.746 I/HuaweiWifiWatchdogStateMachine( 1575): PTcp RTT:0, rtt pkt=0, tcp_rx=0, tcp_tx=0, tcp_reTran=0, rtRate=0
02-09 16:03:22.746 I/MQoS    ( 1575): rtt=200,tcp_tx_pkts=3861487,tcp_rx_pkts=7268740
02-09 16:03:22.753 I/MQoS    ( 1575): QOS_level:0(0),wifi-link;SIM error;use level-0
02-09 16:03:22.853 E/WifiHAL (  652): enter wifi_get_link_stats
02-09 16:03:22.869 E/WificondControl( 1575): Noise: -95, Snr: 0, Chload: -1
02-09 16:03:22.875 D/WifiScoreReport( 1575): Score = 60, wifiConnectivityManagerEnabled = false, lowScoreCount = 0
02-09 16:03:23.632 I/HwBatteryService( 1575): quick charge status : 0
02-09 16:03:23.632 D/HwBatteryService( 1575): onUEvent fcpStatus = 0
02-09 16:03:23.632 D/HwBatteryService( 1575): onUEvent scpStatus = 0 ,ovpStatus = 0
02-09 16:03:23.633 I/HwBatteryService( 1575): handleWirelessTxStatus
02-09 16:03:23.633 I/HwBatteryService( 1575): switch not open, return, mWirelessTxFlag : 0
02-09 16:03:23.634 I/UsbDeviceManager( 1575): water_intrused state= 0
02-09 16:03:23.706 E/LOGSERVER_UTILS(  907): [Erecovery]readEvent: eRecEventManager readEvent 0
02-09 16:03:23.756 I/TrafficMonitor( 1575): update:rxPkts:11,txPkts:0,rxBytes:1609,txBytes:0
02-09 16:03:23.756 I/TrafficMonitor( 1575): start expired. level:-1
02-09 16:03:23.756 I/TrafficMonitor( 1575): gettimer:interval=5000
02-09 16:03:23.872 D/hw_netstat( 1575): total/2750/0,unknown:0/2750/0
02-09 16:03:24.746 E/LOGSERVER_UTILS(  907): [Erecovery]readEvent: eRecEventManager readEvent 0
02-09 16:03:25.569 I/Net.6810NetworkSpeedMan( 1924): mIsStop = false
02-09 16:03:25.570 I/Net.6811NetworkSpeedMan( 1924):  runInThread getTetherStats
02-09 16:03:25.575 I/Net.6811NetworkSpeedMan( 1924):  runInUI refreshSpeed
02-09 16:03:25.577 I/Net.6811NetworkSpeedMan( 1924): value=161.33333speed = 161B/smIsShowLastSpeedValuefalse
02-09 16:03:25.577 I/NetworkSpeedView( 1924): /update(), speed=161B/s
02-09 16:03:25.578 I/chatty  ( 1924): uid=10037(com.huawei.HwMultiScreenShot) com.android.systemui identical 2 lines
02-09 16:03:25.578 I/NetworkSpeedView( 1924): /update(), speed=161B/s
02-09 16:03:25.787 E/LOGSERVER_UTILS(  907): [Erecovery]readEvent: eRecEventManager readEvent 0
02-09 16:03:25.880 E/WifiHAL (  652): enter wifi_get_link_stats
02-09 16:03:25.899 E/WificondControl( 1575): Noise: -95, Snr: 0, Chload: -1
02-09 16:03:25.905 D/WifiScoreReport( 1575): Score = 60, wifiConnectivityManagerEnabled = false, lowScoreCount = 0
02-09 16:03:26.294 D/        (  595): Received kernel message payload: chr_event 9
02-09 16:03:26.295 I/        (  595): netd received web stat infomation,trigger chr report!
02-09 16:03:26.295 I/        (  595): netd received web stat infomation,trigger chr report!
02-09 16:03:26.295 I/        (  595): ReportType 0 0 0 0 0 0 0 0 0 0 0 0 0 0 0 0 0 0 0 0 0 0 0 0 0 0 0 0 0 0 0 0 0 0 0 0 0 0 0 0 0 0 0 0 0 0 0 0 0 0 0 0 0 0 0 0 0 0 0 0 0 0 0 0 0 0 0 0 0 0 0 0 0 0 0 0 0 0 0 0 0 0 0 0 0 0 0 0 0 0 0 0 0 0 0 0 0 0 0 0 0 0 0 0 0 0 0 0 0 0 0 0 0 0 0 0 0 0 0 0 0 0 0 0 0 0 0 0 0 0 0 0 0 0 0 0 0 0 0 0 0 0 0 0 0 0 0 0 0 0 0 0 0 0 0 0 0 0 0 0 0 0 0 0 0 0 0 0 0 0 0 0 0 0 0 0 0 0 0 0 0 0 0 0 0 0 0 0 0 0 0 0 0 0 0 0 0 0 0 0 0 0 0 0 0 0 0 0 0 0 0 0 0 0 0 0 0 0 0 0 0 0 0 0 0 0 0 0 0 0 0 0 0 0 0 0 ReportType 0 2427 2164 27 0 2 29 90 26 0 1 0 0 0 88 1 0 0 1 29 0 0 311 1024 12 0 0 12 15 12 12 0 0 0 0 0 15 0 0 0 0 0 0 0 0 0 0 0 0 0 0 0 0 0 0 0 0 0 0 0 26 0 0 0 0 0 3 0 0 0 0 0 0 0 3 0 0 0 0 0 0 0 0 0 0 0 0 0 0 0 0 0 0 0 0 0 0 0 0 0 0 0 0 0 0 0 0 0 0 0 0 0 0 0 0 0 0 0 0 0 0 0 0 0 0 0 0 0 0 0 0 0 0 0 0 0 0 0 0 0 0 0 0 0 0 0 0 0 0 0 0 0 0 0 0 0 0 0 0 0 0 0 0 0 0 0 0 0 0 0 0 0 0 0 0 0 0 0 0 0 0 0 0 0 0 0 0 0 0 0 0 0 0 0 0 0 0 0 0 0 0 0 0 0 0 0 0 0 0 0 0 0 286 5 13 472 16 36 0 0 0 0 0 0 0 0 744 328 29 0 0 0 0 0 0 0
02-09 16:03:26.295 W/SocketListener(  595): sending broadcast to Pid = 1575, Uid = 1000 
02-09 16:03:26.300 D/NetdConnector( 1575): RCV <- {661 ReportType 0 0 0 0 0 0 0 0 0 0 0 0 0 0 0 0 0 0 0 0 0 0 0 0 0 0 0 0 0 0 0 0 0 0 0 0 0 0 0 0 0 0 0 0 0 0 0 0 0 0 0 0 0 0 0 0 0 0 0 0 0 0 0 0 0 0 0 0 0 0 0 0 0 0 0 0 0 0 0 0 0 0 0 0 0 0 0 0 0 0 0 0 0 0 0 0 0 0 0 0 0 0 0 0 0 0 0 0 0 0 0 0 0 0 0 0 0 0 0 0 0 0 0 0 0 0 0 0 0 0 0 0 0 0 0 0 0 0 0 0 0 0 0 0 0 0 0 0 0 0 0 0 0 0 0 0 0 0 0 0 0 0 0 0 0 0 0 0 0 0 0 0 0 0 0 0 0 0 0 0 0 0 0 0 0 0 0 0 0 0 0 0 0 0 0 0 0 0 0 0 0 0 0 0 0 0 0 0 0 0 0 0 0 0 0 0 0 0 0 0 0 0 0 0 0 0 0 0 0 0 0 0 0 0 0 0 ReportType 0 2427 2164 27 0 2 29 90 26 0 1 0 0 0 88 1 0 0 1 29 0 0 311 1024 12 0 0 12 15 12 12 0 0 0 0 0 15 0 0 0 0 0 0 0 0 0 0 0 0 0 0 0 0 0 0 0 0 0 0 0 26 0 0 0 0 0 3 0 0 0 0 0 0 0 3 0 0 0 0 0 0 0 0 0 0 0 0 0 0 0 0 0 0 0 0 0 0 0 0 0 0 0 0 0 0 0 0 0 0 0 0 0 0 0 0 0 0 0 0 0 0 0 0 0 0 0 0 0 0 0 0 0 0 0 0 0 0 0 0 0 0 0 0 0 0 0 0 0 0 0 0 0 0 0 0 0 0 0 0 0 0 0 0 0 0 0 0 0 0 0 0 0 0 0 0 0 0 0 0 0 0 0 0 0 0 0 0 0 0 0 0 0 0 0 0 0 0 0 0 0 0 0 0 0 0 0 0 0 0 0 0 0 286 5 13 472 16 36 0 0 0 0 0 0 0 0 744 328 29 0 0 0 0 0 0 0}
02-09 16:03:26.305 D/NetdConnector( 1575): RCV <- {661 ReportType 0 0 0 0 0 0 0 0 0 0 0 0 0 0 0 0 0 0 0 0 0 0 0 0 0 0 0 0 0 0 0 0 0 0 0 0 0 0 0 0 0 0 0 0 0 0 0 0 0 0 0 0 0 0 0 0 0 0 0 0 0 0 0 0 0 0 0 0 0 0 0 0 0 0 0 0 0 0 0 0 0 0 0 0 0 0 0 0 0 0 0 0 0 0 0 0 0 0 0 0 0 0 0 0 0 0 0 0 0 0 0 0 0 0 0 0 0 0 0 0 0 0 0 0 0 0 0 0 0 0 0 0 0 0 0 0 0 0 0 0 0 0 0 0 0 0 0 0 0 0 0 0 0 0 0 0 0 0 0 0 0 0 0 0 0 0 0 0 0 0 0 0 0 0 0 0 0 0 0 0 0 0 0 0 0 0 0 0 0 0 0 0 0 0 0 0 0 0 0 0 0 0 0 0 0 0 0 0 0 0 0 0 0 0 0 0 0 0 0 0 0 0 0 0 0 0 0 0 0 0 0 0 0 0 0 0 ReportType 0 2427 2164 27 0 2 29 90 26 0 1 0 0 0 88 1 0 0 1 29 0 0 311 1024 12 0 0 12 15 12 12 0 0 0 0 0 15 0 0 0 0 0 0 0 0 0 0 0 0 0 0 0 0 0 0 0 0 0 0 0 26 0 0 0 0 0 3 0 0 0 0 0 0 0 3 0 0 0 0 0 0 0 0 0 0 0 0 0 0 0 0 0 0 0 0 0 0 0 0 0 0 0 0 0 0 0 0 0 0 0 0 0 0 0 0 0 0 0 0 0 0 0 0 0 0 0 0 0 0 0 0 0 0 0 0 0 0 0 0 0 0 0 0 0 0 0 0 0 0 0 0 0 0 0 0 0 0 0 0 0 0 0 0 0 0 0 0 0 0 0 0 0 0 0 0 0 0 0 0 0 0 0 0 0 0 0 0 0 0 0 0 0 0 0 0 0 0 0 0 0 0 0 0 0 0 0 0 0 0 0 0 0 286 5 13 472 16 36 0 0 0 0 0 0 0 0 744 328 29 0 0 0 0 0 0 0}
02-09 16:03:26.309 D/NetdConnector( 1575): RCV unsolicited event from native daemon, event = 661
02-09 16:03:26.322 D/HwNetworkManagementService( 1575): onEvent receive Web Stat Report:661 ReportType 0 0 0 0 0 0 0 0 0 0 0 0 0 0 0 0 0 0 0 0 0 0 0 0 0 0 0 0 0 0 0 0 0 0 0 0 0 0 0 0 0 0 0 0 0 0 0 0 0 0 0 0 0 0 0 0 0 0 0 0 0 0 0 0 0 0 0 0 0 0 0 0 0 0 0 0 0 0 0 0 0 0 0 0 0 0 0 0 0 0 0 0 0 0 0 0 0 0 0 0 0 0 0 0 0 0 0 0 0 0 0 0 0 0 0 0 0 0 0 0 0 0 0 0 0 0 0 0 0 0 0 0 0 0 0 0 0 0 0 0 0 0 0 0 0 0 0 0 0 0 0 0 0 0 0 0 0 0 0 0 0 0 0 0 0 0 0 0 0 0 0 0 0 0 0 0 0 0 0 0 0 0 0 0 0 0 0 0 0 0 0 0 0 0 0 0 0 0 0 0 0 0 0 0 0 0 0 0 0 0 0 0 0 0 0 0 0 0 0 0 0 0 0 0 0 0 0 0 0 0 0 0 0 0 0 0 ReportType 0 2427 2164 27 0 2 29 90 26 0 1 0 0 0 88 1 0 0 1 29 0 0 311 1024 12 0 0 12 15 12 12 0 0 0 0 0 15 0 0 0 0 0 0 0 0 0 0 0 0 0 0 0 0 0 0 0 0 0 0 0 26 0 0 0 0 0 3 0 0 0 0 0 0 0 3 0 0 0 0 0 0 0 0 0 0 0 0 0 0 0 0 0 0 0 0 0 0 0 0 0 0 0 0 0 0 0 0 0 0 0 0 0 0 0 0 0 0 0 0 0 0 0 0 0 0 0 0 0 0 0 0 0 0 0 0 0 0 0 0 0 0 0 0 0 0 0 0 0 0 0 0 0 0 0 0 0 0 0 0 0 0 0 0 0 0 0 0 0 0 0 0 0 0 0 0 0 0 0 0 0 0 0 0 0 0 0 0 0 0 0 0 0 0 0 0 0 0 0 0 0 0 0 0 0 0 0 0 0 0 0 0 0 286 5 13 472 16 36 0 0 0 0 0 0 0 0 744 328 29 0 0 0 0 0 0 0
02-09 16:03:26.324 W/ContextImpl( 1575): Calling a method in the system process without a qualified user: android.app.ContextImpl.sendBroadcast:1183 com.android.server.HwNetworkManagementService.sendWebStatMessage:1150 com.android.server.HwServiceFactoryImpl$HwNetworkManagementServiceImpl.sendWebStatMessage:748 com.android.server.NetworkManagementService$NetdCallbackReceiver.onEvent:1095 com.android.server.NativeDaemonConnector.handleMessage:176 
02-09 16:03:26.326 W/ActivityManager( 1575): Sending non-protected broadcast com.huawei.chr.wifi.action.web_stat_report from system 1575:system/1000 pkg android
02-09 16:03:26.327 W/ActivityManager( 1575): Sending non-protected broadcast com.huawei.chr.wifi.action.web_stat_report from system 1575:system/1000 pkg android
02-09 16:03:26.331 D/HwWifiStatStore( 2101): handleWebStatReport data is: Bundle[{HighestWebDelay=472, LowestWebDelay=16, VideoAvgSpeed=0, data_direct=0, DelayL1=26, DelayL2=0, DelayL3=1, DelayL4=0, DelayL5=0, DelayL6=0, VideoFreezNum=0, VideoTime=0, AccVideoTime=0, TotalNum=29, WebDelay=2164, hmac_delay=0, TcpSuccNum=29, transport_delay=0, ReportType=0, LastTcpRTT=13, AccVideoAvgSpeed=0, SuccNum=27, RTT=2427, TcpTotalNum=90, RTTL1=88, RTTL2=1, RTTL3=0, RTTL4=0, RTTL5=1, tcp_handshake_delay=744, ServerAddr=0, NoAckNum=2, driver_delay=0, exception_cnt=0, HighestTcpRTT=286, LowestTcpRTT=5, FailNum=0, AccVideoFreezNum=0, android_uid=0, RTTAbnServerAddr=0, http_get_delay=328, ip_delay=0, LastWebDelay=36}]
02-09 16:03:26.806 E/LOGSERVER_UTILS(  907): [Erecovery]readEvent: eRecEventManager readEvent 0
02-09 16:03:27.612 E/Thermal-daemon(  891): [battery] temp_new :27  temp_old :28
02-09 16:03:27.614 I/ThermalTrace_ThermalRaise( 2186): Battery:-100,28,27
02-09 16:03:27.615 E/Thermal-daemon(  891): Report temperature: [battery] temp :27  report_threshold:1
02-09 16:03:27.826 E/LOGSERVER_UTILS(  907): [Erecovery]readEvent: eRecEventManager readEvent 0
02-09 16:03:28.573 I/Net.6811NetworkSpeedMan( 1924): mIsStop = false
02-09 16:03:28.573 I/Net.6812NetworkSpeedMan( 1924):  runInThread getTetherStats
02-09 16:03:28.579 I/Net.6812NetworkSpeedMan( 1924):  runInUI refreshSpeed
02-09 16:03:28.580 I/Net.6812NetworkSpeedMan( 1924): value=239.33333speed = 239B/smIsShowLastSpeedValuefalse
02-09 16:03:28.580 I/NetworkSpeedView( 1924): /update(), speed=239B/s
02-09 16:03:28.581 I/chatty  ( 1924): uid=10037(com.huawei.HwMultiScreenShot) com.android.systemui identical 2 lines
02-09 16:03:28.581 I/NetworkSpeedView( 1924): /update(), speed=239B/s
02-09 16:03:28.758 I/TrafficMonitor( 1575): expired arrive. level:-1
02-09 16:03:28.760 I/TrafficMonitor( 1575): update:rxPkts:9,txPkts:0,rxBytes:960,txBytes:0
02-09 16:03:28.760 I/TrafficMonitor( 1575): start expired. level:-1
02-09 16:03:28.760 I/TrafficMonitor( 1575): gettimer:interval=5000
02-09 16:03:28.760 I/TrafficMonitor( 1575): during_ms:5004,period_ms:2000
02-09 16:03:28.761 I/TrafficMonitor( 1575): count:655,rx_sum:9,tx_sum:0,rxBytes:960,during_ms:5004,rx_speed:191.8465227817746,tx_speed:0.0,rto:0.0
02-09 16:03:28.867 E/LOGSERVER_UTILS(  907): [Erecovery]readEvent: eRecEventManager readEvent 0
02-09 16:03:28.907 E/WifiHAL (  652): enter wifi_get_link_stats
02-09 16:03:28.917 E/WificondControl( 1575): Noise: -95, Snr: 0, Chload: -1
02-09 16:03:28.923 D/WifiScoreReport( 1575): Score = 60, wifiConnectivityManagerEnabled = false, lowScoreCount = 0
02-09 16:03:29.000 I/SmartChgBase/Arb_HidlParam( 4721): Apply Skipped: IsApplyExcept return true. [moduleName:ASW, param:dc_vterm_dec, detailsWithValue:source=trigger;event=heartbeat;chargestatus=start;value=0;]
