02-08 15:59:00.019  2117  2506 D BleAdvBuilderStack: addBleAdvBuilder: after size=1, isPeekChanged=true
02-08 15:59:00.019  2117  2506 I HeartbeatMonitor: current peek, nowTime=366248838, endTime=366250654, level=LEVEL5
02-08 15:59:00.019  2117  2506 I BleApi  : buildHiPlayAdvMsg: 
02-08 15:59:00.019  2117  2506 I CommonUtils: getCurUserIDHashBytes: 
02-08 15:59:00.020  2117  2506 V BleAdvBuilder: buildAdvData: 05-05-A8-3A51-000000000002-0E-7CC808DE4CCE0B00-01-0A26-EA, length=24, with HeartbeatMonitor
02-08 15:59:00.020  2117  2506 I BleApi  : buildHiPlayAdvData: 
02-08 15:59:00.021  2117  2506 I HeartbeatMonitor: advertisingSet not null, advertise [user=30086000565183853 , random bits=000000000002, hash=7CC808DE4CCE0B00 wake=false, resp=true, conn=true, compat=true, endTime=366250654], set=android.bluetooth.le.AdvertisingSet@13718fa
02-08 15:59:00.030  2117  2506 I HeartbeatMonitor: onAdvertisingEnabled android.bluetooth.le.AdvertisingSet@13718fa, isEnabled=true, status=0
02-08 15:59:00.035  1924  1924 E DateView: DateView,mCurrentTime: 1770537540035
02-08 15:59:00.040  1924  1924 I EventCenter: EventCenter Get :android.intent.action.TIME_TICK
02-08 15:59:00.041  1924  1924 W ClockView1:  action android.intent.action.TIME_TICK
02-08 15:59:00.041  1924  1924 I chatty  : uid=10037(com.huawei.HwMultiScreenShot) com.android.systemui identical 1 line
02-08 15:59:00.041  1924  1924 W ClockView1:  action android.intent.action.TIME_TICK
02-08 15:59:00.051  1924  1924 E ndroid.systemu: No package ID ff found for ID 0xffffffff.
02-08 15:59:00.052  1924  1924 I LocalCalendar: CalendarId: 0001LocalCalender On
02-08 15:59:00.055  1924  1924 E ndroid.systemu: No package ID ff found for ID 0xffffffff.
02-08 15:59:00.056  1924  1924 I LocalCalendar: CalendarId: 0001LocalCalender On
02-08 15:59:00.059  1924  1924 E ndroid.systemu: No package ID ff found for ID 0xffffffff.
02-08 15:59:00.060  1924  1924 I LocalCalendar: CalendarId: 0001LocalCalender On
02-08 15:59:00.066  1924  2325 I KeyguardStatusView: Runnable for refresh
02-08 15:59:00.069  2230  2230 I HwLauncher: Model  onReceive intent=Intent { act=android.intent.action.TIME_TICK flg=0x50200014 hwFlg=0x900 (has extras) }
02-08 15:59:00.069  2230  2230 I HwLauncher: Model  onReceive user=UserHandle{0}
02-08 15:59:00.097  1575  7355 V BroadcastQueue: Finished with ordered broadcast BroadcastRecord{90527ca u-1 android.intent.action.TIME_TICK}
02-08 15:59:00.140  1924  1924 D DateTimeView: Change to single clock mode!
02-08 15:59:00.142  1924  1924 I ColorPickUitls: type = 2
02-08 15:59:00.142  1924  1924 D HwKeyguardBottomArea: RemoveDateTimeTopArea type:2
02-08 15:59:00.142  1924  1924 D HwKeyguardBottomArea: loadDateTimeArea type
02-08 15:59:00.142  1924  1924 D HwKeyguardBottomArea: removeLiftSensorView, threadname = main
02-08 15:59:00.143  1924  1924 D DateTimeView: Change to single clock mode!
02-08 15:59:00.144  1924  1924 I ColorPickUitls: type = 2
02-08 15:59:00.144  1924  1924 D HwKeyguardBottomArea: RemoveDateTimeTopArea type:2
02-08 15:59:00.144  1924  1924 D HwKeyguardBottomArea: loadDateTimeArea type
02-08 15:59:00.144  1924  1924 D HwKeyguardBottomArea: removeLiftSensorView, threadname = main
02-08 15:59:00.144  1924  1924 D DateTimeView: Change to single clock mode!
02-08 15:59:00.145  1924  1924 I ColorPickUitls: type = 2
02-08 15:59:00.145  1924  1924 D HwKeyguardBottomArea: RemoveDateTimeTopArea type:2
02-08 15:59:00.145  1924  1924 D HwKeyguardBottomArea: loadDateTimeArea type
02-08 15:59:00.145  1924  1924 D HwKeyguardBottomArea: removeLiftSensorView, threadname = main
02-08 15:59:00.147  2230  2230 E ndroid.launche: No package ID ff found for ID 0xffffffff.
02-08 15:59:00.381   907  3754 E LOGSERVER_UTILS: [Erecovery]readEvent: eRecEventManager readEvent 0
02-08 15:59:00.481  1575  1785 I TrafficMonitor: update:rxPkts:0,txPkts:2,rxBytes:0,txBytes:120
02-08 15:59:00.481  1575  1785 I TrafficMonitor: start expired. level:-1
02-08 15:59:00.481  1575  1785 I TrafficMonitor: gettimer:interval=2000
02-08 15:59:00.607  1575 13992 W AwareLog: AwareMem_Reclaim: generateCompressList procsGroups error!
02-08 15:59:00.610   891   891 E Thermal-daemon: [ap] temp_new :29  temp_old :30
02-08 15:59:00.612   891   891 E Thermal-daemon: Report temperature: [ap] temp :29  report_threshold:1
02-08 15:59:01.405   652   652 E WifiHAL : enter wifi_get_link_stats
02-08 15:59:01.406   907  3754 E LOGSERVER_UTILS: [Erecovery]readEvent: eRecEventManager readEvent 0
02-08 15:59:01.427  1575  1786 E WificondControl: Noise: -89, Snr: 0, Chload: -1
02-08 15:59:01.432  1575  1786 D WifiScoreReport: Score = 60, wifiConnectivityManagerEnabled = false, lowScoreCount = 0
02-08 15:59:01.474  1575  1785 I TrafficMonitor: expired arrive. level:-1
02-08 15:59:01.474  1575  1785 I TrafficMonitor: during_ms:2004,period_ms:2000
02-08 15:59:01.474  1575  1785 I TrafficMonitor: count:130,rx_sum:0,tx_sum:2,rxBytes:0,during_ms:2004,rx_speed:0.0,tx_speed:59.880239520958085,rto:0.0
02-08 15:59:02.039  2117  2506 I HeartbeatMonitor: onAdvertisingEnabled android.bluetooth.le.AdvertisingSet@13718fa, isEnabled=false, status=0, and will goto next advertiseNext
02-08 15:59:02.039  2117  2506 D HeartbeatMonitor: advertise paused android.bluetooth.le.AdvertisingSet@13718fa
02-08 15:59:02.039  2117  2506 I HeartbeatMonitor: now=366250858205301, tickWakeEndTime=297963450819565, tickEndTime=365990878186071, tockEndTime=297963450819565, notifyEndTime=297963450819565, tickRelayEndTime=297963450819565, tickAutoEndTime=366250634146969, isScreenOn=true
02-08 15:59:02.039  2117  2506 I AdvertisingTaskAttributes: tickRelayEndTime < tickAutoEndTime <= now, no further advertise demand
02-08 15:59:02.039  2117  2506 D HeartbeatMonitor: no need advertise
02-08 15:59:02.039  2117  2506 I BleApi  : stopAdvertise
02-08 15:59:02.043  2117  2506 D HeartbeatMonitor: resetAdvertiseStatus
02-08 15:59:02.044  2117  2506 I HeartbeatMonitor: onAdvertisingSetStopped android.bluetooth.le.AdvertisingSet@13718fa
02-08 15:59:02.044  2117  2506 D HeartbeatMonitor: resetAdvertiseStatus
02-08 15:59:02.422   907  3754 E LOGSERVER_UTILS: [Erecovery]readEvent: eRecEventManager readEvent 0
02-08 15:59:02.484  1575  1785 I TrafficMonitor: update:rxPkts:2,txPkts:1,rxBytes:1560,txBytes:60
02-08 15:59:02.485  1575  1785 I TrafficMonitor: start expired. level:-1
02-08 15:59:02.485  1575  1785 I TrafficMonitor: gettimer:interval=2000
02-08 15:59:03.464   907  3754 E LOGSERVER_UTILS: [Erecovery]readEvent: eRecEventManager readEvent 0
02-08 15:59:04.438   652   652 E WifiHAL : enter wifi_get_link_stats
02-08 15:59:04.457  1575  1786 E WificondControl: Noise: -89, Snr: 0, Chload: -1
02-08 15:59:04.463  1575  1786 D WifiScoreReport: Score = 60, wifiConnectivityManagerEnabled = false, lowScoreCount = 0
02-08 15:59:04.489  1575  1785 I TrafficMonitor: update:rxPkts:0,txPkts:0,rxBytes:0,txBytes:0
02-08 15:59:04.489  1575  1785 I TrafficMonitor: start expired. level:-1
02-08 15:59:04.489  1575  1785 I TrafficMonitor: gettimer:interval=2000
02-08 15:59:04.505   907  3754 E LOGSERVER_UTILS: [Erecovery]readEvent: eRecEventManager readEvent 0
02-08 15:59:04.847  2117  2506 I HiPlayMonitor: disconnectAllClients from HeartbeatMonitor: 0
02-08 15:59:05.526   907  3754 E LOGSERVER_UTILS: [Erecovery]readEvent: eRecEventManager readEvent 0
02-08 15:59:06.492  1575  1785 I TrafficMonitor: update:rxPkts:1,txPkts:0,rxBytes:1331,txBytes:0
02-08 15:59:06.492  1575  1785 I TrafficMonitor: start expired. level:-1
02-08 15:59:06.492  1575  1785 I TrafficMonitor: gettimer:interval=2000
02-08 15:59:06.523  4038 14700 I CAWARENESS_ServiceMonitor: memory(kB) static totalPss=13781, dalvikPss=1168, nativePss=2822
02-08 15:59:06.530   907  3754 E LOGSERVER_UTILS: [Erecovery]readEvent: eRecEventManager readEvent 0
02-08 15:59:07.356 14579 14619 E OpenCodeManager: Failed to create session: failed to connect to /192.168.1.100 (port 3000) from /192.168.50.36 (port 54942) after 30000ms
02-08 15:59:07.412  2186  2779 I PG_ash  : view add pid:14579 uid:10166
02-08 15:59:07.417 14579 14621 D OpenGLRenderer:   HWUI Binary is  enabled
02-08 15:59:07.417 14579 14621 D OpenGLRenderer: disableOutlineDraw is true
02-08 15:59:07.424  1575  3123 E WindowManager: App trying to use insecure INPUT_FEATURE_NO_INPUT_CHANNEL flag. Ignoring
02-08 15:59:07.437  1575  3123 V WindowManager: addWindow: Window{b1fe217 u0 Toast}
02-08 15:59:07.467   652   652 E WifiHAL : enter wifi_get_link_stats
02-08 15:59:07.480  1575  1786 E WificondControl: Noise: -89, Snr: 0, Chload: -1
02-08 15:59:07.484  1575  1786 D WifiScoreReport: Score = 60, wifiConnectivityManagerEnabled = false, lowScoreCount = 0
02-08 15:59:07.486  1575  1785 I TrafficMonitor: expired arrive. level:-1
02-08 15:59:07.487  1575  1785 I TrafficMonitor: during_ms:2004,period_ms:2000
02-08 15:59:07.487  1575  1785 I TrafficMonitor: count:133,rx_sum:1,tx_sum:0,rxBytes:1331,during_ms:2004,rx_speed:664.1716566866268,tx_speed:0.0,rto:0.0
02-08 15:59:07.542  1575  1595 I StatusBarDisable: setFlags what=0 which=1 pkg=Window{1e544 u0 com.opencode.voiceassist/com.opencode.voiceassist.MainActivity}
02-08 15:59:07.542   595   624 W IptablesRestoreController: iptables-restore process 13512 terminated status=15
02-08 15:59:07.543   595   624 W IptablesRestoreController: iptables-restore process 13513 terminated status=15
02-08 15:59:07.559 14579 14621 D mali_winsys: EGLint new_window_surface(egl_winsys_display *, void *, EGLSurface, EGLConfig, egl_winsys_surface **, EGLBoolean) returns 0x3000
02-08 15:59:07.560   617 13142 I GRALLOC : getCallingPid=656, shrFd=32,fmt=0x1,intFmt=0x1,btStrd=3328,size=1134592,pid=617 
02-08 15:59:07.560   617 13142 I GRALLOC : 	 yuv=2,w=804,h=337,Stride u=0 v=0,offset u=0 v=0 
02-08 15:59:07.560   617 13142 I GRALLOC : 	 iova_size=1134592,conUsg=0x900,proUsg=0x900,	 strd=832,[afbc]HdrStrd=0 PyldStrd=0 Scrmbl=0,ionhnd = 1 
02-08 15:59:07.563   617   617 I GRALLOC : getCallingPid=656, shrFd=34,fmt=0x1,intFmt=0x1,btStrd=3328,size=1134592,pid=617 
02-08 15:59:07.563   617   617 I GRALLOC : 	 yuv=2,w=804,h=337,Stride u=0 v=0,offset u=0 v=0 
02-08 15:59:07.563   617   617 I GRALLOC : 	 iova_size=1134592,conUsg=0x900,proUsg=0x900,	 strd=832,[afbc]HdrStrd=0 PyldStrd=0 Scrmbl=0,ionhnd = 2 
02-08 15:59:07.567   617   617 I GRALLOC : getCallingPid=656, shrFd=32,fmt=0x1,intFmt=0x1,btStrd=3328,size=1134592,pid=617 
02-08 15:59:07.567   617   617 I GRALLOC : 	 yuv=2,w=804,h=337,Stride u=0 v=0,offset u=0 v=0 
02-08 15:59:07.567   617   617 I GRALLOC : 	 iova_size=1134592,conUsg=0x900,proUsg=0x900,	 strd=832,[afbc]HdrStrd=0 PyldStrd=0 Scrmbl=0,ionhnd = 1 
02-08 15:59:07.567 14579 14621 D OpenGLRenderer:   HWUI Binary is  enabled
02-08 15:59:07.567 14579 14621 D OpenGLRenderer: disableOutlineDraw is true
02-08 15:59:07.570   907  3754 E LOGSERVER_UTILS: [Erecovery]readEvent: eRecEventManager readEvent 0
02-08 15:59:07.579   617   617 I GRALLOC : getCallingPid=656, shrFd=32,fmt=0x1,intFmt=0x1,btStrd=3328,size=1134592,pid=617 
02-08 15:59:07.579   617   617 I GRALLOC : 	 yuv=2,w=804,h=337,Stride u=0 v=0,offset u=0 v=0 
02-08 15:59:07.579   617   617 I GRALLOC : 	 iova_size=1134592,conUsg=0xb00,proUsg=0xb00,	 strd=832,[afbc]HdrStrd=0 PyldStrd=0 Scrmbl=0,ionhnd = 1 
02-08 15:59:07.594  1575  1595 I StatusBarDisable: setFlags what=0 which=1 pkg=Window{1e544 u0 com.opencode.voiceassist/com.opencode.voiceassist.MainActivity}
02-08 15:59:07.599   656   982 D         : doWinFrameOptStatusRecog begin to recog Layer result=2
02-08 15:59:07.612   890   979 I storaged: storaged_t::event: storage_info refreshed.
02-08 15:59:07.716  1575  1786 E WificondControl: Noise: -89, Snr: 0, Chload: -1
02-08 15:59:07.721  1575  1785 D WiFi_PRO: MSG_RETURN_AP_CURRY_RSSI rssi = -57
02-08 15:59:07.722  1575 14701 I HwUidTcpMonitor: TcpStatisticsRun run
02-08 15:59:07.723  1575  1785 I QosMonitor: queryRtt: rtt_type = 3
02-08 15:59:07.723  1575  1858 I HuaweiWifiWatchdogStateMachine: POta txb txg rxg:0, 9, 0. Lr =0% Totpkt=9
02-08 15:59:07.723  1575  1785 I QosMonitor: postEventFromNative: msg=100,arg1=4,arg2=10
02-08 15:59:07.723  1575  1785 I QosMonitor: postEventFromNative: msg=100,arg1=0,arg2=10
02-08 15:59:07.723  1575 14701 D HwUidTcpMonitor: parseWlanUidTcpStatistics lastUidTcpStatInfo = [ mUid = 10124 mPacketName = com.huawei.android.launcher mSendSegs = 593 mResendSegs = 527 mRcvSegs = 0 ]
02-08 15:59:07.723  1575  1785 I MQoS    : rtt=304,tcp_tx_pkts=3835568,tcp_rx_pkts=7240939
02-08 15:59:07.725  1575  1858 I HuaweiWifiWatchdogStateMachine: PTcp RTT:0, rtt pkt=0, tcp_rx=0, tcp_tx=3, tcp_reTran=3, rtRate=1
02-08 15:59:07.725  1575  1858 I HuaweiWifiWatchdogStateMachine: after backoff rssi th: -75, next TH:-75
02-08 15:59:07.726  1575  1595 I StatusBarDisable: setFlags what=0 which=1 pkg=Window{1e544 u0 com.opencode.voiceassist/com.opencode.voiceassist.MainActivity}
02-08 15:59:07.728  1575  8854 I MQoS    : QOS_level:0(0),wifi-link;SIM error;use level-0
02-08 15:59:07.728  1575  8854 I MQoS    : skip-low-Level:0(0),wifi-link;SIM error;use level-0
02-08 15:59:07.729  1575  1726 I DebugKeepScreenOn: setHoldScreenLocked newHoldScreen:Session{bd81bf1 14579:u0a10166} currentHoldScreen:null wakeLockState:false
02-08 15:59:07.729  1575  1726 I DebugKeepScreenOn: Acquiring screen wakelock due to Window{b1fe217 u0 Toast}
02-08 15:59:07.730  1575  1726 D PowerMS : acquire:L=223195808,F=0x2000000a,T="WindowManager",N=android,WS=WorkSource{10166},U=1000,P=1575
02-08 15:59:07.744  1575  1595 I StatusBarDisable: setFlags what=0 which=1 pkg=Window{1e544 u0 com.opencode.voiceassist/com.opencode.voiceassist.MainActivity}
02-08 15:59:07.904  1575  1787 D hw_netstat: total/2891/300,unknown:0/2891/0,com.android.vending/0/300
02-08 15:59:08.498  1575  1785 I TrafficMonitor: update:rxPkts:0,txPkts:1,rxBytes:0,txBytes:60
02-08 15:59:08.498  1575  1785 I TrafficMonitor: start expired. level:-1
02-08 15:59:08.498  1575  1785 I TrafficMonitor: gettimer:interval=2000
02-08 15:59:08.576   907  3754 E LOGSERVER_UTILS: [Erecovery]readEvent: eRecEventManager readEvent 0
02-08 15:59:09.594   907  3754 E LOGSERVER_UTILS: [Erecovery]readEvent: eRecEventManager readEvent 0
02-08 15:59:10.357  1575 14656 E HiDATA_HiNetwork: send message, messageType is :9
02-08 15:59:10.488   652   652 E WifiHAL : enter wifi_get_link_stats
02-08 15:59:10.501  1575  1785 I TrafficMonitor: update:rxPkts:0,txPkts:0,rxBytes:0,txBytes:0
02-08 15:59:10.502  1575  1785 I TrafficMonitor: start expired. level:-1
02-08 15:59:10.502  1575  1785 I TrafficMonitor: gettimer:interval=2000
02-08 15:59:10.505  1575  1786 E WificondControl: Noise: -89, Snr: 0, Chload: -1
02-08 15:59:10.511  1575  1786 D WifiScoreReport: Score = 60, wifiConnectivityManagerEnabled = false, lowScoreCount = 0
02-08 15:59:10.635   907  3754 E LOGSERVER_UTILS: [Erecovery]readEvent: eRecEventManager readEvent 0
02-08 15:59:10.910  2186  2779 I PG_ash  : view remove pid:14579 uid:10166
02-08 15:59:10.911 14579 14621 W libEGL  : EGLNativeWindowType 0x770218d010 disconnect failed
02-08 15:59:10.925 12894 12912 I HiDecision: ServiceConnectionToZ: unBindService
02-08 15:59:10.926  1575  1595 I StatusBarDisable: setFlags what=0 which=1 pkg=Window{1e544 u0 com.opencode.voiceassist/com.opencode.voiceassist.MainActivity}
02-08 15:59:10.933 12894 12912 E HiDecision: ServiceConnectionToZ: IllegalArgumentException in unBindService
02-08 15:59:10.937  1575  3123 V WindowManager: removeIfPossible: Window{b1fe217 u0 Toast}
02-08 15:59:10.937  1575  3123 V WindowManager: Not removing Window{b1fe217 u0 Toast EXITING} due to exit animation 
02-08 15:59:10.943  1575  1595 I StatusBarDisable: setFlags what=0 which=1 pkg=Window{1e544 u0 com.opencode.voiceassist/com.opencode.voiceassist.MainActivity}
02-08 15:59:10.951  1575  3123 W NotificationService: Toast already killed. pkg=com.opencode.voiceassist callback=android.app.ITransientNotification$Stub$Proxy@85d426e
02-08 15:59:10.955  1575  1595 I StatusBarDisable: setFlags what=0 which=1 pkg=Window{1e544 u0 com.opencode.voiceassist/com.opencode.voiceassist.MainActivity}
02-08 15:59:10.960  1575  1606 I DebugKeepScreenOn: setHoldScreenLocked newHoldScreen:null currentHoldScreen:Session{bd81bf1 14579:u0a10166} wakeLockState:true
02-08 15:59:10.960  1575  1606 I DebugKeepScreenOn: Releasing screen wakelock, obscured by Window{1e544 u0 com.opencode.voiceassist/com.opencode.voiceassist.MainActivity}
02-08 15:59:10.960  1575  1606 D PowerMS : release:L=223195808,F=0x0,T="WindowManager",N=android",WS=WorkSource{10166},U=1000,P=1575
02-08 15:59:11.040  1575  1726 V WindowManager: Exit animation finished in Window{b1fe217 u0 Toast EXITING}: remove=true
02-08 15:59:11.062  1575  1595 I StatusBarDisable: setFlags what=0 which=1 pkg=Window{1e544 u0 com.opencode.voiceassist/com.opencode.voiceassist.MainActivity}
02-08 15:59:11.069  1575  1726 V WindowManager: postWindowRemoveCleanupLocked: Window{b1fe217 u0 Toast}
02-08 15:59:11.070  1575  1726 V WindowManager: Removing Window{b1fe217 u0 Toast} from WindowToken{e83a1b1 android.os.Binder@2bcec58}
02-08 15:59:11.080  1575  1595 I StatusBarDisable: setFlags what=0 which=1 pkg=Window{1e544 u0 com.opencode.voiceassist/com.opencode.voiceassist.MainActivity}
02-08 15:59:11.114 13713 13713 I fwkit_DeviceInfo: [fwkit DeviceInfoUtil.java:41] 1. detectHuaweiFeature: -1
02-08 15:59:11.118 13713 13713 I fwkit_DeviceInfo: [fwkit DeviceInfoUtil.java:71] 2. detectAndroidFeature: -1
02-08 15:59:11.120 13713 13713 I fwkit_DeviceInfo: [fwkit DeviceInfoUtil.java:111] System property is found: default
02-08 15:59:11.120 13713 13713 I fwkit_DeviceInfo: [fwkit DeviceInfoUtil.java:98] 3. detectSystemProperty: 0
02-08 15:59:11.121 13713 13713 I fwkit_DeviceInfo: [fwkit DeviceInfoUtil.java:68] Final DeviceType: 0
02-08 15:59:11.673   907  3754 E LOGSERVER_UTILS: [Erecovery]readEvent: eRecEventManager readEvent 0
02-08 15:59:12.505  1575  1785 I TrafficMonitor: update:rxPkts:0,txPkts:0,rxBytes:0,txBytes:0
02-08 15:59:12.506  1575  1785 I TrafficMonitor: start expired. level:-1
02-08 15:59:12.506  1575  1785 I TrafficMonitor: gettimer:interval=2000
02-08 15:59:12.684   907  3754 E LOGSERVER_UTILS: [Erecovery]readEvent: eRecEventManager readEvent 0
02-08 15:59:13.499  1575  1785 I TrafficMonitor: expired arrive. level:-1
02-08 15:59:13.500  1575  1785 I TrafficMonitor: during_ms:2004,period_ms:2000
02-08 15:59:13.500  1575  1785 I TrafficMonitor: count:136,rx_sum:0,tx_sum:0,rxBytes:0,during_ms:2004,rx_speed:0.0,tx_speed:0.0,rto:0.0
02-08 15:59:13.518   652   652 E WifiHAL : enter wifi_get_link_stats
02-08 15:59:13.537  1575  1786 E WificondControl: Noise: -89, Snr: 0, Chload: -1
02-08 15:59:13.542  1575  1786 D WifiScoreReport: Score = 60, wifiConnectivityManagerEnabled = false, lowScoreCount = 0
02-08 15:59:13.724   907  3754 E LOGSERVER_UTILS: [Erecovery]readEvent: eRecEventManager readEvent 0
02-08 15:59:13.830  2117  2839 D DeviceMonitorPowerKit: run, sCountNum is 1
02-08 15:59:13.830  2117  2839 D DeviceMonitorPowerKit: interval is 899974, ElapsedRealtime is 365362675, isNeedRepeat: false
02-08 15:59:13.831  2117  2839 E DeviceMonitorPowerKit: not Satify ApplyResource
02-08 15:59:13.898 26152 26152 D UsbSettingsService: handleMessage, msg.what = 4
02-08 15:59:13.898 26152 26152 D UsbSettingsService: receive message to check monkey running.
02-08 15:59:13.988  2101  2450 D HwInnerWifiManagerImpl: SupplicantState = COMPLETED
02-08 15:59:13.988  2101  2450 D HwInnerWifiManagerImpl: isPhoneAP = false
02-08 15:59:13.996  2101  2450 W DoneDirFilePackUtil: failed to parse the file name to integer, file is: uploading
02-08 15:59:13.997  2101  2450 W DoneDirFilePackUtil: failed to parse the file name to integer, file is: temp
02-08 15:59:13.999  2101  2450 W DoneDirFilePackUtil: collectAllFilesInDoneDir NumberFormatException
02-08 15:59:14.000  2101  2450 W DoneDirFilePackUtil: collectAllFilesInDoneDir NumberFormatException
02-08 15:59:14.510  1575  1785 I TrafficMonitor: update:rxPkts:4,txPkts:2,rxBytes:1482,txBytes:92
02-08 15:59:14.510  1575  1785 I TrafficMonitor: start expired. level:-1
02-08 15:59:14.510  1575  1785 I TrafficMonitor: gettimer:interval=2000
02-08 15:59:14.765   907  3754 E LOGSERVER_UTILS: [Erecovery]readEvent: eRecEventManager readEvent 0
02-08 15:59:15.314  1575 13992 W AwareLog: AwareMem_Reclaim: generateCompressList procsGroups error!
02-08 15:59:15.625   891   891 E Thermal-daemon: [ap] temp_new :28  temp_old :29
02-08 15:59:15.627   891   891 E Thermal-daemon: Report temperature: [ap] temp :28  report_threshold:1
02-08 15:59:15.729  1575  1786 E WificondControl: Noise: -89, Snr: 0, Chload: -1
02-08 15:59:15.740  1575  1785 D WiFi_PRO: MSG_RETURN_AP_CURRY_RSSI rssi = -56
02-08 15:59:15.740  1575  1858 I HuaweiWifiWatchdogStateMachine: POta txb txg rxg:0, 11, 0. Lr =0% Totpkt=11
02-08 15:59:15.741  1575  1785 I QosMonitor: queryRtt: rtt_type = 3
02-08 15:59:15.741  1575 14704 I HwUidTcpMonitor: TcpStatisticsRun run
02-08 15:59:15.743  1575  1785 I QosMonitor: postEventFromNative: msg=100,arg1=4,arg2=10
02-08 15:59:15.743  1575  1785 I QosMonitor: postEventFromNative: msg=100,arg1=0,arg2=10
02-08 15:59:15.744  1575  1785 I MQoS    : rtt=304,tcp_tx_pkts=3835572,tcp_rx_pkts=7240942
02-08 15:59:15.745  1575 14704 D HwUidTcpMonitor: parseWlanUidTcpStatistics lastUidTcpStatInfo = [ mUid = 10076 mPacketName = com.huawei.android.launcher mSendSegs = 908 mResendSegs = 12 mRcvSegs = 835 ]
02-08 15:59:15.745  1575  1858 I HuaweiWifiWatchdogStateMachine: PTcp RTT:0, rtt pkt=0, tcp_rx=3, tcp_tx=4, tcp_reTran=1, rtRate=0.25
02-08 15:59:15.745  1575 14704 D HwUidTcpMonitor: parseWlanUidTcpStatistics lastUidTcpStatInfo = [ mUid = 10124 mPacketName = com.huawei.android.launcher mSendSegs = 595 mResendSegs = 528 mRcvSegs = 0 ]
02-08 15:59:15.749  1575  8854 I MQoS    : QOS_level:0(0),wifi-link;SIM error;use level-0
02-08 15:59:15.798   907  3754 E LOGSERVER_UTILS: [Erecovery]readEvent: eRecEventManager readEvent 0
02-08 15:59:16.513  1575  1785 I TrafficMonitor: update:rxPkts:0,txPkts:3,rxBytes:0,txBytes:180
02-08 15:59:16.514  1575  1785 I TrafficMonitor: start expired. level:-1
02-08 15:59:16.514  1575  1785 I TrafficMonitor: gettimer:interval=2000
02-08 15:59:16.546   652   652 E WifiHAL : enter wifi_get_link_stats
02-08 15:59:16.560  1575  1786 E WificondControl: Noise: -89, Snr: 0, Chload: -1
02-08 15:59:16.565  1575  1786 D WifiScoreReport: Score = 60, wifiConnectivityManagerEnabled = false, lowScoreCount = 0
02-08 15:59:16.830   907  3754 E LOGSERVER_UTILS: [Erecovery]readEvent: eRecEventManager readEvent 0
02-08 15:59:17.842   907  3754 E LOGSERVER_UTILS: [Erecovery]readEvent: eRecEventManager readEvent 0
02-08 15:59:17.925  1575  1787 D hw_netstat: total/2813/332,unknown:0/2662/0,com.huawei.hwid/151/92,com.android.vending/0/240
02-08 15:59:18.518  1575  1785 I TrafficMonitor: update:rxPkts:1,txPkts:2,rxBytes:1331,txBytes:120
02-08 15:59:18.518  1575  1785 I TrafficMonitor: start expired. level:-1
02-08 15:59:18.518  1575  1785 I TrafficMonitor: gettimer:interval=2000
02-08 15:59:18.858   907  3754 E LOGSERVER_UTILS: [Erecovery]readEvent: eRecEventManager readEvent 0
02-08 15:59:19.511  1575  1785 I TrafficMonitor: expired arrive. level:-1
02-08 15:59:19.512  1575  1785 I TrafficMonitor: during_ms:2005,period_ms:2000
02-08 15:59:19.512  1575  1785 I TrafficMonitor: count:139,rx_sum:1,tx_sum:2,rxBytes:1331,during_ms:2005,rx_speed:663.8403990024938,tx_speed:59.85037406483791,rto:0.5
02-08 15:59:19.569   652   652 E WifiHAL : enter wifi_get_link_stats
02-08 15:59:19.584  1575  1786 E WificondControl: Noise: -89, Snr: 0, Chload: -1
02-08 15:59:19.589  1575  1786 D WifiScoreReport: Score = 60, wifiConnectivityManagerEnabled = false, lowScoreCount = 0
02-08 15:59:19.878   907  3754 E LOGSERVER_UTILS: [Erecovery]readEvent: eRecEventManager readEvent 0
02-08 15:59:20.507  1575  2006 W Watchdog: hungtask: writing kick
02-08 15:59:20.510  1575  1604 I EventHub: EventHub monitor: no key events in the past 288s, no motion events in the past 54s
02-08 15:59:20.521  1575  1785 I TrafficMonitor: update:rxPkts:0,txPkts:2,rxBytes:0,txBytes:120
02-08 15:59:20.522  1575  1785 I TrafficMonitor: start expired. level:-1
02-08 15:59:20.522  1575  1785 I TrafficMonitor: gettimer:interval=2000
02-08 15:59:20.919   907  3754 E LOGSERVER_UTILS: [Erecovery]readEvent: eRecEventManager readEvent 0
02-08 15:59:21.543 14266 14266 I HiAdKit.ExSplashManager.main:  do not request exsplash config
02-08 15:59:21.939  1575  1575 W WindowManager: removeWindowToken: Attempted to remove non-existing token: android.os.Binder@2bcec58
02-08 15:59:21.958   907  3754 E LOGSERVER_UTILS: [Erecovery]readEvent: eRecEventManager readEvent 0
02-08 15:59:22.253 25775 25820 I NetworkStatsManager: querySummary callingPid = 25775
02-08 15:59:22.254  1575  7355 I NetworkStats: openSessionForUsageStats, pid = 25775, pkg = com.tencent.mm
02-08 15:59:22.254  1575  7355 I NetworkStats: openSessionInternal,pid = 25775
02-08 15:59:22.257  1575  7355 I NetworkStats: performPollLocked, pid = 1575
02-08 15:59:22.300 14710 14710 E         : iptables cmd:iptables-restore
02-08 15:59:22.324 14711 14711 E         : iptables cmd:ip6tables-restore
02-08 15:59:22.329 14709 14709 E JankService: child Thread receive to stop
02-08 15:59:22.340  1575  7355 W NetworkStatsFactory: mStatsXtProcUid: /proc/net/comm/stats does not exist!
02-08 15:59:22.340  1575  7355 D HwNetworkStatsService: hwRecordUidAndProcSnapshotLocked currentTime = 1770537560043
02-08 15:59:22.355  1575  7355 I NetworkStatsFactory: javaReadNetworkStatsUidAndProcDetail. cost time = 14
02-08 15:59:22.361  1575  7355 D HwNetworkStatsService: hwMaybeUidAndProcPersistLocked currentTime = 1770537560043
02-08 15:59:22.376 25775 25820 I NetworkStatsManager: querySummary callingPid = 25775
02-08 15:59:22.376  1575  7355 I NetworkStats: openSessionForUsageStats, pid = 25775, pkg = com.tencent.mm
02-08 15:59:22.413  4721  4797 E HSM_BG  : NormalTrafficAnalysis:alert byte = 0, so return
02-08 15:59:22.458   907  1125 E JankService: all data read ok
02-08 15:59:22.525  1575  1785 I TrafficMonitor: update:rxPkts:1,txPkts:0,rxBytes:1331,txBytes:0
02-08 15:59:22.525  1575  1785 I TrafficMonitor: start expired. level:-1
02-08 15:59:22.525  1575  1785 I TrafficMonitor: gettimer:interval=2000
02-08 15:59:22.595   652   652 E WifiHAL : enter wifi_get_link_stats
02-08 15:59:22.604  1575  1786 E WificondControl: Noise: -89, Snr: 0, Chload: -1
02-08 15:59:22.608  1575  1786 D WifiScoreReport: Score = 60, wifiConnectivityManagerEnabled = false, lowScoreCount = 0
02-08 15:59:22.998   907  3754 E LOGSERVER_UTILS: [Erecovery]readEvent: eRecEventManager readEvent 0
02-08 15:59:23.640 14092 14109 I Finsky  : [171] com.google.android.finsky.bp.ab.run(5): Stats for Executor: BlockingExecutor com.google.android.finsky.bp.ac@a644354[Running, pool size = 0, active threads = 0, queued tasks = 0, completed tasks = 0]
02-08 15:59:23.642 14092 14109 I Finsky  : [171] com.google.android.finsky.bp.ab.run(5): Stats for Executor: LightweightExecutor com.google.android.finsky.bp.ac@2c72fd[Running, pool size = 1, active threads = 0, queued tasks = 0, completed tasks = 1]
02-08 15:59:23.738  1575  1786 E WificondControl: Noise: -89, Snr: 0, Chload: -1
02-08 15:59:23.748  1575  1785 D WiFi_PRO: MSG_RETURN_AP_CURRY_RSSI rssi = -57
02-08 15:59:23.749  1575  1785 I QosMonitor: queryRtt: rtt_type = 3
02-08 15:59:23.749  1575 14712 I HwUidTcpMonitor: TcpStatisticsRun run
02-08 15:59:23.749  1575  1858 D HuaweiWifiWatchdogStateMachine: high data flow: protection_counter = 0,  not_detect_counter = 1541
02-08 15:59:23.749  1575  1858 D HuaweiWifiWatchdogStateMachine: high data flow scenario: 0 --> 0 rx bytes =46KB
02-08 15:59:23.749  1575  1858 I HuaweiWifiWatchdogStateMachine: POta txb txg rxg:0, 24, 0. Lr =0% Totpkt=24
02-08 15:59:23.751  1575  1785 I QosMonitor: postEventFromNative: msg=100,arg1=4,arg2=10
02-08 15:59:23.751  1575  1785 I QosMonitor: postEventFromNative: msg=100,arg1=0,arg2=10
02-08 15:59:23.751  1575  1785 I MQoS    : rtt=304,tcp_tx_pkts=3835581,tcp_rx_pkts=7240947
02-08 15:59:23.752  1575  1858 I HuaweiWifiWatchdogStateMachine: PTcp RTT:0, rtt pkt=0, tcp_rx=5, tcp_tx=9, tcp_reTran=6, rtRate=0.67
02-08 15:59:23.752  1575  1858 I HuaweiWifiWatchdogStateMachine: after backoff rssi th: -75, next TH:-75
02-08 15:59:23.753  1575 14712 D HwUidTcpMonitor: parseWlanUidTcpStatistics lastUidTcpStatInfo = [ mUid = 10124 mPacketName = com.huawei.android.launcher mSendSegs = 601 mResendSegs = 534 mRcvSegs = 0 ]
02-08 15:59:23.753  1575 14712 D HwUidTcpMonitor: parseWlanUidTcpStatistics lastUidTcpStatInfo = [ mUid = 10076 mPacketName = com.huawei.android.launcher mSendSegs = 908 mResendSegs = 12 mRcvSegs = 838 ]
02-08 15:59:23.757  1575  8854 I MQoS    : QOS_level:0(0),wifi-link;SIM error;use level-0
02-08 15:59:24.005   907  3754 E LOGSERVER_UTILS: [Erecovery]readEvent: eRecEventManager readEvent 0
02-08 15:59:24.472  4721  4740 I SmartChgBase/Arb_HidlParam: Apply Skipped: IsApplyExcept return true. [moduleName:ASW, param:dc_vterm_dec, detailsWithValue:source=trigger;event=heartbeat;chargestatus=start;value=0;]
02-08 15:59:24.473  4721  4740 I SmartChgBase/Arb_HidlParam: Apply Skipped: IsApplyExcept return true. [moduleName:ASW, param:nondc_vterm_dec, detailsWithValue:source=trigger;event=heartbeat;chargestatus=start;value=0;]
02-08 15:59:24.474  4721  4740 I SmartChgBase/Arb_HidlParam: Apply Skipped: IsApplyExcept return true. [moduleName:ASW, param:soc_control, detailsWithValue:source=trigger;event=heartbeat;chargestatus=start;value=1 95 100 1 1;]
02-08 15:59:24.529  1575  1785 I TrafficMonitor: update:rxPkts:6,txPkts:4,rxBytes:317,txBytes:223
02-08 15:59:24.529  1575  1785 I TrafficMonitor: start expired. level:-1
02-08 15:59:24.529  1575  1785 I TrafficMonitor: gettimer:interval=2000
02-08 15:59:24.840  1575  1735 I HwBatteryService: quick charge status : 0
02-08 15:59:24.841  1575  1735 D HwBatteryService: onUEvent fcpStatus = 0
02-08 15:59:24.841  1575  1735 D HwBatteryService: onUEvent scpStatus = 0 ,ovpStatus = 0
02-08 15:59:24.841  1575  1735 I HwBatteryService: handleWirelessTxStatus
02-08 15:59:24.841  1575  1735 I HwBatteryService: switch not open, return, mWirelessTxFlag : 0
02-08 15:59:24.842  1575  1735 I UsbDeviceManager: water_intrused state= 0
02-08 15:59:25.036   907  3754 E LOGSERVER_UTILS: [Erecovery]readEvent: eRecEventManager readEvent 0
02-08 15:59:25.077 24209 24209 D KG_OsUtils: hasRequiredPermissions run true 0
02-08 15:59:25.084 24209 24209 W Keyguard: DownloadService warn: on start command, action = com.android.keyguard.magazinulock.update.DOWNLOAD_CHANNEL
02-08 15:59:25.085 24209 24283 W Keyguard: DownloadService warn: DownloadServiceHandler handleMessage 5
02-08 15:59:25.086 24209 24283 W Keyguard: DownloadService warn: handleStartDownload
02-08 15:59:25.090  1575  7355 V ActivityManager: Successfully start provider ContentProviderRecord{daa4ad6 u0 com.android.systemui/com.huawei.keyguard.database.MagazineProvider} launchingApp=null caller pid= 24209
02-08 15:59:25.095  1924  1961 W MagazineProvider: check invalid caller: 10037
02-08 15:59:25.104 24209 24283 W Keyguard: UpdateHelper warn: get downloading ids, downloading channel list size is 0
02-08 15:59:25.118 24209 24283 W Keyguard: DownloadService warn: sendDownloadRequst with channel.getChannelId() = 01
02-08 15:59:25.126  1575  7355 V ActivityManager: Successfully start provider ContentProviderRecord{56ae3c1 u0 com.android.providers.downloads/.DownloadProvider} launchingApp=null caller pid= 24209
02-08 15:59:25.165 26237  4070 W DownloadManager: Path appears to be invalid: /storage/emulated/0/Huawei/MagazineUpdate/download/01.downloading
02-08 15:59:25.223 26237  4070 I DownloadManager:  userId = 0 0
02-08 15:59:25.246  1924  1942 W MagazineProvider: check invalid caller: 10037
02-08 15:59:25.278 24209 24283 W Keyguard: DownloadService warn: sendDownloadRequst with channel.getChannelId() = 02
02-08 15:59:25.279  1575  3114 I HwNetworkPolicy: onTransact, code = 6
02-08 15:59:25.280 26237 14713 D DownloadManager: [300] Starting
02-08 15:59:25.289 26237 29451 W DownloadManager: Path appears to be invalid: /storage/emulated/0/Huawei/MagazineUpdate/download/02.downloading
02-08 15:59:25.310 26237 14713 I DownloadManager:   uid = 10037 mIgnoreBlocked = false
02-08 15:59:25.341 26237 29451 I DownloadManager:  userId = 0 0
02-08 15:59:25.344 26237 14713 D NetworkSecurityConfig: No Network Security Config specified, using platform default
02-08 15:59:25.346 26237 14713 D NetworkSecurityConfig: No Network Security Config specified, using platform default
02-08 15:59:25.347  2186  2353 I AppManager: dependence has been existed:1575 -> 26237
02-08 15:59:25.348  1924  1942 W MagazineProvider: check invalid caller: 10037
02-08 15:59:25.348  1575  1575 W ProcBatteryStats: timer is running , not start, name: , uid: 10037, tag: *job*/DownloadManager:com.android.providers.downloads
02-08 15:59:25.352 26237 14713 W DownloadManager: [300] Stop requested with status BAD_REQUEST: Cleartext traffic not permitted for package com.android.keyguard: http://contentcenter-vali-drcn.dbankcdn.cn/...
02-08 15:59:25.352 26237 14713 D DownloadManager: [300] Finished with status BAD_REQUEST
02-08 15:59:25.369  1575  7355 I HwNetworkPolicy: onTransact, code = 6
02-08 15:59:25.370 26237 14714 D DownloadManager: [301] Starting
02-08 15:59:25.373 24209 24283 W Keyguard: DownloadService warn: sendDownloadRequst with channel.getChannelId() = 05
02-08 15:59:25.376 26237 14713 W DownloadDrmHelper: AfterDownload get mimetype is:null
02-08 15:59:25.377  1575  7355 I HwNetworkPolicy: onTransact, code = 7
02-08 15:59:25.388 26237 29451 W DownloadManager: Path appears to be invalid: /storage/emulated/0/Huawei/MagazineUpdate/download/05.downloading
02-08 15:59:25.395 26237 14714 I DownloadManager:   uid = 10037 mIgnoreBlocked = false
02-08 15:59:25.397 26237 14714 D NetworkSecurityConfig: No Network Security Config specified, using platform default
02-08 15:59:25.398 26237 14714 D NetworkSecurityConfig: No Network Security Config specified, using platform default
02-08 15:59:25.399 26237 14714 W DownloadManager: [301] Stop requested with status BAD_REQUEST: Cleartext traffic not permitted for package com.android.keyguard: http://contentcenter-vali-drcn.dbankcdn.cn/...
02-08 15:59:25.399 26237 14714 D DownloadManager: [301] Finished with status BAD_REQUEST
02-08 15:59:25.416  1575  1575 D JobScheduler: queuing all ready jobs for execution:
02-08 15:59:25.436 26237 29451 I DownloadManager:  userId = 0 0
02-08 15:59:25.436 26237 14714 W DownloadDrmHelper: AfterDownload get mimetype is:null
02-08 15:59:25.436  1575 11163 I HwNetworkPolicy: onTransact, code = 7
02-08 15:59:25.439 28861 28861 I BinderAdapter: [baseinner ActivityThread.java:7779] The serviceConnection has been bind for 60s, need to unbind.
02-08 15:59:25.440 28861 28861 I BinderAdapter: [baseinner Looper.java:216] Trying to unbind service from com.huawei.hms.common.internal.BinderAdapter@901d66b
02-08 15:59:25.447  2186  2353 I AppManager: dependence has been existed:1575 -> 26237
02-08 15:59:25.451  1924  1961 W MagazineProvider: check invalid caller: 10037
02-08 15:59:25.457  1575  1575 D JobScheduler: queuing all ready jobs for execution:
02-08 15:59:25.471 24209 24283 W Keyguard: DownloadService warn: sendDownloadRequst with channel.getChannelId() = 06
02-08 15:59:25.485  1575  7355 I HwNetworkPolicy: onTransact, code = 6
02-08 15:59:25.486 26237 14715 D DownloadManager: [302] Starting
02-08 15:59:25.492 26237 29451 W DownloadManager: Path appears to be invalid: /storage/emulated/0/Huawei/MagazineUpdate/download/06.downloading
02-08 15:59:25.495 26237 14715 I DownloadManager:   uid = 10037 mIgnoreBlocked = false
02-08 15:59:25.500 26237 14715 D NetworkSecurityConfig: No Network Security Config specified, using platform default
02-08 15:59:25.502 26237 14715 D NetworkSecurityConfig: No Network Security Config specified, using platform default
02-08 15:59:25.515   595   686 I PreDnsController: canPreDnsQuery,persist.sys.predns is false!
02-08 15:59:25.523  1575  1785 I TrafficMonitor: expired arrive. level:-1
02-08 15:59:25.524  1575  1785 I TrafficMonitor: during_ms:2004,period_ms:2000
02-08 15:59:25.524  1575  1785 I TrafficMonitor: count:142,rx_sum:6,tx_sum:4,rxBytes:317,during_ms:2004,rx_speed:158.18363273453093,tx_speed:111.27744510978044,rto:1.5
02-08 15:59:25.528 26237 29451 I DownloadManager:  userId = 0 0
02-08 15:59:25.533  1924  1961 W MagazineProvider: check invalid caller: 10037
02-08 15:59:25.535  2186  2353 I AppManager: dependence has been existed:1575 -> 26237
02-08 15:59:25.556  1575  7355 I HwNetworkPolicy: onTransact, code = 6
02-08 15:59:25.558 26237 14718 D DownloadManager: [303] Starting
02-08 15:59:25.584 26237 14718 I DownloadManager:   uid = 10037 mIgnoreBlocked = false
02-08 15:59:25.587 26237 14718 D NetworkSecurityConfig: No Network Security Config specified, using platform default
02-08 15:59:25.589 26237 14718 D NetworkSecurityConfig: No Network Security Config specified, using platform default
02-08 15:59:25.590 26237 14718 W DownloadManager: [303] Stop requested with status BAD_REQUEST: Cleartext traffic not permitted for package com.android.keyguard: http://contentcenter-vali-drcn.dbankcdn.cn/...
02-08 15:59:25.590 26237 14718 D DownloadManager: [303] Finished with status BAD_REQUEST
02-08 15:59:25.611   652   652 E WifiHAL : enter wifi_get_link_stats
02-08 15:59:25.618  1575  1786 E WificondControl: Noise: -89, Snr: 0, Chload: -1
02-08 15:59:25.621 26237 14718 W DownloadDrmHelper: AfterDownload get mimetype is:null
02-08 15:59:25.622  1575  7355 I HwNetworkPolicy: onTransact, code = 7
02-08 15:59:25.623  1575  1786 D WifiScoreReport: Score = 60, wifiConnectivityManagerEnabled = false, lowScoreCount = 0
02-08 15:59:25.632   891   891 E Thermal-daemon: [battery] temp_new :25  temp_old :24
02-08 15:59:25.633  2186  5574 I ThermalTrace_ThermalRaise: Battery:-100,24,25
02-08 15:59:25.637  1575  1575 D JobScheduler: queuing all ready jobs for execution:
02-08 15:59:25.638   891   891 E Thermal-daemon: Report temperature: [battery] temp :25  report_threshold:1
02-08 15:59:25.741 28861  7321 I FwKamsCompat: wait for ams time out for 60000 ms
02-08 15:59:25.749 26237 26237 W Thread-11: type=1400 audit(0.0:84703): avc: granted { create } for name="05.downloading" scontext=u:r:mediaprovider:s0:c512,c768 tcontext=u:object_r:sdcardfs:s0:c512,c768 tclass=file
02-08 15:59:25.815  1575  3114 I PackageManager: getInstalledApplications cost 6 ms, flags: 794624, userId: 0, callingUid: 1000, callingPid: 1575
02-08 15:59:25.921  1575  1575 D JobScheduler: Maybe queuing ready jobs...
02-08 15:59:25.943 26237 14715 W StorageManager: fallocate() not supported; falling back to ftruncate()
02-08 15:59:25.944 26237 14715 I DownloadManager:  file:/storage/emulated/0/Huawei/MagazineUpdate/download/05.downloading is exist, create destFileObserver
02-08 15:59:25.944 26237 14715 D DownloadManager: enter DestFileChangeObServer begin:
02-08 15:59:25.988 26237 29506 D DownloadManager: enter DestFileChangeObServer::event(event:8000 mode:0 file:null)
02-08 15:59:25.993 26237 14715 D DownloadManager: [302] Finished with status SUCCESS
02-08 15:59:26.016 26237 14715 W DownloadDrmHelper: AfterDownload get mimetype is:application/zip
02-08 15:59:26.016  1575  7355 I HwNetworkPolicy: onTransact, code = 7
02-08 15:59:26.043 26237 14719 D MediaScannerService: run MediaScannerService
02-08 15:59:26.044 26237 14720 D MediaScannerService: run SingleFileScannerService
02-08 15:59:26.053 26237 26237 D MediaScannerService: onStartCommand startId 1
02-08 15:59:26.053 26237 26237 D MediaScannerService: singgle file scan, startId :1
02-08 15:59:26.054 26237 26237 I MediaScannerService: new path startId:1, mScanPaths:0, mStartIds size:1
02-08 15:59:26.054 26237 14720 D MediaScannerService: handleMessage msg.arg1: 1
02-08 15:59:26.056 26237 14720 D MediaScannerService: scan single file content values:null
02-08 15:59:26.070 26237 14720 I HWSERVICES: hwnative_get_component:libstagefright,Scanner
02-08 15:59:26.074   907  3754 E LOGSERVER_UTILS: [Erecovery]readEvent: eRecEventManager readEvent 0
02-08 15:59:26.075 26237 14720 I StagefrightMediaScannerEx: StagefrightMediaScanner Constructor
02-08 15:59:26.077 26237 14720 D MediaScanner: setStorageEjectFlag flag = 0
02-08 15:59:26.078 26237 14720 D MediaScanner: totalMemoryGb 3, lowRamDevice falsemMaxFileCacheEntrySize = 90000
02-08 15:59:26.079 26237 14720 D MediaScanner: prescan begin prescanFiles: true
02-08 15:59:26.116 26237 14720 D MediaScanner: prescan end mFileCache size 0
02-08 15:59:26.119 26237 14720 D MediaScanner: delete nomedia File when scanSingleFile
02-08 15:59:26.168 26237 14720 V Mtp     : notify PC that storage info has changed.
02-08 15:59:26.180 26237 14720 D MediaScannerService: stopSelfIfNecessary startId:1, startIds size:0, mScanPaths size:0, skip:0
02-08 15:59:26.185 26237 26237 D MediaScannerService: onDestroy
02-08 15:59:26.191 26237 26237 D MediaScannerService: onDestroy before looper quit
02-08 15:59:26.200  1575  3114 W ProcBatteryStats: timer is not running , not stop, name: , uid: 10037, tag: *job*/DownloadManager:com.android.providers.downloads
02-08 15:59:26.207  1575  1575 D JobScheduler: queuing all ready jobs for execution:
02-08 15:59:26.526 28861  7321 I FwKamsCompat: wait for ams time out for 60000 ms
02-08 15:59:26.532  1575  1785 I TrafficMonitor: update:rxPkts:363,txPkts:192,rxBytes:508151,txBytes:8520
02-08 15:59:26.532  1575  1785 I TrafficMonitor: no expired. level:5
02-08 15:59:26.532  1575  1785 I TrafficMonitor: gettimer:interval=2000
02-08 15:59:26.533  1575  1785 I TrafficMonitor: during_ms:2004,period_ms:2000
02-08 15:59:26.533  1575  1785 I TrafficMonitor: count:143,rx_sum:363,tx_sum:192,rxBytes:508151,during_ms:2004,rx_speed:253568.36327345308,tx_speed:4251.497005988024,rto:1.890625
02-08 15:59:26.567 24209 24283 W Keyguard: DownloadService warn: DownloadServiceHandler handleMessage 2
02-08 15:59:26.567 24209 24283 W Keyguard: DownloadService warn: handleDownload
02-08 15:59:26.570  1575  3114 V ActivityManager: Successfully start provider ContentProviderRecord{daa4ad6 u0 com.android.systemui/com.huawei.keyguard.database.MagazineProvider} launchingApp=null caller pid= 24209
02-08 15:59:26.574  1924  1961 W MagazineProvider: check invalid caller: 10037
02-08 15:59:26.608  1575  3123 V ActivityManager: Successfully start provider ContentProviderRecord{56ae3c1 u0 com.android.providers.downloads/.DownloadProvider} launchingApp=null caller pid= 24209
02-08 15:59:26.630  1575  1575 D JobScheduler: Maybe queuing ready jobs...
02-08 15:59:26.634  1924  1961 I chatty  : uid=10037(com.huawei.HwMultiScreenShot) Binder:1924_3 identical 2 lines
02-08 15:59:26.665  1924  1961 W MagazineProvider: check invalid caller: 10037
02-08 15:59:26.686  1924  2325 I EventCenter: ContentChange for slot: 4
02-08 15:59:26.695  1924  2325 I EventCenter: ContentChange for slot: 4
02-08 15:59:26.713  1924  1961 W MagazineProvider: check invalid caller: 10037
02-08 15:59:26.727  1924  2325 I EventCenter: ContentChange for slot: 8
02-08 15:59:26.733 24209 24209 W Keyguard: DownloadService warn: on start command, action = com.android.keyguard.magazinulock.update.CHECK_APPLY
02-08 15:59:26.734  1924  1961 W MagazineProvider: check invalid caller: 10037
02-08 15:59:26.745  1924  1961 W MagazineProvider: check invalid caller: 10037
02-08 15:59:26.764  1924  1942 W MagazineProvider: check invalid caller: 10037
02-08 15:59:26.782  1924  1942 I chatty  : uid=10037(com.huawei.HwMultiScreenShot) Binder:1924_2 identical 1 line
02-08 15:59:26.801  1924  1942 W MagazineProvider: check invalid caller: 10037
02-08 15:59:26.822 24209 24283 I BD.Reporter: com.huawei.bd.IBDService$Stub$Proxy@b0f56e0
02-08 15:59:26.835   595   686 I PreDnsController: canPreDnsQuery,persist.sys.predns is false!
02-08 15:59:26.847   595   686 I PreDnsController: canPreDnsQuery,persist.sys.predns is false!
02-08 15:59:26.861 24209 24253 D HwInnerWifiManagerImpl: SupplicantState = COMPLETED
02-08 15:59:26.861 24209 24253 D HwInnerWifiManagerImpl: isPhoneAP = false
02-08 15:59:26.861 24209 24283 W Keyguard: DownloadService warn: DownloadServiceHandler handleMessage 4
02-08 15:59:26.875 24209 24283 W Keyguard: DownloadService warn: handleApply
02-08 15:59:26.881  1924  2325 I EventCenter: ContentChange for slot: 4
02-08 15:59:26.891  1924  1942 W MagazineProvider: check invalid caller: 10037
02-08 15:59:26.903 24209 14721 D OpenSSLSocketFactory: enter setEnableSafeCipherSuites
02-08 15:59:26.916   473   473 E OEMINFO_NVM_SERVER:  OeminfoGetInfo:index(155), oeminfo data not find !!!!
02-08 15:59:26.917   473   473 E OEMINFO_NVM_SERVER:  OeminfoReturnInfo: oeminfo return info fail.
02-08 15:59:26.917   473   473 E OEMINFO_NVM_SERVER:  OinvCmdHandler: pid 513, operation oeminfo_getinfo and ret -1 fail.
02-08 15:59:26.918   513   513 E OEMINFO_NVM_CLIENT: OinvRecvReturn: RET_FAIL return.
02-08 15:59:26.918   513   513 E OEMINFO_NVM_CLIENT: rmt_oeminfo_get_info: index(155) get data from server fail.
02-08 15:59:26.918   513   513 E         : read_oeminfo_signed_data: failed to get info oeminfo_idx:155 and total_byte:0
02-08 15:59:26.918   513   513 E         : init_oeminfo_signed_data_all:fail to read oeminfo oeminfo_idx:155 and oeminfo_sub_idx:-1
02-08 15:59:26.918   513   513 E         : get_original_data_by_fun_tag_and_sign_type: fail to init signed oeminfo signed all params
02-08 15:59:26.918   513   513 E         : read_udid_number: failed to get udid
02-08 15:59:26.918   513   513 E factory_operator: hw_get_device_info: read udid from oeminfo fail
02-08 15:59:26.918  1575  3123 E DeviceIdentifiers: GetUDIDNative getUDID return null, generated it
02-08 15:59:26.919  1575  3123 W DeviceIdentifiers: the phone is in udid_model_whitelist, return null!
02-08 15:59:26.921 24209 24209 W DownloadService: type=1400 audit(0.0:84704): avc: granted { create } for name="icon_20220419162555.png" scontext=u:r:platform_app:s0:c512,c768 tcontext=u:object_r:sdcardfs:s0:c512,c768 tclass=file
02-08 15:59:26.929 24209 14724 D OpenSSLSocketFactory: enter setEnableSafeCipherSuites
02-08 15:59:26.933   595   686 I PreDnsController: canPreDnsQuery,persist.sys.predns is false!
02-08 15:59:26.934 24209 24283 D HwGalleryCacheManagerImpl: mIsEffect:false
02-08 15:59:26.944  1924  1942 W MagazineProvider: check invalid caller: 10037
02-08 15:59:27.041 24209 24209 W DownloadService: type=1400 audit(0.0:84705): avc: granted { create } for name="8ED5439048D02398B00B2B345BB5FB05.jpg" scontext=u:r:platform_app:s0:c512,c768 tcontext=u:object_r:sdcardfs:s0:c512,c768 tclass=file
02-08 15:59:27.066   595   686 I PreDnsController: canPreDnsQuery,persist.sys.predns is false!
02-08 15:59:27.068   595 14726 D libc    : GetAddrInfoHandler addr: 168.50.1
02-08 15:59:27.091  1924  1942 W MagazineProvider: check invalid caller: 10037
02-08 15:59:27.092 26237 26237 D MediaScannerReceiver: action: android.intent.action.MEDIA_SCANNER_SCAN_FILE
02-08 15:59:27.095 26237 26237 D MediaScannerReceiver: scanFile 
02-08 15:59:27.104  1575 11163 V BroadcastQueue: Finished with ordered broadcast BroadcastRecord{b33a0cd u0 android.intent.action.MEDIA_SCANNER_SCAN_FILE}
02-08 15:59:27.107 26237 14727 D MediaScannerService: run MediaScannerService
02-08 15:59:27.107 26237 26237 D MediaScannerService: onStartCommand startId 1
02-08 15:59:27.108 26237 14728 D MediaScannerService: run SingleFileScannerService
02-08 15:59:27.114   907  3754 E LOGSERVER_UTILS: [Erecovery]readEvent: eRecEventManager readEvent 0
02-08 15:59:27.117 24209 14721 D OpenSSLSocketFactory: enter setEnableSafeCipherSuites
02-08 15:59:27.119 24209 24283 W Keyguard: ExifData warn: The tag is null error!
02-08 15:59:27.131  1924  2325 I EventCenter: ContentChange for slot: 4
02-08 15:59:27.133 24209 24209 W DownloadService: type=1400 audit(0.0:84706): avc: granted { create } for name="DB3FC1D209D435A73B40BB7E8EF9298E.jpg" scontext=u:r:platform_app:s0:c512,c768 tcontext=u:object_r:sdcardfs:s0:c512,c768 tclass=file
02-08 15:59:27.134 24209 14724 D OpenSSLSocketFactory: enter setEnableSafeCipherSuites
02-08 15:59:27.176  1924  1942 W MagazineProvider: check invalid caller: 10037
02-08 15:59:27.191 24209 24283 W Keyguard: ExifData warn: The tag is null error!
02-08 15:59:27.201  1924  2325 I EventCenter: ContentChange for slot: 4
02-08 15:59:27.205 24209 24209 W DownloadService: type=1400 audit(0.0:84707): avc: granted { create } for name="48D816309159634A163A3AB68E3B9329.jpg" scontext=u:r:platform_app:s0:c512,c768 tcontext=u:object_r:sdcardfs:s0:c512,c768 tclass=file
02-08 15:59:27.208 26237 26237 D MediaScannerService: singgle file scan, startId :1
02-08 15:59:27.208 26237 26237 I MediaScannerService: new path startId:1, mScanPaths:0, mStartIds size:1
02-08 15:59:27.212 26237 14728 D MediaScannerService: handleMessage msg.arg1: 1
02-08 15:59:27.212 26237 26237 D MediaScannerReceiver: action: android.intent.action.MEDIA_SCANNER_SCAN_FILE
02-08 15:59:27.214 26237 26237 D MediaScannerReceiver: scanFile 
02-08 15:59:27.215 26237 14728 D MediaScannerService: scan single file content values:null
02-08 15:59:27.216 26237 14728 I HWSERVICES: hwnative_get_component:libstagefright,Scanner
02-08 15:59:27.217 26237 26237 D MediaScannerService: onStartCommand startId 2
02-08 15:59:27.217 26237 26237 D MediaScannerService: singgle file scan, startId :2
02-08 15:59:27.217 26237 26237 I MediaScannerService: new path startId:2, mScanPaths:0, mStartIds size:2
02-08 15:59:27.218  1575  7355 V BroadcastQueue: Finished with ordered broadcast BroadcastRecord{b464d0 u0 android.intent.action.MEDIA_SCANNER_SCAN_FILE}
02-08 15:59:27.219 26237 14728 I StagefrightMediaScannerEx: StagefrightMediaScanner Constructor
02-08 15:59:27.222 26237 14728 D MediaScanner: setStorageEjectFlag flag = 0
