02-08 15:59:27.224 26237 14728 D MediaScanner: totalMemoryGb 3, lowRamDevice falsemMaxFileCacheEntrySize = 90000
02-08 15:59:27.226 26237 14728 D MediaScanner: prescan begin prescanFiles: true
02-08 15:59:27.231 24209 14721 W Keyguard: HwHttpConnection warn: IOExcetion Ocurred During sendRequestForPost
02-08 15:59:27.236  1924  2556 W MagazineProvider: check invalid caller: 10037
02-08 15:59:27.247  1924  1942 W MagazineProvider: check invalid caller: 10037
02-08 15:59:27.250 26237 26237 D MediaScannerReceiver: action: android.intent.action.MEDIA_SCANNER_SCAN_FILE
02-08 15:59:27.252 26237 26237 D MediaScannerReceiver: scanFile 
02-08 15:59:27.254 26237 26237 D MediaScannerService: onStartCommand startId 3
02-08 15:59:27.255 26237 26237 D MediaScannerService: singgle file scan, startId :3
02-08 15:59:27.255 26237 26237 I MediaScannerService: new path startId:3, mScanPaths:0, mStartIds size:3
02-08 15:59:27.255  1575 11163 V BroadcastQueue: Finished with ordered broadcast BroadcastRecord{c667cc9 u0 android.intent.action.MEDIA_SCANNER_SCAN_FILE}
02-08 15:59:27.256 24209 24283 W Keyguard: ExifData warn: The tag is null error!
02-08 15:59:27.265  1924  2325 I EventCenter: ContentChange for slot: 4
02-08 15:59:27.267 26237 14728 D MediaScanner: prescan end mFileCache size 0
02-08 15:59:27.269 24209 24209 W DownloadService: type=1400 audit(0.0:84708): avc: granted { create } for name="393E9537503AEBEC952BD22709CC6F67.jpg" scontext=u:r:platform_app:s0:c512,c768 tcontext=u:object_r:sdcardfs:s0:c512,c768 tclass=file
02-08 15:59:27.269 26237 14728 D MediaScanner: delete nomedia File when scanSingleFile
02-08 15:59:27.276 24209 14724 W Keyguard: HwHttpConnection warn: IOExcetion Ocurred During sendRequestForPost
02-08 15:59:27.288 26237 14728 W ExifInterface: Stop reading file since a wrong offset may cause an infinite loop: 0
02-08 15:59:27.288 26237 14728 W ExifInterface: Stop reading file since a wrong offset may cause an infinite loop: 0
02-08 15:59:27.313  1924  1942 W MagazineProvider: check invalid caller: 10037
02-08 15:59:27.313 26237 26245 W System  : A resource failed to call close. 
02-08 15:59:27.314 26237 26245 I StagefrightMediaScannerEx: StagefrightMediaScanner destructor
02-08 15:59:27.316 26237 26237 D MediaScannerReceiver: action: android.intent.action.MEDIA_SCANNER_SCAN_FILE
02-08 15:59:27.319 26237 26237 D MediaScannerReceiver: scanFile 
02-08 15:59:27.322  1575  7355 V BroadcastQueue: Finished with ordered broadcast BroadcastRecord{e1e8fce u0 android.intent.action.MEDIA_SCANNER_SCAN_FILE}
02-08 15:59:27.324 24209 24283 W Keyguard: ExifData warn: The tag is null error!
02-08 15:59:27.325 26237 26237 D MediaScannerService: onStartCommand startId 4
02-08 15:59:27.325 26237 26237 D MediaScannerService: singgle file scan, startId :4
02-08 15:59:27.325 26237 26237 I MediaScannerService: new path startId:4, mScanPaths:0, mStartIds size:4
02-08 15:59:27.331 26237 26262 D FYUSE   : Fyuse is not installed
02-08 15:59:27.332 26237 14728 D MediaScannerService: stopSelfIfNecessary startId:1, startIds size:3, mScanPaths size:0, skip:0
02-08 15:59:27.332 26237 14728 D MediaScannerService: handleMessage msg.arg1: 2
02-08 15:59:27.334  1924  2325 I EventCenter: ContentChange for slot: 4
02-08 15:59:27.335 26237 14728 D MediaScannerService: scan single file content values:null
02-08 15:59:27.336 26237 14728 I HWSERVICES: hwnative_get_component:libstagefright,Scanner
02-08 15:59:27.338 26237 14728 I StagefrightMediaScannerEx: StagefrightMediaScanner Constructor
02-08 15:59:27.342 26237 14728 D MediaScanner: setStorageEjectFlag flag = 0
02-08 15:59:27.343 26237 14728 D MediaScanner: totalMemoryGb 3, lowRamDevice falsemMaxFileCacheEntrySize = 90000
02-08 15:59:27.345  1924  1942 W MagazineProvider: check invalid caller: 10037
02-08 15:59:27.345 26237 14728 D MediaScanner: prescan begin prescanFiles: true
02-08 15:59:27.357  1924  2325 I EventCenter: ContentChange for slot: 8
02-08 15:59:27.360  1924  1961 W MagazineProvider: check invalid caller: 10037
02-08 15:59:27.374 26237 14728 D MediaScanner: prescan end mFileCache size 0
02-08 15:59:27.377 26237 14728 D MediaScanner: delete nomedia File when scanSingleFile
02-08 15:59:27.380  1924  2325 I EventCenter: ContentChange for slot: 4
02-08 15:59:27.384  1924  1961 W MagazineProvider: check invalid caller: 10037
02-08 15:59:27.385 24209 24209 V HwWidgetFactory: : successes to get AllImpl object and return....
02-08 15:59:27.388 26237 14728 W ExifInterface: Stop reading file since a wrong offset may cause an infinite loop: 0
02-08 15:59:27.388 26237 14728 W ExifInterface: Stop reading file since a wrong offset may cause an infinite loop: 0
02-08 15:59:27.392 24209 24209 I HwApsImpl: APS: new HwApsImpl created
02-08 15:59:27.402   639   639 I HW_DISPLAY_EFFECT: hw_get_display_panel_type: panel info is blmax:7992,blmin:55,blmax_nit_actual:660,blmax_nit_standard:550,lcdtype:LCD,
02-08 15:59:27.402   639   639 I HW_DISPLAY_EFFECT: 
02-08 15:59:27.402   639   639 I HW_DISPLAY_EFFECT: hw_get_display_panel_type: lcd type is LCD
02-08 15:59:27.404  1924  1961 W MagazineProvider: check invalid caller: 10037
02-08 15:59:27.407  1575 11163 I ToastInterrupt: isAllowToShowToast:true, pkg:com.android.keyguard, topActivity:ActivityInfo{f798077 com.opencode.voiceassist.MainActivity}
02-08 15:59:27.443 26237 26262 D FYUSE   : Fyuse is not installed
02-08 15:59:27.459 26237 14728 D MediaScannerService: stopSelfIfNecessary startId:2, startIds size:2, mScanPaths size:0, skip:0
02-08 15:59:27.459 26237 14728 D MediaScannerService: handleMessage msg.arg1: 3
02-08 15:59:27.459 24209 24209 D OpenGLRenderer: Skia GL Pipeline
02-08 15:59:27.461 26237 14728 D MediaScannerService: scan single file content values:null
02-08 15:59:27.462 26237 14728 I HWSERVICES: hwnative_get_component:libstagefright,Scanner
02-08 15:59:27.462  2186  2779 I PG_ash  : view add pid:24209 uid:10037
02-08 15:59:27.465 26237 14728 I StagefrightMediaScannerEx: StagefrightMediaScanner Constructor
02-08 15:59:27.468 26237 14728 D MediaScanner: setStorageEjectFlag flag = 0
02-08 15:59:27.470 26237 14728 D MediaScanner: totalMemoryGb 3, lowRamDevice falsemMaxFileCacheEntrySize = 90000
02-08 15:59:27.471 26237 14728 D MediaScanner: prescan begin prescanFiles: true
02-08 15:59:27.478 24209 24209 D OpenGLRenderer:   HWUI Binary is  enabled
02-08 15:59:27.478 24209 24209 D OpenGLRenderer: disableOutlineDraw is true
02-08 15:59:27.497  1575  7355 E WindowManager: App trying to use insecure INPUT_FEATURE_NO_INPUT_CHANNEL flag. Ignoring
02-08 15:59:27.500 26237 14728 D MediaScanner: prescan end mFileCache size 0
02-08 15:59:27.502 26237 14728 D MediaScanner: delete nomedia File when scanSingleFile
02-08 15:59:27.510  1575  7355 V WindowManager: addWindow: Window{d8bfc01 u0 Toast}
02-08 15:59:27.513 26237 14728 W ExifInterface: Stop reading file since a wrong offset may cause an infinite loop: 0
02-08 15:59:27.514 26237 14728 W ExifInterface: Stop reading file since a wrong offset may cause an infinite loop: 0
02-08 15:59:27.529  1575  1595 I StatusBarDisable: setFlags what=0 which=1 pkg=Window{1e544 u0 com.opencode.voiceassist/com.opencode.voiceassist.MainActivity}
02-08 15:59:27.538 26237 14728 D MediaScannerService: stopSelfIfNecessary startId:3, startIds size:1, mScanPaths size:0, skip:0
02-08 15:59:27.538 26237 14728 D MediaScannerService: handleMessage msg.arg1: 4
02-08 15:59:27.538 26237 26262 D FYUSE   : Fyuse is not installed
02-08 15:59:27.539 26237 14728 D MediaScannerService: scan single file content values:null
02-08 15:59:27.540 26237 14728 I HWSERVICES: hwnative_get_component:libstagefright,Scanner
02-08 15:59:27.541 26237 14728 I StagefrightMediaScannerEx: StagefrightMediaScanner Constructor
02-08 15:59:27.542 26237 14728 D MediaScanner: setStorageEjectFlag flag = 0
02-08 15:59:27.543 26237 14728 D MediaScanner: totalMemoryGb 3, lowRamDevice falsemMaxFileCacheEntrySize = 90000
02-08 15:59:27.543 26237 14728 D MediaScanner: prescan begin prescanFiles: true
02-08 15:59:27.545   656  3430 E BufferQueueProducer: [] mConsumerName == NULL!!!!!!
02-08 15:59:27.548   617   617 I GRALLOC : getCallingPid=656, shrFd=32,fmt=0x1,intFmt=0x1,btStrd=2048,size=212992,pid=617 
02-08 15:59:27.548   617   617 I GRALLOC : 	 yuv=2,w=486,h=101,Stride u=0 v=0,offset u=0 v=0 
02-08 15:59:27.548   617   617 I GRALLOC : 	 iova_size=212992,conUsg=0x900,proUsg=0x900,	 strd=512,[afbc]HdrStrd=0 PyldStrd=0 Scrmbl=0,ionhnd = 1 
02-08 15:59:27.548   656  3430 E BufferQueueProducer: [] mConsumerName == NULL!!!!!!
02-08 15:59:27.549   617 13142 I GRALLOC : getCallingPid=656, shrFd=34,fmt=0x1,intFmt=0x1,btStrd=2048,size=212992,pid=617 
02-08 15:59:27.549   617 13142 I GRALLOC : 	 yuv=2,w=486,h=101,Stride u=0 v=0,offset u=0 v=0 
02-08 15:59:27.549   617 13142 I GRALLOC : 	 iova_size=212992,conUsg=0x900,proUsg=0x900,	 strd=512,[afbc]HdrStrd=0 PyldStrd=0 Scrmbl=0,ionhnd = 2 
02-08 15:59:27.549   656  3430 E BufferQueueProducer: [] mConsumerName == NULL!!!!!!
02-08 15:59:27.550   617 13142 I GRALLOC : getCallingPid=656, shrFd=32,fmt=0x1,intFmt=0x1,btStrd=2048,size=212992,pid=617 
02-08 15:59:27.550   617 13142 I GRALLOC : 	 yuv=2,w=486,h=101,Stride u=0 v=0,offset u=0 v=0 
02-08 15:59:27.550   617 13142 I GRALLOC : 	 iova_size=212992,conUsg=0x900,proUsg=0x900,	 strd=512,[afbc]HdrStrd=0 PyldStrd=0 Scrmbl=0,ionhnd = 1 
02-08 15:59:27.552 26237 14728 D MediaScanner: prescan end mFileCache size 0
02-08 15:59:27.552 26237 14728 D MediaScanner: delete nomedia File when scanSingleFile
02-08 15:59:27.553 24209 14729 I ConfigStore: android::hardware::configstore::V1_0::ISurfaceFlingerConfigs::hasWideColorDisplay retrieved: 0
02-08 15:59:27.553 24209 14729 I ConfigStore: android::hardware::configstore::V1_0::ISurfaceFlingerConfigs::hasHDRDisplay retrieved: 0
02-08 15:59:27.555 26237 14728 W ExifInterface: Stop reading file since a wrong offset may cause an infinite loop: 0
02-08 15:59:27.555 26237 14728 W ExifInterface: Stop reading file since a wrong offset may cause an infinite loop: 0
02-08 15:59:27.555 24209 14729 I iGraphics: [0020080c] pn: com.android.keyguard, p: 24209
02-08 15:59:27.555 24209 14729 I iGraphics: [0030080c] no spt app: com.android.keyguard
02-08 15:59:27.555 24209 14729 I OpenGLRenderer: Initialized EGL, version 1.4, mEglDisplay 0x1
02-08 15:59:27.556 24209 14729 D OpenGLRenderer: Swap behavior 2
02-08 15:59:27.559 26237 14728 D MediaScannerService: stopSelfIfNecessary startId:4, startIds size:0, mScanPaths size:0, skip:0
02-08 15:59:27.559 26237 26237 D MediaScannerService: onDestroy
02-08 15:59:27.560 26237 26237 D MediaScannerService: onDestroy before looper quit
02-08 15:59:27.561 26237 26262 D FYUSE   : Fyuse is not installed
02-08 15:59:27.575 24209 14729 D mali_winsys: EGLint new_window_surface(egl_winsys_display *, void *, EGLSurface, EGLConfig, egl_winsys_surface **, EGLBoolean) returns 0x3000
02-08 15:59:27.577   617 13142 I GRALLOC : getCallingPid=656, shrFd=32,fmt=0x1,intFmt=0x1,btStrd=2048,size=212992,pid=617 
02-08 15:59:27.577   617 13142 I GRALLOC : 	 yuv=2,w=486,h=101,Stride u=0 v=0,offset u=0 v=0 
02-08 15:59:27.577   617 13142 I GRALLOC : 	 iova_size=212992,conUsg=0xb00,proUsg=0xb00,	 strd=512,[afbc]HdrStrd=0 PyldStrd=0 Scrmbl=0,ionhnd = 1 
02-08 15:59:27.644  1575  1595 I chatty  : uid=1000(system) android.ui identical 1 line
02-08 15:59:27.649   656   982 D         : doWinFrameOptStatusRecog begin to recog Layer result=2
02-08 15:59:27.776  1575  1595 I StatusBarDisable: setFlags what=0 which=1 pkg=Window{1e544 u0 com.opencode.voiceassist/com.opencode.voiceassist.MainActivity}
02-08 15:59:27.781  1575  1726 I DebugKeepScreenOn: setHoldScreenLocked newHoldScreen:Session{297dada 24209:u0a10037} currentHoldScreen:null wakeLockState:false
02-08 15:59:27.781  1575  1726 I DebugKeepScreenOn: Acquiring screen wakelock due to Window{d8bfc01 u0 Toast}
02-08 15:59:27.782  1575  1726 D PowerMS : acquire:L=223195808,F=0x2000000a,T="WindowManager",N=android,WS=WorkSource{10037},U=1000,P=1575
02-08 15:59:27.794  1575  1595 I StatusBarDisable: setFlags what=0 which=1 pkg=Window{1e544 u0 com.opencode.voiceassist/com.opencode.voiceassist.MainActivity}
02-08 15:59:27.860  1924  2372 W MagazineProvider: check invalid caller: 10037
02-08 15:59:27.880  1924  1924 W KGWpp_Magz: Magazine getWallPaper content changed
02-08 15:59:27.931  1575  1787 D hw_netstat: total/1047897/25227,android.uid.systemui:10037/1043332/24484,unknown:0/2742/0,unknown:1051/1133/0,com.huawei.hwid/388/203,com.huawei.appmarket/222/160,com.android.vending/0/300,android.uid.system:1000/40/40,android.media:10016/40/40
02-08 15:59:28.154   907  3754 E LOGSERVER_UTILS: [Erecovery]readEvent: eRecEventManager readEvent 0
02-08 15:59:28.330 26237 26263 I AutoCache: start immediate decoding.
02-08 15:59:28.386  1924  2325 W MagazineProvider: check invalid caller: 10037
02-08 15:59:28.395  1924  2325 W KGWpp_Magz: generate picture user not assined wallpaper
02-08 15:59:28.395  1924  2325 W KGWpp_Magz: setCurrentIndex by keyId 827 -> index 21
02-08 15:59:28.395  1924  2325 W KGWpp_Magz: update list size: 40
02-08 15:59:28.395  1924  2325 W AppHandler: sendMessage 25
02-08 15:59:28.396  1924  2325 I KGWpp_Magz: checkPictureDescriptions of magazine-unlock-02-2.3.2026012201-3EA6620C4AB4A60EBD4485115EF1B18D.jpg
02-08 15:59:28.396  1924  1924 D KGWpp   : get for type. 2 from 2
02-08 15:59:28.401  1924  2325 I ExifParser: mTiffStream skip = 0
02-08 15:59:28.402  1924  1924 I KGWpp   : no lock pic, assume always matched
02-08 15:59:28.403  1924  1924 W KGWpp   : update Wallpaper and not change >>> com.huawei.keyguard.view.effect.bokeh.BokehDrawable@3904a
02-08 15:59:28.403  1924  1924 W HwLockScreenPanel: Handle message: 25
02-08 15:59:28.407  1924  2325 W ExifData: The tag is null error!
02-08 15:59:28.408  1924  2325 I KGWpp_Magz: checkPictureDescriptions of magazine-unlock-05-2.3.2026012301-172120A296A01E2499E4873EC7D865B6.jpg
02-08 15:59:28.410  1924  2325 I ExifParser: mTiffStream skip = 0
02-08 15:59:28.411  1924  2325 W ExifData: The tag is null error!
02-08 15:59:28.411  1924  2325 I KGWpp_Magz: checkPictureDescriptions of magazine-unlock-05-2.3.2026012301-B0897BAF6C49043CF948F24CBBFB2C53.jpg
02-08 15:59:28.413  1924  2325 I ExifParser: mTiffStream skip = 0
02-08 15:59:28.414  1924  2325 W ExifData: The tag is null error!
02-08 15:59:28.414  1924  2325 I KGWpp_Magz: checkPictureDescriptions of magazine-unlock-05-2.3.2026012301-3447D955BE2F009D69E615D27E63A1CC.jpg
02-08 15:59:28.416  1924  2325 I ExifParser: mTiffStream skip = 0
02-08 15:59:28.417  1924  2325 W ExifData: The tag is null error!
02-08 15:59:28.417  1924  2325 I KGWpp_Magz: checkPictureDescriptions of magazine-unlock-05-2.3.2026012301-D741807AAE4E1C3C130A9C6CA90A18ED.jpg
02-08 15:59:28.419  1924  2325 I ExifParser: mTiffStream skip = 0
02-08 15:59:28.420  1924  2325 W ExifData: The tag is null error!
02-08 15:59:28.420  1924  2325 I KGWpp_Magz: checkPictureDescriptions of magazine-unlock-06-2.3.2026012301-A88F67246702FF72A9BF9ED546F0F67D.jpg
02-08 15:59:28.423  1924  2325 I ExifParser: mTiffStream skip = 0
02-08 15:59:28.424  1924  2325 W ExifData: The tag is null error!
02-08 15:59:28.424  1924  2325 I KGWpp_Magz: checkPictureDescriptions of magazine-unlock-01-2.3.2026012301-7904E51D1EC88058776D0567D0F996BE.jpg
02-08 15:59:28.426  1924  2325 I ExifParser: mTiffStream skip = 0
02-08 15:59:28.427  1924  2325 W ExifData: The tag is null error!
02-08 15:59:28.428  1924  2325 I KGWpp_Magz: checkPictureDescriptions of magazine-unlock-01-2.3.2026012301-A5EAC30E25B81038B3D681A41A0B20AB.jpg
02-08 15:59:28.429  1924  2325 I ExifParser: mTiffStream skip = 0
02-08 15:59:28.430  1924  2325 W ExifData: The tag is null error!
02-08 15:59:28.431  1924  2325 I KGWpp_Magz: checkPictureDescriptions of magazine-unlock-01-2.3.2026012301-2AE8B55417685BE0A853BD69E4EF7BBA.jpg
02-08 15:59:28.432  1924  2325 I ExifParser: mTiffStream skip = 0
02-08 15:59:28.433  1924  2325 W ExifData: The tag is null error!
02-08 15:59:28.433  1924  2325 I KGWpp_Magz: checkPictureDescriptions of magazine-unlock-01-2.3.2026012301-F2170150E6B28B262D967AF601A22371.jpg
02-08 15:59:28.435  1924  2325 W ExifData: The ifdData is null error!
02-08 15:59:28.436  1924  2325 I KGWpp_Magz: checkPictureDescriptions of magazine-unlock-01-2.3.2026012301-870E8F89FDB9E1BE6DEA0684B6A0514A.jpg
02-08 15:59:28.438  1924  2325 I ExifParser: mTiffStream skip = 0
02-08 15:59:28.439  1924  2325 W ExifData: The tag is null error!
02-08 15:59:28.439  1924  2325 I KGWpp_Magz: checkPictureDescriptions of magazine-unlock-06-2.3.2026020201-C348CF0FF9747735FB2FB832FA0B3D3F.jpg
02-08 15:59:28.441  1924  2325 I ExifParser: mTiffStream skip = 0
02-08 15:59:28.441  1924  2325 W ExifData: The tag is null error!
02-08 15:59:28.442  1924  2325 I KGWpp_Magz: checkPictureDescriptions of magazine-unlock-03-2.3.2026020502-ED1A17452EFD2199AA0BEA7C3F59BBDF.jpg
02-08 15:59:28.443  1924  2325 I ExifParser: mTiffStream skip = 0
02-08 15:59:28.444  1924  2325 W ExifData: The tag is null error!
02-08 15:59:28.445  1924  2325 I KGWpp_Magz: checkPictureDescriptions of magazine-unlock-03-2.3.2026020502-2EB666BD77BF52A462F9605831AD9DE2.jpg
02-08 15:59:28.446  1924  2325 I ExifParser: mTiffStream skip = 0
02-08 15:59:28.447  1924  2325 W ExifData: The tag is null error!
02-08 15:59:28.448  1924  2325 I KGWpp_Magz: checkPictureDescriptions of magazine-unlock-03-2.3.2026020502-C4400677760261B3EA2235AF201FB930.jpg
02-08 15:59:28.449  1924  2325 I ExifParser: mTiffStream skip = 0
02-08 15:59:28.451  1924  2325 W ExifData: The tag is null error!
02-08 15:59:28.451  1924  2325 I KGWpp_Magz: checkPictureDescriptions of magazine-unlock-03-2.3.2026020502-DC17259B4F5951BA81FF6E5E95D763BF.jpg
02-08 15:59:28.453  1924  2325 I ExifParser: mTiffStream skip = 0
02-08 15:59:28.454  1924  2325 W ExifData: The tag is null error!
02-08 15:59:28.454  1924  2325 I KGWpp_Magz: checkPictureDescriptions of magazine-unlock-03-2.3.2026020502-9FD8AACBDE5CF1BDBA1534C8E11B29E5.jpg
02-08 15:59:28.456  1924  2325 I ExifParser: mTiffStream skip = 0
02-08 15:59:28.457  1924  2325 W ExifData: The tag is null error!
02-08 15:59:28.459  1924  2325 I KGWpp_Magz: checkPictureDescriptions of magazine-unlock-03-2.3.2026020502-08961F4A0A10045F37D24C1222D315AE.jpg
02-08 15:59:28.460  1575  7355 V ActivityManager: Successfully start provider ContentProviderRecord{94010b3 u0 com.android.providers.media/.MediaProvider} launchingApp=ProcessRecord{d6d8e22 26237:android.process.media/u0a16} caller pid= 25492
02-08 15:59:28.462  1924  2325 I ExifParser: mTiffStream skip = 0
02-08 15:59:28.463  1924  2325 W ExifData: The tag is null error!
02-08 15:59:28.464  1924  2325 I KGWpp_Magz: checkPictureDescriptions of magazine-unlock-03-2.3.2026020502-68C0A5E268B621B50DEF765A2D835476.jpg
02-08 15:59:28.465  1924  2325 I ExifParser: mTiffStream skip = 0
02-08 15:59:28.466  1924  2325 W ExifData: The tag is null error!
02-08 15:59:28.467  1924  2325 I KGWpp_Magz: checkPictureDescriptions of magazine-unlock-05-2.3.2026020502-4C484D102CD514EC5134C8EB16CAA0B9.jpg
02-08 15:59:28.469  1924  2325 I ExifParser: mTiffStream skip = 0
02-08 15:59:28.470  1924  2325 W ExifData: The tag is null error!
02-08 15:59:28.470  1924  2325 I KGWpp_Magz: checkPictureDescriptions of magazine-unlock-05-2.3.2026020502-93DBD09EDDF53F717A613FE8F82DA12A.jpg
02-08 15:59:28.472  1924  2325 I ExifParser: mTiffStream skip = 0
02-08 15:59:28.473  1924  2325 W ExifData: The tag is null error!
02-08 15:59:28.473  1924  2325 I KGWpp_Magz: checkPictureDescriptions of magazine-unlock-05-2.3.2026020502-4FE38002540ADD15468F3266F848F007.jpg
02-08 15:59:28.475  1924  2325 I ExifParser: mTiffStream skip = 0
02-08 15:59:28.476  1924  2325 W ExifData: The tag is null error!
02-08 15:59:28.476  1924  2325 I KGWpp_Magz: checkPictureDescriptions of magazine-unlock-05-2.3.2026020502-0238C68AC368FDE1D209D5660549667C.jpg
02-08 15:59:28.477  1924  2325 I ExifParser: mTiffStream skip = 0
02-08 15:59:28.479  1924  2325 W ExifData: The tag is null error!
02-08 15:59:28.479  1924  2325 I KGWpp_Magz: checkPictureDescriptions of magazine-unlock-02-2.3.2026020501-19D5B9BB3DF08D65282AEC78E23213FB.jpg
02-08 15:59:28.481  1924  2325 I ExifParser: mTiffStream skip = 0
02-08 15:59:28.482  1924  2325 W ExifData: The tag is null error!
02-08 15:59:28.482  1924  2325 I KGWpp_Magz: checkPictureDescriptions of magazine-unlock-01-2.3.2023120101-C4471657793F10A46D22ADC40625E4FE.jpg
02-08 15:59:28.485  1924  2325 I ExifParser: mTiffStream skip = 0
02-08 15:59:28.486  1924  2325 W ExifData: The tag is null error!
02-08 15:59:28.486  1924  2325 I KGWpp_Magz: checkPictureDescriptions of magazine-unlock-01-2.3.2023120101-A4C6E60F11DF4AAF45DE10AEDB535AD0.jpg
02-08 15:59:28.487  1924  2325 I ExifParser: mTiffStream skip = 0
02-08 15:59:28.488  1924  2325 W ExifData: The tag is null error!
02-08 15:59:28.488  1924  2325 I KGWpp_Magz: checkPictureDescriptions of magazine-unlock-01-2.3.2023120101-7E729EA36B28E39F1322B217DC5BEAB7.jpg
02-08 15:59:28.488  1924  2325 I ExifParser: mTiffStream skip = 0
02-08 15:59:28.489  1924  2325 W ExifData: The tag is null error!
02-08 15:59:28.489  1924  2325 I KGWpp_Magz: checkPictureDescriptions of magazine-unlock-01-2.3.2023120101-DAEB1665D7F5510E4546951B7FDC92E7.jpg
02-08 15:59:28.489  1924  2325 I ExifParser: mTiffStream skip = 0
02-08 15:59:28.490  1924  2325 W ExifData: The tag is null error!
02-08 15:59:28.490  1924  2325 I KGWpp_Magz: checkPictureDescriptions of magazine-unlock-01-2.3.2023120101-436E69E2D17E0C739111BF454006A828.jpg
02-08 15:59:28.491  1924  2325 I ExifParser: mTiffStream skip = 0
02-08 15:59:28.491  1924  2325 W ExifData: The tag is null error!
02-08 15:59:28.491  1924  2325 I KGWpp_Magz: checkPictureDescriptions of magazine-unlock-03-2.3.2026020802-7AF98C858365111003B2F0D65292F256.jpg
02-08 15:59:28.492  1924  2325 I ExifParser: mTiffStream skip = 0
02-08 15:59:28.492  1924  2325 W ExifData: The tag is null error!
02-08 15:59:28.492  1924  2325 I KGWpp_Magz: checkPictureDescriptions of magazine-unlock-03-2.3.2026020802-6B13781CF97AE746D0D3566E2EE44D41.jpg
02-08 15:59:28.493  1924  2325 I ExifParser: mTiffStream skip = 0
02-08 15:59:28.493  1924  2325 W ExifData: The tag is null error!
02-08 15:59:28.493  1924  2325 I KGWpp_Magz: checkPictureDescriptions of magazine-unlock-03-2.3.2026020802-ED7D136675D9453A5758ECA6B89FBDFA.jpg
02-08 15:59:28.494  1924  2325 I ExifParser: mTiffStream skip = 0
02-08 15:59:28.494  1924  2325 W ExifData: The tag is null error!
02-08 15:59:28.494  1924  2325 I KGWpp_Magz: checkPictureDescriptions of magazine-unlock-03-2.3.2026020802-74F8A118D1DD43E8C41DF334435DC16A.jpg
02-08 15:59:28.495  1924  2325 I ExifParser: mTiffStream skip = 0
02-08 15:59:28.495  1924  2325 W ExifData: The tag is null error!
02-08 15:59:28.495  1924  2325 I KGWpp_Magz: checkPictureDescriptions of magazine-unlock-03-2.3.2026020802-597055E715E673AF31B318E9993245F0.jpg
02-08 15:59:28.496  1924  2325 I ExifParser: mTiffStream skip = 0
02-08 15:59:28.496  1924  2325 W ExifData: The tag is null error!
02-08 15:59:28.496  1924  2325 I KGWpp_Magz: checkPictureDescriptions of magazine-unlock-03-2.3.2026020802-18FFDF0AF5CF36CF82066810896F99E7.jpg
02-08 15:59:28.497  1924  2325 I ExifParser: mTiffStream skip = 0
02-08 15:59:28.497  1924  2325 W ExifData: The tag is null error!
02-08 15:59:28.497  1924  2325 I KGWpp_Magz: checkPictureDescriptions of magazine-unlock-03-2.3.2026020802-D6E7A6E1D821251D93F582C1EFBEB56A.jpg
02-08 15:59:28.498  1924  2325 I ExifParser: mTiffStream skip = 0
02-08 15:59:28.498  1924  2325 W ExifData: The tag is null error!
02-08 15:59:28.498  1924  2325 I KGWpp_Magz: checkPictureDescriptions of magazine-unlock-05-2.3.2026020801-8ED5439048D02398B00B2B345BB5FB05.jpg
02-08 15:59:28.498  1924  2325 I ExifParser: mTiffStream skip = 0
02-08 15:59:28.499  1924  2325 W ExifData: The tag is null error!
02-08 15:59:28.499  1924  2325 I KGWpp_Magz: checkPictureDescriptions of magazine-unlock-05-2.3.2026020801-DB3FC1D209D435A73B40BB7E8EF9298E.jpg
02-08 15:59:28.499  1924  2325 I ExifParser: mTiffStream skip = 0
02-08 15:59:28.499  1924  2325 W ExifData: The tag is null error!
02-08 15:59:28.500  1924  2325 I KGWpp_Magz: checkPictureDescriptions of magazine-unlock-05-2.3.2026020801-48D816309159634A163A3AB68E3B9329.jpg
02-08 15:59:28.500  1924  2325 I ExifParser: mTiffStream skip = 0
02-08 15:59:28.500  1924  2325 W ExifData: The tag is null error!
02-08 15:59:28.500  1924  2325 I KGWpp_Magz: checkPictureDescriptions of magazine-unlock-05-2.3.2026020801-393E9537503AEBEC952BD22709CC6F67.jpg
02-08 15:59:28.501  1924  2325 I ExifParser: mTiffStream skip = 0
02-08 15:59:28.501  1924  2325 W ExifData: The tag is null error!
02-08 15:59:28.502  1924  2325 W KGWpp_Magz: force sync pic info
02-08 15:59:28.502  1924  2325 W KGWpp_Magz: reload wallpaper when: magazine; size: 40
02-08 15:59:28.502  1924  2325 W ExHandler: KG_Background_Handle_Thread running too long, use 120  { when=-122ms callback=com.huawei.keyguard.support.magazine.MagazineWallpaper$1 target=com.huawei.keyguard.basetype.ExHandler }
02-08 15:59:28.516 26237 14746 V BitmapFactoryEx: nativeDecodeFileDescriptorEx
02-08 15:59:28.517 26237 14746 V BitmapFactoryEx: nativeDecodeFileDescriptorEx
02-08 15:59:28.535  1575  1785 I TrafficMonitor: update:rxPkts:51,txPkts:58,rxBytes:32094,txBytes:8292
02-08 15:59:28.535  1575  1785 I TrafficMonitor: no expired. level:2
02-08 15:59:28.535  1575  1785 I TrafficMonitor: gettimer:interval=2000
02-08 15:59:28.535  1575  1785 I TrafficMonitor: during_ms:2003,period_ms:2000
02-08 15:59:28.535  1575  1785 I TrafficMonitor: count:144,rx_sum:51,tx_sum:58,rxBytes:32094,during_ms:2003,rx_speed:16022.96555167249,tx_speed:4139.790314528207,rto:0.8793103448275862
02-08 15:59:28.623 26237 26245 W System  : A resource failed to call close. 
02-08 15:59:28.623 26237 26245 I StagefrightMediaScannerEx: StagefrightMediaScanner destructor
02-08 15:59:28.624 26237 26245 W System  : A resource failed to call close. 
02-08 15:59:28.624 26237 26245 I StagefrightMediaScannerEx: StagefrightMediaScanner destructor
02-08 15:59:28.624 26237 26245 W System  : A resource failed to call close. 
02-08 15:59:28.624 26237 26245 I StagefrightMediaScannerEx: StagefrightMediaScanner destructor
02-08 15:59:28.624 26237 26245 W System  : A resource failed to call close. 
02-08 15:59:28.624 26237 26245 I StagefrightMediaScannerEx: StagefrightMediaScanner destructor
02-08 15:59:28.627   652   652 E WifiHAL : enter wifi_get_link_stats
02-08 15:59:28.639  1575  1786 E WificondControl: Noise: -89, Snr: 0, Chload: -1
02-08 15:59:28.643  1575  1786 D WifiScoreReport: Score = 60, wifiConnectivityManagerEnabled = false, lowScoreCount = 0
02-08 15:59:28.655 25492 14747 W ExifInterface: Stop reading file since a wrong offset may cause an infinite loop: 0
02-08 15:59:28.686 25492 14747 I chatty  : uid=10031(com.android.gallery3d) identical 6 lines
02-08 15:59:28.686 25492 14747 W ExifInterface: Stop reading file since a wrong offset may cause an infinite loop: 0
02-08 15:59:28.758 26237 14746 V BitmapFactoryEx: nativeDecodeFileDescriptorEx
02-08 15:59:28.993 26237 14746 I chatty  : uid=10016(com.android.providers.media) pool-1-thread-7 identical 2 lines
02-08 15:59:28.994 26237 14746 V BitmapFactoryEx: nativeDecodeFileDescriptorEx
02-08 15:59:29.195   907  3754 E LOGSERVER_UTILS: [Erecovery]readEvent: eRecEventManager readEvent 0
02-08 15:59:29.261 26237 14746 V BitmapFactoryEx: nativeDecodeFileDescriptorEx
02-08 15:59:29.262 26237 14746 V BitmapFactoryEx: nativeDecodeFileDescriptorEx
02-08 15:59:29.367  2186 28055 I DownloadState: 10037 dl start, speed: 110251bytes/s
02-08 15:59:29.367  2186 28055 I DownloadState: @@@@@@@@@@@@ uid :10037 download :true
02-08 15:59:29.367  2186 28055 I PGServer: report state:5 event type:1 pid:0 uid:10037 pkg:null to pid: 1575
02-08 15:59:29.574 25492 14747 E RecycleClearService: startRecycleClearService   forceStart = false, sClearDone = true
02-08 15:59:30.236   907  3754 E LOGSERVER_UTILS: [Erecovery]readEvent: eRecEventManager readEvent 0
02-08 15:59:30.399 26237 26263 I AutoCache: thumbnail cache has been set up successfully.
02-08 15:59:30.538  1575  1785 I TrafficMonitor: update:rxPkts:1,txPkts:0,rxBytes:1331,txBytes:0
02-08 15:59:30.538  1575  1785 I TrafficMonitor: start expired. level:-1
02-08 15:59:30.539  1575  1785 I TrafficMonitor: gettimer:interval=2000
02-08 15:59:30.645   891   891 E Thermal-daemon: [ap] temp_new :29  temp_old :28
02-08 15:59:30.647   891   891 E Thermal-daemon: Report temperature: [ap] temp :29  report_threshold:1
02-08 15:59:30.958 24209 14729 W libEGL  : EGLNativeWindowType 0x7703fd2010 disconnect failed
02-08 15:59:30.958  2186  2779 I PG_ash  : view remove pid:24209 uid:10037
02-08 15:59:30.973  1575  1595 I StatusBarDisable: setFlags what=0 which=1 pkg=Window{1e544 u0 com.opencode.voiceassist/com.opencode.voiceassist.MainActivity}
02-08 15:59:30.981  1575  7355 V WindowManager: removeIfPossible: Window{d8bfc01 u0 Toast}
02-08 15:59:30.982  1575  7355 V WindowManager: Not removing Window{d8bfc01 u0 Toast EXITING} due to exit animation 
02-08 15:59:30.992  1575  1595 I StatusBarDisable: setFlags what=0 which=1 pkg=Window{1e544 u0 com.opencode.voiceassist/com.opencode.voiceassist.MainActivity}
02-08 15:59:31.015  1575  1595 I StatusBarDisable: setFlags what=0 which=1 pkg=Window{1e544 u0 com.opencode.voiceassist/com.opencode.voiceassist.MainActivity}
02-08 15:59:31.022  1575  1606 I DebugKeepScreenOn: setHoldScreenLocked newHoldScreen:null currentHoldScreen:Session{297dada 24209:u0a10037} wakeLockState:true
02-08 15:59:31.022  1575  1606 I DebugKeepScreenOn: Releasing screen wakelock, obscured by Window{1e544 u0 com.opencode.voiceassist/com.opencode.voiceassist.MainActivity}
02-08 15:59:31.022  1575  1606 D PowerMS : release:L=223195808,F=0x0,T="WindowManager",N=android",WS=WorkSource{10037},U=1000,P=1575
02-08 15:59:31.035  1575 11163 W NotificationService: Toast already killed. pkg=com.android.keyguard callback=android.app.ITransientNotification$Stub$Proxy@b0ae771
02-08 15:59:31.101  1575  1726 V WindowManager: Exit animation finished in Window{d8bfc01 u0 Toast EXITING}: remove=true
02-08 15:59:31.126  1575  1595 I StatusBarDisable: setFlags what=0 which=1 pkg=Window{1e544 u0 com.opencode.voiceassist/com.opencode.voiceassist.MainActivity}
02-08 15:59:31.134  1575  1726 V WindowManager: postWindowRemoveCleanupLocked: Window{d8bfc01 u0 Toast}
02-08 15:59:31.135  1575  1726 V WindowManager: Removing Window{d8bfc01 u0 Toast} from WindowToken{bd11c85 android.os.Binder@d42fdfc}
02-08 15:59:31.142  1575  1595 I StatusBarDisable: setFlags what=0 which=1 pkg=Window{1e544 u0 com.opencode.voiceassist/com.opencode.voiceassist.MainActivity}
02-08 15:59:31.254   907  3754 E LOGSERVER_UTILS: [Erecovery]readEvent: eRecEventManager readEvent 0
02-08 15:59:31.408  1575 11163 V ActivityManager: Successfully start provider ContentProviderRecord{94010b3 u0 com.android.providers.media/.MediaProvider} launchingApp=ProcessRecord{d6d8e22 26237:android.process.media/u0a16} caller pid= 25492
02-08 15:59:31.550 25492 14758 W ExifInterface: Stop reading file since a wrong offset may cause an infinite loop: 0
02-08 15:59:31.555 25492 14758 I chatty  : uid=10031(com.android.gallery3d) identical 6 lines
02-08 15:59:31.555 25492 14758 W ExifInterface: Stop reading file since a wrong offset may cause an infinite loop: 0
02-08 15:59:31.647   652   652 E WifiHAL : enter wifi_get_link_stats
02-08 15:59:31.660  1575  1786 E WificondControl: Noise: -89, Snr: 0, Chload: -1
02-08 15:59:31.664  1575  1786 D WifiScoreReport: Score = 60, wifiConnectivityManagerEnabled = false, lowScoreCount = 0
02-08 15:59:31.672 25492 14758 W Gallery2_MediaSync_LocalSyncToken: no more camera exif need sync.
02-08 15:59:31.739  1575  1786 E WificondControl: Noise: -89, Snr: 0, Chload: -1
02-08 15:59:31.746  1575  1785 D WiFi_PRO: MSG_RETURN_AP_CURRY_RSSI rssi = -56
02-08 15:59:31.747  1575 14759 I HwUidTcpMonitor: TcpStatisticsRun run
02-08 15:59:31.747  1575  1858 I HuaweiWifiWatchdogStateMachine: POta txb txg rxg:0, 188, 0. Lr =0% Totpkt=188
02-08 15:59:31.747  1575  1785 I QosMonitor: queryRtt: rtt_type = 3
02-08 15:59:31.748  1575  1785 I QosMonitor: postEventFromNative: msg=100,arg1=4,arg2=10
02-08 15:59:31.749  1575 14759 D HwUidTcpMonitor: parseWlanUidTcpStatistics newUidTcpStatInfo = [ mUid = 10016 mPacketName = com.opencode.voiceassist mSendSegs = 184 mResendSegs = 0 mRcvSegs = 354 ]
02-08 15:59:31.749  1575 14759 D HwUidTcpMonitor: parseWlanUidTcpStatistics lastUidTcpStatInfo = [ mUid = 10076 mPacketName = com.huawei.android.launcher mSendSegs = 908 mResendSegs = 12 mRcvSegs = 840 ]
02-08 15:59:31.749  1575 14759 D HwUidTcpMonitor: parseWlanUidTcpStatistics lastUidTcpStatInfo = [ mUid = 10033 mPacketName = com.huawei.android.launcher mSendSegs = 1186 mResendSegs = 0 mRcvSegs = 979 ]
02-08 15:59:31.749  1575 14759 D HwUidTcpMonitor: parseWlanUidTcpStatistics lastUidTcpStatInfo = [ mUid = 10124 mPacketName = com.huawei.android.launcher mSendSegs = 602 mResendSegs = 535 mRcvSegs = 0 ]
02-08 15:59:31.749  1575  1785 I QosMonitor: postEventFromNative: msg=100,arg1=0,arg2=10
02-08 15:59:31.749  1575 14759 D HwUidTcpMonitor: parseWlanUidTcpStatistics lastUidTcpStatInfo = [ mUid = 10037 mPacketName = com.huawei.android.launcher mSendSegs = 259 mResendSegs = 0 mRcvSegs = 247 ]
02-08 15:59:31.749  1575  1785 I MQoS    : rtt=276,tcp_tx_pkts=3835828,tcp_rx_pkts=7241356
02-08 15:59:31.749  1575  1785 I QosMonitor: resetRtt: rtt_type = 3
02-08 15:59:31.750  1575  1858 I HuaweiWifiWatchdogStateMachine: PTcp RTT:276, rtt pkt=24, tcp_rx=409, tcp_tx=247, tcp_reTran=1, rtRate=0
02-08 15:59:31.750  1575  1858 I HuaweiWifiWatchdogStateMachine: judge good link######, goodLinkLevel=3
02-08 15:59:31.750  1575  1858 I HuaweiWifiWatchdogStateMachine: sendResultMsgToQM bssid:3c:7c:**:**:20:74, qoslevel=3
02-08 15:59:31.750  1575  1858 I HuaweiWifiWatchdogStateMachine: link good reported, good base rssi:-65
02-08 15:59:31.751  1575  1785 D WiFi_PRO_WifiProStateMachine: onNetworkQosChange, currentWifiLevel == 3, wifiNoInternet = false, updateUiOnly = true
02-08 15:59:31.754  1575  8854 I MQoS    : QOS_level:0(0),wifi-link;SIM error;use level-0
02-08 15:59:31.754  1575  8854 I MQoS    : skip-low-Level:0(0),wifi-link;SIM error;use level-0
02-08 15:59:31.867  1575 11163 I ActivityManager: Killing 12791:com.google.android.partnersetup/u0a120 (adj 906): empty #25
02-08 15:59:31.870  1575  1598 W libprocessgroup: kill(-12791, 9) failed: No such process
02-08 15:59:31.882  2186  6334 D ThermalTrace: saveRepeatData, app:com.opencode.voiceassist, shell:0,abient:-100
02-08 15:59:31.892  1575  3114 D ActivityManager: cleanUpApplicationRecord app: ProcessRecord{ccd18e4 12791:com.google.android.partnersetup/u0a120}, app.bad: false, restarting: false, allowRestart: true
02-08 15:59:31.896  1575  1754 W AwareLog: SchedLevelBoost: onProcessDied config not set!
02-08 15:59:31.898  2059 31540 E HsmCoreServiceImpl: onTransact in code is: 102
02-08 15:59:31.898  2059 31540 I MediaProcessHandler: processOp opType: 1, uid: 10120, pid: 12791
02-08 15:59:31.898  2059 31540 W MediaProcessHandler: remove target not exist, maybe the UI process: uid: 10120, pid: 12791
02-08 15:59:31.898  2059 31540 I MediaProcessHandler: executedCallBack opType: 1 mMediaStatusObservers.size=1
02-08 15:59:31.899  2059  2073 I BoosterSwitchP: notifyUidState do nothing
02-08 15:59:31.899  2059  2073 I DeepNoDisturbP: notifyUidState
02-08 15:59:31.899  2059  2073 I BrowserChrP: notifyUidState
02-08 15:59:31.911   598   598 I Zygote  : Process 12791 exited due to signal (9)
02-08 15:59:31.916  1575  1598 W libprocessgroup: kill(-12791, 9) failed: No such process
02-08 15:59:31.916  1575  1598 I libprocessgroup: Successfully killed process cgroup uid 10120 pid 12791 in 46ms
02-08 15:59:32.043  1575  2023 D HwLocationManagerService: hwLocationHandleMessage :7, sceenoff:false
02-08 15:59:32.050  1575  2023 I HwLocationManagerService: hwCheckLock finalCheck 0 needCheckAgain false
02-08 15:59:32.280 25492 14758 E RecycleClearService: startRecycleClearService   forceStart = false, sClearDone = true
02-08 15:59:32.294   907  3754 E LOGSERVER_UTILS: [Erecovery]readEvent: eRecEventManager readEvent 0
02-08 15:59:32.392   631   631 I audio_hw_primary: usb_ext_get_parameters: check show hires (false)
02-08 15:59:32.393  1575  1805 I HwAudioServiceEx: check HiRes Icon false
02-08 15:59:32.395  1575  1805 W ActivityManager: Sending non-protected broadcast huawei.intent.action.hideHiResIcon from system 1575:system/1000 pkg android
02-08 15:59:32.395  1575  1805 W ActivityManager: Sending non-protected broadcast huawei.intent.action.hideHiResIcon from system 1575:system/1000 pkg android
02-08 15:59:32.541  1575  1785 I TrafficMonitor: update:rxPkts:0,txPkts:0,rxBytes:0,txBytes:0
02-08 15:59:32.541  1575  1785 I TrafficMonitor: start expired. level:-1
02-08 15:59:32.541  1575  1785 I TrafficMonitor: gettimer:interval=2000
02-08 15:59:32.570  1575  3123 V ActivityManager: startProcess: name=com.android.gallery3d:search app=null knownToBeDead=true thread=null pid=-1 preloadStatus=-1
02-08 15:59:32.588   598   598 I Zygote  : say something before unblock SIGCHLD, uid: 10031 pid: 14765, do not delete this log!
02-08 15:59:32.592  1575  1597 I ActivityManager: Start proc 14765:com.android.gallery3d:search/u0a31 for service com.android.gallery3d/com.huawei.gallery.search.SearchService
02-08 15:59:32.592  1575  2035 E ProcessInfoCollector: getProcessInfo: failed to find this proc 
02-08 15:59:32.593 14765 14765 I allery3d:searc: Reinit property: dalvik.vm.checkjni= false
02-08 15:59:32.595 14765 14765 E allery3d:searc: Not starting debugger since process cannot load the jdwp agent.
02-08 15:59:32.600 14765 14765 D ZrHung.AppEyeUiProbe: AppEyeUIP created.
02-08 15:59:32.603 14765 14765 D ActivityThread: Attach thread to application
02-08 15:59:32.604  1575  1584 I system_server: Background concurrent copying GC freed 564020(23MB) AllocSpace objects, 46(1532KB) LOS objects, 36% free, 42MB/66MB, paused 1.186ms total 419.558ms
02-08 15:59:32.618 14765 14765 I allery3d:searc: The ClassLoaderContext is a special shared library.
02-08 15:59:32.622  1575  1582 D SurfaceComposerClient: destroySurface mStatus != NO_ERROR
02-08 15:59:32.622 14765 14779 I HwApiCacheMangerEx: apicache path=/storage/emulated/0 state=mounted key=com.android.gallery3d#10031#256
02-08 15:59:32.623 14765 14779 I HwApiCacheMangerEx: apicache path=/storage/emulated/0 state=mounted key=com.android.gallery3d#10031#0
02-08 15:59:32.624 14765 14779 I HwLogExceptionInner: Log blacklist 
02-08 15:59:32.643  1575  1582 W System  : A resource failed to call release. 
02-08 15:59:32.783 14765 14765 I allery3d:searc: QarthPatchMonintor::Init
02-08 15:59:32.783 14765 14765 I allery3d:searc: 
02-08 15:59:32.783 14765 14765 I allery3d:searc: QarthPatchMonintor::StartWatch
02-08 15:59:32.783 14765 14765 I allery3d:searc: 
02-08 15:59:32.783 14765 14765 I allery3d:searc: QarthPatchMonintor::WatchPackage: /data/hotpatch/fwkhotpatch/
02-08 15:59:32.783 14765 14765 I allery3d:searc: 
02-08 15:59:32.783 14765 14765 I allery3d:searc: QarthPatchMonintor::CheckAndWatchPatch: /data/hotpatch/fwkhotpatch/com.android.gallery3d
02-08 15:59:32.783 14765 14765 I allery3d:searc: 
02-08 15:59:32.783 14765 14765 I allery3d:searc: QarthPatchMonintor::CheckAndWatchPatch: /data/hotpatch/fwkhotpatch/all
02-08 15:59:32.783 14765 14765 I allery3d:searc: 
02-08 15:59:32.784 14765 14765 I allery3d:searc: QarthPatchMonintor::Run
02-08 15:59:32.784 14765 14765 I allery3d:searc: 
02-08 15:59:32.790 14765 14782 I allery3d:searc: QarthPatchMonintor::Reading
02-08 15:59:32.790 14765 14782 I allery3d:searc: 
02-08 15:59:32.790 14765 14782 I allery3d:searc: QarthPatchMonintor::CheckNotifyEvent
02-08 15:59:32.790 14765 14782 I allery3d:searc: 
02-08 15:59:32.790 14765 14782 I allery3d:searc: QarthPatchMonintor::CheckNotifyEvent before read
02-08 15:59:32.790 14765 14782 I allery3d:searc: 
02-08 15:59:32.805 14765 14765 W allery3d:search: type=1400 audit(0.0:84709): avc: denied { read } for name="size" dev="proc" ino=4026532263 scontext=u:r:priv_app:s0:c512,c768 tcontext=u:object_r:proc_bootdevice_size:s0 tclass=file permissive=0
02-08 15:59:32.806 14765 14765 D DeviceInfo: No path exception=java.io.FileNotFoundException: /proc/partitions (Permission denied)
02-08 15:59:32.807 14765 14779 I AwareBitmapCacher: init processName:com.android.gallery3d:search pid=14765 uid=10031
02-08 15:59:32.807 14765 14765 D DeviceInfo: No path exception=java.io.FileNotFoundException: /proc/bootdevice/size (Permission denied)
02-08 15:59:32.809 14765 14765 D DeviceInfo: ramSize =4194304
02-08 15:59:32.826 14765 14765 I AppFeatureLoader: loadFeature entryClazz:com.huawei.gallery.featurelayer.feature.dynamic.Panorama3DFeatureEntry clazz:com.huawei.gallery.feature.panorama3d.IPanorama3DFeature
02-08 15:59:32.828 14765 14765 E AppFeatureLoader: loadFeatureEntry Exception
02-08 15:59:32.828 14765 14765 I AppFeatureLoader: loadFeature fail, iFeature is null
02-08 15:59:32.831 14765 14779 E MemoryLeakMonitorManager: MemoryLeakMonitor.jar is not exist!
02-08 15:59:32.832 14765 14765 I HwTypeface: updateFont: scale=1.0
02-08 15:59:32.833 14765 14765 D Typeface: areFontsVariable: script=Hans
02-08 15:59:32.842 14765 14786 I HwApiCacheMangerEx: apicache path=/storage/emulated/0 state=mounted key=com.android.gallery3d#10031#512
02-08 15:59:32.847 14765 14765 I AppFeatureLoader: loadFeature entryClazz:com.huawei.gallery.featurelayer.feature.dynamic.GalleryVisionFeatureEntry clazz:com.huawei.gallery.feature.galleryvision.IGalleryVisionFeature
02-08 15:59:32.849 14765 14765 W Thread-6: type=1400 audit(0.0:84710): avc: denied { call } for scontext=u:r:priv_app:s0:c512,c768 tcontext=u:r:hal_sensors_default:s0 tclass=binder permissive=0
02-08 15:59:32.852 14765 14787 W ServiceManagement: getService: unable to call into hwbinder service for vendor.huawei.hardware.sensors@1.0::ISensors/default.
02-08 15:59:32.858 14765 14786 I AppFeatureLoader: loadFeature entryClazz:com.huawei.gallery.featurelayer.feature.dynamic.PhotoRectifyFeatureEntry clazz:com.huawei.gallery.feature.photorectify.IPhotoRectifyFeature
02-08 15:59:32.862  1575  3123 V ActivityManager: Successfully start provider ContentProviderRecord{9bbbb99 u0 com.android.providers.settings/.SettingsProvider} launchingApp=null caller pid= 14765
02-08 15:59:32.867 14765 14786 E FontFamily: Error mapping font file /system/fonts/slim.ttf
02-08 15:59:32.867 14765 14786 W Gallery2_Common_GalleryUtils: Font not found!
02-08 15:59:32.895 14765 14786 W HwCust  : CUST VERSION = true, use class = class com.android.gallery3d.util.HwCustBlackList
02-08 15:59:32.966 14765 14783 D DE I -de: nativeInit:66: Loading algorithms
02-08 15:59:32.966 14765 14783 D DE I -de: initLogSwitch:23: isProductDebuggable=0, isDebugLogOn=0
02-08 15:59:32.992 14765 14787 D OpenGLRenderer: Skia GL Pipeline
02-08 15:59:32.996 14765 14783 I AppFeatureLoader: loadFeature entryClazz:com.huawei.gallery.featurelayer.feature.dynamic.SearchFeatureEntry clazz:com.huawei.gallery.feature.search.ISearchFeature
02-08 15:59:33.020 14765 14783 E Gallery2_Common_TouchForceManager: NoSuchMethodException com.huawei.android.app.Activity failed
02-08 15:59:33.051 14765 14783 E libscanner: fox_v1.0.0_20181225_>>>Version:  WB_v363_CC_r<<<
02-08 15:59:33.198  1575  3123 V ActivityManager: Successfully start provider ContentProviderRecord{c940ad u0 com.android.gallery3d/com.huawei.gallery.provider.GalleryProvider} launchingApp=ProcessRecord{d41f9c4 25492:com.android.gallery3d/u0a31} caller pid= 14765
02-08 15:59:33.203  2186  6252 I LogPowerAdapter: do thermal temperature:23action:app_ctrl value:0 to PG
02-08 15:59:33.203  2186  6252 D HwPolicyDispatcher: send ctrl to PG,0
02-08 15:59:33.205  2186  2779 I TClean  : TClean trigger policy = 0
02-08 15:59:33.206  2186  2779 I HardwareAdapter: isOnlyChargingType adaptor_detect=1
02-08 15:59:33.208  2186  2779 I HardwareAdapter: isOnlyChargingType chargerType=0
02-08 15:59:33.208  2186  2779 I PG_ash  : not only power charing.
02-08 15:59:33.215  4038  6187 I CAWARENESS_UserWakeupSleepEventHandler: handleMessage msg: 5
02-08 15:59:33.263 14765 14788 W Gallery2_Search_SearchUtil: cursor1 : android.content.ContentResolver$CursorWrapperInner@b3533c1, cursor2 : android.content.ContentResolver$CursorWrapperInner@3b20766, cursor3 : android.content.ContentResolver$CursorWrapperInner@ff26aa7, cursor4 : android.content.ContentResolver$CursorWrapperInner@ae07b54
02-08 15:59:33.334   907  3754 E LOGSERVER_UTILS: [Erecovery]readEvent: eRecEventManager readEvent 0
02-08 15:59:33.537  1575  1785 I TrafficMonitor: expired arrive. level:-1
02-08 15:59:33.537  1575  1785 I TrafficMonitor: during_ms:2003,period_ms:2000
02-08 15:59:33.537  1575  1785 I TrafficMonitor: count:146,rx_sum:0,tx_sum:0,rxBytes:0,during_ms:2003,rx_speed:0.0,tx_speed:0.0,rto:0.0
02-08 15:59:33.831  2117  2839 D DeviceMonitorPowerKit: run, sCountNum is 1
02-08 15:59:33.831  2117  2839 D DeviceMonitorPowerKit: interval is 919975, ElapsedRealtime is 365362675, isNeedRepeat: false
02-08 15:59:33.831  2117  2839 D DeviceMonitorPowerKit: Satify ApplyResource, to apply
02-08 15:59:33.833  2186  2222 I PowerKit_Impl: apply pkg: com.huawei.nearby resource:65535 timeout:1800000 reason:nearby is supporting connectivity
02-08 15:59:33.834  2186  2222 I AppResManager: Request interaction :{com.huawei.nearby 65535 368082652}
02-08 15:59:33.835  2186  2779 I AbnormalCtrlPolicy: Request interaction app: com.huawei.nearby
02-08 15:59:33.836  2186  2763 I PGServer: report state:12 event type:1 pid:-1 uid:0 pkg:com.huawei.nearby#368082652 to pid: 1575
02-08 15:59:33.844  2186  5574 I PowerKit_Impl: apply pkg: com.huawei.iconnect resource:65535 timeout:1800000 reason:nearby is supporting connectivity
02-08 15:59:33.844  2186  5574 I AppResManager: Request interaction :{com.huawei.iconnect 65535 368082663}
02-08 15:59:33.844  2186  2763 I PGServer: report state:12 event type:1 pid:-1 uid:0 pkg:com.huawei.iconnect#368082663 to pid: 1575
02-08 15:59:33.846  2186  2779 I AbnormalCtrlPolicy: Request interaction app: com.huawei.iconnect
02-08 15:59:33.853  2186  5574 I PowerKit_Impl: apply pkg: com.huawei.synergy resource:65535 timeout:1800000 reason:nearby is supporting connectivity
02-08 15:59:33.853  2186  5574 I AppResManager: Request interaction :{com.huawei.synergy 65535 368082672}
02-08 15:59:33.853  2186  2763 I PGServer: report state:12 event type:1 pid:-1 uid:0 pkg:com.huawei.synergy#368082672 to pid: 1575
02-08 15:59:33.855  2186  2779 I AbnormalCtrlPolicy: Request interaction app: com.huawei.synergy
02-08 15:59:33.858  2117  2839 I DeviceMonitorPowerKit: isApplySuccess is true, true, true, sCountNum is 1, isNeedRepeat; false
02-08 15:59:34.338   907  3754 E LOGSERVER_UTILS: [Erecovery]readEvent: eRecEventManager readEvent 0
02-08 15:59:34.376  2186 28055 I DownloadState: 10037 stop download, curr: 5345968, base: 5345968, delta: 0
02-08 15:59:34.376  2186 28055 I DownloadState: @@@@@@@@@@@@ uid :10037 download :false
02-08 15:59:34.377  2186 28055 I PGServer: report state:5 event type:2 pid:0 uid:10037 pkg:null to pid: 1575
02-08 15:59:34.447 12874 13051 I NetworkStatsManager: querySummary callingPid = 12874
02-08 15:59:34.447  1575  2385 I NetworkStats: openSessionForUsageStats, pid = 12874, pkg = com.tencent.mm
02-08 15:59:34.454 12874 13051 I NetworkStatsManager: querySummary callingPid = 12874
02-08 15:59:34.455  1575  2385 I NetworkStats: openSessionForUsageStats, pid = 12874, pkg = com.tencent.mm
02-08 15:59:34.543  1575  1785 I TrafficMonitor: update:rxPkts:1,txPkts:0,rxBytes:1331,txBytes:0
02-08 15:59:34.544  1575  1785 I TrafficMonitor: start expired. level:-1
02-08 15:59:34.544  1575  1785 I TrafficMonitor: gettimer:interval=2000
02-08 15:59:34.666   652   652 E WifiHAL : enter wifi_get_link_stats
02-08 15:59:34.680  1575  1786 E WificondControl: Noise: -89, Snr: 0, Chload: -1
02-08 15:59:34.685  1575  1786 D WifiScoreReport: Score = 60, wifiConnectivityManagerEnabled = false, lowScoreCount = 0
02-08 15:59:35.379   907  3754 E LOGSERVER_UTILS: [Erecovery]readEvent: eRecEventManager readEvent 0
02-08 15:59:35.843  1575  2385 V ActivityManager: Successfully start provider ContentProviderRecord{c940ad u0 com.android.gallery3d/com.huawei.gallery.provider.GalleryProvider} launchingApp=ProcessRecord{d41f9c4 25492:com.android.gallery3d/u0a31} caller pid= 14765
02-08 15:59:36.402   907  3754 E LOGSERVER_UTILS: [Erecovery]readEvent: eRecEventManager readEvent 0
02-08 15:59:36.548  1575  1785 I TrafficMonitor: update:rxPkts:2,txPkts:7,rxBytes:111,txBytes:371
02-08 15:59:36.548  1575  1785 I TrafficMonitor: start expired. level:-1
02-08 15:59:36.548  1575  1785 I TrafficMonitor: gettimer:interval=2000
02-08 15:59:37.395  2059  2059 D SmartDualCardSM: IdleState:got msg.what=EVENT_HARD_SWITCH_CONDITION_CHECK
02-08 15:59:37.402 12894 12912 I HiDecision: ServiceConnectionToZ: unBindService
02-08 15:59:37.403 12894 12912 E HiDecision: ServiceConnectionToZ: IllegalArgumentException in unBindService
02-08 15:59:37.425  2059  2059 E SmartDualCardTraffic: getMealTrafficImpl fail,invalid imsi
02-08 15:59:37.425  2059  2059 D SmartDualCardSM: boosterDump:prop=true SdcSwitchOn=false DataSwitchOn=true WifiConnect=true AirplaneOn=true ScreenOn=true VSimEnabled=false CallOn=false AppState=GENERAL_FOREGROUND HidataAppState=GENERAL_BACKGROUND defaultDataSub=0 default4GSlot=0 DataOn=false M_MmsUtPdp=false userType=2
02-08 15:59:37.441  2059  2059 E SmartDualCardTraffic: getMealTrafficImpl fail,invalid imsi
