--------- beginning of main
02-08 15:58:45.647  1575 13992 W AwareLog: AwareMem_Reclaim: generateCompressList procsGroups error!
02-08 15:58:45.649   895   925 I AwareLog: HibSTrategy::HibStrategySwapCandidateProcessAdd packagename com.android.vending
02-08 15:58:45.687  2186  2222 I PGServer: getTopFrontApp. calling pkg: android
02-08 15:58:45.688   895   925 I AwareLog: HibSTrategy::HibStrategySwapCandidateProcessAdd packagename com.huawei.hwid
02-08 15:58:45.712  2186  2222 I PGServer: getTopFrontApp. calling pkg: android
02-08 15:58:45.713   895   925 I AwareLog: HibSTrategy::HibStrategySwapCandidateProcessAdd packagename com.huawei.hwid
02-08 15:58:45.713  2186  2222 I PGServer: getTopFrontApp. calling pkg: android
02-08 15:58:45.942   907  3754 E LOGSERVER_UTILS: [Erecovery]readEvent: eRecEventManager readEvent 0
02-08 15:58:46.281   652   652 E WifiHAL : enter wifi_get_link_stats
02-08 15:58:46.295  1575  1786 E WificondControl: Noise: -89, Snr: 0, Chload: -1
02-08 15:58:46.299  1575  1786 D WifiScoreReport: Score = 60, wifiConnectivityManagerEnabled = false, lowScoreCount = 0
02-08 15:58:46.455  1575  1785 I TrafficMonitor: update:rxPkts:1,txPkts:1,rxBytes:1331,txBytes:60
02-08 15:58:46.455  1575  1785 I TrafficMonitor: start expired. level:-1
02-08 15:58:46.456  1575  1785 I TrafficMonitor: gettimer:interval=2000
02-08 15:58:46.482  2186  2779 I PG_ash  : view remove pid:14579 uid:10166
02-08 15:58:46.485 14579 14621 W libEGL  : EGLNativeWindowType 0x770218d010 disconnect failed
--------- beginning of system
02-08 15:58:46.493  1575  1595 I StatusBarDisable: setFlags what=0 which=1 pkg=Window{1e544 u0 com.opencode.voiceassist/com.opencode.voiceassist.MainActivity}
02-08 15:58:46.501  1575  3114 V WindowManager: removeIfPossible: Window{7102810 u0 Toast}
02-08 15:58:46.502  1575  3114 V WindowManager: Not removing Window{7102810 u0 Toast EXITING} due to exit animation 
02-08 15:58:46.511  1575  1595 I StatusBarDisable: setFlags what=0 which=1 pkg=Window{1e544 u0 com.opencode.voiceassist/com.opencode.voiceassist.MainActivity}
02-08 15:58:46.519  1575  3114 W NotificationService: Toast already killed. pkg=com.opencode.voiceassist callback=android.app.ITransientNotification$Stub$Proxy@d25a641
02-08 15:58:46.520  1575  1595 I StatusBarDisable: setFlags what=0 which=1 pkg=Window{1e544 u0 com.opencode.voiceassist/com.opencode.voiceassist.MainActivity}
02-08 15:58:46.623  1575  1726 V WindowManager: Exit animation finished in Window{7102810 u0 Toast EXITING}: remove=true
02-08 15:58:46.645  1575  1595 I StatusBarDisable: setFlags what=0 which=1 pkg=Window{1e544 u0 com.opencode.voiceassist/com.opencode.voiceassist.MainActivity}
02-08 15:58:46.652  1575  1726 I DebugKeepScreenOn: setHoldScreenLocked newHoldScreen:null currentHoldScreen:Session{bd81bf1 14579:u0a10166} wakeLockState:true
02-08 15:58:46.652  1575  1726 I DebugKeepScreenOn: Releasing screen wakelock, obscured by Window{1e544 u0 com.opencode.voiceassist/com.opencode.voiceassist.MainActivity}
02-08 15:58:46.652  1575  1726 D PowerMS : release:L=223195808,F=0x0,T="WindowManager",N=android",WS=WorkSource{10166},U=1000,P=1575
02-08 15:58:46.656  1575  1726 V WindowManager: postWindowRemoveCleanupLocked: Window{7102810 u0 Toast}
02-08 15:58:46.657  1575  1726 V WindowManager: Removing Window{7102810 u0 Toast} from WindowToken{6f4dec2 android.os.Binder@9c19f0d}
02-08 15:58:46.663  1575  1595 I StatusBarDisable: setFlags what=0 which=1 pkg=Window{1e544 u0 com.opencode.voiceassist/com.opencode.voiceassist.MainActivity}
02-08 15:58:46.983   907  3754 E LOGSERVER_UTILS: [Erecovery]readEvent: eRecEventManager readEvent 0
02-08 15:58:47.684   897   945 D bastetd : [BastetDevice   ] CheckBufferLen# not check msg msg:7
02-08 15:58:47.873  1575  1787 D hw_netstat: total/9598/1931,android.uid.system:1000/5480/1271,unknown:0/3993/0,com.opencode.voiceassist/0/360,com.android.vending/0/300,unknown:1051/125/0
02-08 15:58:47.996  1575  1606 W WindowManager: Unable to start animation, surface is null or no children.
02-08 15:58:48.005  1575  1595 I StatusBarDisable: setFlags what=0 which=1 pkg=Window{1e544 u0 com.opencode.voiceassist/com.opencode.voiceassist.MainActivity}
02-08 15:58:48.015   907  3754 E LOGSERVER_UTILS: [Erecovery]readEvent: eRecEventManager readEvent 0
02-08 15:58:48.459  1575  1785 I TrafficMonitor: update:rxPkts:0,txPkts:1,rxBytes:0,txBytes:60
02-08 15:58:48.459  1575  1785 I TrafficMonitor: start expired. level:-1
02-08 15:58:48.459  1575  1785 I TrafficMonitor: gettimer:interval=2000
02-08 15:58:49.056   907  3754 E LOGSERVER_UTILS: [Erecovery]readEvent: eRecEventManager readEvent 0
02-08 15:58:49.304   652   652 E WifiHAL : enter wifi_get_link_stats
02-08 15:58:49.324  1575  1786 E WificondControl: Noise: -89, Snr: 0, Chload: -1
02-08 15:58:49.324  1575  3114 I ActivityManager: Killing 25589:com.android.gallery3d:search/u0a31 (adj 906): empty #25
02-08 15:58:49.328  1575  1598 W libprocessgroup: kill(-25589, 9) failed: No such process
02-08 15:58:49.329  1575  1786 D WifiScoreReport: Score = 60, wifiConnectivityManagerEnabled = false, lowScoreCount = 0
02-08 15:58:49.360  1575  3114 D ActivityManager: cleanUpApplicationRecord app: ProcessRecord{8cffffd 25589:com.android.gallery3d:search/u0a31}, app.bad: false, restarting: false, allowRestart: true
02-08 15:58:49.364  1575  1754 W AwareLog: SchedLevelBoost: onProcessDied config not set!
02-08 15:58:49.365  2059  2075 I BoosterSwitchP: notifyUidState do nothing
02-08 15:58:49.365  2059  2075 I DeepNoDisturbP: notifyUidState
02-08 15:58:49.365  2059  2075 I BrowserChrP: notifyUidState
02-08 15:58:49.367  2059  2073 E HsmCoreServiceImpl: onTransact in code is: 102
02-08 15:58:49.367  2059  2073 I MediaProcessHandler: processOp opType: 1, uid: 10031, pid: 25589
02-08 15:58:49.367  2059  2073 W MediaProcessHandler: remove target not exist, maybe the UI process: uid: 10031, pid: 25589
02-08 15:58:49.367  2059  2073 I MediaProcessHandler: executedCallBack opType: 1 mMediaStatusObservers.size=1
02-08 15:58:49.370  1575  1598 W libprocessgroup: kill(-25589, 9) failed: No such process
02-08 15:58:49.383  1575  1598 W libprocessgroup: kill(-25589, 9) failed: No such process
02-08 15:58:49.383   598   598 I Zygote  : Process 25589 exited due to signal (9)
02-08 15:58:49.428  1575  1598 W libprocessgroup: kill(-25589, 9) failed: No such process
02-08 15:58:49.428  1575  1598 I libprocessgroup: Successfully killed process cgroup uid 10031 pid 25589 in 100ms
02-08 15:58:49.453  1575  1785 I TrafficMonitor: expired arrive. level:-1
02-08 15:58:49.453  1575  1785 I TrafficMonitor: during_ms:2004,period_ms:2000
02-08 15:58:49.453  1575  1785 I TrafficMonitor: count:124,rx_sum:0,tx_sum:1,rxBytes:0,during_ms:2004,rx_speed:0.0,tx_speed:29.940119760479043,rto:0.0
02-08 15:58:49.863   631   631 I audio_hw_primary: usb_ext_get_parameters: check show hires (false)
02-08 15:58:49.866  1575  1805 I HwAudioServiceEx: check HiRes Icon false
02-08 15:58:49.869  1575  1805 W ActivityManager: Sending non-protected broadcast huawei.intent.action.hideHiResIcon from system 1575:system/1000 pkg android
02-08 15:58:49.870  1575  1805 W ActivityManager: Sending non-protected broadcast huawei.intent.action.hideHiResIcon from system 1575:system/1000 pkg android
02-08 15:58:50.070   907  3754 E LOGSERVER_UTILS: [Erecovery]readEvent: eRecEventManager readEvent 0
02-08 15:58:50.463  1575  1785 I TrafficMonitor: update:rxPkts:1,txPkts:1,rxBytes:1331,txBytes:60
02-08 15:58:50.463  1575  1785 I TrafficMonitor: start expired. level:-1
02-08 15:58:50.464  1575  1785 I TrafficMonitor: gettimer:interval=2000
02-08 15:58:50.504  1575  2006 W Watchdog: hungtask: writing kick
02-08 15:58:50.507  1575  1604 I EventHub: EventHub monitor: no key events in the past 258s, no motion events in the past 24s
02-08 15:58:50.594   891   891 E Thermal-daemon: [ap] temp_new :31  temp_old :35
02-08 15:58:50.599   891   891 E Thermal-daemon: Report temperature: [ap] temp :31  report_threshold:1
02-08 15:58:51.111   907  3754 E LOGSERVER_UTILS: [Erecovery]readEvent: eRecEventManager readEvent 0
02-08 15:58:51.492  2140  2293 I HwNaturalBase: [CommonHandler]: 22154Kb ram is used.
02-08 15:58:51.705  1575  1786 E WificondControl: Noise: -89, Snr: 0, Chload: -1
02-08 15:58:51.717  1575  1785 D WiFi_PRO: MSG_RETURN_AP_CURRY_RSSI rssi = -57
02-08 15:58:51.717  1575  1785 I QosMonitor: queryRtt: rtt_type = 3
02-08 15:58:51.718  1575  1858 D HuaweiWifiWatchdogStateMachine: high data flow: protection_counter = 0,  not_detect_counter = 1540
02-08 15:58:51.718  1575  1858 D HuaweiWifiWatchdogStateMachine: high data flow scenario: 0 --> 0 rx bytes =72KB
02-08 15:58:51.718  1575  1858 I HuaweiWifiWatchdogStateMachine: POta txb txg rxg:0, 9, 0. Lr =0% Totpkt=9
02-08 15:58:51.719  1575  1785 I QosMonitor: postEventFromNative: msg=100,arg1=4,arg2=10
02-08 15:58:51.720  1575  1785 I QosMonitor: postEventFromNative: msg=100,arg1=0,arg2=10
02-08 15:58:51.720  1575 14669 I HwUidTcpMonitor: TcpStatisticsRun run
02-08 15:58:51.721  1575  1858 I HuaweiWifiWatchdogStateMachine: PTcp RTT:0, rtt pkt=0, tcp_rx=0, tcp_tx=1, tcp_reTran=1, rtRate=1
02-08 15:58:51.721  1575  1785 I MQoS    : rtt=272,tcp_tx_pkts=3835497,tcp_rx_pkts=7240881
02-08 15:58:51.721  1575 14669 D HwUidTcpMonitor: parseWlanUidTcpStatistics lastUidTcpStatInfo = [ mUid = 10124 mPacketName = com.huawei.android.launcher mSendSegs = 584 mResendSegs = 519 mRcvSegs = 0 ]
02-08 15:58:51.728  1575  8854 I MQoS    : QOS_level:0(0),wifi-link;SIM error;use level-0
02-08 15:58:51.784  1575  1751 W ActivityManager: Sending non-protected broadcast DeviceMonitorService.MonitorStrategy.NormalAlarm from system uid 1000 pkg com.huawei.nearby
02-08 15:58:51.789  2117  2117 I MonitorStrategy: alarm, action=DeviceMonitorService.MonitorStrategy.NormalAlarm
02-08 15:58:51.790  2117  2506 I MonitorStrategy: check changed status
02-08 15:58:51.792  1575 11163 V BroadcastQueue: Finished with ordered broadcast BroadcastRecord{a19e8c3 u0 DeviceMonitorService.MonitorStrategy.NormalAlarm}
02-08 15:58:51.792  2117  2506 D CommonUtils: Current screen state isOn: true
02-08 15:58:51.798  2117  2506 I ElectionHeartbeatInfo: reset current master weight=2598
02-08 15:58:51.800  2117  2506 I P2pInfo : getP2pMac: 16:**:**:**:c2:d2
02-08 15:58:51.800  2117  2506 I P2pInfo : getGoMac: unknow
02-08 15:58:51.800  2117  2506 I MonitorStrategy: local DeviceInfo=[udid=695C********BCD9, type=PHONE, uuid=EE10********58C8, brmac=14:**:**:**:B0:6A, accountId=30086000565183853, selfWeight= 2598, group=[256, 512, 1, 257], online={}, softbusver=11.1.0.001, packagever=2.0.0.158, seqNum=-1, ip=192.168.50***, aport=331***, sport=339***, pport=451***, p2p_mac=16:**:**:**:c2:d2, go_mac=unknow, hashcode=56106217, heartbeat=365980869633988]
02-08 15:58:51.800  2117  2506 I HwIdHandler: getCurUserId: false,cur:30086000***
02-08 15:58:51.800  2117  2506 I MonitorStrategy: device check lost at heartbeat, bleBackGround false or not screenOne or need more time
02-08 15:58:51.800  2117  2506 I RoleElectionEngine: hasn't relayed when increment, weightAuto: 2598, seqAuto: 234
02-08 15:58:51.800  2117  2506 I MonitorStrategy: start alarm isContinueClock=true, isHighPerformance=false, now=366240619, startTime=366540619
02-08 15:58:51.806  2117  2506 I MonitorStrategy: in switch strategy, seqAuto= 234, seqRelay=0
02-08 15:58:51.807  2117  2506 I HwIdHandler: getCurUserId: false,cur:30086000***
02-08 15:58:51.807  2117  2506 I MonitorStrategy: tick wifi
02-08 15:58:51.807  2117  2506 I HwIdHandler: getCurUserId: false,cur:30086000***
02-08 15:58:51.807  2117  2506 E DeviceInfo: setHeartbeatTimestamp success: old= 365980869633988, new=366240625955302, diff=259756ms, heartbeatUpdateTime=366240625977177
02-08 15:58:51.807  2117  2506 I SensorhubApi: isSupportSensorAdvertiseFilter
02-08 15:58:51.812  2117  2506 E SensorhubApi: isSupportSensorAdvertiseFilter exception java.lang.ClassNotFoundException: android.bluetooth.BluetoothAdvFilterEx
02-08 15:58:51.814  2117  2506 I MonitorStrategy: has already reported on date = 2026-02-08
02-08 15:58:51.814  2117  2506 I WifiAuthManager: setHeartbeatInterval 600s
02-08 15:58:51.815  2117  2506 I MonitorStrategy: first time, do all Wifi discovery
02-08 15:58:51.815  2117  2506 I HeartbeatMonitor: scheduleAdvertise: type= 6, name=ADVERTISE_MODE_ELECTION_AUTO
02-08 15:58:51.815  2117  2506 I HeartbeatMonitor: now=366240634204782, tickWakeEndTime=297963450819565, tickEndTime=365990878186071, tockEndTime=297963450819565, notifyEndTime=297963450819565, tickRelayEndTime=297963450819565, tickAutoEndTime=366250634146969, isScreenOn=true
02-08 15:58:51.828   473   473 E OEMINFO_NVM_SERVER:  OeminfoGetInfo:index(155), oeminfo data not find !!!!
02-08 15:58:51.829   473   473 E OEMINFO_NVM_SERVER:  OeminfoReturnInfo: oeminfo return info fail.
02-08 15:58:51.829   473   473 E OEMINFO_NVM_SERVER:  OinvCmdHandler: pid 513, operation oeminfo_getinfo and ret -1 fail.
02-08 15:58:51.829   513   513 E OEMINFO_NVM_CLIENT: OinvRecvReturn: RET_FAIL return.
02-08 15:58:51.829   513   513 E OEMINFO_NVM_CLIENT: rmt_oeminfo_get_info: index(155) get data from server fail.
02-08 15:58:51.829   513   513 E         : read_oeminfo_signed_data: failed to get info oeminfo_idx:155 and total_byte:0
02-08 15:58:51.829   513   513 E         : init_oeminfo_signed_data_all:fail to read oeminfo oeminfo_idx:155 and oeminfo_sub_idx:-1
02-08 15:58:51.829   513   513 E         : get_original_data_by_fun_tag_and_sign_type: fail to init signed oeminfo signed all params
02-08 15:58:51.829   513   513 E         : read_udid_number: failed to get udid
02-08 15:58:51.829   513   513 E factory_operator: hw_get_device_info: read udid from oeminfo fail
02-08 15:58:51.830  1575 11163 E DeviceIdentifiers: GetUDIDNative getUDID return null, generated it
02-08 15:58:51.830  1575 11163 W DeviceIdentifiers: the phone is in udid_model_whitelist, return null!
02-08 15:58:51.832  1575 11163 I DeviceIdentifiers: udidHarmony has been read success, return!
02-08 15:58:51.833  1575 11163 I DeviceIdentifiers: udidHarmony has been read success, return!
02-08 15:58:51.834  2117  2506 I CommonUtils: udid is null, get udid from getHarmonyUDID
02-08 15:58:51.834  2117  2506 I HwIdHandler: getCurUserId: false,cur:30086000***
02-08 15:58:51.834  2117  2506 I BleAdvBuilder: cal level=4
02-08 15:58:51.834  2117  2506 D BleAdvBuilderStack: addBleAdvBuilder: before size=1
02-08 15:58:51.835  2117  2506 I BleAdvBuilderStack: poll the peek with endTime earlier than now or less than 10ms
02-08 15:58:51.835  2117  2506 D BleAdvBuilderStack: addBleAdvBuilder: after size=1, isPeekChanged=true
02-08 15:58:51.835  2117  2506 I HeartbeatMonitor: current peek, nowTime=366240653, endTime=366250652, level=LEVEL5
02-08 15:58:51.835  2117  2506 I BleApi  : buildHiPlayAdvMsg: 
02-08 15:58:51.835  2117  2506 I CommonUtils: getCurUserIDHashBytes: 
02-08 15:58:51.836  2117  2506 V BleAdvBuilder: buildAdvData: 05-05-A8-3A51-000000000002-0E-7CC808DE4CCE0B00-01-0A26-EA, length=24, with HeartbeatMonitor
02-08 15:58:51.836  2117  2506 I BleApi  : buildHiPlayAdvData: 
02-08 15:58:51.837  2117  2506 I BleApi  : buildAdvertisingParameters:AdvertisingSetParameters [connectable=true, isLegacy=true, isAnonymous=false, includeTxPower=false, primaryPhy=1, secondaryPhy=1, interval=32, txPowerLevel=-7]
02-08 15:58:51.839  2117  2506 I BleApi  : startAdvertise
02-08 15:58:51.840  2117  2506 D BluetoothAdapter: isLeEnabled(): ON
02-08 15:58:51.849  2117  2506 I HeartbeatMonitor: advertisingSet is null, advertise [user=30086000565183853 , random bits=000000000002, hash=7CC808DE4CCE0B00 wake=false, resp=true, conn=true, compat=true, endTime=366250652], ret=10000
02-08 15:58:51.859 26277 27310 I bt_stack: [INFO:btm_ble_multi_adv.cc(332)] operator() interval_ms 659323 delta_time 240677
02-08 15:58:51.880  2117  2506 I HeartbeatMonitor: onAdvertisingSetStarted android.bluetooth.le.AdvertisingSet@13718fa, status=0
02-08 15:58:52.126   907  3754 E LOGSERVER_UTILS: [Erecovery]readEvent: eRecEventManager readEvent 0
02-08 15:58:52.331   652   652 E WifiHAL : enter wifi_get_link_stats
02-08 15:58:52.349  1575  1786 E WificondControl: Noise: -89, Snr: 0, Chload: -1
02-08 15:58:52.355  1575  1786 D WifiScoreReport: Score = 60, wifiConnectivityManagerEnabled = false, lowScoreCount = 0
02-08 15:58:52.467  1575  1785 I TrafficMonitor: update:rxPkts:0,txPkts:0,rxBytes:0,txBytes:0
02-08 15:58:52.467  1575  1785 I TrafficMonitor: start expired. level:-1
02-08 15:58:52.467  1575  1785 I TrafficMonitor: gettimer:interval=2000
02-08 15:58:53.014  1575 13992 W AwareLog: AwareMem_Reclaim: generateCompressList procsGroups error!
02-08 15:58:53.016   895   925 I AwareLog: HibSTrategy::HibStrategySwapCandidateProcessAdd packagename com.huawei.appmarket
02-08 15:58:53.051  2186 16664 I PGServer: getTopFrontApp. calling pkg: android
02-08 15:58:53.052   895   925 I AwareLog: HibSTrategy::HibStrategySwapCandidateProcessAdd packagename com.huawei.appmarket
02-08 15:58:53.054  2186 16664 I PGServer: getTopFrontApp. calling pkg: android
02-08 15:58:53.167   907  3754 E LOGSERVER_UTILS: [Erecovery]readEvent: eRecEventManager readEvent 0
02-08 15:58:53.830  2117  2839 D DeviceMonitorPowerKit: run, sCountNum is 1
02-08 15:58:53.831  2117  2839 D DeviceMonitorPowerKit: interval is 879974, ElapsedRealtime is 365362675, isNeedRepeat: false
02-08 15:58:53.831  2117  2839 E DeviceMonitorPowerKit: not Satify ApplyResource
02-08 15:58:53.885  2117  2506 I HeartbeatMonitor: onAdvertisingEnabled android.bluetooth.le.AdvertisingSet@13718fa, isEnabled=false, status=0, and will goto next advertiseNext
02-08 15:58:53.885  2117  2506 D HeartbeatMonitor: advertise paused android.bluetooth.le.AdvertisingSet@13718fa
02-08 15:58:53.885  2117  2506 I HeartbeatMonitor: now=366242704450094, tickWakeEndTime=297963450819565, tickEndTime=365990878186071, tockEndTime=297963450819565, notifyEndTime=297963450819565, tickRelayEndTime=297963450819565, tickAutoEndTime=366250634146969, isScreenOn=true
02-08 15:58:53.897   473   473 E OEMINFO_NVM_SERVER:  OeminfoGetInfo:index(155), oeminfo data not find !!!!
02-08 15:58:53.898   473   473 E OEMINFO_NVM_SERVER:  OeminfoReturnInfo: oeminfo return info fail.
02-08 15:58:53.898   473   473 E OEMINFO_NVM_SERVER:  OinvCmdHandler: pid 513, operation oeminfo_getinfo and ret -1 fail.
02-08 15:58:53.898   513   513 E OEMINFO_NVM_CLIENT: OinvRecvReturn: RET_FAIL return.
02-08 15:58:53.898   513   513 E OEMINFO_NVM_CLIENT: rmt_oeminfo_get_info: index(155) get data from server fail.
02-08 15:58:53.898   513   513 E         : read_oeminfo_signed_data: failed to get info oeminfo_idx:155 and total_byte:0
02-08 15:58:53.899   513   513 E         : init_oeminfo_signed_data_all:fail to read oeminfo oeminfo_idx:155 and oeminfo_sub_idx:-1
02-08 15:58:53.899   513   513 E         : get_original_data_by_fun_tag_and_sign_type: fail to init signed oeminfo signed all params
02-08 15:58:53.899   513   513 E         : read_udid_number: failed to get udid
02-08 15:58:53.899   513   513 E factory_operator: hw_get_device_info: read udid from oeminfo fail
02-08 15:58:53.899  1575  3123 E DeviceIdentifiers: GetUDIDNative getUDID return null, generated it
02-08 15:58:53.899  1575  3123 W DeviceIdentifiers: the phone is in udid_model_whitelist, return null!
02-08 15:58:53.901  1575 11163 I DeviceIdentifiers: udidHarmony has been read success, return!
02-08 15:58:53.903  1575 11163 I DeviceIdentifiers: udidHarmony has been read success, return!
02-08 15:58:53.903  2117  2506 I CommonUtils: udid is null, get udid from getHarmonyUDID
02-08 15:58:53.903  2117  2506 I HwIdHandler: getCurUserId: false,cur:30086000***
02-08 15:58:53.903  2117  2506 I BleAdvBuilder: cal level=4
02-08 15:58:53.904  2117  2506 D BleAdvBuilderStack: addBleAdvBuilder: before size=1
02-08 15:58:53.904  2117  2506 D BleAdvBuilderStack: addBleAdvBuilder: after size=1, isPeekChanged=false
02-08 15:58:53.904  2117  2506 I HeartbeatMonitor: current peek, nowTime=366242722, endTime=366250652, level=LEVEL5
02-08 15:58:53.904  2117  2506 I BleApi  : buildHiPlayAdvMsg: 
02-08 15:58:53.904  2117  2506 I CommonUtils: getCurUserIDHashBytes: 
02-08 15:58:53.904  2117  2506 V BleAdvBuilder: buildAdvData: 05-05-A8-3A51-000000000002-0E-7CC808DE4CCE0B00-01-0A26-EA, length=24, with HeartbeatMonitor
02-08 15:58:53.904  2117  2506 I BleApi  : buildHiPlayAdvData: 
02-08 15:58:53.905  2117  2506 I HeartbeatMonitor: advertisingSet not null, advertise [user=30086000565183853 , random bits=000000000002, hash=7CC808DE4CCE0B00 wake=false, resp=true, conn=true, compat=true, endTime=366250652], set=android.bluetooth.le.AdvertisingSet@13718fa
02-08 15:58:53.915  2117  2506 I HeartbeatMonitor: onAdvertisingEnabled android.bluetooth.le.AdvertisingSet@13718fa, isEnabled=true, status=0
02-08 15:58:54.108  1575  1735 I HwBatteryService: quick charge status : 0
02-08 15:58:54.108  1575  1735 D HwBatteryService: onUEvent fcpStatus = 0
02-08 15:58:54.109  1575  1735 D HwBatteryService: onUEvent scpStatus = 0 ,ovpStatus = 0
02-08 15:58:54.109  1575  1735 I HwBatteryService: handleWirelessTxStatus
02-08 15:58:54.109  1575  1735 I HwBatteryService: switch not open, return, mWirelessTxFlag : 0
02-08 15:58:54.110  1575  1735 I UsbDeviceManager: water_intrused state= 0
02-08 15:58:54.120  1575  2386 I BatteryService: normal charge status : 1
02-08 15:58:54.139  1575  1575 D HwInnerWifiManagerImpl: SupplicantState = COMPLETED
02-08 15:58:54.139  1575  1575 D HwInnerWifiManagerImpl: isPhoneAP = false
02-08 15:58:54.139  1924  1924 W KeyguardUpdateMonitor: ACTION_BATTERY_CHANGED AMP: 500000; Volt: 4959000
02-08 15:58:54.141  1575  1575 D HwInnerWifiManagerImpl: SupplicantState = COMPLETED
02-08 15:58:54.141  1575  1575 D HwInnerWifiManagerImpl: isPhoneAP = false
02-08 15:58:54.141  1575  1575 D WifiStateMachine: mBcastReceiver: PluggedType = 2 mIsScanCtrlPluggedin = true
02-08 15:58:54.141  1575  1575 D HwWifiService: mPluggedType =2
02-08 15:58:54.143  1575  1575 D HwCustTethering: new plugged:2, current plugged:2
02-08 15:58:54.148  2059  2059 D AutoUpdateManager: onReceiveBatteryBroadcast isBatteryCharging:true
02-08 15:58:54.152  4038  4395 I CAWARENESS_AndroidBroadcastAbility: onReceive Intent { act=android.intent.action.BATTERY_CHANGED flg=0x60000010 (has extras) }
02-08 15:58:54.152  4038  4395 I CAWARENESS_AbilityContext: [1770537534334] publishing {dataId=100000169, mode=0}
02-08 15:58:54.153  4038  4395 I CAWARENESS_AbilityContext: [1770537534334] subscribe list is empty, ignore this publish
02-08 15:58:54.153  2059  2059 W Settings: Setting device_provisioned has moved from android.provider.Settings.Secure to android.provider.Settings.Global.
02-08 15:58:54.155  2059  2059 D AutoUpdateManager: isDeviceIdle() isBatteryCharging:true,isWifiConnected:true,isScreenOff:false, isStartupGuideFinished:true, isUserUnlocked:true
02-08 15:58:54.163  2186  2186 I MsgReceiver: intent action: android.intent.action.BATTERY_CHANGED
02-08 15:58:54.164 28861 28861 I HiAdKit.DC.BatteryStatusReceiver:  receive broadcast
02-08 15:58:54.169 28861 13531 I HiAdKit.DC.BatteryStatusReceiver:  call doOnReceive
02-08 15:58:54.171  4721  4721 D SmartChargeService: update voltage: 4374
02-08 15:58:54.180  1924  1924 W MagazineUtils: check active connect, state = 1
02-08 15:58:54.190  1924  1924 D MagazineUtils: currentTime = 1770537534180, lastAutoCheckTime = 1770515908558
02-08 15:58:54.190  1924  1924 W MagazineUtils: send connectivity broadcaset : 
02-08 15:58:54.193  1924  1924 I KgBattery: (last-new)Status: 1 -> 1, chargeState=1 * branch=5
02-08 15:58:54.193  1575  1594 I ActivityManager: App 10037/com.android.keyguard targets O+, restricted
02-08 15:58:54.195  1924  1924 V KeyguardUpdateMonitor: RefreshBatteryInfo isBatteryLow: 100
02-08 15:58:54.195  1924  1924 W KeyguardUpdateMonitor: ChargingSpeed  Wattage: 2479500 ST: 5000000 --> 7500000
02-08 15:58:54.195  1924  1924 I KgBattery: BatteryInfo updated:  5lPC0
02-08 15:58:54.195  1924  1924 W AppHandler: sendMessage with obj100
02-08 15:58:54.195  1924  1924 I ColorPickUitls: type = 2
02-08 15:58:54.195  1924  1924 I ColorPickUitls: not getLockAreaFontColor for type mismatching
02-08 15:58:54.195  1924  1924 V KeyguardUpdateMonitor: RefreshBatteryInfo isBatteryLow: 100
02-08 15:58:54.196  1924  1924 W HwKgdBArea_BTY: updateBatteryInfo : false showBatteryInfo:  true isShowChargingFpDisplay:  false
02-08 15:58:54.196  1924  1924 W HwLockScreenPanel: refreshBatteryInfo: null
02-08 15:58:54.196  1924  1924 W HwKgdBArea_BTY: updateBatteryInfo : false showBatteryInfo:  true isShowChargingFpDisplay:  false
02-08 15:58:54.197  1924  1924 W HwLockScreenPanel: Handle message: 100
02-08 15:58:54.197  1924  1924 W HwKeyguardBottomArea: refresh Charge status layout when dp changed
02-08 15:58:54.198  1924  1924 W HwKeyguardBottomArea: refresh Charge status layout when dp changed
02-08 15:58:54.198  1924  2325 I KeyguardUtils: fpPath=sys/class/hw_power/charger/charge_data/chargerType, value=0
02-08 15:58:54.199  1924  2325 I chatty  : uid=10037(com.huawei.HwMultiScreenShot) KG_Background_H identical 1 line
02-08 15:58:54.199  1924  2325 I KeyguardUtils: fpPath=sys/class/hw_power/charger/charge_data/chargerType, value=0
02-08 15:58:54.199  1924  2325 D KgBattery: BatteryInfo2: false; true; true; false; false; true
02-08 15:58:54.209   907  3754 E LOGSERVER_UTILS: [Erecovery]readEvent: eRecEventManager readEvent 0
02-08 15:58:54.216 24209 24209 W Keyguard: StaticBroadcastReceiver warn: receive magazineunlock.SEND_CONNECTIVITY from Keyguard broadcast
02-08 15:58:54.221  1575  3123 V ActivityManager: Successfully start provider ContentProviderRecord{daa4ad6 u0 com.android.systemui/com.huawei.keyguard.database.MagazineProvider} launchingApp=null caller pid= 24209
02-08 15:58:54.231  1924  1961 W MagazineProvider: check invalid caller: 10037
02-08 15:58:54.274  1924  1961 I chatty  : uid=10037(com.huawei.HwMultiScreenShot) Binder:1924_3 identical 1 line
02-08 15:58:54.305  1924  1961 W MagazineProvider: check invalid caller: 10037
02-08 15:58:54.313 24209 24209 W Keyguard: UpdateHelper warn: get downloading ids, downloading channel list size is 0
02-08 15:58:54.321 24209 24209 I DecisionUtil: bind decision service
02-08 15:58:54.337 24209 24209 D KG_OsUtils: hasRequiredPermissions run true 0
02-08 15:58:54.340 12894 12894 I HiDecision: Decision: pkgNameDecision com.huawei.recsys
02-08 15:58:54.344 24209 24209 W Keyguard: DownloadService warn: on start command, action = com.android.keyguard.magazinulock.update.CHECK_CHANNEL
02-08 15:58:54.345  1575  3123 V BroadcastQueue: Finished with ordered broadcast BroadcastRecord{fe7dc79 u0 com.android.keyguard.magazineunlock.SEND_CONNECTIVITY}
02-08 15:58:54.352 24209 24209 I DecisionUtil: firstPictureTime 1756286688000 System.currentTimeMillis() 1770537534352
02-08 15:58:54.355 24209 24253 D HwInnerWifiManagerImpl: SupplicantState = COMPLETED
02-08 15:58:54.355 24209 24253 D HwInnerWifiManagerImpl: isPhoneAP = false
02-08 15:58:54.357 12894 13472 I HiDecision: AdapterUtil: businessCalled
02-08 15:58:54.358 24209 24295 D HwInnerWifiManagerImpl: SupplicantState = COMPLETED
02-08 15:58:54.358 24209 24295 D HwInnerWifiManagerImpl: isPhoneAP = false
02-08 15:58:54.358 12894 13472 I HiDecision: Executor: distribute event to channel : com.huawei.decision.integration.RuleEngineEntrance
02-08 15:58:54.359 12894 13472 I HiDecision: Executor: distribute event to channel : com.huawei.atom.decisionflow.Decisionflow
02-08 15:58:54.359 12894 13140 I HiDecision: RuleEngineSession: There is no any rule for this category com.huawei.screenlock.intent.action.TIME_OF_FIRST_PICTURE
02-08 15:58:54.359 24209 24209 I DecisionUtil: unbind decision service
02-08 15:58:54.360 12894 13711 I HiDecision: DfEventConsumer: Handle business event： com.huawei.screenlock.intent.action.TIME_OF_FIRST_PICTURE
02-08 15:58:54.360 12894 13711 I HiDecision: p: activate decisionflows
02-08 15:58:54.360 12894 13711 I HiDecision: p: activate active instance num:0
02-08 15:58:54.369  1924  1961 W MagazineProvider: check invalid caller: 10037
02-08 15:58:54.374 12894 13711 W HiDecision: s: requestTemplateId is empty
02-08 15:58:54.374 12894 13711 I HiDecision: p: activate new instance num:0
02-08 15:58:54.387 24209 24295 W Keyguard: UpdateHelper warn: get downloading ids, downloading channel list size is 0
02-08 15:58:54.394 24209 24295 D HwInnerWifiManagerImpl: SupplicantState = COMPLETED
02-08 15:58:54.394 24209 24295 D HwInnerWifiManagerImpl: isPhoneAP = false
02-08 15:58:54.396   473   473 E OEMINFO_NVM_SERVER:  OeminfoGetInfo:index(155), oeminfo data not find !!!!
02-08 15:58:54.396   473   473 E OEMINFO_NVM_SERVER:  OeminfoReturnInfo: oeminfo return info fail.
02-08 15:58:54.396   473   473 E OEMINFO_NVM_SERVER:  OinvCmdHandler: pid 513, operation oeminfo_getinfo and ret -1 fail.
02-08 15:58:54.396   513   513 E OEMINFO_NVM_CLIENT: OinvRecvReturn: RET_FAIL return.
02-08 15:58:54.396   513   513 E OEMINFO_NVM_CLIENT: rmt_oeminfo_get_info: index(155) get data from server fail.
02-08 15:58:54.397   513   513 E         : read_oeminfo_signed_data: failed to get info oeminfo_idx:155 and total_byte:0
02-08 15:58:54.397   513   513 E         : init_oeminfo_signed_data_all:fail to read oeminfo oeminfo_idx:155 and oeminfo_sub_idx:-1
02-08 15:58:54.397   513   513 E         : get_original_data_by_fun_tag_and_sign_type: fail to init signed oeminfo signed all params
02-08 15:58:54.397   513   513 E         : read_udid_number: failed to get udid
02-08 15:58:54.397   513   513 E factory_operator: hw_get_device_info: read udid from oeminfo fail
02-08 15:58:54.397  1575  3114 E DeviceIdentifiers: GetUDIDNative getUDID return null, generated it
02-08 15:58:54.397  1575  3114 W DeviceIdentifiers: the phone is in udid_model_whitelist, return null!
02-08 15:58:54.406  1924  1961 W MagazineProvider: check invalid caller: 10037
02-08 15:58:54.412   595   686 I PreDnsController: canPreDnsQuery,persist.sys.predns is false!
02-08 15:58:54.418  1924  1961 W MagazineProvider: check invalid caller: 10037
02-08 15:58:54.430  1924  2466 W MagazineProvider: check invalid caller: 10037
02-08 15:58:54.431   595   686 I PreDnsController: canPreDnsQuery,persist.sys.predns is false!
02-08 15:58:54.465 14266 22584 I HiAdKit.SystemUtil.Binder:14266_7:  pkg=android.uid.systemui:10037
02-08 15:58:54.470  1575  1785 I TrafficMonitor: update:rxPkts:4,txPkts:6,rxBytes:1738,txBytes:534
02-08 15:58:54.470  1575  1785 I TrafficMonitor: start expired. level:-1
02-08 15:58:54.470  1575  1785 I TrafficMonitor: gettimer:interval=2000
02-08 15:58:54.473 14266 22584 I HiAdKit.SystemUtil.Binder:14266_7:  isDeviceProvisioned: true
02-08 15:58:54.473 14266 13673 I HiAdKit.OpenDeviceIdentifierServiceImpl.Cal:  get oaid from: com.android.keyguard
02-08 15:58:54.478 14266 22584 I HiAdKit.HiAdTools.Binder:14266_7:  Target provider service's package name is : com.huawei.hwid
02-08 15:58:54.484 24209 14674 D OpenSSLSocketFactory: enter setEnableSafeCipherSuites
02-08 15:58:54.484  1575  3114 V ActivityManager: Successfully start provider ContentProviderRecord{55d7ed8 u0 com.huawei.hwid/com.huawei.hms.fwkit.kams.provideragent.StubContentProvider} launchingApp=null caller pid= 14266
02-08 15:58:54.488   595   686 I PreDnsController: canPreDnsQuery,persist.sys.predns is false!
02-08 15:58:54.493 28861 15530 I fwkit_AbP: [fwkit AbsContentProvider.java:13] cp:com.huawei.hwid;query;content://com.huawei.hms.runtimekit.kitcontainerservice.KitProcessAgentCoreProvider/com.huawei.hwid.pps.oaid/oaid/query
02-08 15:58:54.495 28861 15530 I HiAdKit.DC.OaidDataProvider:  query code: 1
02-08 15:58:54.498 28861 15530 I HiAdKit.DC.OaidDataProvider:  call query from: com.android.keyguard
02-08 15:58:54.511 28861 15530 I HiAdKit.DC.CommonSystemUtil:  hasPermissions true
02-08 15:58:54.516 28861 13674 I HiAdKit.DC.AtcPopupChecker:  cloud cfg hms ver:null
02-08 15:58:54.521 14266 22584 I HiAdKit.OpenDeviceIdentifierServiceImpl.Binder:14266_7:  isOaidTrackLimited
02-08 15:58:54.522 14266 22584 I HiAdKit.SystemUtil.Binder:14266_7:  pkg=android.uid.systemui:10037
02-08 15:58:54.525 14266 22584 I HiAdKit.SystemUtil.Binder:14266_7:  isDeviceProvisioned: true
02-08 15:58:54.527 14266 22584 I HiAdKit.HiAdTools.Binder:14266_7:  Target provider service's package name is : com.huawei.hwid
02-08 15:58:54.534 28861 15530 I fwkit_AbP: [fwkit AbsContentProvider.java:13] cp:com.huawei.hwid;query;content://com.huawei.hms.runtimekit.kitcontainerservice.KitProcessAgentCoreProvider/com.huawei.hwid.pps.oaid/oaid/query
02-08 15:58:54.535 28861 15530 I HiAdKit.DC.OaidDataProvider:  query code: 1
02-08 15:58:54.535 28861 15530 I HiAdKit.DC.OaidDataProvider:  call query from: com.android.keyguard
02-08 15:58:54.537 28861 15530 I HiAdKit.DC.CommonSystemUtil:  hasPermissions true
02-08 15:58:54.538 28861 13674 I HiAdKit.DC.AtcPopupChecker:  cloud cfg hms ver:null
02-08 15:58:54.558   473   473 E OEMINFO_NVM_SERVER:  OeminfoGetInfo:index(155), oeminfo data not find !!!!
02-08 15:58:54.559   473   473 E OEMINFO_NVM_SERVER:  OeminfoReturnInfo: oeminfo return info fail.
02-08 15:58:54.559   473   473 E OEMINFO_NVM_SERVER:  OinvCmdHandler: pid 513, operation oeminfo_getinfo and ret -1 fail.
02-08 15:58:54.559   513   513 E OEMINFO_NVM_CLIENT: OinvRecvReturn: RET_FAIL return.
02-08 15:58:54.559   513   513 E OEMINFO_NVM_CLIENT: rmt_oeminfo_get_info: index(155) get data from server fail.
02-08 15:58:54.559   513   513 E         : read_oeminfo_signed_data: failed to get info oeminfo_idx:155 and total_byte:0
02-08 15:58:54.559   513   513 E         : init_oeminfo_signed_data_all:fail to read oeminfo oeminfo_idx:155 and oeminfo_sub_idx:-1
02-08 15:58:54.559   513   513 E         : get_original_data_by_fun_tag_and_sign_type: fail to init signed oeminfo signed all params
02-08 15:58:54.559   513   513 E         : read_udid_number: failed to get udid
02-08 15:58:54.559   513   513 E factory_operator: hw_get_device_info: read udid from oeminfo fail
02-08 15:58:54.559  1575  3114 E DeviceIdentifiers: GetUDIDNative getUDID return null, generated it
02-08 15:58:54.560  1575  3114 W DeviceIdentifiers: the phone is in udid_model_whitelist, return null!
02-08 15:58:54.595   595   686 I PreDnsController: canPreDnsQuery,persist.sys.predns is false!
02-08 15:58:54.702   595   686 I PreDnsController: canPreDnsQuery,persist.sys.predns is false!
02-08 15:58:54.758 24209 14674 D OpenSSLSocketFactory: enter setEnableSafeCipherSuites
02-08 15:58:54.916 24209 14674 W Keyguard: UpdateChecker warn: get serve updateList'size() = 7
02-08 15:58:54.918  1924  1961 W MagazineProvider: check invalid caller: 10037
02-08 15:58:54.932  1924  1961 I chatty  : uid=10037(com.huawei.HwMultiScreenShot) Binder:1924_3 identical 1 line
02-08 15:58:54.949  1924  1961 W MagazineProvider: check invalid caller: 10037
02-08 15:58:54.967  1924  1942 W MagazineProvider: check invalid caller: 10037
02-08 15:58:54.983  1924  1942 W MagazineProvider: check invalid caller: 10037
02-08 15:58:54.998  1924  1961 W MagazineProvider: check invalid caller: 10037
02-08 15:58:55.014  1924  1942 W MagazineProvider: check invalid caller: 10037
02-08 15:58:55.030  1924  1942 W MagazineProvider: check invalid caller: 10037
02-08 15:58:55.092  1575  3114 D GpsFreezeProc: refreshPackageWhitelist pkgs-count:0 , type = 1
02-08 15:58:55.093  1575  2023 I GpsFreezeProc: updateBackgroundThrottleToPackageWhiteList:com.huawei.hwid
02-08 15:58:55.094  1575  2023 D LocationManagerService: Provider name = local_database shouldbeEnabled = true
02-08 15:58:55.094  1575  2023 D LocationManagerService: Provider name = fused shouldbeEnabled = true
02-08 15:58:55.094  1575  2023 D LocationManagerService: Provider name = network shouldbeEnabled = true
02-08 15:58:55.094  1575  2023 D LocationManagerService: Provider name = gps shouldbeEnabled = true
02-08 15:58:55.094  1575  2023 D LocationManagerService: Provider name = passive shouldbeEnabled = true
02-08 15:58:55.095  1575  3114 D GpsFreezeProc: refreshPackageWhitelist pkgs-count:0 , type = 4
02-08 15:58:55.095  1575  2023 D HwQuickTTFFMonitor-V2018.8.27: DisableList 0
02-08 15:58:55.095  1575  2023 D HwQuickTTFFMonitor-V2018.8.27:  QuickttffDisableList []
02-08 15:58:55.096  2186  2353 I APwSendOutList: no wifi sleep list
02-08 15:58:55.096  2186  2353 I PGConfigUpdateManager: clear wifi_apps_whitelist
02-08 15:58:55.096  2186  2353 I PGConfigUpdateManager: clear wifi_sleep_list
02-08 15:58:55.227   907  3754 E LOGSERVER_UTILS: [Erecovery]readEvent: eRecEventManager readEvent 0
02-08 15:58:55.360   652   652 E WifiHAL : enter wifi_get_link_stats
02-08 15:58:55.371  1575  1786 E WificondControl: Noise: -89, Snr: 0, Chload: -1
02-08 15:58:55.377  1575  1786 D WifiScoreReport: Score = 60, wifiConnectivityManagerEnabled = false, lowScoreCount = 0
02-08 15:58:55.465  1575  1785 I TrafficMonitor: expired arrive. level:-1
02-08 15:58:55.465  1575  1785 I TrafficMonitor: during_ms:2003,period_ms:2000
02-08 15:58:55.465  1575  1785 I TrafficMonitor: count:127,rx_sum:4,tx_sum:6,rxBytes:1738,during_ms:2003,rx_speed:867.6984523215177,tx_speed:266.60009985022464,rto:0.6666666666666666
02-08 15:58:55.604   891   891 E Thermal-daemon: [ap] temp_new :30  temp_old :31
02-08 15:58:55.606   891   891 E Thermal-daemon: Report temperature: [ap] temp :30  report_threshold:1
02-08 15:58:55.713  2140  3410 I HwNaturalBase: [Timer-0]: MultiUserManagerService:  getNotActiveUser start
02-08 15:58:55.925  2117  2506 I HeartbeatMonitor: onAdvertisingEnabled android.bluetooth.le.AdvertisingSet@13718fa, isEnabled=false, status=0, and will goto next advertiseNext
02-08 15:58:55.925  2117  2506 D HeartbeatMonitor: advertise paused android.bluetooth.le.AdvertisingSet@13718fa
02-08 15:58:55.925  2117  2506 I HeartbeatMonitor: now=366244744196448, tickWakeEndTime=297963450819565, tickEndTime=365990878186071, tockEndTime=297963450819565, notifyEndTime=297963450819565, tickRelayEndTime=297963450819565, tickAutoEndTime=366250634146969, isScreenOn=true
02-08 15:58:55.938   473   473 E OEMINFO_NVM_SERVER:  OeminfoGetInfo:index(155), oeminfo data not find !!!!
02-08 15:58:55.938   473   473 E OEMINFO_NVM_SERVER:  OeminfoReturnInfo: oeminfo return info fail.
02-08 15:58:55.938   473   473 E OEMINFO_NVM_SERVER:  OinvCmdHandler: pid 513, operation oeminfo_getinfo and ret -1 fail.
02-08 15:58:55.939   513   513 E OEMINFO_NVM_CLIENT: OinvRecvReturn: RET_FAIL return.
02-08 15:58:55.939   513   513 E OEMINFO_NVM_CLIENT: rmt_oeminfo_get_info: index(155) get data from server fail.
02-08 15:58:55.939   513   513 E         : read_oeminfo_signed_data: failed to get info oeminfo_idx:155 and total_byte:0
02-08 15:58:55.939   513   513 E         : init_oeminfo_signed_data_all:fail to read oeminfo oeminfo_idx:155 and oeminfo_sub_idx:-1
02-08 15:58:55.939   513   513 E         : get_original_data_by_fun_tag_and_sign_type: fail to init signed oeminfo signed all params
02-08 15:58:55.939   513   513 E         : read_udid_number: failed to get udid
02-08 15:58:55.939   513   513 E factory_operator: hw_get_device_info: read udid from oeminfo fail
02-08 15:58:55.940  1575  7355 E DeviceIdentifiers: GetUDIDNative getUDID return null, generated it
02-08 15:58:55.940  1575  7355 W DeviceIdentifiers: the phone is in udid_model_whitelist, return null!
02-08 15:58:55.942  1575  3114 I DeviceIdentifiers: udidHarmony has been read success, return!
02-08 15:58:55.944  1575  3114 I DeviceIdentifiers: udidHarmony has been read success, return!
02-08 15:58:55.944  2117  2506 I CommonUtils: udid is null, get udid from getHarmonyUDID
02-08 15:58:55.944  2117  2506 I HwIdHandler: getCurUserId: false,cur:30086000***
02-08 15:58:55.945  2117  2506 I BleAdvBuilder: cal level=4
02-08 15:58:55.945  2117  2506 D BleAdvBuilderStack: addBleAdvBuilder: before size=1
02-08 15:58:55.945  2117  2506 D BleAdvBuilderStack: addBleAdvBuilder: after size=1, isPeekChanged=false
02-08 15:58:55.945  2117  2506 I HeartbeatMonitor: current peek, nowTime=366244763, endTime=366250652, level=LEVEL5
02-08 15:58:55.945  2117  2506 I BleApi  : buildHiPlayAdvMsg: 
02-08 15:58:55.945  2117  2506 I CommonUtils: getCurUserIDHashBytes: 
02-08 15:58:55.945  2117  2506 V BleAdvBuilder: buildAdvData: 05-05-A8-3A51-000000000002-0E-7CC808DE4CCE0B00-01-0A26-EA, length=24, with HeartbeatMonitor
02-08 15:58:55.945  2117  2506 I BleApi  : buildHiPlayAdvData: 
02-08 15:58:55.946  2117  2506 I HeartbeatMonitor: advertisingSet not null, advertise [user=30086000565183853 , random bits=000000000002, hash=7CC808DE4CCE0B00 wake=false, resp=true, conn=true, compat=true, endTime=366250652], set=android.bluetooth.le.AdvertisingSet@13718fa
02-08 15:58:55.956  2117  2506 I HeartbeatMonitor: onAdvertisingEnabled android.bluetooth.le.AdvertisingSet@13718fa, isEnabled=true, status=0
02-08 15:58:56.229   907  3754 E LOGSERVER_UTILS: [Erecovery]readEvent: eRecEventManager readEvent 0
02-08 15:58:56.472  1575  1785 I TrafficMonitor: update:rxPkts:60,txPkts:64,rxBytes:37156,txBytes:9260
02-08 15:58:56.473  1575  1785 I TrafficMonitor: no expired. level:3
02-08 15:58:56.473  1575  1785 I TrafficMonitor: gettimer:interval=2000
02-08 15:58:56.473  1575  1785 I TrafficMonitor: during_ms:2003,period_ms:2000
02-08 15:58:56.473  1575  1785 I TrafficMonitor: count:128,rx_sum:60,tx_sum:64,rxBytes:37156,during_ms:2003,rx_speed:18550.174737893158,tx_speed:4623.065401897154,rto:0.9375
02-08 15:58:57.058 14693 14693 E JankService: child Thread receive to stop
02-08 15:58:57.198   907  1125 E JankService: all data read ok
02-08 15:58:57.258   907  3754 E LOGSERVER_UTILS: [Erecovery]readEvent: eRecEventManager readEvent 0
02-08 15:58:57.503  1575  1575 W WindowManager: removeWindowToken: Attempted to remove non-existing token: android.os.Binder@9c19f0d
02-08 15:58:57.888  1575  1787 D hw_netstat: total/41556/9623,android.uid.systemui:10037/36652/9263,unknown:0/3993/0,unknown:1051/911/0,com.android.vending/0/240,com.opencode.voiceassist/0/120
02-08 15:58:57.963  2117  2506 I HeartbeatMonitor: onAdvertisingEnabled android.bluetooth.le.AdvertisingSet@13718fa, isEnabled=false, status=0, and will goto next advertiseNext
02-08 15:58:57.963  2117  2506 D HeartbeatMonitor: advertise paused android.bluetooth.le.AdvertisingSet@13718fa
02-08 15:58:57.963  2117  2506 I HeartbeatMonitor: now=366246782207906, tickWakeEndTime=297963450819565, tickEndTime=365990878186071, tockEndTime=297963450819565, notifyEndTime=297963450819565, tickRelayEndTime=297963450819565, tickAutoEndTime=366250634146969, isScreenOn=true
02-08 15:58:57.973   473   473 E OEMINFO_NVM_SERVER:  OeminfoGetInfo:index(155), oeminfo data not find !!!!
02-08 15:58:57.973   473   473 E OEMINFO_NVM_SERVER:  OeminfoReturnInfo: oeminfo return info fail.
02-08 15:58:57.973   473   473 E OEMINFO_NVM_SERVER:  OinvCmdHandler: pid 513, operation oeminfo_getinfo and ret -1 fail.
02-08 15:58:57.974   513   513 E OEMINFO_NVM_CLIENT: OinvRecvReturn: RET_FAIL return.
02-08 15:58:57.974   513   513 E OEMINFO_NVM_CLIENT: rmt_oeminfo_get_info: index(155) get data from server fail.
02-08 15:58:57.974   513   513 E         : read_oeminfo_signed_data: failed to get info oeminfo_idx:155 and total_byte:0
02-08 15:58:57.974   513   513 E         : init_oeminfo_signed_data_all:fail to read oeminfo oeminfo_idx:155 and oeminfo_sub_idx:-1
02-08 15:58:57.974   513   513 E         : get_original_data_by_fun_tag_and_sign_type: fail to init signed oeminfo signed all params
02-08 15:58:57.974   513   513 E         : read_udid_number: failed to get udid
02-08 15:58:57.974   513   513 E factory_operator: hw_get_device_info: read udid from oeminfo fail
02-08 15:58:57.974  1575  3114 E DeviceIdentifiers: GetUDIDNative getUDID return null, generated it
02-08 15:58:57.975  1575  3114 W DeviceIdentifiers: the phone is in udid_model_whitelist, return null!
02-08 15:58:57.976  1575  7355 I DeviceIdentifiers: udidHarmony has been read success, return!
02-08 15:58:57.977  1575  7355 I DeviceIdentifiers: udidHarmony has been read success, return!
02-08 15:58:57.977  2117  2506 I CommonUtils: udid is null, get udid from getHarmonyUDID
02-08 15:58:57.977  2117  2506 I HwIdHandler: getCurUserId: false,cur:30086000***
02-08 15:58:57.978  2117  2506 I BleAdvBuilder: cal level=4
02-08 15:58:57.978  2117  2506 D BleAdvBuilderStack: addBleAdvBuilder: before size=1
02-08 15:58:57.978  2117  2506 D BleAdvBuilderStack: addBleAdvBuilder: after size=1, isPeekChanged=false
02-08 15:58:57.978  2117  2506 I HeartbeatMonitor: current peek, nowTime=366246797, endTime=366250652, level=LEVEL5
02-08 15:58:57.978  2117  2506 I BleApi  : buildHiPlayAdvMsg: 
02-08 15:58:57.978  2117  2506 I CommonUtils: getCurUserIDHashBytes: 
02-08 15:58:57.979  2117  2506 V BleAdvBuilder: buildAdvData: 05-05-A8-3A51-000000000002-0E-7CC808DE4CCE0B00-01-0A26-EA, length=24, with HeartbeatMonitor
02-08 15:58:57.979  2117  2506 I BleApi  : buildHiPlayAdvData: 
02-08 15:58:57.979  2117  2506 I HeartbeatMonitor: advertisingSet not null, advertise [user=30086000565183853 , random bits=000000000002, hash=7CC808DE4CCE0B00 wake=false, resp=true, conn=true, compat=true, endTime=366250652], set=android.bluetooth.le.AdvertisingSet@13718fa
02-08 15:58:57.989  2117  2506 I HeartbeatMonitor: onAdvertisingEnabled android.bluetooth.le.AdvertisingSet@13718fa, isEnabled=true, status=0
02-08 15:58:58.299   907  3754 E LOGSERVER_UTILS: [Erecovery]readEvent: eRecEventManager readEvent 0
02-08 15:58:58.382   652   652 E WifiHAL : enter wifi_get_link_stats
02-08 15:58:58.394  1575  1786 E WificondControl: Noise: -89, Snr: 0, Chload: -1
02-08 15:58:58.399  1575  1786 D WifiScoreReport: Score = 60, wifiConnectivityManagerEnabled = false, lowScoreCount = 0
02-08 15:58:58.476  1575  1785 I TrafficMonitor: update:rxPkts:1,txPkts:3,rxBytes:1331,txBytes:180
02-08 15:58:58.477  1575  1785 I TrafficMonitor: start expired. level:-1
02-08 15:58:58.477  1575  1785 I TrafficMonitor: gettimer:interval=2000
02-08 15:58:59.340   907  3754 E LOGSERVER_UTILS: [Erecovery]readEvent: eRecEventManager readEvent 0
02-08 15:58:59.710  1575  1786 E WificondControl: Noise: -89, Snr: 0, Chload: -1
02-08 15:58:59.721  1575  1858 I HuaweiWifiWatchdogStateMachine: POta txb txg rxg:0, 95, 0. Lr =0% Totpkt=95
02-08 15:58:59.721  1575 14699 I HwUidTcpMonitor: TcpStatisticsRun run
02-08 15:58:59.724  1575  1785 D WiFi_PRO: MSG_RETURN_AP_CURRY_RSSI rssi = -57
02-08 15:58:59.724  1575  1785 I QosMonitor: queryRtt: rtt_type = 3
02-08 15:58:59.725  1575 14699 D HwUidTcpMonitor: parseWlanUidTcpStatistics lastUidTcpStatInfo = [ mUid = 10037 mPacketName = com.huawei.android.launcher mSendSegs = 208 mResendSegs = 0 mRcvSegs = 200 ]
02-08 15:58:59.725  1575 14699 D HwUidTcpMonitor: parseWlanUidTcpStatistics lastUidTcpStatInfo = [ mUid = 10124 mPacketName = com.huawei.android.launcher mSendSegs = 590 mResendSegs = 524 mRcvSegs = 0 ]
02-08 15:58:59.726  1575  1785 I QosMonitor: postEventFromNative: msg=100,arg1=4,arg2=10
02-08 15:58:59.727  1575  1785 I QosMonitor: postEventFromNative: msg=100,arg1=0,arg2=10
02-08 15:58:59.727  1575  1785 I MQoS    : rtt=304,tcp_tx_pkts=3835565,tcp_rx_pkts=7240939
02-08 15:58:59.727  1575  1785 I QosMonitor: resetRtt: rtt_type = 3
02-08 15:58:59.729  1575  1858 I HuaweiWifiWatchdogStateMachine: PTcp RTT:304, rtt pkt=23, tcp_rx=58, tcp_tx=68, tcp_reTran=5, rtRate=0.07
02-08 15:58:59.734  1575  8854 I MQoS    : QOS_level:0(0),wifi-link;SIM error;use level-0
02-08 15:58:59.998  2117  2506 I HeartbeatMonitor: onAdvertisingEnabled android.bluetooth.le.AdvertisingSet@13718fa, isEnabled=false, status=0, and will goto next advertiseNext
02-08 15:58:59.998  2117  2506 D HeartbeatMonitor: advertise paused android.bluetooth.le.AdvertisingSet@13718fa
02-08 15:58:59.998  2117  2506 I HeartbeatMonitor: now=366248817432905, tickWakeEndTime=297963450819565, tickEndTime=365990878186071, tockEndTime=297963450819565, notifyEndTime=297963450819565, tickRelayEndTime=297963450819565, tickAutoEndTime=366250634146969, isScreenOn=true
02-08 15:59:00.008  1575  1575 V AlarmManager: Received TIME_TICK alarm; rescheduling
02-08 15:59:00.010  1575  1575 I HwAlarmManagerService: hwSetAlarm listenerTag: time_tick
02-08 15:59:00.014   473   473 E OEMINFO_NVM_SERVER:  OeminfoGetInfo:index(155), oeminfo data not find !!!!
02-08 15:59:00.014   473   473 E OEMINFO_NVM_SERVER:  OeminfoReturnInfo: oeminfo return info fail.
02-08 15:59:00.014   473   473 E OEMINFO_NVM_SERVER:  OinvCmdHandler: pid 513, operation oeminfo_getinfo and ret -1 fail.
02-08 15:59:00.015   513   513 E OEMINFO_NVM_CLIENT: OinvRecvReturn: RET_FAIL return.
02-08 15:59:00.015   513   513 E OEMINFO_NVM_CLIENT: rmt_oeminfo_get_info: index(155) get data from server fail.
02-08 15:59:00.015   513   513 E         : read_oeminfo_signed_data: failed to get info oeminfo_idx:155 and total_byte:0
02-08 15:59:00.015   513   513 E         : init_oeminfo_signed_data_all:fail to read oeminfo oeminfo_idx:155 and oeminfo_sub_idx:-1
02-08 15:59:00.015   513   513 E         : get_original_data_by_fun_tag_and_sign_type: fail to init signed oeminfo signed all params
02-08 15:59:00.015   513   513 E         : read_udid_number: failed to get udid
02-08 15:59:00.015   513   513 E factory_operator: hw_get_device_info: read udid from oeminfo fail
02-08 15:59:00.015  1575  7355 E DeviceIdentifiers: GetUDIDNative getUDID return null, generated it
02-08 15:59:00.016  1575  7355 W DeviceIdentifiers: the phone is in udid_model_whitelist, return null!
02-08 15:59:00.017  1575  3123 I DeviceIdentifiers: udidHarmony has been read success, return!
02-08 15:59:00.019  1575  3123 I DeviceIdentifiers: udidHarmony has been read success, return!
02-08 15:59:00.019  2117  2506 I CommonUtils: udid is null, get udid from getHarmonyUDID
02-08 15:59:00.019  2117  2506 I HwIdHandler: getCurUserId: false,cur:30086000***
02-08 15:59:00.019  2117  2506 I BleAdvBuilder: cal level=4
02-08 15:59:00.019  2117  2506 D BleAdvBuilderStack: addBleAdvBuilder: before size=1
