02-08 15:59:37.441  2059  2059 D SmartDualCardSM: boosterDump:SlaveActive=false SameOperator=false M_NetworkBad=false S_NetworkBad=false M_DLSpeedLimit=1048576 S_DLSpeedLimit=1048576 M_DataRoam=false S_DataRoam=false VPNMode=false TetherOn=false AppQoeSlow=false HidataAppQoeSlow=false GameExpBad=false DsdsState=1 S_TrafficEnough=true
02-08 15:59:37.442   907  3754 E LOGSERVER_UTILS: [Erecovery]readEvent: eRecEventManager readEvent 0
02-08 15:59:37.599 26237 26258 V Mtp     : notify PC that storage info has changed.
02-08 15:59:37.643 14765 14781 I allery3d:searc: Waiting for a blocking GC ProfileSaver
02-08 15:59:37.690   652   652 E WifiHAL : enter wifi_get_link_stats
02-08 15:59:37.708  1575  1786 E WificondControl: Noise: -89, Snr: 0, Chload: -1
02-08 15:59:37.712  1575  1786 D WifiScoreReport: Score = 60, wifiConnectivityManagerEnabled = false, lowScoreCount = 0
02-08 15:59:37.731 14765 14781 I allery3d:searc: Waiting for a blocking GC ProfileSaver
02-08 15:59:37.731 14765 14781 I allery3d:searc: WaitForGcToComplete blocked ProfileSaver on HeapTrim for 88.023ms
02-08 15:59:37.750 14765 14775 I allery3d:searc: WaitForGcToComplete blocked HeapTrim on ProfileSaver for 17.993ms
02-08 15:59:37.809 14765 14765 D AwareBitmapCacher: handleInit disable com.android.gallery3d:search
02-08 15:59:37.951  1575  1787 D hw_netstat: total/4104/431,unknown:0/3993/0,com.android.vending/0/240,com.huawei.appmarket/111/80,android.uid.system:1000/0/111
02-08 15:59:38.482   907  3754 E LOGSERVER_UTILS: [Erecovery]readEvent: eRecEventManager readEvent 0
02-08 15:59:38.551  1575  1785 I TrafficMonitor: update:rxPkts:1,txPkts:2,rxBytes:1331,txBytes:120
02-08 15:59:38.552  1575  1785 I TrafficMonitor: start expired. level:-1
02-08 15:59:38.552  1575  1785 I TrafficMonitor: gettimer:interval=2000
02-08 15:59:38.877  2213  2213 I ImsResolver: getMmTelFeatureAndListen - slot: 2 callback: com.android.ims.MmTelFeatureConnection$1@4aac240
02-08 15:59:38.965  1575  3115 V ActivityManager: Successfully start provider ContentProviderRecord{c940ad u0 com.android.gallery3d/com.huawei.gallery.provider.GalleryProvider} launchingApp=ProcessRecord{d41f9c4 25492:com.android.gallery3d/u0a31} caller pid= 14765
02-08 15:59:39.084 14765 14788 E Gallery2_Search_SearchService: local language doesn't change. no need localize.
02-08 15:59:39.112 14765 14788 W Gallery2_Search_SearchUtil: cursor1 : android.content.ContentResolver$CursorWrapperInner@9df9e13, cursor2 : android.content.ContentResolver$CursorWrapperInner@c124850, cursor3 : android.content.ContentResolver$CursorWrapperInner@3b15a49, cursor4 : android.content.ContentResolver$CursorWrapperInner@97bdf4e
02-08 15:59:39.165  1575  3123 I ActivityManager: Killing 12778:com.huawei.hwvoipservice/1001 (adj 906): empty #25
02-08 15:59:39.167  1575  1598 W libprocessgroup: kill(-12778, 9) failed: No such process
02-08 15:59:39.206  1575  1598 I chatty  : uid=1000(system) ActivityManager identical 2 lines
02-08 15:59:39.222  1575  1598 W libprocessgroup: kill(-12778, 9) failed: No such process
02-08 15:59:39.256  1575 11163 D ConnectivityService: ConnectivityService NetworkRequestInfo binderDied(NetworkRequest [ TRACK_DEFAULT id=780, [ Capabilities: INTERNET&NOT_RESTRICTED&TRUSTED Uid: 1001] ], android.os.BinderProxy@9884dd5)
02-08 15:59:39.257   598   598 I Zygote  : Process 12778 exited due to signal (9)
02-08 15:59:39.257  1575 11163 D HwConnectivityServiceEx: cacheCellularrNetworkRequestuid =  1001 cache:2
02-08 15:59:39.257  1575  1792 D ConnectivityService: releasing NetworkRequest [ TRACK_DEFAULT id=780, [ Capabilities: INTERNET&NOT_RESTRICTED&TRUSTED Uid: 1001] ] (release request)
02-08 15:59:39.258  1575  1792 D ConnectivityService:  Removing from current network NetworkAgentInfo [WIFI () - 116], leaving 35 requests.
02-08 15:59:39.258  1575  3114 D ActivityManager: cleanUpApplicationRecord app: ProcessRecord{432299b 12778:com.huawei.hwvoipservice/1001}, app.bad: false, restarting: false, allowRestart: true
02-08 15:59:39.261  1575  1754 W AwareLog: SchedLevelBoost: onProcessDied config not set!
02-08 15:59:39.263  2059 31540 I BoosterSwitchP: notifyUidState do nothing
02-08 15:59:39.263  2059 31540 I DeepNoDisturbP: notifyUidState
02-08 15:59:39.263  2059 31540 I BrowserChrP: notifyUidState
02-08 15:59:39.264  2059  2073 E HsmCoreServiceImpl: onTransact in code is: 102
02-08 15:59:39.265  2059  2073 W MediaProcessHandler: processOp uid 1001 is not concerned!
02-08 15:59:39.265  2059  2073 I MediaProcessHandler: executedCallBack opType: 1 mMediaStatusObservers.size=1
02-08 15:59:39.266  1575  1598 W libprocessgroup: kill(-12778, 9) failed: No such process
02-08 15:59:39.266  1575  1598 I libprocessgroup: Successfully killed process cgroup uid 1001 pid 12778 in 98ms
02-08 15:59:39.269  2213  2213 V TpProviderHw: insert begin subId = 0, match is 2
02-08 15:59:39.482   907  3754 E LOGSERVER_UTILS: [Erecovery]readEvent: eRecEventManager readEvent 0
02-08 15:59:39.546  1575  1785 I TrafficMonitor: expired arrive. level:-1
02-08 15:59:39.546  1575  1785 I TrafficMonitor: during_ms:2004,period_ms:2000
02-08 15:59:39.546  1575  1785 I TrafficMonitor: count:149,rx_sum:1,tx_sum:2,rxBytes:1331,during_ms:2004,rx_speed:664.1716566866268,tx_speed:59.880239520958085,rto:0.5
02-08 15:59:39.749  1575  1786 E WificondControl: Noise: -89, Snr: 0, Chload: -1
02-08 15:59:39.759  1575  1785 D WiFi_PRO: MSG_RETURN_AP_CURRY_RSSI rssi = -57
02-08 15:59:39.759  1575  1858 I HuaweiWifiWatchdogStateMachine: POta txb txg rxg:0, 22, 0. Lr =0% Totpkt=22
02-08 15:59:39.760  1575 14797 I HwUidTcpMonitor: TcpStatisticsRun run
02-08 15:59:39.760  1575  1785 I QosMonitor: queryRtt: rtt_type = 3
02-08 15:59:39.761  1575  1785 I QosMonitor: postEventFromNative: msg=100,arg1=4,arg2=10
02-08 15:59:39.762  1575  1785 I QosMonitor: postEventFromNative: msg=100,arg1=0,arg2=10
02-08 15:59:39.762   631   631 I audio_hw_primary: usb_ext_get_parameters: check show hires (false)
02-08 15:59:39.763  1575  1785 I MQoS    : rtt=276,tcp_tx_pkts=3835838,tcp_rx_pkts=7241358
02-08 15:59:39.764  1575 14797 D HwUidTcpMonitor: parseWlanUidTcpStatistics lastUidTcpStatInfo = [ mUid = 10124 mPacketName = com.huawei.android.launcher mSendSegs = 608 mResendSegs = 540 mRcvSegs = 0 ]
02-08 15:59:39.764  1575  1858 I HuaweiWifiWatchdogStateMachine: PTcp RTT:0, rtt pkt=0, tcp_rx=2, tcp_tx=10, tcp_reTran=5, rtRate=0.5
02-08 15:59:39.764  1575 14797 D HwUidTcpMonitor: parseWlanUidTcpStatistics lastUidTcpStatInfo = [ mUid = 10033 mPacketName = com.huawei.android.launcher mSendSegs = 1187 mResendSegs = 0 mRcvSegs = 981 ]
02-08 15:59:39.764  1575  1858 I HuaweiWifiWatchdogStateMachine: after backoff rssi th: -75, next TH:-75
02-08 15:59:39.765  1575  1805 I HwAudioServiceEx: check HiRes Icon false
02-08 15:59:39.767  1575  1805 W ActivityManager: Sending non-protected broadcast huawei.intent.action.hideHiResIcon from system 1575:system/1000 pkg android
02-08 15:59:39.767  1575  1805 W ActivityManager: Sending non-protected broadcast huawei.intent.action.hideHiResIcon from system 1575:system/1000 pkg android
02-08 15:59:39.771  1575  8854 I MQoS    : QOS_level:0(0),wifi-link;SIM error;use level-0
02-08 15:59:40.161  2059  3100 D DaemonClientReceiver: read packet 12 bytes
02-08 15:59:40.161  2059  3100 D DaemonClientThread: read processResponse  type = 1
02-08 15:59:40.161  2059  3100 D DaemonClientThread:   processReport commnd   = 516
02-08 15:59:40.161  2059  3100 D Hicom_EmcomManagerService: sampleWinOpen = false
02-08 15:59:40.205  2059  6137 D SmartcareProc: InfosHandler: msg.what = 1002
02-08 15:59:40.205  2059  6137 D SmartcareProc: handleTriggerAllUpload, configTypes: [game, video, email, browser, wechat, accelerator], uploadedTaskList: []
02-08 15:59:40.502   907  3754 E LOGSERVER_UTILS: [Erecovery]readEvent: eRecEventManager readEvent 0
02-08 15:59:40.550  1575  1575 D JobScheduler: Maybe queuing ready jobs...
02-08 15:59:40.555  1575  1785 I TrafficMonitor: update:rxPkts:0,txPkts:1,rxBytes:0,txBytes:60
02-08 15:59:40.555  1575  1785 I TrafficMonitor: start expired. level:-1
02-08 15:59:40.555  1575  1785 I TrafficMonitor: gettimer:interval=2000
02-08 15:59:40.655   891   891 E Thermal-daemon: [ap] temp_new :28  temp_old :29
02-08 15:59:40.657   891   891 E Thermal-daemon: Report temperature: [ap] temp :28  report_threshold:1
02-08 15:59:40.714   652   652 E WifiHAL : enter wifi_get_link_stats
02-08 15:59:40.734  1575  1786 E WificondControl: Noise: -89, Snr: 0, Chload: -1
02-08 15:59:40.740  1575  1786 D WifiScoreReport: Score = 60, wifiConnectivityManagerEnabled = false, lowScoreCount = 0
02-08 15:59:41.528   907  3754 E LOGSERVER_UTILS: [Erecovery]readEvent: eRecEventManager readEvent 0
02-08 15:59:41.982  1575  1575 W WindowManager: removeWindowToken: Attempted to remove non-existing token: android.os.Binder@d42fdfc
02-08 15:59:42.535   907  3754 E LOGSERVER_UTILS: [Erecovery]readEvent: eRecEventManager readEvent 0
02-08 15:59:42.550  1575  1840 D HwSelfCureEngine: periodicArpDetection signalLevel = 4, isScreenOn = true , mArpDetectionFailedCnt = 0
02-08 15:59:42.551  1575  1840 D wifiserviceimpl: netmask =16777215
02-08 15:59:42.559  1575  1785 I TrafficMonitor: update:rxPkts:4,txPkts:3,rxBytes:1482,txBytes:152
02-08 15:59:42.559  1575  1785 I TrafficMonitor: start expired. level:-1
02-08 15:59:42.559  1575  1785 I TrafficMonitor: gettimer:interval=2000
02-08 15:59:42.614  1575  1840 D HwArpUtils: getGateWayArpResult:Pair{true 8}
02-08 15:59:42.617  2101  2312 D HwWifiCHRStateManager: handleMessage : 1121
02-08 15:59:42.617  2101  2312 E HwCHRWifiRSSIGroupSummery: updatArpSummery mRSSI:-1  HwCHRWifiRSSIGroup [rssi_index=4, rtt_tcp_packets=0, rtt_tcp_duration=0, rtt_lan_duration=5560, rtt_lan_failures=0, rtt_lan_succ=353, rtt_lan_max=443, rtt_lan_min=2,same_area_frequency=0,adjacent_area_frequency=2]
02-08 15:59:43.576   907  3754 E LOGSERVER_UTILS: [Erecovery]readEvent: eRecEventManager readEvent 0
02-08 15:59:43.745   652   652 E WifiHAL : enter wifi_get_link_stats
02-08 15:59:43.762  1575  1786 E WificondControl: Noise: -89, Snr: 0, Chload: -1
02-08 15:59:43.768  1575  1786 D WifiScoreReport: Score = 60, wifiConnectivityManagerEnabled = false, lowScoreCount = 0
02-08 15:59:44.563  1575  1785 I TrafficMonitor: update:rxPkts:0,txPkts:1,rxBytes:0,txBytes:60
02-08 15:59:44.563  1575  1785 I TrafficMonitor: start expired. level:-1
02-08 15:59:44.563  1575  1785 I TrafficMonitor: gettimer:interval=2000
02-08 15:59:44.615   907  3754 E LOGSERVER_UTILS: [Erecovery]readEvent: eRecEventManager readEvent 0
02-08 15:59:45.559  1575  1785 I TrafficMonitor: expired arrive. level:-1
02-08 15:59:45.560  1575  1785 I TrafficMonitor: during_ms:2004,period_ms:2000
02-08 15:59:45.560  1575  1785 I TrafficMonitor: count:152,rx_sum:0,tx_sum:1,rxBytes:0,during_ms:2004,rx_speed:0.0,tx_speed:29.940119760479043,rto:0.0
02-08 15:59:45.656   907  3754 E LOGSERVER_UTILS: [Erecovery]readEvent: eRecEventManager readEvent 0
02-08 15:59:45.658   891   891 E Thermal-daemon: [charger_ic] temp_new :26  temp_old :27
02-08 15:59:45.660   891   891 E Thermal-daemon: Report temperature: [charger_ic] temp :26  report_threshold:1
02-08 15:59:46.567  1575  1785 I TrafficMonitor: update:rxPkts:1,txPkts:0,rxBytes:1331,txBytes:0
02-08 15:59:46.567  1575  1785 I TrafficMonitor: start expired. level:-1
02-08 15:59:46.567  1575  1785 I TrafficMonitor: gettimer:interval=2000
02-08 15:59:46.684   907  3754 E LOGSERVER_UTILS: [Erecovery]readEvent: eRecEventManager readEvent 0
02-08 15:59:46.773   652   652 E WifiHAL : enter wifi_get_link_stats
02-08 15:59:46.790  1575  1786 E WificondControl: Noise: -89, Snr: 0, Chload: -1
02-08 15:59:46.795  1575  1786 D WifiScoreReport: Score = 60, wifiConnectivityManagerEnabled = false, lowScoreCount = 0
02-08 15:59:47.598 14798 14798 E JankService: child Thread receive to stop
02-08 15:59:47.702   907  3754 E LOGSERVER_UTILS: [Erecovery]readEvent: eRecEventManager readEvent 0
02-08 15:59:47.715   907  1125 E JankService: all data read ok
02-08 15:59:47.758  1575  1786 E WificondControl: Noise: -89, Snr: 0, Chload: -1
02-08 15:59:47.769  1575  1858 I HuaweiWifiWatchdogStateMachine: POta txb txg rxg:0, 15, 0. Lr =0% Totpkt=15
02-08 15:59:47.769  1575  1785 D WiFi_PRO: MSG_RETURN_AP_CURRY_RSSI rssi = -57
02-08 15:59:47.769  1575  1785 I QosMonitor: queryRtt: rtt_type = 3
02-08 15:59:47.771  1575  1785 I QosMonitor: postEventFromNative: msg=100,arg1=4,arg2=10
02-08 15:59:47.772  1575  1785 I QosMonitor: postEventFromNative: msg=100,arg1=0,arg2=10
02-08 15:59:47.772  1575 14799 I HwUidTcpMonitor: TcpStatisticsRun run
02-08 15:59:47.773  1575 14799 D HwUidTcpMonitor: parseWlanUidTcpStatistics lastUidTcpStatInfo = [ mUid = 10124 mPacketName = com.huawei.android.launcher mSendSegs = 611 mResendSegs = 543 mRcvSegs = 0 ]
02-08 15:59:47.774  1575  1858 I HuaweiWifiWatchdogStateMachine: PTcp RTT:0, rtt pkt=0, tcp_rx=3, tcp_tx=5, tcp_reTran=3, rtRate=0.6
02-08 15:59:47.774  1575  1858 I HuaweiWifiWatchdogStateMachine: after backoff rssi th: -75, next TH:-75
02-08 15:59:47.775  1575  1785 I MQoS    : rtt=276,tcp_tx_pkts=3835843,tcp_rx_pkts=7241361
02-08 15:59:47.778  1575  8854 I MQoS    : QOS_level:0(0),wifi-link;SIM error;use level-0
02-08 15:59:47.967  1575  1787 D hw_netstat: total/2813/392,unknown:0/2662/0,com.android.vending/0/300,android.uid.system:1000/151/92
02-08 15:59:48.572  1575  1785 I TrafficMonitor: update:rxPkts:0,txPkts:1,rxBytes:0,txBytes:60
02-08 15:59:48.573  1575  1785 I TrafficMonitor: start expired. level:-1
02-08 15:59:48.573  1575  1785 I TrafficMonitor: gettimer:interval=2000
02-08 15:59:48.745   907  3754 E LOGSERVER_UTILS: [Erecovery]readEvent: eRecEventManager readEvent 0
02-08 15:59:49.782   907  3754 E LOGSERVER_UTILS: [Erecovery]readEvent: eRecEventManager readEvent 0
02-08 15:59:49.799   652   652 E WifiHAL : enter wifi_get_link_stats
02-08 15:59:49.814  1575  1786 E WificondControl: Noise: -89, Snr: 0, Chload: -1
02-08 15:59:49.822  1575  1786 D WifiScoreReport: Score = 60, wifiConnectivityManagerEnabled = false, lowScoreCount = 0
